<html>
<body>
<pre>
<h1>µVision Build Log</h1>
<h2>Tool Versions:</h2>
IDE-Version: ¦ÌVision V5.31.0.0
Copyright (C) 2020 ARM Ltd and ARM Germany GmbH. All rights reserved.
License Information:  ,  , LIC=NHYFW-QVWMN-IM49B-22FEK-UPX1R-5UZXW
 
Tool Versions:
Toolchain:       MDK-ARM Professional  Version: 5.31.0.0
Toolchain Path:  D:\Keil_v5\ARM\ARMCLANG\Bin
C Compiler:      ArmClang.exe V6.14
Assembler:       Armasm.exe V6.14
Linker/Locator:  ArmLink.exe V6.14
Library Manager: ArmAr.exe V6.14
Hex Converter:   FromElf.exe V6.14
CPU DLL:         
Dialog DLL:      
Target DLL:      Segger\JL2CM3.dll V2.99.38.0
Dialog DLL:      TCM.DLL V1.46.0.0
 
<h2>Project:</h2>
E:\project\product\GD32\E230 - boot(1)\E230 - boot\MDK-ARM\Project.uvprojx
Project File Date:  07/14/2021

<h2>Output:</h2>
  
Warning: *** SUPPORT EXPIRED, NEW PRODUCT SERIAL NUMBER REQUIRED ***
         *** Running with Code Size Limit: 32K                   ***
*** Using Compiler 'V6.14', folder: 'D:\Keil_v5\ARM\ARMCLANG\Bin'
*** Note: Rebuilding project, since 'Options->Output->Create Batch File' is selected.
Rebuild target 'GD32E230C_EVAL'
compiling gd32e230_it.c...
compiling main.c...
compiling flash.c...
compiling usart.c...
compiling GD32E230_Systick.c...
compiling Dmaconfig.c...
compiling CommonFunctions.c...
compiling system_gd32e230.c...
compiling gd32e230_adc.c...
compiling gd32e230_cmp.c...
compiling gd32e230_crc.c...
compiling gd32e230_dbg.c...
compiling gd32e230_dma.c...
compiling gd32e230_exti.c...
compiling gd32e230_fmc.c...
compiling gd32e230_fwdgt.c...
compiling gd32e230_gpio.c...
compiling gd32e230_i2c.c...
compiling gd32e230_misc.c...
compiling gd32e230_pmu.c...
compiling gd32e230_rcu.c...
compiling gd32e230_rtc.c...
compiling gd32e230_spi.c...
compiling gd32e230_syscfg.c...
compiling gd32e230_timer.c...
compiling gd32e230_usart.c...
compiling gd32e230_wwdgt.c...
assembling startup_gd32e230.s...
linking...
Program Size: Code=11876 RO-data=868 RW-data=44 ZI-data=6420  
FromELF: creating hex file...
".\output\GD32E230C_EVAL.axf" - 0 Error(s), 1 Warning(s).

<h2>Software Packages used:</h2>

Package Vendor: ARM
                http://www.keil.com/pack/ARM.CMSIS.5.7.0.pack
                ARM.CMSIS.5.7.0
                CMSIS (Cortex Microcontroller Software Interface Standard)
   * Component: CORE Version: 5.4.0

Package Vendor: GigaDevice
                http://gd32mcu.21ic.com/data/documents/yingyongruanjian/GigaDevice.GD32E230_DFP.1.0.0.pack
                GigaDevice.GD32E230_DFP.1.0.0
                GigaDevice GD32E230 Series Device Support and Examples

<h2>Collection of Component include folders:</h2>
  .\RTE\_GD32E230C_EVAL
  D:\Keil_v5\Arm\Packs\ARM\CMSIS\5.7.0\CMSIS\Core\Include
  D:\Keil_v5\Arm\Packs\GigaDevice\GD32E230_DFP\1.0.0\Device\Include

<h2>Collection of Component Files used:</h2>

   * Component: ARM::CMSIS:CORE:5.4.0
Build Time Elapsed:  00:00:05
</pre>
</body>
</html>
