Component: ARM Compiler 6.14 Tool: armlink [5db06800]

==============================================================================

Section Cross References

    gd32e230_it.o(.ARM.exidx.text.NMI_Handler) refers to gd32e230_it.o(.text.NMI_Handler) for [Anonymous Symbol]
    gd32e230_it.o(.ARM.exidx.text.HardFault_Handler) refers to gd32e230_it.o(.text.HardFault_Handler) for [Anonymous Symbol]
    gd32e230_it.o(.ARM.exidx.text.MemManage_Handler) refers to gd32e230_it.o(.text.MemManage_Handler) for [Anonymous Symbol]
    gd32e230_it.o(.ARM.exidx.text.BusFault_Handler) refers to gd32e230_it.o(.text.BusFault_Handler) for [Anonymous Symbol]
    gd32e230_it.o(.ARM.exidx.text.UsageFault_Handler) refers to gd32e230_it.o(.text.UsageFault_Handler) for [Anonymous Symbol]
    gd32e230_it.o(.ARM.exidx.text.SVC_Handler) refers to gd32e230_it.o(.text.SVC_Handler) for [Anonymous Symbol]
    gd32e230_it.o(.ARM.exidx.text.DebugMon_Handler) refers to gd32e230_it.o(.text.DebugMon_Handler) for [Anonymous Symbol]
    gd32e230_it.o(.ARM.exidx.text.PendSV_Handler) refers to gd32e230_it.o(.text.PendSV_Handler) for [Anonymous Symbol]
    gd32e230_it.o(.text.SysTick_Handler) refers to systick.o(.text.delay_decrement) for delay_decrement
    gd32e230_it.o(.ARM.exidx.text.SysTick_Handler) refers to gd32e230_it.o(.text.SysTick_Handler) for [Anonymous Symbol]
    main.o(.text.DRV_IWDG_Init) refers to gd32e230_rcu.o(.text.rcu_osci_on) for rcu_osci_on
    main.o(.text.DRV_IWDG_Init) refers to gd32e230_rcu.o(.text.rcu_osci_stab_wait) for rcu_osci_stab_wait
    main.o(.text.DRV_IWDG_Init) refers to gd32e230_fwdgt.o(.text.fwdgt_config) for fwdgt_config
    main.o(.text.DRV_IWDG_Init) refers to gd32e230_fwdgt.o(.text.fwdgt_enable) for fwdgt_enable
    main.o(.ARM.exidx.text.DRV_IWDG_Init) refers to main.o(.text.DRV_IWDG_Init) for [Anonymous Symbol]
    main.o(.text.rs485_Init) refers to gd32e230_rcu.o(.text.rcu_periph_clock_enable) for rcu_periph_clock_enable
    main.o(.text.rs485_Init) refers to gd32e230_gpio.o(.text.gpio_mode_set) for gpio_mode_set
    main.o(.text.rs485_Init) refers to gd32e230_gpio.o(.text.gpio_output_options_set) for gpio_output_options_set
    main.o(.text.rs485_Init) refers to gd32e230_gpio.o(.text.gpio_bit_reset) for gpio_bit_reset
    main.o(.ARM.exidx.text.rs485_Init) refers to main.o(.text.rs485_Init) for [Anonymous Symbol]
    main.o(.ARM.exidx.text.delayms) refers to main.o(.text.delayms) for [Anonymous Symbol]
    main.o(.text.main) refers to gd32e230_misc.o(.text.nvic_vector_table_set) for nvic_vector_table_set
    main.o(.text.main) refers to gd32e230_misc.o(.text.nvic_irq_enable) for nvic_irq_enable
    main.o(.text.main) refers to main.o(.text.com_gpio_init) for com_gpio_init
    main.o(.text.main) refers to main.o(.text.com_usart_init) for com_usart_init
    main.o(.text.main) refers to gd32e230_usart.o(.text.usart_interrupt_enable) for usart_interrupt_enable
    main.o(.text.main) refers to main.o(.text.DRV_IWDG_Init) for DRV_IWDG_Init
    main.o(.text.main) refers to timer.o(.text.TIMER2_Init) for TIMER2_Init
    main.o(.text.main) refers to timer.o(.text.TIMER15_Init) for TIMER15_Init
    main.o(.text.main) refers to para.o(.text.ReadPara) for ReadPara
    main.o(.text.main) refers to th_iic.o(.text.TH_IIC_Init) for TH_IIC_Init
    main.o(.text.main) refers to sht3x.o(.text.SHT3_Init) for SHT3_Init
    main.o(.text.main) refers to gd32e230_fwdgt.o(.text.fwdgt_counter_reload) for fwdgt_counter_reload
    main.o(.text.main) refers to sht3x.o(.text.ReadTH) for ReadTH
    main.o(.text.main) refers to gd32e230_gpio.o(.text.gpio_bit_reset) for gpio_bit_reset
    main.o(.text.main) refers to modbus_asc.o(.text.MBASC_Function) for MBASC_Function
    main.o(.text.main) refers to gd32e230_timer.o(.text.timer_interrupt_enable) for timer_interrupt_enable
    main.o(.text.main) refers to gd32e230_timer.o(.text.timer_enable) for timer_enable
    main.o(.text.main) refers to modbus_asc.o(.text.MBASC_AutoUpLoadFrame) for MBASC_AutoUpLoadFrame
    main.o(.text.main) refers to gd32e230_timer.o(.text.timer_interrupt_disable) for timer_interrupt_disable
    main.o(.text.main) refers to gd32e230_timer.o(.text.timer_disable) for timer_disable
    main.o(.text.main) refers to timer.o(.bss.Time_1s_flag) for Time_1s_flag
    main.o(.text.main) refers to main.o(.data.receive) for receive
    main.o(.text.main) refers to main.o(.bss.receive1) for receive1
    main.o(.text.main) refers to modbus_ascii.o(.bss.UartRecvFrameOK) for UartRecvFrameOK
    main.o(.text.main) refers to sht3x.o(.bss.T_H) for T_H
    main.o(.text.main) refers to timer.o(.bss.AutoUpLoad_counter) for AutoUpLoad_counter
    main.o(.ARM.exidx.text.main) refers to main.o(.text.main) for [Anonymous Symbol]
    main.o(.text.com_gpio_init) refers to gd32e230_rcu.o(.text.rcu_periph_clock_enable) for rcu_periph_clock_enable
    main.o(.text.com_gpio_init) refers to gd32e230_gpio.o(.text.gpio_af_set) for gpio_af_set
[...]
    .text                                    0x080041d2   Section        0  fmul.o(.text)
    .text                                    0x0800424c   Section        0  fdiv.o(.text)
    .text                                    0x080042c8   Section        0  fcmple.o(.text)
    .text                                    0x080042e4   Section        0  fflti.o(.text)
    .text                                    0x080042fa   Section        0  ffixi.o(.text)
    .text                                    0x0800432c   Section        0  uidiv.o(.text)
    .text                                    0x08004358   Section        0  uldiv.o(.text)
    .text                                    0x080043b8   Section        0  iusefp.o(.text)
    .text                                    0x080043b8   Section        0  fepilogue.o(.text)
    .text                                    0x0800443c   Section        0  dadd.o(.text)
    .text                                    0x080045a0   Section        0  dmul.o(.text)
    .text                                    0x08004670   Section        0  ddiv.o(.text)
    .text                                    0x08004760   Section        0  dfixul.o(.text)
    .text                                    0x080047a0   Section       40  cdrcmple.o(.text)
    .text                                    0x080047c8   Section       36  init.o(.text)
    .text                                    0x080047ec   Section        0  llshl.o(.text)
    .text                                    0x0800480c   Section        0  llushr.o(.text)
    .text                                    0x0800482e   Section        0  llsshr.o(.text)
    .text                                    0x08004854   Section        0  depilogue.o(.text)
    [Anonymous Symbol]                       0x08004914   Section        0  main.o(.text.DRV_IWDG_Init)
    __arm_cp.0_0                             0x08004944   Number         4  main.o(.text.DRV_IWDG_Init)
    [Anonymous Symbol]                       0x08004948   Section        0  th_iic.o(.text.Delay_1Us)
    [Anonymous Symbol]                       0x08004960   Section        0  th_iic.o(.text.Delay_2Us)
    [Anonymous Symbol]                       0x08004980   Section        0  th_iic.o(.text.Delay_4Us)
    [Anonymous Symbol]                       0x0800499e   Section        0  common.o(.text.Delay_Ms)
    [Anonymous Symbol]                       0x080049c0   Section        0  flash.o(.text.Flash_Read_OneByte)
    [Anonymous Symbol]                       0x080049d4   Section        0  flash.o(.text.Flash_Write_MultiBytes)
    __arm_cp.5_0                             0x08004aec   Number         4  flash.o(.text.Flash_Write_MultiBytes)
    __arm_cp.5_1                             0x08004af0   Number         4  flash.o(.text.Flash_Write_MultiBytes)
    __arm_cp.5_2                             0x08004af4   Number         4  flash.o(.text.Flash_Write_MultiBytes)
    __arm_cp.5_3                             0x08004af8   Number         4  flash.o(.text.Flash_Write_MultiBytes)
    [Anonymous Symbol]                       0x08004afc   Section        0  th_iic.o(.text.Get_Channal_Pin)
    __arm_cp.4_0                             0x08004b80   Number         4  th_iic.o(.text.Get_Channal_Pin)
    __arm_cp.4_1                             0x08004b84   Number         4  th_iic.o(.text.Get_Channal_Pin)
    __arm_cp.4_2                             0x08004b88   Number         4  th_iic.o(.text.Get_Channal_Pin)
    [Anonymous Symbol]                       0x08004b8c   Section        0  sht3x.o(.text.Get_Duration)
    __arm_cp.1_1                             0x08004eec   Number         4  sht3x.o(.text.Get_Duration)
    __arm_cp.1_2                             0x08004ef0   Number         4  sht3x.o(.text.Get_Duration)
    [Anonymous Symbol]                       0x08004ef4   Section        0  gd32e230_it.o(.text.HardFault_Handler)
    [Anonymous Symbol]                       0x08004ef8   Section        0  modbus_asc.o(.text.MBASC_AutoUpLoadFrame)
    __arm_cp.11_1                            0x08004f9c   Number         4  modbus_asc.o(.text.MBASC_AutoUpLoadFrame)
    [Anonymous Symbol]                       0x08004fa0   Section        0  modbus_asc.o(.text.MBASC_Fun03)
    __arm_cp.4_0                             0x08005194   Number         4  modbus_asc.o(.text.MBASC_Fun03)
    __arm_cp.4_1                             0x08005198   Number         4  modbus_asc.o(.text.MBASC_Fun03)
    __arm_cp.4_2                             0x0800519c   Number         4  modbus_asc.o(.text.MBASC_Fun03)
    __arm_cp.4_3                             0x080051a0   Number         4  modbus_asc.o(.text.MBASC_Fun03)
    __arm_cp.4_4                             0x080051a4   Number         4  modbus_asc.o(.text.MBASC_Fun03)
    [Anonymous Symbol]                       0x080051a8   Section        0  modbus_asc.o(.text.MBASC_Fun04)
    __arm_cp.5_0                             0x080053f4   Number         4  modbus_asc.o(.text.MBASC_Fun04)
    __arm_cp.5_1                             0x080053f8   Number         4  modbus_asc.o(.text.MBASC_Fun04)
    __arm_cp.5_2                             0x080053fc   Number         4  modbus_asc.o(.text.MBASC_Fun04)
    __arm_cp.5_3                             0x08005400   Number         4  modbus_asc.o(.text.MBASC_Fun04)
    __arm_cp.5_4                             0x08005404   Number         4  modbus_asc.o(.text.MBASC_Fun04)
    __arm_cp.5_5                             0x08005408   Number         4  modbus_asc.o(.text.MBASC_Fun04)
    __arm_cp.5_6                             0x0800540c   Number         4  modbus_asc.o(.text.MBASC_Fun04)
    __arm_cp.5_7                             0x08005410   Number         4  modbus_asc.o(.text.MBASC_Fun04)
    __arm_cp.5_8                             0x08005414   Number         4  modbus_asc.o(.text.MBASC_Fun04)
    __arm_cp.5_9                             0x08005418   Number         4  modbus_asc.o(.text.MBASC_Fun04)
    __arm_cp.5_10                            0x0800541c   Number         4  modbus_asc.o(.text.MBASC_Fun04)
    [Anonymous Symbol]                       0x08005420   Section        0  modbus_asc.o(.text.MBASC_Fun10)
    __arm_cp.6_0                             0x08005798   Number         4  modbus_asc.o(.text.MBASC_Fun10)
    __arm_cp.6_1                             0x0800579c   Number         4  modbus_asc.o(.text.MBASC_Fun10)
    __arm_cp.6_2                             0x080057a0   Number         4  modbus_asc.o(.text.MBASC_Fun10)
    __arm_cp.6_3                             0x080057a4   Number         4  modbus_asc.o(.text.MBASC_Fun10)
    __arm_cp.6_4                             0x080057a8   Number         4  modbus_asc.o(.text.MBASC_Fun10)
    [Anonymous Symbol]                       0x080057ac   Section        0  modbus_asc.o(.text.MBASC_Fun2B)
    __arm_cp.7_0                             0x08005a0c   Number         4  modbus_asc.o(.text.MBASC_Fun2B)
    __arm_cp.7_1                             0x08005a10   Number         4  modbus_asc.o(.text.MBASC_Fun2B)
    __arm_cp.7_4                             0x08005a14   Number         4  modbus_asc.o(.text.MBASC_Fun2B)
    __arm_cp.7_5                             0x08005a18   Number         4  modbus_asc.o(.text.MBASC_Fun2B)
    __arm_cp.7_6                             0x08005a1c   Number         4  modbus_asc.o(.text.MBASC_Fun2B)
    __arm_cp.7_7                             0x08005a20   Number         4  modbus_asc.o(.text.MBASC_Fun2B)
    [Anonymous Symbol]                       0x08005a24   Section        0  modbus_asc.o(.text.MBASC_Fun41)
    __arm_cp.8_0                             0x08005b2c   Number         4  modbus_asc.o(.text.MBASC_Fun41)
    __arm_cp.8_1                             0x08005b30   Number         4  modbus_asc.o(.text.MBASC_Fun41)
    __arm_cp.8_2                             0x08005b34   Number         4  modbus_asc.o(.text.MBASC_Fun41)
    __arm_cp.8_3                             0x08005b38   Number         4  modbus_asc.o(.text.MBASC_Fun41)
    __arm_cp.8_4                             0x08005b3c   Number         4  modbus_asc.o(.text.MBASC_Fun41)
    __arm_cp.8_5                             0x08005b40   Number         4  modbus_asc.o(.text.MBASC_Fun41)
    [Anonymous Symbol]                       0x08005b44   Section        0  modbus_asc.o(.text.MBASC_Function)
    __arm_cp.10_0                            0x08005c44   Number         4  modbus_asc.o(.text.MBASC_Function)
    __arm_cp.10_1                            0x08005c48   Number         4  modbus_asc.o(.text.MBASC_Function)
    __arm_cp.10_2                            0x08005c4c   Number         4  modbus_asc.o(.text.MBASC_Function)
    [Anonymous Symbol]                       0x08005c50   Section        0  modbus_asc.o(.text.MBASC_GetSlaveAddr)
    [Anonymous Symbol]                       0x08005c5c   Section        0  modbus_asc.o(.text.MBASC_SendErr)
    __arm_cp.3_0                             0x08005c9c   Number         4  modbus_asc.o(.text.MBASC_SendErr)
    __arm_cp.3_1                             0x08005ca0   Number         4  modbus_asc.o(.text.MBASC_SendErr)
    [Anonymous Symbol]                       0x08005ca4   Section        0  modbus_asc.o(.text.MBASC_SendMsg)
    [Anonymous Symbol]                       0x08005cd0   Section        0  modbus_asc.o(.text.MBASC_SendMsg_NoLimit)
    [Anonymous Symbol]                       0x08005cf6   Section        0  modbus_ascii.o(.text.MODBUS_ASCII_AsciiPacketToRtuPacket)
    [Anonymous Symbol]                       0x08005d6a   Section        0  modbus_ascii.o(.text.MODBUS_ASCII_AsciiToHex)
    [Anonymous Symbol]                       0x08005e10   Section        0  modbus_ascii.o(.text.MODBUS_ASCII_CheckAscii)
    [Anonymous Symbol]                       0x08005ebe   Section        0  modbus_ascii.o(.text.MODBUS_ASCII_GetLrc)
    [Anonymous Symbol]                       0x08005f40   Section        0  modbus_ascii.o(.text.MODBUS_ASCII_HandlRevData)
    __arm_cp.5_0                             0x0800603c   Number         4  modbus_ascii.o(.text.MODBUS_ASCII_HandlRevData)
    [Anonymous Symbol]                       0x08006040   Section        0  modbus_ascii.o(.text.MODBUS_ASCII_HexToAscii)
    [Anonymous Symbol]                       0x0800609c   Section        0  modbus_ascii.o(.text.MODBUS_ASCII_RecvData)
    __arm_cp.7_0                             0x0800616c   Number         4  modbus_ascii.o(.text.MODBUS_ASCII_RecvData)
    __arm_cp.7_1                             0x08006170   Number         4  modbus_ascii.o(.text.MODBUS_ASCII_RecvData)
    __arm_cp.7_2                             0x08006174   Number         4  modbus_ascii.o(.text.MODBUS_ASCII_RecvData)
    [Anonymous Symbol]                       0x08006178   Section        0  modbus_ascii.o(.text.MODBUS_ASCII_RtuPacketToAsciiPacket)
    [Anonymous Symbol]                       0x080061cc   Section        0  modbus_ascii.o(.text.MODBUS_ASCII_SendData)
    [Anonymous Symbol]                       0x080062cc   Section        0  modbus_ascii.o(.text.MODBUS_ASCII_SendData1)
    __arm_cp.9_0                             0x080063c4   Number         4  modbus_ascii.o(.text.MODBUS_ASCII_SendData1)
    __arm_cp.9_1                             0x080063c8   Number         4  modbus_ascii.o(.text.MODBUS_ASCII_SendData1)
    __arm_cp.9_2                             0x080063cc   Number         4  modbus_ascii.o(.text.MODBUS_ASCII_SendData1)
    __arm_cp.9_3                             0x080063d0   Number         4  modbus_ascii.o(.text.MODBUS_ASCII_SendData1)
    [Anonymous Symbol]                       0x080063d4   Section        0  gd32e230_it.o(.text.NMI_Handler)
    [Anonymous Symbol]                       0x080063d6   Section        0  gd32e230_it.o(.text.PendSV_Handler)
    [Anonymous Symbol]                       0x080063d8   Section        0  para.o(.text.ReadPara)
    __arm_cp.0_0                             0x0800646c   Number         4  para.o(.text.ReadPara)
    __arm_cp.0_1                             0x08006470   Number         4  para.o(.text.ReadPara)
    __arm_cp.0_2                             0x08006474   Number         4  para.o(.text.ReadPara)
    [Anonymous Symbol]                       0x08006478   Section        0  sht3x.o(.text.ReadTH)
    __arm_cp.8_1                             0x08006600   Number         4  sht3x.o(.text.ReadTH)
    __arm_cp.8_2                             0x08006604   Number         4  sht3x.o(.text.ReadTH)
    __arm_cp.8_3                             0x08006608   Number         4  sht3x.o(.text.ReadTH)
    __arm_cp.8_4                             0x0800660c   Number         4  sht3x.o(.text.ReadTH)
    __arm_cp.8_7                             0x08006610   Number         4  sht3x.o(.text.ReadTH)
    __arm_cp.8_8                             0x08006614   Number         4  sht3x.o(.text.ReadTH)
    __arm_cp.8_9                             0x08006618   Number         4  sht3x.o(.text.ReadTH)
    [Anonymous Symbol]                       0x0800661c   Section        0  sht3x.o(.text.Read_Sht3_TH)
    [Anonymous Symbol]                       0x08006660   Section        0  th_iic.o(.text.SDA_IN)
    [Anonymous Symbol]                       0x08006690   Section        0  th_iic.o(.text.SDA_OUT)
    __arm_cp.7_0                             0x080066bc   Number         4  th_iic.o(.text.SDA_OUT)
    __arm_cp.7_1                             0x080066c0   Number         4  th_iic.o(.text.SDA_OUT)
    [Anonymous Symbol]                       0x080066c4   Section        0  sht3x.o(.text.SHT3_Init)
    __arm_cp.2_1                             0x08006788   Number         4  sht3x.o(.text.SHT3_Init)
    __arm_cp.2_2                             0x0800678c   Number         4  sht3x.o(.text.SHT3_Init)
    __arm_cp.2_3                             0x08006790   Number         4  sht3x.o(.text.SHT3_Init)
    __arm_cp.2_4                             0x08006794   Number         4  sht3x.o(.text.SHT3_Init)
    __arm_cp.2_5                             0x08006798   Number         4  sht3x.o(.text.SHT3_Init)
    [Anonymous Symbol]                       0x0800679c   Section        0  sht3x.o(.text.SHT3x_ReadData)
    [Anonymous Symbol]                       0x0800686e   Section        0  sht3x.o(.text.SHT3x_WriteData)
    [Anonymous Symbol]                       0x080068da   Section        0  gd32e230_it.o(.text.SVC_Handler)
    [Anonymous Symbol]                       0x080068dc   Section        0  sht3x.o(.text.Set_Sht3_Periodi)
    __arm_cp.3_0                             0x08006908   Number         4  sht3x.o(.text.Set_Sht3_Periodi)
    [Anonymous Symbol]                       0x0800690c   Section        0  gd32e230_it.o(.text.SysTick_Handler)
    [Anonymous Symbol]                       0x08006914   Section        0  system_gd32e230.o(.text.SystemInit)
    __arm_cp.0_0                             0x0800699c   Number         4  system_gd32e230.o(.text.SystemInit)
    __arm_cp.0_1                             0x080069a0   Number         4  system_gd32e230.o(.text.SystemInit)
    __arm_cp.0_2                             0x080069a4   Number         4  system_gd32e230.o(.text.SystemInit)
    __arm_cp.0_3                             0x080069a8   Number         4  system_gd32e230.o(.text.SystemInit)
    __arm_cp.0_4                             0x080069ac   Number         4  system_gd32e230.o(.text.SystemInit)
    __arm_cp.0_5                             0x080069b0   Number         4  system_gd32e230.o(.text.SystemInit)
    __arm_cp.0_6                             0x080069b4   Number         4  system_gd32e230.o(.text.SystemInit)
    __arm_cp.0_7                             0x080069b8   Number         4  system_gd32e230.o(.text.SystemInit)
    __arm_cp.0_8                             0x080069bc   Number         4  system_gd32e230.o(.text.SystemInit)
    [Anonymous Symbol]                       0x080069c0   Section        0  sht3x.o(.text.TH_Filter)
    __arm_cp.7_0                             0x08006ba8   Number         4  sht3x.o(.text.TH_Filter)
    __arm_cp.7_1                             0x08006bac   Number         4  sht3x.o(.text.TH_Filter)
    [Anonymous Symbol]                       0x08006bb0   Section        0  th_iic.o(.text.TH_IIC_Ack)
    [Anonymous Symbol]                       0x08006bf0   Section        0  th_iic.o(.text.TH_IIC_Init)
    __arm_cp.5_0                             0x08006c78   Number         4  th_iic.o(.text.TH_IIC_Init)
    __arm_cp.5_2                             0x08006c7c   Number         4  th_iic.o(.text.TH_IIC_Init)
    [Anonymous Symbol]                       0x08006c80   Section        0  th_iic.o(.text.TH_IIC_NAck)
    [Anonymous Symbol]                       0x08006cc0   Section        0  th_iic.o(.text.TH_IIC_Read_Byte)
    [Anonymous Symbol]                       0x08006d54   Section        0  th_iic.o(.text.TH_IIC_Send_Byte)
    [Anonymous Symbol]                       0x08006dd8   Section        0  th_iic.o(.text.TH_IIC_Start)
    [Anonymous Symbol]                       0x08006e1c   Section        0  th_iic.o(.text.TH_IIC_Stop)
    [Anonymous Symbol]                       0x08006e60   Section        0  th_iic.o(.text.TH_IIC_Wait_Ack)
    __arm_cp.10_0                            0x08006ed4   Number         4  th_iic.o(.text.TH_IIC_Wait_Ack)
    [Anonymous Symbol]                       0x08006ed8   Section        0  timer.o(.text.TIMER0_Channel_IRQHandler)
    __arm_cp.3_0                             0x08006f7c   Number         4  timer.o(.text.TIMER0_Channel_IRQHandler)
    __arm_cp.3_1                             0x08006f80   Number         4  timer.o(.text.TIMER0_Channel_IRQHandler)
    __arm_cp.3_2                             0x08006f84   Number         4  timer.o(.text.TIMER0_Channel_IRQHandler)
    __arm_cp.3_3                             0x08006f88   Number         4  timer.o(.text.TIMER0_Channel_IRQHandler)
    __arm_cp.3_4                             0x08006f8c   Number         4  timer.o(.text.TIMER0_Channel_IRQHandler)
    [Anonymous Symbol]                       0x08006f90   Section        0  timer.o(.text.TIMER14_IRQHandler)
    __arm_cp.4_1                             0x08006fc0   Number         4  timer.o(.text.TIMER14_IRQHandler)
    [Anonymous Symbol]                       0x08006fc4   Section        0  timer.o(.text.TIMER15_IRQHandler)
    __arm_cp.5_1                             0x08006ff4   Number         4  timer.o(.text.TIMER15_IRQHandler)
    [Anonymous Symbol]                       0x08006ff8   Section        0  timer.o(.text.TIMER15_Init)
    __arm_cp.2_0                             0x0800704c   Number         4  timer.o(.text.TIMER15_Init)
    __arm_cp.2_1                             0x08007050   Number         4  timer.o(.text.TIMER15_Init)
    [Anonymous Symbol]                       0x08007054   Section        0  timer.o(.text.TIMER2_Init)
    __arm_cp.1_0                             0x080070a8   Number         4  timer.o(.text.TIMER2_Init)
    __arm_cp.1_1                             0x080070ac   Number         4  timer.o(.text.TIMER2_Init)
    __arm_cp.1_2                             0x080070b0   Number         4  timer.o(.text.TIMER2_Init)
    [Anonymous Symbol]                       0x080070b4   Section        0  gd32e230c_eval.o(.text.UARTx_SendData)
    __arm_cp.8_1                             0x08007154   Number         4  gd32e230c_eval.o(.text.UARTx_SendData)
    [Anonymous Symbol]                       0x08007158   Section        0  gd32e230c_eval.o(.text.USART0_IRQHandler)
    __arm_cp.7_1                             0x080071f8   Number         4  gd32e230c_eval.o(.text.USART0_IRQHandler)
    __arm_cp.7_2                             0x080071fc   Number         4  gd32e230c_eval.o(.text.USART0_IRQHandler)
    __arm_cp.7_3                             0x08007200   Number         4  gd32e230c_eval.o(.text.USART0_IRQHandler)
    __arm_cp.7_4                             0x08007204   Number         4  gd32e230c_eval.o(.text.USART0_IRQHandler)
    __arm_cp.7_5                             0x08007208   Number         4  gd32e230c_eval.o(.text.USART0_IRQHandler)
    __arm_cp.7_6                             0x0800720c   Number         4  gd32e230c_eval.o(.text.USART0_IRQHandler)
    __arm_cp.7_7                             0x08007210   Number         4  gd32e230c_eval.o(.text.USART0_IRQHandler)
    __NVIC_EnableIRQ                         0x08007215   Thumb Code    52  gd32e230_misc.o(.text.__NVIC_EnableIRQ)
    [Anonymous Symbol]                       0x08007214   Section        0  gd32e230_misc.o(.text.__NVIC_EnableIRQ)
    __arm_cp.2_0                             0x08007244   Number         4  gd32e230_misc.o(.text.__NVIC_EnableIRQ)
    __NVIC_SetPriority                       0x08007249   Thumb Code   136  gd32e230_misc.o(.text.__NVIC_SetPriority)
    [Anonymous Symbol]                       0x08007248   Section        0  gd32e230_misc.o(.text.__NVIC_SetPriority)
    __arm_cp.1_0                             0x080072c8   Number         4  gd32e230_misc.o(.text.__NVIC_SetPriority)
    __arm_cp.1_1                             0x080072cc   Number         4  gd32e230_misc.o(.text.__NVIC_SetPriority)
    __NVIC_SystemReset                       0x080072d1   Thumb Code    28  modbus_asc.o(.text.__NVIC_SystemReset)
    [Anonymous Symbol]                       0x080072d0   Section        0  modbus_asc.o(.text.__NVIC_SystemReset)
    __arm_cp.9_0                             0x080072e4   Number         4  modbus_asc.o(.text.__NVIC_SystemReset)
    __arm_cp.9_1                             0x080072e8   Number         4  modbus_asc.o(.text.__NVIC_SystemReset)
    [Anonymous Symbol]                       0x080072ec   Section        0  main.o(.text.com_gpio_init)
    __arm_cp.4_0                             0x0800735c   Number         4  main.o(.text.com_gpio_init)
    [Anonymous Symbol]                       0x08007360   Section        0  main.o(.text.com_usart_init)
    __arm_cp.5_0                             0x08007438   Number         4  main.o(.text.com_usart_init)
    __arm_cp.5_1                             0x0800743c   Number         4  main.o(.text.com_usart_init)
    __arm_cp.5_2                             0x08007440   Number         4  main.o(.text.com_usart_init)
    [Anonymous Symbol]                       0x08007444   Section        0  systick.o(.text.delay_decrement)
    __arm_cp.4_0                             0x0800745c   Number         4  systick.o(.text.delay_decrement)
    [Anonymous Symbol]                       0x08007460   Section        0  flash.o(.text.flash_read_MultiBytes)
    [Anonymous Symbol]                       0x080074a8   Section        0  flash.o(.text.flash_read_multi)
    __arm_cp.1_0                             0x08007504   Number         4  flash.o(.text.flash_read_multi)
    [Anonymous Symbol]                       0x08007508   Section        0  gd32e230_fmc.o(.text.fmc_flag_clear)
    [Anonymous Symbol]                       0x08007518   Section        0  gd32e230_fmc.o(.text.fmc_lock)
    [Anonymous Symbol]                       0x08007524   Section        0  gd32e230_fmc.o(.text.fmc_page_erase)
    __arm_cp.5_1                             0x0800757c   Number         4  gd32e230_fmc.o(.text.fmc_page_erase)
    [Anonymous Symbol]                       0x08007580   Section        0  gd32e230_fmc.o(.text.fmc_ready_wait)
    [Anonymous Symbol]                       0x080075dc   Section        0  gd32e230_fmc.o(.text.fmc_state_get)
    __arm_cp.29_0                            0x0800762c   Number         4  gd32e230_fmc.o(.text.fmc_state_get)
    [Anonymous Symbol]                       0x08007630   Section        0  gd32e230_fmc.o(.text.fmc_unlock)
    __arm_cp.0_1                             0x0800764c   Number         4  gd32e230_fmc.o(.text.fmc_unlock)
    __arm_cp.0_2                             0x08007650   Number         4  gd32e230_fmc.o(.text.fmc_unlock)
    __arm_cp.0_3                             0x08007654   Number         4  gd32e230_fmc.o(.text.fmc_unlock)
    [Anonymous Symbol]                       0x08007658   Section        0  gd32e230_fmc.o(.text.fmc_word_program)
    __arm_cp.9_0                             0x080076ac   Number         4  gd32e230_fmc.o(.text.fmc_word_program)
    [Anonymous Symbol]                       0x080076b0   Section        0  main.o(.text.fputc)
    __arm_cp.6_0                             0x080076dc   Number         4  main.o(.text.fputc)
    __arm_cp.6_1                             0x080076e0   Number         4  main.o(.text.fputc)
    [Anonymous Symbol]                       0x080076e4   Section        0  gd32e230_fwdgt.o(.text.fwdgt_config)
    __arm_cp.7_0                             0x080077b4   Number         4  gd32e230_fwdgt.o(.text.fwdgt_config)
    __arm_cp.7_2                             0x080077b8   Number         4  gd32e230_fwdgt.o(.text.fwdgt_config)
    __arm_cp.7_3                             0x080077bc   Number         4  gd32e230_fwdgt.o(.text.fwdgt_config)
    __arm_cp.7_4                             0x080077c0   Number         4  gd32e230_fwdgt.o(.text.fwdgt_config)
    __arm_cp.7_5                             0x080077c4   Number         4  gd32e230_fwdgt.o(.text.fwdgt_config)
    __arm_cp.7_6                             0x080077c8   Number         4  gd32e230_fwdgt.o(.text.fwdgt_config)
    [Anonymous Symbol]                       0x080077cc   Section        0  gd32e230_fwdgt.o(.text.fwdgt_counter_reload)
    __arm_cp.6_1                             0x080077d4   Number         4  gd32e230_fwdgt.o(.text.fwdgt_counter_reload)
    [Anonymous Symbol]                       0x080077d8   Section        0  gd32e230_fwdgt.o(.text.fwdgt_enable)
    __arm_cp.2_0                             0x080077e0   Number         4  gd32e230_fwdgt.o(.text.fwdgt_enable)
    __arm_cp.2_1                             0x080077e4   Number         4  gd32e230_fwdgt.o(.text.fwdgt_enable)
    [Anonymous Symbol]                       0x080077e8   Section        0  gd32e230_gpio.o(.text.gpio_af_set)
    [Anonymous Symbol]                       0x080078ac   Section        0  gd32e230_gpio.o(.text.gpio_bit_reset)
    [Anonymous Symbol]                       0x080078bc   Section        0  gd32e230_gpio.o(.text.gpio_bit_set)
    [Anonymous Symbol]                       0x080078cc   Section        0  gd32e230_gpio.o(.text.gpio_bit_write)
    [Anonymous Symbol]                       0x080078f4   Section        0  gd32e230_gpio.o(.text.gpio_input_bit_get)
    [Anonymous Symbol]                       0x0800791e   Section        0  gd32e230_gpio.o(.text.gpio_mode_set)
    [Anonymous Symbol]                       0x080079ae   Section        0  gd32e230_gpio.o(.text.gpio_output_options_set)
    [Anonymous Symbol]                       0x08007a3c   Section        0  main.o(.text.main)
    __arm_cp.3_0                             0x08007b50   Number         4  main.o(.text.main)
    __arm_cp.3_1                             0x08007b54   Number         4  main.o(.text.main)
    __arm_cp.3_2                             0x08007b58   Number         4  main.o(.text.main)
    __arm_cp.3_3                             0x08007b5c   Number         4  main.o(.text.main)
    __arm_cp.3_4                             0x08007b60   Number         4  main.o(.text.main)
    __arm_cp.3_5                             0x08007b64   Number         4  main.o(.text.main)
    __arm_cp.3_6                             0x08007b68   Number         4  main.o(.text.main)
    __arm_cp.3_7                             0x08007b6c   Number         4  main.o(.text.main)
    __arm_cp.3_8                             0x08007b70   Number         4  main.o(.text.main)
    __arm_cp.3_9                             0x08007b74   Number         4  main.o(.text.main)
    __arm_cp.3_10                            0x08007b78   Number         4  main.o(.text.main)
    [Anonymous Symbol]                       0x08007b7c   Section        0  gd32e230_misc.o(.text.nvic_irq_enable)
    [Anonymous Symbol]                       0x08007bb0   Section        0  gd32e230_misc.o(.text.nvic_vector_table_set)
    __arm_cp.7_0                             0x08007bc8   Number         4  gd32e230_misc.o(.text.nvic_vector_table_set)
    __arm_cp.7_1                             0x08007bcc   Number         4  gd32e230_misc.o(.text.nvic_vector_table_set)
    [Anonymous Symbol]                       0x08007bd0   Section        0  gd32e230_rcu.o(.text.rcu_clock_freq_get)
    __arm_cp.38_0                            0x08007e30   Number         4  gd32e230_rcu.o(.text.rcu_clock_freq_get)
    __arm_cp.38_1                            0x08007e34   Number         4  gd32e230_rcu.o(.text.rcu_clock_freq_get)
    __arm_cp.38_2                            0x08007e38   Number         4  gd32e230_rcu.o(.text.rcu_clock_freq_get)
    __arm_cp.38_3                            0x08007e3c   Number         4  gd32e230_rcu.o(.text.rcu_clock_freq_get)
    __arm_cp.38_4                            0x08007e40   Number         4  gd32e230_rcu.o(.text.rcu_clock_freq_get)
    __arm_cp.38_5                            0x08007e44   Number         4  gd32e230_rcu.o(.text.rcu_clock_freq_get)
    __arm_cp.38_6                            0x08007e48   Number         4  gd32e230_rcu.o(.text.rcu_clock_freq_get)
    __arm_cp.38_7                            0x08007e4c   Number         4  gd32e230_rcu.o(.text.rcu_clock_freq_get)
    __arm_cp.38_8                            0x08007e50   Number         4  gd32e230_rcu.o(.text.rcu_clock_freq_get)
    [Anonymous Symbol]                       0x08007e54   Section        0  gd32e230_rcu.o(.text.rcu_flag_get)
    [Anonymous Symbol]                       0x08007e8c   Section        0  gd32e230_rcu.o(.text.rcu_osci_on)
    [Anonymous Symbol]                       0x08007eb0   Section        0  gd32e230_rcu.o(.text.rcu_osci_stab_wait)
    __arm_cp.27_0                            0x080080f4   Number         4  gd32e230_rcu.o(.text.rcu_osci_stab_wait)
    __arm_cp.27_1                            0x080080f8   Number         4  gd32e230_rcu.o(.text.rcu_osci_stab_wait)
    __arm_cp.27_2                            0x080080fc   Number         4  gd32e230_rcu.o(.text.rcu_osci_stab_wait)
    __arm_cp.27_3                            0x08008100   Number         4  gd32e230_rcu.o(.text.rcu_osci_stab_wait)
    __arm_cp.27_4                            0x08008104   Number         4  gd32e230_rcu.o(.text.rcu_osci_stab_wait)
    [Anonymous Symbol]                       0x08008108   Section        0  gd32e230_rcu.o(.text.rcu_periph_clock_enable)
    [Anonymous Symbol]                       0x0800812c   Section        0  gd32e230_rcu.o(.text.rcu_periph_reset_disable)
    [Anonymous Symbol]                       0x08008150   Section        0  gd32e230_rcu.o(.text.rcu_periph_reset_enable)
    __arm_cp.5_0                             0x08008174   Number         4  gd32e230_rcu.o(.text.rcu_periph_reset_enable)
    [Anonymous Symbol]                       0x08008178   Section        0  main.o(.text.rs485_Init)
    __arm_cp.1_0                             0x080081b0   Number         4  main.o(.text.rs485_Init)
    system_clock_72m_irc8m                   0x080081b5   Thumb Code   228  system_gd32e230.o(.text.system_clock_72m_irc8m)
    [Anonymous Symbol]                       0x080081b4   Section        0  system_gd32e230.o(.text.system_clock_72m_irc8m)
    __arm_cp.3_0                             0x08008284   Number         4  system_gd32e230.o(.text.system_clock_72m_irc8m)
    __arm_cp.3_1                             0x08008288   Number         4  system_gd32e230.o(.text.system_clock_72m_irc8m)
    __arm_cp.3_2                             0x0800828c   Number         4  system_gd32e230.o(.text.system_clock_72m_irc8m)
    __arm_cp.3_3                             0x08008290   Number         4  system_gd32e230.o(.text.system_clock_72m_irc8m)
    __arm_cp.3_4                             0x08008294   Number         4  system_gd32e230.o(.text.system_clock_72m_irc8m)
    system_clock_config                      0x08008299   Thumb Code     8  system_gd32e230.o(.text.system_clock_config)
    [Anonymous Symbol]                       0x08008298   Section        0  system_gd32e230.o(.text.system_clock_config)
    [Anonymous Symbol]                       0x080082a0   Section        0  gd32e230_timer.o(.text.timer_auto_reload_shadow_enable)
    [Anonymous Symbol]                       0x080082b4   Section        0  gd32e230_timer.o(.text.timer_deinit)
    __arm_cp.0_1                             0x0800837c   Number         4  gd32e230_timer.o(.text.timer_deinit)
    __arm_cp.0_7                             0x08008380   Number         4  gd32e230_timer.o(.text.timer_deinit)
    __arm_cp.0_8                             0x08008384   Number         4  gd32e230_timer.o(.text.timer_deinit)
    __arm_cp.0_9                             0x08008388   Number         4  gd32e230_timer.o(.text.timer_deinit)
    __arm_cp.0_10                            0x0800838c   Number         4  gd32e230_timer.o(.text.timer_deinit)
    __arm_cp.0_11                            0x08008390   Number         4  gd32e230_timer.o(.text.timer_deinit)
    [Anonymous Symbol]                       0x08008394   Section        0  gd32e230_timer.o(.text.timer_disable)
    [Anonymous Symbol]                       0x080083a6   Section        0  gd32e230_timer.o(.text.timer_enable)
    [Anonymous Symbol]                       0x080083b8   Section        0  gd32e230_timer.o(.text.timer_init)
    __arm_cp.2_0                             0x0800849c   Number         4  gd32e230_timer.o(.text.timer_init)
    __arm_cp.2_1                             0x080084a0   Number         4  gd32e230_timer.o(.text.timer_init)
    __arm_cp.2_2                             0x080084a4   Number         4  gd32e230_timer.o(.text.timer_init)
    __arm_cp.2_3                             0x080084a8   Number         4  gd32e230_timer.o(.text.timer_init)
    __arm_cp.2_4                             0x080084ac   Number         4  gd32e230_timer.o(.text.timer_init)
    __arm_cp.2_5                             0x080084b0   Number         4  gd32e230_timer.o(.text.timer_init)
    [Anonymous Symbol]                       0x080084b4   Section        0  gd32e230_timer.o(.text.timer_interrupt_disable)
    [Anonymous Symbol]                       0x080084c8   Section        0  gd32e230_timer.o(.text.timer_interrupt_enable)
    [Anonymous Symbol]                       0x080084dc   Section        0  gd32e230_timer.o(.text.timer_interrupt_flag_clear)
    [Anonymous Symbol]                       0x080084f0   Section        0  gd32e230_timer.o(.text.timer_interrupt_flag_get)
    [Anonymous Symbol]                       0x0800852c   Section        0  gd32e230_usart.o(.text.usart_baudrate_set)
    __arm_cp.1_2                             0x080085d8   Number         4  gd32e230_usart.o(.text.usart_baudrate_set)
    [Anonymous Symbol]                       0x080085dc   Section        0  gd32e230_usart.o(.text.usart_data_receive)
    [Anonymous Symbol]                       0x080085ec   Section        0  gd32e230_usart.o(.text.usart_data_transmit)
    __arm_cp.18_0                            0x08008600   Number         4  gd32e230_usart.o(.text.usart_data_transmit)
    [Anonymous Symbol]                       0x08008604   Section        0  gd32e230_usart.o(.text.usart_deinit)
    __arm_cp.0_0                             0x08008648   Number         4  gd32e230_usart.o(.text.usart_deinit)
    __arm_cp.0_1                             0x0800864c   Number         4  gd32e230_usart.o(.text.usart_deinit)
    __arm_cp.0_2                             0x08008650   Number         4  gd32e230_usart.o(.text.usart_deinit)
    __arm_cp.0_3                             0x08008654   Number         4  gd32e230_usart.o(.text.usart_deinit)
    [Anonymous Symbol]                       0x08008658   Section        0  gd32e230_usart.o(.text.usart_enable)
    [Anonymous Symbol]                       0x0800866a   Section        0  gd32e230_usart.o(.text.usart_flag_get)
    [Anonymous Symbol]                       0x080086a4   Section        0  gd32e230_usart.o(.text.usart_interrupt_disable)
    [Anonymous Symbol]                       0x080086ca   Section        0  gd32e230_usart.o(.text.usart_interrupt_enable)
    [Anonymous Symbol]                       0x080086f0   Section        0  gd32e230_usart.o(.text.usart_interrupt_flag_clear)
    __arm_cp.73_0                            0x0800872c   Number         4  gd32e230_usart.o(.text.usart_interrupt_flag_clear)
    [Anonymous Symbol]                       0x08008730   Section        0  gd32e230_usart.o(.text.usart_interrupt_flag_get)
    [Anonymous Symbol]                       0x08008796   Section        0  gd32e230_usart.o(.text.usart_receive_config)
    [Anonymous Symbol]                       0x080087b4   Section        0  gd32e230_usart.o(.text.usart_transmit_config)
    i.__0printf                              0x080087d4   Section        0  printfa.o(i.__0printf)
    i.__ARM_clz                              0x080087f4   Section        0  depilogue.o(i.__ARM_clz)
    i.__scatterload_copy                     0x08008822   Section       14  handlers.o(i.__scatterload_copy)
    i.__scatterload_null                     0x08008830   Section        2  handlers.o(i.__scatterload_null)
    i.__scatterload_zeroinit                 0x08008832   Section       14  handlers.o(i.__scatterload_zeroinit)
    _fp_digits                               0x08008841   Thumb Code   344  printfa.o(i._fp_digits)
    i._fp_digits                             0x08008840   Section        0  printfa.o(i._fp_digits)
    _printf_core                             0x080089b5   Thumb Code  1754  printfa.o(i._printf_core)
    i._printf_core                           0x080089b4   Section        0  printfa.o(i._printf_core)
    _printf_post_padding                     0x080090a1   Thumb Code    32  printfa.o(i._printf_post_padding)
    i._printf_post_padding                   0x080090a0   Section        0  printfa.o(i._printf_post_padding)
    _printf_pre_padding                      0x080090c1   Thumb Code    44  printfa.o(i._printf_pre_padding)
    i._printf_pre_padding                    0x080090c0   Section        0  printfa.o(i._printf_pre_padding)
    .L.str                                   0x080090f4   Data           2  modbus_asc.o(.rodata.str1.1)
    [Anonymous Symbol]                       0x080090f4   Section        0  modbus_asc.o(.rodata.str1.1)
    .L.str                                   0x080090f6   Data           3  modbus_ascii.o(.rodata.str1.1)
    [Anonymous Symbol]                       0x080090f6   Section        0  modbus_ascii.o(.rodata.str1.1)
    .data                                    0x20000000   Section        4  stdout.o(.data)
    User_Default_Param                       0x20000004   Data          19  para.o(.data.User_Default_Param)
    [Anonymous Symbol]                       0x20000004   Section        0  para.o(.data.User_Default_Param)
    g_cyRevState                             0x20000017   Data           1  modbus_ascii.o(.data.g_cyRevState)
    [Anonymous Symbol]                       0x20000017   Section        0  modbus_ascii.o(.data.g_cyRevState)
    Flash_Buf                                0x2000003c   Data        4096  flash.o(.bss.Flash_Buf)
    [Anonymous Symbol]                       0x2000003c   Section        0  flash.o(.bss.Flash_Buf)
    Get_Duration.TemCountCnt1                0x2000103c   Data           4  sht3x.o(.bss.Get_Duration.TemCountCnt1)
    [Anonymous Symbol]                       0x2000103c   Section        0  sht3x.o(.bss.Get_Duration.TemCountCnt1)
    Get_Duration.TemCountCnt2                0x20001040   Data           4  sht3x.o(.bss.Get_Duration.TemCountCnt2)
    [Anonymous Symbol]                       0x20001040   Section        0  sht3x.o(.bss.Get_Duration.TemCountCnt2)
    delay                                    0x20001804   Data           4  systick.o(.bss.delay)
    [Anonymous Symbol]                       0x20001804   Section        0  systick.o(.bss.delay)
    g_cyRevBufffLen                          0x20001858   Data           2  modbus_ascii.o(.bss.g_cyRevBufffLen)
    [Anonymous Symbol]                       0x20001858   Section        0  modbus_ascii.o(.bss.g_cyRevBufffLen)
    STACK                                    0x20001870   Section     1024  startup_gd32e230.o(STACK)

    Global Symbols

    Symbol Name                              Value     Ov Type        Size  Object(Section)

    BuildAttributes$$THM_ISAv3M$S$8M$PE$A:L22$X:L11$S22$IEEE1$IW$~IW$USESV6$~STKCKD$USESV7$~SHL$OTIME$ROPI$EBA8$MICROLIB$REQ8$PRES8$EABIv2 0x00000000   Number         0  anon$$obj.o ABSOLUTE
    __cpp_initialize__aeabi_                  - Undefined Weak Reference
    __cxa_finalize                            - Undefined Weak Reference
    __decompress                              - Undefined Weak Reference
    _clock_init                               - Undefined Weak Reference
    _microlib_exit                            - Undefined Weak Reference
    __Vectors_Size                           0x000000cc   Number         0  startup_gd32e230.o ABSOLUTE
    __Vectors                                0x08004000   Data           4  startup_gd32e230.o(RESET)
    __Vectors_End                            0x080040cc   Data           0  startup_gd32e230.o(RESET)
    __main                                   0x080040cd   Thumb Code     0  entry.o(.ARM.Collect$$$$00000000)
    _main_stk                                0x080040cd   Thumb Code     0  entry2.o(.ARM.Collect$$$$00000001)
    _main_scatterload                        0x080040d1   Thumb Code     0  entry5.o(.ARM.Collect$$$$00000004)
    __main_after_scatterload                 0x080040d5   Thumb Code     0  entry5.o(.ARM.Collect$$$$00000004)
    _main_clock                              0x080040d5   Thumb Code     0  entry7b.o(.ARM.Collect$$$$00000008)
    _main_cpp_init                           0x080040d5   Thumb Code     0  entry8b.o(.ARM.Collect$$$$0000000A)
    _main_init                               0x080040d5   Thumb Code     0  entry9a.o(.ARM.Collect$$$$0000000B)
    __rt_final_cpp                           0x080040dd   Thumb Code     0  entry10a.o(.ARM.Collect$$$$0000000D)
    __rt_final_exit                          0x080040dd   Thumb Code     0  entry11a.o(.ARM.Collect$$$$0000000F)
    Reset_Handler                            0x080040e1   Thumb Code     8  startup_gd32e230.o(.text)
    ADC_CMP_IRQHandler                       0x080040f3   Thumb Code     0  startup_gd32e230.o(.text)
    DMA_Channel0_IRQHandler                  0x080040f3   Thumb Code     0  startup_gd32e230.o(.text)
    DMA_Channel1_2_IRQHandler                0x080040f3   Thumb Code     0  startup_gd32e230.o(.text)
    DMA_Channel3_4_IRQHandler                0x080040f3   Thumb Code     0  startup_gd32e230.o(.text)
    EXTI0_1_IRQHandler                       0x080040f3   Thumb Code     0  startup_gd32e230.o(.text)
    EXTI2_3_IRQHandler                       0x080040f3   Thumb Code     0  startup_gd32e230.o(.text)
    EXTI4_15_IRQHandler                      0x080040f3   Thumb Code     0  startup_gd32e230.o(.text)
    FMC_IRQHandler                           0x080040f3   Thumb Code     0  startup_gd32e230.o(.text)
    I2C0_ER_IRQHandler                       0x080040f3   Thumb Code     0  startup_gd32e230.o(.text)
    I2C0_EV_IRQHandler                       0x080040f3   Thumb Code     0  startup_gd32e230.o(.text)
    I2C1_ER_IRQHandler                       0x080040f3   Thumb Code     0  startup_gd32e230.o(.text)
    I2C1_EV_IRQHandler                       0x080040f3   Thumb Code     0  startup_gd32e230.o(.text)
    LVD_IRQHandler                           0x080040f3   Thumb Code     0  startup_gd32e230.o(.text)
    RCU_IRQHandler                           0x080040f3   Thumb Code     0  startup_gd32e230.o(.text)
    RTC_IRQHandler                           0x080040f3   Thumb Code     0  startup_gd32e230.o(.text)
    SPI0_IRQHandler                          0x080040f3   Thumb Code     0  startup_gd32e230.o(.text)
    SPI1_IRQHandler                          0x080040f3   Thumb Code     0  startup_gd32e230.o(.text)
    TIMER0_BRK_UP_TRG_COM_IRQHandler         0x080040f3   Thumb Code     0  startup_gd32e230.o(.text)
    TIMER13_IRQHandler                       0x080040f3   Thumb Code     0  startup_gd32e230.o(.text)
    TIMER16_IRQHandler                       0x080040f3   Thumb Code     0  startup_gd32e230.o(.text)
    TIMER2_IRQHandler                        0x080040f3   Thumb Code     0  startup_gd32e230.o(.text)
    TIMER5_IRQHandler                        0x080040f3   Thumb Code     0  startup_gd32e230.o(.text)
    USART1_IRQHandler                        0x080040f3   Thumb Code     0  startup_gd32e230.o(.text)
    WWDGT_IRQHandler                         0x080040f3   Thumb Code     0  startup_gd32e230.o(.text)
    __aeabi_memset                           0x080040fd   Thumb Code    14  memseta.o(.text)
    __aeabi_memset4                          0x080040fd   Thumb Code     0  memseta.o(.text)
    __aeabi_memset8                          0x080040fd   Thumb Code     0  memseta.o(.text)
    __aeabi_memclr                           0x0800410b   Thumb Code     4  memseta.o(.text)
    __aeabi_memclr4                          0x0800410b   Thumb Code     0  memseta.o(.text)
    __aeabi_memclr8                          0x0800410b   Thumb Code     0  memseta.o(.text)
    _memset$wrapper                          0x0800410f   Thumb Code    18  memseta.o(.text)
    __aeabi_fadd                             0x08004121   Thumb Code   162  fadd.o(.text)
    __aeabi_fsub                             0x080041c3   Thumb Code     8  fadd.o(.text)
    __aeabi_frsub                            0x080041cb   Thumb Code     8  fadd.o(.text)
    __aeabi_fmul                             0x080041d3   Thumb Code   122  fmul.o(.text)
    __aeabi_fdiv                             0x0800424d   Thumb Code   124  fdiv.o(.text)
    __aeabi_fcmple                           0x080042c9   Thumb Code    28  fcmple.o(.text)
    __aeabi_i2f                              0x080042e5   Thumb Code    22  fflti.o(.text)
    __aeabi_f2iz                             0x080042fb   Thumb Code    50  ffixi.o(.text)
    __aeabi_uidiv                            0x0800432d   Thumb Code     0  uidiv.o(.text)
    __aeabi_uidivmod                         0x0800432d   Thumb Code    44  uidiv.o(.text)
    __aeabi_uldivmod                         0x08004359   Thumb Code    96  uldiv.o(.text)
    __I$use$fp                               0x080043b9   Thumb Code     0  iusefp.o(.text)
    _float_round                             0x080043b9   Thumb Code    16  fepilogue.o(.text)
    _float_epilogue                          0x080043c9   Thumb Code   114  fepilogue.o(.text)
    __aeabi_dadd                             0x0800443d   Thumb Code   328  dadd.o(.text)
    __aeabi_dsub                             0x08004585   Thumb Code    12  dadd.o(.text)
    __aeabi_drsub                            0x08004591   Thumb Code    12  dadd.o(.text)
    __aeabi_dmul                             0x080045a1   Thumb Code   202  dmul.o(.text)
    __aeabi_ddiv                             0x08004671   Thumb Code   234  ddiv.o(.text)
    __aeabi_d2ulz                            0x08004761   Thumb Code    54  dfixul.o(.text)
    __aeabi_cdrcmple                         0x080047a1   Thumb Code    38  cdrcmple.o(.text)
    __scatterload                            0x080047c9   Thumb Code    28  init.o(.text)
    __scatterload_rt2                        0x080047c9   Thumb Code     0  init.o(.text)
    __aeabi_llsl                             0x080047ed   Thumb Code    32  llshl.o(.text)
    _ll_shift_l                              0x080047ed   Thumb Code     0  llshl.o(.text)
    __aeabi_llsr                             0x0800480d   Thumb Code    34  llushr.o(.text)
    _ll_ushift_r                             0x0800480d   Thumb Code     0  llushr.o(.text)
    __aeabi_lasr                             0x0800482f   Thumb Code    38  llsshr.o(.text)
    _ll_sshift_r                             0x0800482f   Thumb Code     0  llsshr.o(.text)
    _double_round                            0x08004855   Thumb Code    26  depilogue.o(.text)
    _double_epilogue                         0x0800486f   Thumb Code   164  depilogue.o(.text)
    DRV_IWDG_Init                            0x08004915   Thumb Code    52  main.o(.text.DRV_IWDG_Init)
    Delay_1Us                                0x08004949   Thumb Code    24  th_iic.o(.text.Delay_1Us)
    Delay_2Us                                0x08004961   Thumb Code    32  th_iic.o(.text.Delay_2Us)
    Delay_4Us                                0x08004981   Thumb Code    30  th_iic.o(.text.Delay_4Us)
    Delay_Ms                                 0x0800499f   Thumb Code    34  common.o(.text.Delay_Ms)
    Flash_Read_OneByte                       0x080049c1   Thumb Code    18  flash.o(.text.Flash_Read_OneByte)
    Flash_Write_MultiBytes                   0x080049d5   Thumb Code   296  flash.o(.text.Flash_Write_MultiBytes)
    Get_Channal_Pin                          0x08004afd   Thumb Code   144  th_iic.o(.text.Get_Channal_Pin)
    Get_Duration                             0x08004b8d   Thumb Code   872  sht3x.o(.text.Get_Duration)
    HardFault_Handler                        0x08004ef5   Thumb Code     4  gd32e230_it.o(.text.HardFault_Handler)
    MBASC_AutoUpLoadFrame                    0x08004ef9   Thumb Code   168  modbus_asc.o(.text.MBASC_AutoUpLoadFrame)
    MBASC_Fun03                              0x08004fa1   Thumb Code   520  modbus_asc.o(.text.MBASC_Fun03)
    MBASC_Fun04                              0x080051a9   Thumb Code   632  modbus_asc.o(.text.MBASC_Fun04)
    MBASC_Fun10                              0x08005421   Thumb Code   908  modbus_asc.o(.text.MBASC_Fun10)
    MBASC_Fun2B                              0x080057ad   Thumb Code   632  modbus_asc.o(.text.MBASC_Fun2B)
    MBASC_Fun41                              0x08005a25   Thumb Code   288  modbus_asc.o(.text.MBASC_Fun41)
    MBASC_Function                           0x08005b45   Thumb Code   268  modbus_asc.o(.text.MBASC_Function)
    MBASC_GetSlaveAddr                       0x08005c51   Thumb Code    12  modbus_asc.o(.text.MBASC_GetSlaveAddr)
    MBASC_SendErr                            0x08005c5d   Thumb Code    72  modbus_asc.o(.text.MBASC_SendErr)
    MBASC_SendMsg                            0x08005ca5   Thumb Code    44  modbus_asc.o(.text.MBASC_SendMsg)
    MBASC_SendMsg_NoLimit                    0x08005cd1   Thumb Code    38  modbus_asc.o(.text.MBASC_SendMsg_NoLimit)
    MODBUS_ASCII_AsciiPacketToRtuPacket      0x08005cf7   Thumb Code   116  modbus_ascii.o(.text.MODBUS_ASCII_AsciiPacketToRtuPacket)
    MODBUS_ASCII_AsciiToHex                  0x08005d6b   Thumb Code   166  modbus_ascii.o(.text.MODBUS_ASCII_AsciiToHex)
    MODBUS_ASCII_CheckAscii                  0x08005e11   Thumb Code   174  modbus_ascii.o(.text.MODBUS_ASCII_CheckAscii)
    MODBUS_ASCII_GetLrc                      0x08005ebf   Thumb Code   128  modbus_ascii.o(.text.MODBUS_ASCII_GetLrc)
    MODBUS_ASCII_HandlRevData                0x08005f41   Thumb Code   256  modbus_ascii.o(.text.MODBUS_ASCII_HandlRevData)
    MODBUS_ASCII_HexToAscii                  0x08006041   Thumb Code    90  modbus_ascii.o(.text.MODBUS_ASCII_HexToAscii)
    MODBUS_ASCII_RecvData                    0x0800609d   Thumb Code   220  modbus_ascii.o(.text.MODBUS_ASCII_RecvData)
    MODBUS_ASCII_RtuPacketToAsciiPacket      0x08006179   Thumb Code    82  modbus_ascii.o(.text.MODBUS_ASCII_RtuPacketToAsciiPacket)
    MODBUS_ASCII_SendData                    0x080061cd   Thumb Code   256  modbus_ascii.o(.text.MODBUS_ASCII_SendData)
    MODBUS_ASCII_SendData1                   0x080062cd   Thumb Code   264  modbus_ascii.o(.text.MODBUS_ASCII_SendData1)
    NMI_Handler                              0x080063d5   Thumb Code     2  gd32e230_it.o(.text.NMI_Handler)
    PendSV_Handler                           0x080063d7   Thumb Code     2  gd32e230_it.o(.text.PendSV_Handler)
    ReadPara                                 0x080063d9   Thumb Code   160  para.o(.text.ReadPara)
    ReadTH                                   0x08006479   Thumb Code   420  sht3x.o(.text.ReadTH)
    Read_Sht3_TH                             0x0800661d   Thumb Code    68  sht3x.o(.text.Read_Sht3_TH)
    SDA_IN                                   0x08006661   Thumb Code    48  th_iic.o(.text.SDA_IN)
    SDA_OUT                                  0x08006691   Thumb Code    52  th_iic.o(.text.SDA_OUT)
    SHT3_Init                                0x080066c5   Thumb Code   216  sht3x.o(.text.SHT3_Init)
    SHT3x_ReadData                           0x0800679d   Thumb Code   210  sht3x.o(.text.SHT3x_ReadData)
    SHT3x_WriteData                          0x0800686f   Thumb Code   108  sht3x.o(.text.SHT3x_WriteData)
    SVC_Handler                              0x080068db   Thumb Code     2  gd32e230_it.o(.text.SVC_Handler)
    Set_Sht3_Periodi                         0x080068dd   Thumb Code    48  sht3x.o(.text.Set_Sht3_Periodi)
    SysTick_Handler                          0x0800690d   Thumb Code     8  gd32e230_it.o(.text.SysTick_Handler)
    SystemInit                               0x08006915   Thumb Code   172  system_gd32e230.o(.text.SystemInit)
    TH_Filter                                0x080069c1   Thumb Code   496  sht3x.o(.text.TH_Filter)
    TH_IIC_Ack                               0x08006bb1   Thumb Code    64  th_iic.o(.text.TH_IIC_Ack)
    TH_IIC_Init                              0x08006bf1   Thumb Code   144  th_iic.o(.text.TH_IIC_Init)
    TH_IIC_NAck                              0x08006c81   Thumb Code    64  th_iic.o(.text.TH_IIC_NAck)
    TH_IIC_Read_Byte                         0x08006cc1   Thumb Code   148  th_iic.o(.text.TH_IIC_Read_Byte)
    TH_IIC_Send_Byte                         0x08006d55   Thumb Code   132  th_iic.o(.text.TH_IIC_Send_Byte)
    TH_IIC_Start                             0x08006dd9   Thumb Code    68  th_iic.o(.text.TH_IIC_Start)
    TH_IIC_Stop                              0x08006e1d   Thumb Code    68  th_iic.o(.text.TH_IIC_Stop)
    TH_IIC_Wait_Ack                          0x08006e61   Thumb Code   120  th_iic.o(.text.TH_IIC_Wait_Ack)
    TIMER0_Channel_IRQHandler                0x08006ed9   Thumb Code   184  timer.o(.text.TIMER0_Channel_IRQHandler)
    TIMER14_IRQHandler                       0x08006f91   Thumb Code    52  timer.o(.text.TIMER14_IRQHandler)
    TIMER15_IRQHandler                       0x08006fc5   Thumb Code    52  timer.o(.text.TIMER15_IRQHandler)
    TIMER15_Init                             0x08006ff9   Thumb Code    92  timer.o(.text.TIMER15_Init)
    TIMER2_Init                              0x08007055   Thumb Code    96  timer.o(.text.TIMER2_Init)
    UARTx_SendData                           0x080070b5   Thumb Code   164  gd32e230c_eval.o(.text.UARTx_SendData)
    USART0_IRQHandler                        0x08007159   Thumb Code   188  gd32e230c_eval.o(.text.USART0_IRQHandler)
    com_gpio_init                            0x080072ed   Thumb Code   116  main.o(.text.com_gpio_init)
    com_usart_init                           0x08007361   Thumb Code   228  main.o(.text.com_usart_init)
    delay_decrement                          0x08007445   Thumb Code    28  systick.o(.text.delay_decrement)
    flash_read_MultiBytes                    0x08007461   Thumb Code    72  flash.o(.text.flash_read_MultiBytes)
    flash_read_multi                         0x080074a9   Thumb Code    96  flash.o(.text.flash_read_multi)
    fmc_flag_clear                           0x08007509   Thumb Code    16  gd32e230_fmc.o(.text.fmc_flag_clear)
    fmc_lock                                 0x08007519   Thumb Code    12  gd32e230_fmc.o(.text.fmc_lock)
    fmc_page_erase                           0x08007525   Thumb Code    92  gd32e230_fmc.o(.text.fmc_page_erase)
    fmc_ready_wait                           0x08007581   Thumb Code    90  gd32e230_fmc.o(.text.fmc_ready_wait)
    fmc_state_get                            0x080075dd   Thumb Code    84  gd32e230_fmc.o(.text.fmc_state_get)
    fmc_unlock                               0x08007631   Thumb Code    40  gd32e230_fmc.o(.text.fmc_unlock)
    fmc_word_program                         0x08007659   Thumb Code    88  gd32e230_fmc.o(.text.fmc_word_program)
    fputc                                    0x080076b1   Thumb Code    52  main.o(.text.fputc)
    fwdgt_config                             0x080076e5   Thumb Code   232  gd32e230_fwdgt.o(.text.fwdgt_config)
    fwdgt_counter_reload                     0x080077cd   Thumb Code    12  gd32e230_fwdgt.o(.text.fwdgt_counter_reload)
    fwdgt_enable                             0x080077d9   Thumb Code    16  gd32e230_fwdgt.o(.text.fwdgt_enable)
    gpio_af_set                              0x080077e9   Thumb Code   196  gd32e230_gpio.o(.text.gpio_af_set)
    gpio_bit_reset                           0x080078ad   Thumb Code    16  gd32e230_gpio.o(.text.gpio_bit_reset)
    gpio_bit_set                             0x080078bd   Thumb Code    16  gd32e230_gpio.o(.text.gpio_bit_set)
    gpio_bit_write                           0x080078cd   Thumb Code    40  gd32e230_gpio.o(.text.gpio_bit_write)
    gpio_input_bit_get                       0x080078f5   Thumb Code    42  gd32e230_gpio.o(.text.gpio_input_bit_get)
    gpio_mode_set                            0x0800791f   Thumb Code   144  gd32e230_gpio.o(.text.gpio_mode_set)
    gpio_output_options_set                  0x080079af   Thumb Code   142  gd32e230_gpio.o(.text.gpio_output_options_set)
    main                                     0x08007a3d   Thumb Code   320  main.o(.text.main)
    nvic_irq_enable                          0x08007b7d   Thumb Code    52  gd32e230_misc.o(.text.nvic_irq_enable)
    nvic_vector_table_set                    0x08007bb1   Thumb Code    32  gd32e230_misc.o(.text.nvic_vector_table_set)
    rcu_clock_freq_get                       0x08007bd1   Thumb Code   644  gd32e230_rcu.o(.text.rcu_clock_freq_get)
    rcu_flag_get                             0x08007e55   Thumb Code    56  gd32e230_rcu.o(.text.rcu_flag_get)
    rcu_osci_on                              0x08007e8d   Thumb Code    36  gd32e230_rcu.o(.text.rcu_osci_on)
    rcu_osci_stab_wait                       0x08007eb1   Thumb Code   600  gd32e230_rcu.o(.text.rcu_osci_stab_wait)
    rcu_periph_clock_enable                  0x08008109   Thumb Code    36  gd32e230_rcu.o(.text.rcu_periph_clock_enable)
    rcu_periph_reset_disable                 0x0800812d   Thumb Code    36  gd32e230_rcu.o(.text.rcu_periph_reset_disable)
    rcu_periph_reset_enable                  0x08008151   Thumb Code    40  gd32e230_rcu.o(.text.rcu_periph_reset_enable)
    rs485_Init                               0x08008179   Thumb Code    60  main.o(.text.rs485_Init)
    timer_auto_reload_shadow_enable          0x080082a1   Thumb Code    18  gd32e230_timer.o(.text.timer_auto_reload_shadow_enable)
    timer_deinit                             0x080082b5   Thumb Code   224  gd32e230_timer.o(.text.timer_deinit)
    timer_disable                            0x08008395   Thumb Code    18  gd32e230_timer.o(.text.timer_disable)
    timer_enable                             0x080083a7   Thumb Code    18  gd32e230_timer.o(.text.timer_enable)
    timer_init                               0x080083b9   Thumb Code   252  gd32e230_timer.o(.text.timer_init)
    timer_interrupt_disable                  0x080084b5   Thumb Code    20  gd32e230_timer.o(.text.timer_interrupt_disable)
    timer_interrupt_enable                   0x080084c9   Thumb Code    20  gd32e230_timer.o(.text.timer_interrupt_enable)
    timer_interrupt_flag_clear               0x080084dd   Thumb Code    20  gd32e230_timer.o(.text.timer_interrupt_flag_clear)
    timer_interrupt_flag_get                 0x080084f1   Thumb Code    60  gd32e230_timer.o(.text.timer_interrupt_flag_get)
    usart_baudrate_set                       0x0800852d   Thumb Code   176  gd32e230_usart.o(.text.usart_baudrate_set)
    usart_data_receive                       0x080085dd   Thumb Code    16  gd32e230_usart.o(.text.usart_data_receive)
    usart_data_transmit                      0x080085ed   Thumb Code    24  gd32e230_usart.o(.text.usart_data_transmit)
    usart_deinit                             0x08008605   Thumb Code    84  gd32e230_usart.o(.text.usart_deinit)
    usart_enable                             0x08008659   Thumb Code    18  gd32e230_usart.o(.text.usart_enable)
    usart_flag_get                           0x0800866b   Thumb Code    58  gd32e230_usart.o(.text.usart_flag_get)
    usart_interrupt_disable                  0x080086a5   Thumb Code    38  gd32e230_usart.o(.text.usart_interrupt_disable)
    usart_interrupt_enable                   0x080086cb   Thumb Code    38  gd32e230_usart.o(.text.usart_interrupt_enable)
    usart_interrupt_flag_clear               0x080086f1   Thumb Code    64  gd32e230_usart.o(.text.usart_interrupt_flag_clear)
    usart_interrupt_flag_get                 0x08008731   Thumb Code   102  gd32e230_usart.o(.text.usart_interrupt_flag_get)
    usart_receive_config                     0x08008797   Thumb Code    30  gd32e230_usart.o(.text.usart_receive_config)
    usart_transmit_config                    0x080087b5   Thumb Code    30  gd32e230_usart.o(.text.usart_transmit_config)
    __0printf                                0x080087d5   Thumb Code    24  printfa.o(i.__0printf)
    __1printf                                0x080087d5   Thumb Code     0  printfa.o(i.__0printf)
    __2printf                                0x080087d5   Thumb Code     0  printfa.o(i.__0printf)
    __c89printf                              0x080087d5   Thumb Code     0  printfa.o(i.__0printf)
    printf                                   0x080087d5   Thumb Code     0  printfa.o(i.__0printf)
    __ARM_clz                                0x080087f5   Thumb Code    46  depilogue.o(i.__ARM_clz)
    __scatterload_copy                       0x08008823   Thumb Code    14  handlers.o(i.__scatterload_copy)
    __scatterload_null                       0x08008831   Thumb Code     2  handlers.o(i.__scatterload_null)
    __scatterload_zeroinit                   0x08008833   Thumb Code    14  handlers.o(i.__scatterload_zeroinit)
    SensorSoftVersion                        0x080090ec   Data           8  modbus_asc.o(.rodata.SensorSoftVersion)
    Region$$Table$$Base                      0x080090fc   Number         0  anon$$obj.o(Region$$Table)
    Region$$Table$$Limit                     0x0800911c   Number         0  anon$$obj.o(Region$$Table)
    __stdout                                 0x20000000   Data           4  stdout.o(.data)
    receive                                  0x20000018   Data           1  main.o(.data.receive)
    AutoUpLoad_counter                       0x20000020   Data           2  timer.o(.bss.AutoUpLoad_counter)
    CH0_cnt                                  0x20000022   Data           2  timer.o(.bss.CH0_cnt)
    CH1_cnt                                  0x20000024   Data           2  timer.o(.bss.CH1_cnt)
    Cur_Param                                0x20000026   Data          19  para.o(.bss.Cur_Param)
    SendBuf                                  0x20001044   Data         100  modbus_asc.o(.bss.SendBuf)
    SendLen                                  0x200010a8   Data           1  modbus_asc.o(.bss.SendLen)
    SensorSta                                0x200010a9   Data           2  sht3x.o(.bss.SensorSta)
    T_H                                      0x200010ac   Data          36  sht3x.o(.bss.T_H)
    Time_1s_flag                             0x200010d0   Data           1  timer.o(.bss.Time_1s_flag)
    UARTx_RXBuff                             0x200010d1   Data         600  gd32e230c_eval.o(.bss.UARTx_RXBuff)
    UARTx_RXBuffLen                          0x20001329   Data           1  gd32e230c_eval.o(.bss.UARTx_RXBuffLen)
    UARTx_TXBUFF                             0x2000132a   Data         600  gd32e230c_eval.o(.bss.UARTx_TXBUFF)
    UartRecvFrameOK                          0x20001582   Data           1  modbus_ascii.o(.bss.UartRecvFrameOK)
    UserPara                                 0x20001584   Data          36  para.o(.bss.UserPara)
    ch                                       0x200015a8   Data           1  gd32e230c_eval.o(.bss.ch)
    cyAsciiBuff                              0x200015a9   Data         600  modbus_ascii.o(.bss.cyAsciiBuff)
    gHumBuf                                  0x20001808   Data          40  sht3x.o(.bss.gHumBuf)
    gTemBuf                                  0x20001830   Data          40  sht3x.o(.bss.gTemBuf)
    pulse_flag0                              0x2000185a   Data           2  timer.o(.bss.pulse_flag0)
    pulse_flag1                              0x2000185c   Data           2  timer.o(.bss.pulse_flag1)
    receive1                                 0x20001860   Data           4  main.o(.bss.receive1)
    u8SendIndex                              0x20001864   Data           1  gd32e230c_eval.o(.bss.u8SendIndex)
    u8SendNum                                0x20001865   Data           1  gd32e230c_eval.o(.bss.u8SendNum)
    x                                        0x20001866   Data           1  th_iic.o(.bss.x)
    y1                                       0x20001867   Data           1  th_iic.o(.bss.y1)
    y2                                       0x20001868   Data           1  th_iic.o(.bss.y2)
    __initial_sp                             0x20001c70   Data           0  startup_gd32e230.o(STACK)



==============================================================================

Memory Map of the image

  Image Entry point : 0x080040cd

  Load Region LR_IROM1 (Base: 0x08004000, Size: 0x00005140, Max: 0x00010000, ABSOLUTE)

    Execution Region ER_IROM1 (Exec base: 0x08004000, Load base: 0x08004000, Size: 0x0000511c, Max: 0x00010000, ABSOLUTE)

    Exec Addr    Load Addr    Size         Type   Attr      Idx    E Section Name        Object

    0x08004000   0x08004000   0x000000cc   Data   RO         1493    RESET               startup_gd32e230.o
    0x080040cc   0x080040cc   0x00000000   Code   RO         1500  * .ARM.Collect$$$$00000000  mc_p.l(entry.o)
    0x080040cc   0x080040cc   0x00000004   Code   RO         1545    .ARM.Collect$$$$00000001  mc_p.l(entry2.o)
    0x080040d0   0x080040d0   0x00000004   Code   RO         1548    .ARM.Collect$$$$00000004  mc_p.l(entry5.o)
    0x080040d4   0x080040d4   0x00000000   Code   RO         1550    .ARM.Collect$$$$00000008  mc_p.l(entry7b.o)
    0x080040d4   0x080040d4   0x00000000   Code   RO         1552    .ARM.Collect$$$$0000000A  mc_p.l(entry8b.o)
    0x080040d4   0x080040d4   0x00000008   Code   RO         1553    .ARM.Collect$$$$0000000B  mc_p.l(entry9a.o)
    0x080040dc   0x080040dc   0x00000000   Code   RO         1555    .ARM.Collect$$$$0000000D  mc_p.l(entry10a.o)
    0x080040dc   0x080040dc   0x00000000   Code   RO         1557    .ARM.Collect$$$$0000000F  mc_p.l(entry11a.o)
    0x080040dc   0x080040dc   0x00000004   Code   RO         1546    .ARM.Collect$$$$00002712  mc_p.l(entry2.o)
    0x080040e0   0x080040e0   0x0000001c   Code   RO         1494    .text               startup_gd32e230.o
    0x080040fc   0x080040fc   0x00000024   Code   RO         1503    .text               mc_p.l(memseta.o)
    0x08004120   0x08004120   0x000000b2   Code   RO         1533    .text               mf_p.l(fadd.o)
    0x080041d2   0x080041d2   0x0000007a   Code   RO         1535    .text               mf_p.l(fmul.o)
    0x0800424c   0x0800424c   0x0000007c   Code   RO         1537    .text               mf_p.l(fdiv.o)
    0x080042c8   0x080042c8   0x0000001c   Code   RO         1539    .text               mf_p.l(fcmple.o)
    0x080042e4   0x080042e4   0x00000016   Code   RO         1541    .text               mf_p.l(fflti.o)
    0x080042fa   0x080042fa   0x00000032   Code   RO         1543    .text               mf_p.l(ffixi.o)
    0x0800432c   0x0800432c   0x0000002c   Code   RO         1560    .text               mc_p.l(uidiv.o)
    0x08004358   0x08004358   0x00000060   Code   RO         1562    .text               mc_p.l(uldiv.o)
    0x080043b8   0x080043b8   0x00000000   Code   RO         1564    .text               mc_p.l(iusefp.o)
    0x080043b8   0x080043b8   0x00000082   Code   RO         1565    .text               mf_p.l(fepilogue.o)
    0x0800443a   0x0800443a   0x00000002   PAD
    0x0800443c   0x0800443c   0x00000164   Code   RO         1567    .text               mf_p.l(dadd.o)
    0x080045a0   0x080045a0   0x000000d0   Code   RO         1569    .text               mf_p.l(dmul.o)
    0x08004670   0x08004670   0x000000f0   Code   RO         1571    .text               mf_p.l(ddiv.o)
    0x08004760   0x08004760   0x00000040   Code   RO         1573    .text               mf_p.l(dfixul.o)
    0x080047a0   0x080047a0   0x00000028   Code   RO         1575    .text               mf_p.l(cdrcmple.o)
    0x080047c8   0x080047c8   0x00000024   Code   RO         1577    .text               mc_p.l(init.o)
    0x080047ec   0x080047ec   0x00000020   Code   RO         1579    .text               mc_p.l(llshl.o)
    0x0800480c   0x0800480c   0x00000022   Code   RO         1581    .text               mc_p.l(llushr.o)
    0x0800482e   0x0800482e   0x00000026   Code   RO         1583    .text               mc_p.l(llsshr.o)
    0x08004854   0x08004854   0x000000be   Code   RO         1585    .text               mf_p.l(depilogue.o)
    0x08004912   0x08004912   0x00000002   PAD
    0x08004914   0x08004914   0x00000034   Code   RO           27    .text.DRV_IWDG_Init  main.o
    0x08004948   0x08004948   0x00000018   Code   RO          240    .text.Delay_1Us     th_iic.o
    0x08004960   0x08004960   0x00000020   Code   RO          242    .text.Delay_2Us     th_iic.o
    0x08004980   0x08004980   0x0000001e   Code   RO          244    .text.Delay_4Us     th_iic.o
    0x0800499e   0x0800499e   0x00000022   Code   RO           77    .text.Delay_Ms      common.o
    0x080049c0   0x080049c0   0x00000012   Code   RO          174    .text.Flash_Read_OneByte  flash.o
    0x080049d2   0x080049d2   0x00000002   PAD
    0x080049d4   0x080049d4   0x00000128   Code   RO          184    .text.Flash_Write_MultiBytes  flash.o
    0x08004afc   0x08004afc   0x00000090   Code   RO          248    .text.Get_Channal_Pin  th_iic.o
    0x08004b8c   0x08004b8c   0x00000368   Code   RO          282    .text.Get_Duration  sht3x.o
    0x08004ef4   0x08004ef4   0x00000004   Code   RO            4    .text.HardFault_Handler  gd32e230_it.o
    0x08004ef8   0x08004ef8   0x000000a8   Code   RO          116    .text.MBASC_AutoUpLoadFrame  modbus_asc.o
    0x08004fa0   0x08004fa0   0x00000208   Code   RO          102    .text.MBASC_Fun03   modbus_asc.o
    0x080051a8   0x080051a8   0x00000278   Code   RO          104    .text.MBASC_Fun04   modbus_asc.o
    0x08005420   0x08005420   0x0000038c   Code   RO          106    .text.MBASC_Fun10   modbus_asc.o
    0x080057ac   0x080057ac   0x00000278   Code   RO          108    .text.MBASC_Fun2B   modbus_asc.o
    0x08005a24   0x08005a24   0x00000120   Code   RO          110    .text.MBASC_Fun41   modbus_asc.o
    0x08005b44   0x08005b44   0x0000010c   Code   RO          114    .text.MBASC_Function  modbus_asc.o
    0x08005c50   0x08005c50   0x0000000c   Code   RO           94    .text.MBASC_GetSlaveAddr  modbus_asc.o
    0x08005c5c   0x08005c5c   0x00000048   Code   RO          100    .text.MBASC_SendErr  modbus_asc.o
    0x08005ca4   0x08005ca4   0x0000002c   Code   RO           96    .text.MBASC_SendMsg  modbus_asc.o
    0x08005cd0   0x08005cd0   0x00000026   Code   RO           98    .text.MBASC_SendMsg_NoLimit  modbus_asc.o
    0x08005cf6   0x08005cf6   0x00000074   Code   RO          137    .text.MODBUS_ASCII_AsciiPacketToRtuPacket  modbus_ascii.o
    0x08005d6a   0x08005d6a   0x000000a6   Code   RO          133    .text.MODBUS_ASCII_AsciiToHex  modbus_ascii.o
    0x08005e10   0x08005e10   0x000000ae   Code   RO          143    .text.MODBUS_ASCII_CheckAscii  modbus_ascii.o
    0x08005ebe   0x08005ebe   0x00000080   Code   RO          135    .text.MODBUS_ASCII_GetLrc  modbus_ascii.o
    0x08005f3e   0x08005f3e   0x00000002   PAD
    0x08005f40   0x08005f40   0x00000100   Code   RO          141    .text.MODBUS_ASCII_HandlRevData  modbus_ascii.o
    0x08006040   0x08006040   0x0000005a   Code   RO          131    .text.MODBUS_ASCII_HexToAscii  modbus_ascii.o
    0x0800609a   0x0800609a   0x00000002   PAD
    0x0800609c   0x0800609c   0x000000dc   Code   RO          145    .text.MODBUS_ASCII_RecvData  modbus_ascii.o
    0x08006178   0x08006178   0x00000052   Code   RO          139    .text.MODBUS_ASCII_RtuPacketToAsciiPacket  modbus_ascii.o
    0x080061ca   0x080061ca   0x00000002   PAD
    0x080061cc   0x080061cc   0x00000100   Code   RO          147    .text.MODBUS_ASCII_SendData  modbus_ascii.o
    0x080062cc   0x080062cc   0x00000108   Code   RO          149    .text.MODBUS_ASCII_SendData1  modbus_ascii.o
    0x080063d4   0x080063d4   0x00000002   Code   RO            2    .text.NMI_Handler   gd32e230_it.o
    0x080063d6   0x080063d6   0x00000002   Code   RO           16    .text.PendSV_Handler  gd32e230_it.o
    0x080063d8   0x080063d8   0x000000a0   Code   RO          163    .text.ReadPara      para.o
    0x08006478   0x08006478   0x000001a4   Code   RO          296    .text.ReadTH        sht3x.o
    0x0800661c   0x0800661c   0x00000044   Code   RO          292    .text.Read_Sht3_TH  sht3x.o
    0x08006660   0x08006660   0x00000030   Code   RO          252    .text.SDA_IN        th_iic.o
    0x08006690   0x08006690   0x00000034   Code   RO          254    .text.SDA_OUT       th_iic.o
    0x080066c4   0x080066c4   0x000000d8   Code   RO          284    .text.SHT3_Init     sht3x.o
    0x0800679c   0x0800679c   0x000000d2   Code   RO          290    .text.SHT3x_ReadData  sht3x.o
    0x0800686e   0x0800686e   0x0000006c   Code   RO          288    .text.SHT3x_WriteData  sht3x.o
    0x080068da   0x080068da   0x00000002   Code   RO           12    .text.SVC_Handler   gd32e230_it.o
    0x080068dc   0x080068dc   0x00000030   Code   RO          286    .text.Set_Sht3_Periodi  sht3x.o
    0x0800690c   0x0800690c   0x00000008   Code   RO           18    .text.SysTick_Handler  gd32e230_it.o
    0x08006914   0x08006914   0x000000ac   Code   RO          311    .text.SystemInit    system_gd32e230.o
    0x080069c0   0x080069c0   0x000001f0   Code   RO          294    .text.TH_Filter     sht3x.o
    0x08006bb0   0x08006bb0   0x00000040   Code   RO          262    .text.TH_IIC_Ack    th_iic.o
    0x08006bf0   0x08006bf0   0x00000090   Code   RO          250    .text.TH_IIC_Init   th_iic.o
    0x08006c80   0x08006c80   0x00000040   Code   RO          264    .text.TH_IIC_NAck   th_iic.o
    0x08006cc0   0x08006cc0   0x00000094   Code   RO          268    .text.TH_IIC_Read_Byte  th_iic.o
    0x08006d54   0x08006d54   0x00000084   Code   RO          266    .text.TH_IIC_Send_Byte  th_iic.o
    0x08006dd8   0x08006dd8   0x00000044   Code   RO          256    .text.TH_IIC_Start  th_iic.o
    0x08006e1c   0x08006e1c   0x00000044   Code   RO          258    .text.TH_IIC_Stop   th_iic.o
    0x08006e60   0x08006e60   0x00000078   Code   RO          260    .text.TH_IIC_Wait_Ack  th_iic.o
    0x08006ed8   0x08006ed8   0x000000b8   Code   RO          211    .text.TIMER0_Channel_IRQHandler  timer.o
    0x08006f90   0x08006f90   0x00000034   Code   RO          213    .text.TIMER14_IRQHandler  timer.o
    0x08006fc4   0x08006fc4   0x00000034   Code   RO          215    .text.TIMER15_IRQHandler  timer.o
    0x08006ff8   0x08006ff8   0x0000005c   Code   RO          209    .text.TIMER15_Init  timer.o
    0x08007054   0x08007054   0x00000060   Code   RO          207    .text.TIMER2_Init   timer.o
    0x080070b4   0x080070b4   0x000000a4   Code   RO         1464    .text.UARTx_SendData  gd32e230c_eval.o
    0x08007158   0x08007158   0x000000bc   Code   RO         1462    .text.USART0_IRQHandler  gd32e230c_eval.o
    0x08007214   0x08007214   0x00000034   Code   RO          782    .text.__NVIC_EnableIRQ  gd32e230_misc.o
    0x08007248   0x08007248   0x00000088   Code   RO          780    .text.__NVIC_SetPriority  gd32e230_misc.o
    0x080072d0   0x080072d0   0x0000001c   Code   RO          112    .text.__NVIC_SystemReset  modbus_asc.o
    0x080072ec   0x080072ec   0x00000074   Code   RO           35    .text.com_gpio_init  main.o
    0x08007360   0x08007360   0x000000e4   Code   RO           37    .text.com_usart_init  main.o
    0x08007444   0x08007444   0x0000001c   Code   RO           67    .text.delay_decrement  systick.o
    0x08007460   0x08007460   0x00000048   Code   RO          178    .text.flash_read_MultiBytes  flash.o
    0x080074a8   0x080074a8   0x00000060   Code   RO          176    .text.flash_read_multi  flash.o
    0x08007508   0x08007508   0x00000010   Code   RO          624    .text.fmc_flag_clear  gd32e230_fmc.o
    0x08007518   0x08007518   0x0000000c   Code   RO          574    .text.fmc_lock      gd32e230_fmc.o
    0x08007524   0x08007524   0x0000005c   Code   RO          582    .text.fmc_page_erase  gd32e230_fmc.o
    0x08007580   0x08007580   0x0000005a   Code   RO          584    .text.fmc_ready_wait  gd32e230_fmc.o
    0x080075da   0x080075da   0x00000002   PAD
    0x080075dc   0x080075dc   0x00000054   Code   RO          630    .text.fmc_state_get  gd32e230_fmc.o
    0x08007630   0x08007630   0x00000028   Code   RO          572    .text.fmc_unlock    gd32e230_fmc.o
    0x08007658   0x08007658   0x00000058   Code   RO          590    .text.fmc_word_program  gd32e230_fmc.o
    0x080076b0   0x080076b0   0x00000034   Code   RO           39    .text.fputc         main.o
    0x080076e4   0x080076e4   0x000000e8   Code   RO          653    .text.fwdgt_config  gd32e230_fwdgt.o
    0x080077cc   0x080077cc   0x0000000c   Code   RO          651    .text.fwdgt_counter_reload  gd32e230_fwdgt.o
    0x080077d8   0x080077d8   0x00000010   Code   RO          643    .text.fwdgt_enable  gd32e230_fwdgt.o
    0x080077e8   0x080077e8   0x000000c4   Code   RO          686    .text.gpio_af_set   gd32e230_gpio.o
    0x080078ac   0x080078ac   0x00000010   Code   RO          672    .text.gpio_bit_reset  gd32e230_gpio.o
    0x080078bc   0x080078bc   0x00000010   Code   RO          670    .text.gpio_bit_set  gd32e230_gpio.o
    0x080078cc   0x080078cc   0x00000028   Code   RO          674    .text.gpio_bit_write  gd32e230_gpio.o
    0x080078f4   0x080078f4   0x0000002a   Code   RO          678    .text.gpio_input_bit_get  gd32e230_gpio.o
    0x0800791e   0x0800791e   0x00000090   Code   RO          666    .text.gpio_mode_set  gd32e230_gpio.o
    0x080079ae   0x080079ae   0x0000008e   Code   RO          668    .text.gpio_output_options_set  gd32e230_gpio.o
    0x08007a3c   0x08007a3c   0x00000140   Code   RO           33    .text.main          main.o
    0x08007b7c   0x08007b7c   0x00000034   Code   RO          778    .text.nvic_irq_enable  gd32e230_misc.o
    0x08007bb0   0x08007bb0   0x00000020   Code   RO          792    .text.nvic_vector_table_set  gd32e230_misc.o
    0x08007bd0   0x08007bd0   0x00000284   Code   RO          917    .text.rcu_clock_freq_get  gd32e230_rcu.o
    0x08007e54   0x08007e54   0x00000038   Code   RO          883    .text.rcu_flag_get  gd32e230_rcu.o
    0x08007e8c   0x08007e8c   0x00000024   Code   RO          897    .text.rcu_osci_on   gd32e230_rcu.o
    0x08007eb0   0x08007eb0   0x00000258   Code   RO          895    .text.rcu_osci_stab_wait  gd32e230_rcu.o
    0x08008108   0x08008108   0x00000024   Code   RO          843    .text.rcu_periph_clock_enable  gd32e230_rcu.o
    0x0800812c   0x0800812c   0x00000024   Code   RO          853    .text.rcu_periph_reset_disable  gd32e230_rcu.o
    0x08008150   0x08008150   0x00000028   Code   RO          851    .text.rcu_periph_reset_enable  gd32e230_rcu.o
    0x08008178   0x08008178   0x0000003c   Code   RO           29    .text.rs485_Init    main.o
    0x080081b4   0x080081b4   0x000000e4   Code   RO          317    .text.system_clock_72m_irc8m  system_gd32e230.o
    0x08008298   0x08008298   0x00000008   Code   RO          313    .text.system_clock_config  system_gd32e230.o
    0x080082a0   0x080082a0   0x00000012   Code   RO         1129    .text.timer_auto_reload_shadow_enable  gd32e230_timer.o
    0x080082b2   0x080082b2   0x00000002   PAD
    0x080082b4   0x080082b4   0x000000e0   Code   RO         1119    .text.timer_deinit  gd32e230_timer.o
    0x08008394   0x08008394   0x00000012   Code   RO         1127    .text.timer_disable  gd32e230_timer.o
    0x080083a6   0x080083a6   0x00000012   Code   RO         1125    .text.timer_enable  gd32e230_timer.o
    0x080083b8   0x080083b8   0x000000fc   Code   RO         1123    .text.timer_init    gd32e230_timer.o
    0x080084b4   0x080084b4   0x00000014   Code   RO         1163    .text.timer_interrupt_disable  gd32e230_timer.o
    0x080084c8   0x080084c8   0x00000014   Code   RO         1161    .text.timer_interrupt_enable  gd32e230_timer.o
    0x080084dc   0x080084dc   0x00000014   Code   RO         1167    .text.timer_interrupt_flag_clear  gd32e230_timer.o
    0x080084f0   0x080084f0   0x0000003c   Code   RO         1165    .text.timer_interrupt_flag_get  gd32e230_timer.o
    0x0800852c   0x0800852c   0x000000b0   Code   RO         1274    .text.usart_baudrate_set  gd32e230_usart.o
    0x080085dc   0x080085dc   0x00000010   Code   RO         1310    .text.usart_data_receive  gd32e230_usart.o
    0x080085ec   0x080085ec   0x00000018   Code   RO         1308    .text.usart_data_transmit  gd32e230_usart.o
    0x08008604   0x08008604   0x00000054   Code   RO         1272    .text.usart_deinit  gd32e230_usart.o
    0x08008658   0x08008658   0x00000012   Code   RO         1282    .text.usart_enable  gd32e230_usart.o
    0x0800866a   0x0800866a   0x0000003a   Code   RO         1406    .text.usart_flag_get  gd32e230_usart.o
    0x080086a4   0x080086a4   0x00000026   Code   RO         1412    .text.usart_interrupt_disable  gd32e230_usart.o
    0x080086ca   0x080086ca   0x00000026   Code   RO         1410    .text.usart_interrupt_enable  gd32e230_usart.o
    0x080086f0   0x080086f0   0x00000040   Code   RO         1418    .text.usart_interrupt_flag_clear  gd32e230_usart.o
    0x08008730   0x08008730   0x00000066   Code   RO         1416    .text.usart_interrupt_flag_get  gd32e230_usart.o
    0x08008796   0x08008796   0x0000001e   Code   RO         1288    .text.usart_receive_config  gd32e230_usart.o
    0x080087b4   0x080087b4   0x0000001e   Code   RO         1286    .text.usart_transmit_config  gd32e230_usart.o
    0x080087d2   0x080087d2   0x00000002   PAD
    0x080087d4   0x080087d4   0x00000020   Code   RO         1506    i.__0printf         mc_p.l(printfa.o)
    0x080087f4   0x080087f4   0x0000002e   Code   RO         1587    i.__ARM_clz         mf_p.l(depilogue.o)
    0x08008822   0x08008822   0x0000000e   Code   RO         1591    i.__scatterload_copy  mc_p.l(handlers.o)
    0x08008830   0x08008830   0x00000002   Code   RO         1592    i.__scatterload_null  mc_p.l(handlers.o)
    0x08008832   0x08008832   0x0000000e   Code   RO         1593    i.__scatterload_zeroinit  mc_p.l(handlers.o)
    0x08008840   0x08008840   0x00000174   Code   RO         1513    i._fp_digits        mc_p.l(printfa.o)
    0x080089b4   0x080089b4   0x000006ec   Code   RO         1514    i._printf_core      mc_p.l(printfa.o)
    0x080090a0   0x080090a0   0x00000020   Code   RO         1515    i._printf_post_padding  mc_p.l(printfa.o)
    0x080090c0   0x080090c0   0x0000002c   Code   RO         1516    i._printf_pre_padding  mc_p.l(printfa.o)
    0x080090ec   0x080090ec   0x00000008   Data   RO          120    .rodata.SensorSoftVersion  modbus_asc.o
    0x080090f4   0x080090f4   0x00000002   Data   RO          123    .rodata.str1.1      modbus_asc.o
    0x080090f6   0x080090f6   0x00000003   Data   RO          155    .rodata.str1.1      modbus_ascii.o
    0x080090f9   0x080090f9   0x00000003   PAD
    0x080090fc   0x080090fc   0x00000020   Data   RO         1590    Region$$Table       anon$$obj.o


    Execution Region RW_IRAM1 (Exec base: 0x20000000, Load base: 0x08009120, Size: 0x00001c70, Max: 0x00002000, ABSOLUTE)

    Exec Addr    Load Addr    Size         Type   Attr      Idx    E Section Name        Object

    0x20000000   0x08009120   0x00000004   Data   RW         1559    .data               mc_p.l(stdout.o)
    0x20000004   0x08009124   0x00000013   Data   RW          165    .data.User_Default_Param  para.o
    0x20000017   0x08009137   0x00000001   Data   RW          151    .data.g_cyRevState  modbus_ascii.o
    0x20000018   0x08009138   0x00000001   Data   RW           41    .data.receive       main.o
    0x20000019   0x08009139   0x00000007   PAD
    0x20000020        -       0x00000002   Zero   RW          231    .bss.AutoUpLoad_counter  timer.o
    0x20000022        -       0x00000002   Zero   RW          221    .bss.CH0_cnt        timer.o
    0x20000024        -       0x00000002   Zero   RW          222    .bss.CH1_cnt        timer.o
    0x20000026        -       0x00000013   Zero   RW          166    .bss.Cur_Param      para.o
    0x20000039   0x08009139   0x00000003   PAD
    0x2000003c        -       0x00001000   Zero   RW          196    .bss.Flash_Buf      flash.o
    0x2000103c        -       0x00000004   Zero   RW          299    .bss.Get_Duration.TemCountCnt1  sht3x.o
    0x20001040        -       0x00000004   Zero   RW          300    .bss.Get_Duration.TemCountCnt2  sht3x.o
    0x20001044        -       0x00000064   Zero   RW          122    .bss.SendBuf        modbus_asc.o
    0x200010a8        -       0x00000001   Zero   RW          121    .bss.SendLen        modbus_asc.o
    0x200010a9        -       0x00000002   Zero   RW          298    .bss.SensorSta      sht3x.o
    0x200010ab   0x08009139   0x00000001   PAD
    0x200010ac        -       0x00000024   Zero   RW          301    .bss.T_H            sht3x.o
    0x200010d0        -       0x00000001   Zero   RW          220    .bss.Time_1s_flag   timer.o
    0x200010d1        -       0x00000258   Zero   RW         1484    .bss.UARTx_RXBuff   gd32e230c_eval.o
    0x20001329        -       0x00000001   Zero   RW         1481    .bss.UARTx_RXBuffLen  gd32e230c_eval.o
    0x2000132a        -       0x00000258   Zero   RW         1483    .bss.UARTx_TXBUFF   gd32e230c_eval.o
    0x20001582        -       0x00000001   Zero   RW          153    .bss.UartRecvFrameOK  modbus_ascii.o
    0x20001583   0x08009139   0x00000001   PAD
    0x20001584        -       0x00000024   Zero   RW          167    .bss.UserPara       para.o
    0x200015a8        -       0x00000001   Zero   RW         1482    .bss.ch             gd32e230c_eval.o
    0x200015a9        -       0x00000258   Zero   RW          154    .bss.cyAsciiBuff    modbus_ascii.o
    0x20001801   0x08009139   0x00000003   PAD
    0x20001804        -       0x00000004   Zero   RW           69    .bss.delay          systick.o
    0x20001808        -       0x00000028   Zero   RW          303    .bss.gHumBuf        sht3x.o
    0x20001830        -       0x00000028   Zero   RW          302    .bss.gTemBuf        sht3x.o
    0x20001858        -       0x00000002   Zero   RW          152    .bss.g_cyRevBufffLen  modbus_ascii.o
    0x2000185a        -       0x00000002   Zero   RW          227    .bss.pulse_flag0    timer.o
    0x2000185c        -       0x00000002   Zero   RW          228    .bss.pulse_flag1    timer.o
    0x2000185e   0x08009139   0x00000002   PAD
    0x20001860        -       0x00000004   Zero   RW           42    .bss.receive1       main.o
    0x20001864        -       0x00000001   Zero   RW         1480    .bss.u8SendIndex    gd32e230c_eval.o
    0x20001865        -       0x00000001   Zero   RW         1479    .bss.u8SendNum      gd32e230c_eval.o
    0x20001866        -       0x00000001   Zero   RW          270    .bss.x              th_iic.o
    0x20001867        -       0x00000001   Zero   RW          271    .bss.y1             th_iic.o
    0x20001868        -       0x00000001   Zero   RW          272    .bss.y2             th_iic.o
    0x20001869   0x08009139   0x00000007   PAD
    0x20001870        -       0x00000400   Zero   RW         1491    STACK               startup_gd32e230.o


==============================================================================

Image component sizes


      Code (inc. data)   RO Data    RW Data    ZI Data      Debug   Object Name

        34          0          0          0          0       1238   common.o
       482         20          0          0       4096       4173   flash.o
       422         24          0          0          0       6567   gd32e230_fmc.o
       260         36          0          0          0       2591   gd32e230_fwdgt.o
       596          0          0          0          0       4294   gd32e230_gpio.o
        18          0          0          0          0       1007   gd32e230_it.o
       272         20          0          0          0       3950   gd32e230_misc.o
      1448         60          0          0          0      11431   gd32e230_rcu.o
       650         48          0          0          0      17146   gd32e230_timer.o
       678         28          0          0          0      14302   gd32e230_usart.o
       352         32          0          0       1204       5466   gd32e230c_eval.o
       828         76          0          1          4       4757   main.o
      3610        164         10          0        101       6304   modbus_asc.o
      1752         32          3          1        603       4181   modbus_ascii.o
       160         12          0         19         55       1547   para.o
      2438         68          0          0        126       5165   sht3x.o
        28          8        204          0       1024        712   startup_gd32e230.o
       408         56          0          0          0       1844   system_gd32e230.o
        28          4          0          0          4       2996   systick.o
      1138         32          0          0          3       3369   th_iic.o
       476         48          0          0         11       4692   timer.o

    ----------------------------------------------------------------------
     16092        768        252         24       7252     107732   Object Totals
         0          0         32          0          0          0   (incl. Generated)
        14          0          3          3         21          0   (incl. Padding)

    ----------------------------------------------------------------------

      Code (inc. data)   RO Data    RW Data    ZI Data      Debug   Library Member Name

         0          0          0          0          0          0   entry.o
         0          0          0          0          0          0   entry10a.o
         0          0          0          0          0          0   entry11a.o
         8          4          0          0          0          0   entry2.o
         4          0          0          0          0          0   entry5.o
         0          0          0          0          0          0   entry7b.o
         0          0          0          0          0          0   entry8b.o
         8          4          0          0          0          0   entry9a.o
        30          0          0          0          0          0   handlers.o
        36          8          0          0          0         68   init.o
         0          0          0          0          0          0   iusefp.o
        32          0          0          0          0         68   llshl.o
        38          0          0          0          0         68   llsshr.o
        34          0          0          0          0         68   llushr.o
        36          0          0          0          0        100   memseta.o
      2252         98          0          0          0        412   printfa.o
         0          0          0          4          0          0   stdout.o
        44          0          0          0          0         72   uidiv.o
        96          0          0          0          0         84   uldiv.o
        40          2          0          0          0         68   cdrcmple.o
       356          4          0          0          0        140   dadd.o
       240          6          0          0          0         84   ddiv.o
       236          0          0          0          0        216   depilogue.o
        64         10          0          0          0         68   dfixul.o
       208          6          0          0          0         88   dmul.o
       178          0          0          0          0        108   fadd.o
        28          0          0          0          0         60   fcmple.o
       124          0          0          0          0         72   fdiv.o
       130          0          0          0          0        144   fepilogue.o
        50          0          0          0          0         60   ffixi.o
        22          0          0          0          0         68   fflti.o
       122          0          0          0          0         72   fmul.o

    ----------------------------------------------------------------------
      4420        142          0          4          0       2188   Library Totals
         4          0          0          0          0          0   (incl. Padding)

    ----------------------------------------------------------------------

      Code (inc. data)   RO Data    RW Data    ZI Data      Debug   Library Name

      2618        114          0          4          0        940   mc_p.l
      1798         28          0          0          0       1248   mf_p.l

    ----------------------------------------------------------------------
      4420        142          0          4          0       2188   Library Totals

    ----------------------------------------------------------------------

==============================================================================


      Code (inc. data)   RO Data    RW Data    ZI Data      Debug   

     20512        910        252         28       7252     108748   Grand Totals
     20512        910        252         28       7252     108748   ELF Image Totals
     20512        910        252         28          0          0   ROM Totals

==============================================================================

    Total RO  Size (Code + RO Data)                20764 (  20.28kB)
    Total RW  Size (RW Data + ZI Data)              7280 (   7.11kB)
    Total ROM Size (Code + RO Data + RW Data)      20792 (  20.30kB)

==============================================================================

