Component: ARM Compiler 6.14 Tool: armlink [5db06800]

==============================================================================

Section Cross References

    gd32e230_it.o(.ARM.exidx.text.NMI_Handler) refers to gd32e230_it.o(.text.NMI_Handler) for [Anonymous Symbol]
    gd32e230_it.o(.ARM.exidx.text.HardFault_Handler) refers to gd32e230_it.o(.text.HardFault_Handler) for [Anonymous Symbol]
    gd32e230_it.o(.ARM.exidx.text.MemManage_Handler) refers to gd32e230_it.o(.text.MemManage_Handler) for [Anonymous Symbol]
    gd32e230_it.o(.ARM.exidx.text.BusFault_Handler) refers to gd32e230_it.o(.text.BusFault_Handler) for [Anonymous Symbol]
    gd32e230_it.o(.ARM.exidx.text.UsageFault_Handler) refers to gd32e230_it.o(.text.UsageFault_Handler) for [Anonymous Symbol]
    gd32e230_it.o(.ARM.exidx.text.SVC_Handler) refers to gd32e230_it.o(.text.SVC_Handler) for [Anonymous Symbol]
    gd32e230_it.o(.ARM.exidx.text.DebugMon_Handler) refers to gd32e230_it.o(.text.DebugMon_Handler) for [Anonymous Symbol]
    gd32e230_it.o(.ARM.exidx.text.PendSV_Handler) refers to gd32e230_it.o(.text.PendSV_Handler) for [Anonymous Symbol]
    gd32e230_it.o(.text.SysTick_Handler) refers to systick.o(.text.delay_decrement) for delay_decrement
    gd32e230_it.o(.ARM.exidx.text.SysTick_Handler) refers to gd32e230_it.o(.text.SysTick_Handler) for [Anonymous Symbol]
    main.o(.text.DRV_IWDG_Init) refers to gd32e230_rcu.o(.text.rcu_osci_on) for rcu_osci_on
    main.o(.text.DRV_IWDG_Init) refers to gd32e230_rcu.o(.text.rcu_osci_stab_wait) for rcu_osci_stab_wait
    main.o(.text.DRV_IWDG_Init) refers to gd32e230_fwdgt.o(.text.fwdgt_config) for fwdgt_config
    main.o(.text.DRV_IWDG_Init) refers to gd32e230_fwdgt.o(.text.fwdgt_enable) for fwdgt_enable
    main.o(.ARM.exidx.text.DRV_IWDG_Init) refers to main.o(.text.DRV_IWDG_Init) for [Anonymous Symbol]
    main.o(.text.rs485_Init) refers to gd32e230_rcu.o(.text.rcu_periph_clock_enable) for rcu_periph_clock_enable
    main.o(.text.rs485_Init) refers to gd32e230_gpio.o(.text.gpio_mode_set) for gpio_mode_set
    main.o(.text.rs485_Init) refers to gd32e230_gpio.o(.text.gpio_output_options_set) for gpio_output_options_set
    main.o(.text.rs485_Init) refers to gd32e230_gpio.o(.text.gpio_bit_reset) for gpio_bit_reset
    main.o(.ARM.exidx.text.rs485_Init) refers to main.o(.text.rs485_Init) for [Anonymous Symbol]
    main.o(.ARM.exidx.text.delayms) refers to main.o(.text.delayms) for [Anonymous Symbol]
    main.o(.text.main) refers to gd32e230_misc.o(.text.nvic_irq_enable) for nvic_irq_enable
    main.o(.text.main) refers to main.o(.text.com_gpio_init) for com_gpio_init
    main.o(.text.main) refers to main.o(.text.com_usart_init) for com_usart_init
    main.o(.text.main) refers to gd32e230_usart.o(.text.usart_interrupt_enable) for usart_interrupt_enable
    main.o(.text.main) refers to main.o(.text.DRV_IWDG_Init) for DRV_IWDG_Init
    main.o(.text.main) refers to timer.o(.text.timer_config) for timer_config
    main.o(.text.main) refers to timer.o(.text.TIMER2_Init) for TIMER2_Init
    main.o(.text.main) refers to timer.o(.text.TIMER15_Init) for TIMER15_Init
    main.o(.text.main) refers to para.o(.text.ReadPara) for ReadPara
    main.o(.text.main) refers to th_iic.o(.text.TH_IIC_Init) for TH_IIC_Init
    main.o(.text.main) refers to sht3x.o(.text.SHT3_Init) for SHT3_Init
    main.o(.text.main) refers to gd32e230_fwdgt.o(.text.fwdgt_counter_reload) for fwdgt_counter_reload
    main.o(.text.main) refers to sht3x.o(.text.ReadTH) for ReadTH
    main.o(.text.main) refers to gd32e230_gpio.o(.text.gpio_bit_reset) for gpio_bit_reset
    main.o(.text.main) refers to modbus_asc.o(.text.MBASC_Function) for MBASC_Function
    main.o(.text.main) refers to gd32e230_timer.o(.text.timer_interrupt_enable) for timer_interrupt_enable
    main.o(.text.main) refers to gd32e230_timer.o(.text.timer_enable) for timer_enable
    main.o(.text.main) refers to modbus_asc.o(.text.MBASC_AutoUpLoadFrame) for MBASC_AutoUpLoadFrame
    main.o(.text.main) refers to gd32e230_timer.o(.text.timer_interrupt_disable) for timer_interrupt_disable
    main.o(.text.main) refers to gd32e230_timer.o(.text.timer_disable) for timer_disable
    main.o(.text.main) refers to timer.o(.bss.Time_1s_flag) for Time_1s_flag
    main.o(.text.main) refers to main.o(.data.receive) for receive
    main.o(.text.main) refers to main.o(.bss.receive1) for receive1
    main.o(.text.main) refers to modbus_ascii.o(.bss.UartRecvFrameOK) for UartRecvFrameOK
    main.o(.text.main) refers to sht3x.o(.bss.T_H) for T_H
    main.o(.text.main) refers to timer.o(.bss.AutoUpLoad_counter) for AutoUpLoad_counter
    main.o(.ARM.exidx.text.main) refers to main.o(.text.main) for [Anonymous Symbol]
    main.o(.text.com_gpio_init) refers to gd32e230_rcu.o(.text.rcu_periph_clock_enable) for rcu_periph_clock_enable
    main.o(.text.com_gpio_init) refers to gd32e230_gpio.o(.text.gpio_af_set) for gpio_af_set
[...]
    __arm_cp.0_0                             0x08000944   Number         4  main.o(.text.DRV_IWDG_Init)
    [Anonymous Symbol]                       0x08000948   Section        0  th_iic.o(.text.Delay_1Us)
    [Anonymous Symbol]                       0x08000960   Section        0  th_iic.o(.text.Delay_2Us)
    [Anonymous Symbol]                       0x08000980   Section        0  th_iic.o(.text.Delay_4Us)
    [Anonymous Symbol]                       0x0800099e   Section        0  common.o(.text.Delay_Ms)
    [Anonymous Symbol]                       0x080009c0   Section        0  flash.o(.text.Flash_Read_OneByte)
    [Anonymous Symbol]                       0x080009d4   Section        0  flash.o(.text.Flash_Write_MultiBytes)
    __arm_cp.5_0                             0x08000aec   Number         4  flash.o(.text.Flash_Write_MultiBytes)
    __arm_cp.5_1                             0x08000af0   Number         4  flash.o(.text.Flash_Write_MultiBytes)
    __arm_cp.5_2                             0x08000af4   Number         4  flash.o(.text.Flash_Write_MultiBytes)
    __arm_cp.5_3                             0x08000af8   Number         4  flash.o(.text.Flash_Write_MultiBytes)
    [Anonymous Symbol]                       0x08000afc   Section        0  th_iic.o(.text.Get_Channal_Pin)
    __arm_cp.4_0                             0x08000b80   Number         4  th_iic.o(.text.Get_Channal_Pin)
    __arm_cp.4_1                             0x08000b84   Number         4  th_iic.o(.text.Get_Channal_Pin)
    __arm_cp.4_2                             0x08000b88   Number         4  th_iic.o(.text.Get_Channal_Pin)
    [Anonymous Symbol]                       0x08000b8c   Section        0  sht3x.o(.text.Get_Duration)
    __arm_cp.1_1                             0x08000eec   Number         4  sht3x.o(.text.Get_Duration)
    __arm_cp.1_2                             0x08000ef0   Number         4  sht3x.o(.text.Get_Duration)
    [Anonymous Symbol]                       0x08000ef4   Section        0  gd32e230_it.o(.text.HardFault_Handler)
    [Anonymous Symbol]                       0x08000ef8   Section        0  modbus_asc.o(.text.MBASC_AutoUpLoadFrame)
    __arm_cp.11_1                            0x08000f9c   Number         4  modbus_asc.o(.text.MBASC_AutoUpLoadFrame)
    [Anonymous Symbol]                       0x08000fa0   Section        0  modbus_asc.o(.text.MBASC_Fun03)
    __arm_cp.4_0                             0x08001194   Number         4  modbus_asc.o(.text.MBASC_Fun03)
    __arm_cp.4_1                             0x08001198   Number         4  modbus_asc.o(.text.MBASC_Fun03)
    __arm_cp.4_2                             0x0800119c   Number         4  modbus_asc.o(.text.MBASC_Fun03)
    __arm_cp.4_3                             0x080011a0   Number         4  modbus_asc.o(.text.MBASC_Fun03)
    __arm_cp.4_4                             0x080011a4   Number         4  modbus_asc.o(.text.MBASC_Fun03)
    [Anonymous Symbol]                       0x080011a8   Section        0  modbus_asc.o(.text.MBASC_Fun04)
    __arm_cp.5_0                             0x080013f4   Number         4  modbus_asc.o(.text.MBASC_Fun04)
    __arm_cp.5_1                             0x080013f8   Number         4  modbus_asc.o(.text.MBASC_Fun04)
    __arm_cp.5_2                             0x080013fc   Number         4  modbus_asc.o(.text.MBASC_Fun04)
    __arm_cp.5_3                             0x08001400   Number         4  modbus_asc.o(.text.MBASC_Fun04)
    __arm_cp.5_4                             0x08001404   Number         4  modbus_asc.o(.text.MBASC_Fun04)
    __arm_cp.5_5                             0x08001408   Number         4  modbus_asc.o(.text.MBASC_Fun04)
    __arm_cp.5_6                             0x0800140c   Number         4  modbus_asc.o(.text.MBASC_Fun04)
    __arm_cp.5_7                             0x08001410   Number         4  modbus_asc.o(.text.MBASC_Fun04)
    __arm_cp.5_8                             0x08001414   Number         4  modbus_asc.o(.text.MBASC_Fun04)
    __arm_cp.5_9                             0x08001418   Number         4  modbus_asc.o(.text.MBASC_Fun04)
    __arm_cp.5_10                            0x0800141c   Number         4  modbus_asc.o(.text.MBASC_Fun04)
    [Anonymous Symbol]                       0x08001420   Section        0  modbus_asc.o(.text.MBASC_Fun10)
    __arm_cp.6_0                             0x08001798   Number         4  modbus_asc.o(.text.MBASC_Fun10)
    __arm_cp.6_1                             0x0800179c   Number         4  modbus_asc.o(.text.MBASC_Fun10)
    __arm_cp.6_2                             0x080017a0   Number         4  modbus_asc.o(.text.MBASC_Fun10)
    __arm_cp.6_3                             0x080017a4   Number         4  modbus_asc.o(.text.MBASC_Fun10)
    __arm_cp.6_4                             0x080017a8   Number         4  modbus_asc.o(.text.MBASC_Fun10)
    [Anonymous Symbol]                       0x080017ac   Section        0  modbus_asc.o(.text.MBASC_Fun2B)
    __arm_cp.7_0                             0x08001a0c   Number         4  modbus_asc.o(.text.MBASC_Fun2B)
    __arm_cp.7_1                             0x08001a10   Number         4  modbus_asc.o(.text.MBASC_Fun2B)
    __arm_cp.7_4                             0x08001a14   Number         4  modbus_asc.o(.text.MBASC_Fun2B)
    __arm_cp.7_5                             0x08001a18   Number         4  modbus_asc.o(.text.MBASC_Fun2B)
    __arm_cp.7_6                             0x08001a1c   Number         4  modbus_asc.o(.text.MBASC_Fun2B)
    __arm_cp.7_7                             0x08001a20   Number         4  modbus_asc.o(.text.MBASC_Fun2B)
    [Anonymous Symbol]                       0x08001a24   Section        0  modbus_asc.o(.text.MBASC_Fun41)
    __arm_cp.8_0                             0x08001b2c   Number         4  modbus_asc.o(.text.MBASC_Fun41)
    __arm_cp.8_1                             0x08001b30   Number         4  modbus_asc.o(.text.MBASC_Fun41)
    __arm_cp.8_2                             0x08001b34   Number         4  modbus_asc.o(.text.MBASC_Fun41)
    __arm_cp.8_3                             0x08001b38   Number         4  modbus_asc.o(.text.MBASC_Fun41)
    __arm_cp.8_4                             0x08001b3c   Number         4  modbus_asc.o(.text.MBASC_Fun41)
    __arm_cp.8_5                             0x08001b40   Number         4  modbus_asc.o(.text.MBASC_Fun41)
    [Anonymous Symbol]                       0x08001b44   Section        0  modbus_asc.o(.text.MBASC_Function)
    __arm_cp.10_0                            0x08001c44   Number         4  modbus_asc.o(.text.MBASC_Function)
    __arm_cp.10_1                            0x08001c48   Number         4  modbus_asc.o(.text.MBASC_Function)
    __arm_cp.10_2                            0x08001c4c   Number         4  modbus_asc.o(.text.MBASC_Function)
    [Anonymous Symbol]                       0x08001c50   Section        0  modbus_asc.o(.text.MBASC_GetSlaveAddr)
    [Anonymous Symbol]                       0x08001c5c   Section        0  modbus_asc.o(.text.MBASC_SendErr)
    __arm_cp.3_0                             0x08001c9c   Number         4  modbus_asc.o(.text.MBASC_SendErr)
    __arm_cp.3_1                             0x08001ca0   Number         4  modbus_asc.o(.text.MBASC_SendErr)
    [Anonymous Symbol]                       0x08001ca4   Section        0  modbus_asc.o(.text.MBASC_SendMsg)
    [Anonymous Symbol]                       0x08001cd0   Section        0  modbus_asc.o(.text.MBASC_SendMsg_NoLimit)
    [Anonymous Symbol]                       0x08001cf6   Section        0  modbus_ascii.o(.text.MODBUS_ASCII_AsciiPacketToRtuPacket)
    [Anonymous Symbol]                       0x08001d6a   Section        0  modbus_ascii.o(.text.MODBUS_ASCII_AsciiToHex)
    [Anonymous Symbol]                       0x08001e10   Section        0  modbus_ascii.o(.text.MODBUS_ASCII_CheckAscii)
    [Anonymous Symbol]                       0x08001ebe   Section        0  modbus_ascii.o(.text.MODBUS_ASCII_GetLrc)
    [Anonymous Symbol]                       0x08001f40   Section        0  modbus_ascii.o(.text.MODBUS_ASCII_HandlRevData)
    __arm_cp.5_0                             0x0800203c   Number         4  modbus_ascii.o(.text.MODBUS_ASCII_HandlRevData)
    [Anonymous Symbol]                       0x08002040   Section        0  modbus_ascii.o(.text.MODBUS_ASCII_HexToAscii)
    [Anonymous Symbol]                       0x0800209c   Section        0  modbus_ascii.o(.text.MODBUS_ASCII_RecvData)
    __arm_cp.7_0                             0x0800216c   Number         4  modbus_ascii.o(.text.MODBUS_ASCII_RecvData)
    __arm_cp.7_1                             0x08002170   Number         4  modbus_ascii.o(.text.MODBUS_ASCII_RecvData)
    __arm_cp.7_2                             0x08002174   Number         4  modbus_ascii.o(.text.MODBUS_ASCII_RecvData)
    [Anonymous Symbol]                       0x08002178   Section        0  modbus_ascii.o(.text.MODBUS_ASCII_RtuPacketToAsciiPacket)
    [Anonymous Symbol]                       0x080021cc   Section        0  modbus_ascii.o(.text.MODBUS_ASCII_SendData)
    [Anonymous Symbol]                       0x080022cc   Section        0  modbus_ascii.o(.text.MODBUS_ASCII_SendData1)
    __arm_cp.9_0                             0x080023c4   Number         4  modbus_ascii.o(.text.MODBUS_ASCII_SendData1)
    __arm_cp.9_1                             0x080023c8   Number         4  modbus_ascii.o(.text.MODBUS_ASCII_SendData1)
    __arm_cp.9_2                             0x080023cc   Number         4  modbus_ascii.o(.text.MODBUS_ASCII_SendData1)
    __arm_cp.9_3                             0x080023d0   Number         4  modbus_ascii.o(.text.MODBUS_ASCII_SendData1)
    [Anonymous Symbol]                       0x080023d4   Section        0  gd32e230_it.o(.text.NMI_Handler)
    [Anonymous Symbol]                       0x080023d6   Section        0  gd32e230_it.o(.text.PendSV_Handler)
    [Anonymous Symbol]                       0x080023d8   Section        0  para.o(.text.ReadPara)
    __arm_cp.0_0                             0x0800246c   Number         4  para.o(.text.ReadPara)
    __arm_cp.0_1                             0x08002470   Number         4  para.o(.text.ReadPara)
    __arm_cp.0_2                             0x08002474   Number         4  para.o(.text.ReadPara)
    [Anonymous Symbol]                       0x08002478   Section        0  sht3x.o(.text.ReadTH)
    __arm_cp.8_1                             0x08002600   Number         4  sht3x.o(.text.ReadTH)
    __arm_cp.8_2                             0x08002604   Number         4  sht3x.o(.text.ReadTH)
    __arm_cp.8_3                             0x08002608   Number         4  sht3x.o(.text.ReadTH)
    __arm_cp.8_4                             0x0800260c   Number         4  sht3x.o(.text.ReadTH)
    __arm_cp.8_7                             0x08002610   Number         4  sht3x.o(.text.ReadTH)
    __arm_cp.8_8                             0x08002614   Number         4  sht3x.o(.text.ReadTH)
    __arm_cp.8_9                             0x08002618   Number         4  sht3x.o(.text.ReadTH)
    [Anonymous Symbol]                       0x0800261c   Section        0  sht3x.o(.text.Read_Sht3_TH)
    [Anonymous Symbol]                       0x08002660   Section        0  th_iic.o(.text.SDA_IN)
    [Anonymous Symbol]                       0x08002690   Section        0  th_iic.o(.text.SDA_OUT)
    __arm_cp.7_0                             0x080026bc   Number         4  th_iic.o(.text.SDA_OUT)
    __arm_cp.7_1                             0x080026c0   Number         4  th_iic.o(.text.SDA_OUT)
    [Anonymous Symbol]                       0x080026c4   Section        0  sht3x.o(.text.SHT3_Init)
    __arm_cp.2_1                             0x08002788   Number         4  sht3x.o(.text.SHT3_Init)
    __arm_cp.2_2                             0x0800278c   Number         4  sht3x.o(.text.SHT3_Init)
    __arm_cp.2_3                             0x08002790   Number         4  sht3x.o(.text.SHT3_Init)
    __arm_cp.2_4                             0x08002794   Number         4  sht3x.o(.text.SHT3_Init)
    __arm_cp.2_5                             0x08002798   Number         4  sht3x.o(.text.SHT3_Init)
    [Anonymous Symbol]                       0x0800279c   Section        0  sht3x.o(.text.SHT3x_ReadData)
    [Anonymous Symbol]                       0x0800286e   Section        0  sht3x.o(.text.SHT3x_WriteData)
    [Anonymous Symbol]                       0x080028da   Section        0  gd32e230_it.o(.text.SVC_Handler)
    [Anonymous Symbol]                       0x080028dc   Section        0  sht3x.o(.text.Set_Sht3_Periodi)
    __arm_cp.3_0                             0x08002908   Number         4  sht3x.o(.text.Set_Sht3_Periodi)
    [Anonymous Symbol]                       0x0800290c   Section        0  gd32e230_it.o(.text.SysTick_Handler)
    [Anonymous Symbol]                       0x08002914   Section        0  system_gd32e230.o(.text.SystemInit)
    __arm_cp.0_0                             0x0800299c   Number         4  system_gd32e230.o(.text.SystemInit)
    __arm_cp.0_1                             0x080029a0   Number         4  system_gd32e230.o(.text.SystemInit)
    __arm_cp.0_2                             0x080029a4   Number         4  system_gd32e230.o(.text.SystemInit)
    __arm_cp.0_3                             0x080029a8   Number         4  system_gd32e230.o(.text.SystemInit)
    __arm_cp.0_4                             0x080029ac   Number         4  system_gd32e230.o(.text.SystemInit)
    __arm_cp.0_5                             0x080029b0   Number         4  system_gd32e230.o(.text.SystemInit)
    __arm_cp.0_6                             0x080029b4   Number         4  system_gd32e230.o(.text.SystemInit)
    __arm_cp.0_7                             0x080029b8   Number         4  system_gd32e230.o(.text.SystemInit)
    __arm_cp.0_8                             0x080029bc   Number         4  system_gd32e230.o(.text.SystemInit)
    [Anonymous Symbol]                       0x080029c0   Section        0  sht3x.o(.text.TH_Filter)
    __arm_cp.7_0                             0x08002ba8   Number         4  sht3x.o(.text.TH_Filter)
    __arm_cp.7_1                             0x08002bac   Number         4  sht3x.o(.text.TH_Filter)
    [Anonymous Symbol]                       0x08002bb0   Section        0  th_iic.o(.text.TH_IIC_Ack)
    [Anonymous Symbol]                       0x08002bf0   Section        0  th_iic.o(.text.TH_IIC_Init)
    __arm_cp.5_0                             0x08002c78   Number         4  th_iic.o(.text.TH_IIC_Init)
    __arm_cp.5_2                             0x08002c7c   Number         4  th_iic.o(.text.TH_IIC_Init)
    [Anonymous Symbol]                       0x08002c80   Section        0  th_iic.o(.text.TH_IIC_NAck)
    [Anonymous Symbol]                       0x08002cc0   Section        0  th_iic.o(.text.TH_IIC_Read_Byte)
    [Anonymous Symbol]                       0x08002d54   Section        0  th_iic.o(.text.TH_IIC_Send_Byte)
    [Anonymous Symbol]                       0x08002dd8   Section        0  th_iic.o(.text.TH_IIC_Start)
    [Anonymous Symbol]                       0x08002e1c   Section        0  th_iic.o(.text.TH_IIC_Stop)
    [Anonymous Symbol]                       0x08002e60   Section        0  th_iic.o(.text.TH_IIC_Wait_Ack)
    __arm_cp.10_0                            0x08002ed4   Number         4  th_iic.o(.text.TH_IIC_Wait_Ack)
    [Anonymous Symbol]                       0x08002ed8   Section        0  timer.o(.text.TIMER0_Channel_IRQHandler)
    __arm_cp.3_0                             0x08002f7c   Number         4  timer.o(.text.TIMER0_Channel_IRQHandler)
    __arm_cp.3_1                             0x08002f80   Number         4  timer.o(.text.TIMER0_Channel_IRQHandler)
    __arm_cp.3_2                             0x08002f84   Number         4  timer.o(.text.TIMER0_Channel_IRQHandler)
    __arm_cp.3_3                             0x08002f88   Number         4  timer.o(.text.TIMER0_Channel_IRQHandler)
    __arm_cp.3_4                             0x08002f8c   Number         4  timer.o(.text.TIMER0_Channel_IRQHandler)
    [Anonymous Symbol]                       0x08002f90   Section        0  timer.o(.text.TIMER14_IRQHandler)
    __arm_cp.4_1                             0x08002fc0   Number         4  timer.o(.text.TIMER14_IRQHandler)
    [Anonymous Symbol]                       0x08002fc4   Section        0  timer.o(.text.TIMER15_IRQHandler)
    __arm_cp.5_1                             0x08002ff4   Number         4  timer.o(.text.TIMER15_IRQHandler)
    [Anonymous Symbol]                       0x08002ff8   Section        0  timer.o(.text.TIMER15_Init)
    __arm_cp.2_0                             0x0800304c   Number         4  timer.o(.text.TIMER15_Init)
    __arm_cp.2_1                             0x08003050   Number         4  timer.o(.text.TIMER15_Init)
    [Anonymous Symbol]                       0x08003054   Section        0  timer.o(.text.TIMER2_Init)
    __arm_cp.1_0                             0x080030a8   Number         4  timer.o(.text.TIMER2_Init)
    __arm_cp.1_1                             0x080030ac   Number         4  timer.o(.text.TIMER2_Init)
    __arm_cp.1_2                             0x080030b0   Number         4  timer.o(.text.TIMER2_Init)
    [Anonymous Symbol]                       0x080030b4   Section        0  gd32e230c_eval.o(.text.UARTx_SendData)
    __arm_cp.8_1                             0x08003154   Number         4  gd32e230c_eval.o(.text.UARTx_SendData)
    [Anonymous Symbol]                       0x08003158   Section        0  gd32e230c_eval.o(.text.USART1_IRQHandler)
    __arm_cp.7_1                             0x080031f8   Number         4  gd32e230c_eval.o(.text.USART1_IRQHandler)
    __arm_cp.7_2                             0x080031fc   Number         4  gd32e230c_eval.o(.text.USART1_IRQHandler)
    __arm_cp.7_3                             0x08003200   Number         4  gd32e230c_eval.o(.text.USART1_IRQHandler)
    __arm_cp.7_4                             0x08003204   Number         4  gd32e230c_eval.o(.text.USART1_IRQHandler)
    __arm_cp.7_5                             0x08003208   Number         4  gd32e230c_eval.o(.text.USART1_IRQHandler)
    __arm_cp.7_6                             0x0800320c   Number         4  gd32e230c_eval.o(.text.USART1_IRQHandler)
    __arm_cp.7_7                             0x08003210   Number         4  gd32e230c_eval.o(.text.USART1_IRQHandler)
    __NVIC_EnableIRQ                         0x08003215   Thumb Code    52  gd32e230_misc.o(.text.__NVIC_EnableIRQ)
    [Anonymous Symbol]                       0x08003214   Section        0  gd32e230_misc.o(.text.__NVIC_EnableIRQ)
    __arm_cp.2_0                             0x08003244   Number         4  gd32e230_misc.o(.text.__NVIC_EnableIRQ)
    __NVIC_SetPriority                       0x08003249   Thumb Code   136  gd32e230_misc.o(.text.__NVIC_SetPriority)
    [Anonymous Symbol]                       0x08003248   Section        0  gd32e230_misc.o(.text.__NVIC_SetPriority)
    __arm_cp.1_0                             0x080032c8   Number         4  gd32e230_misc.o(.text.__NVIC_SetPriority)
    __arm_cp.1_1                             0x080032cc   Number         4  gd32e230_misc.o(.text.__NVIC_SetPriority)
    __NVIC_SystemReset                       0x080032d1   Thumb Code    28  modbus_asc.o(.text.__NVIC_SystemReset)
    [Anonymous Symbol]                       0x080032d0   Section        0  modbus_asc.o(.text.__NVIC_SystemReset)
    __arm_cp.9_0                             0x080032e4   Number         4  modbus_asc.o(.text.__NVIC_SystemReset)
    __arm_cp.9_1                             0x080032e8   Number         4  modbus_asc.o(.text.__NVIC_SystemReset)
    [Anonymous Symbol]                       0x080032ec   Section        0  main.o(.text.com_gpio_init)
    __arm_cp.4_0                             0x08003358   Number         4  main.o(.text.com_gpio_init)
    [Anonymous Symbol]                       0x0800335c   Section        0  main.o(.text.com_usart_init)
    __arm_cp.5_0                             0x08003434   Number         4  main.o(.text.com_usart_init)
    __arm_cp.5_1                             0x08003438   Number         4  main.o(.text.com_usart_init)
    __arm_cp.5_2                             0x0800343c   Number         4  main.o(.text.com_usart_init)
    [Anonymous Symbol]                       0x08003440   Section        0  systick.o(.text.delay_decrement)
    __arm_cp.4_0                             0x08003458   Number         4  systick.o(.text.delay_decrement)
    [Anonymous Symbol]                       0x0800345c   Section        0  flash.o(.text.flash_read_MultiBytes)
    [Anonymous Symbol]                       0x080034a4   Section        0  flash.o(.text.flash_read_multi)
    __arm_cp.1_0                             0x08003500   Number         4  flash.o(.text.flash_read_multi)
    [Anonymous Symbol]                       0x08003504   Section        0  gd32e230_fmc.o(.text.fmc_flag_clear)
    [Anonymous Symbol]                       0x08003514   Section        0  gd32e230_fmc.o(.text.fmc_lock)
    [Anonymous Symbol]                       0x08003520   Section        0  gd32e230_fmc.o(.text.fmc_page_erase)
    __arm_cp.5_1                             0x08003578   Number         4  gd32e230_fmc.o(.text.fmc_page_erase)
    [Anonymous Symbol]                       0x0800357c   Section        0  gd32e230_fmc.o(.text.fmc_ready_wait)
    [Anonymous Symbol]                       0x080035d8   Section        0  gd32e230_fmc.o(.text.fmc_state_get)
    __arm_cp.29_0                            0x08003628   Number         4  gd32e230_fmc.o(.text.fmc_state_get)
    [Anonymous Symbol]                       0x0800362c   Section        0  gd32e230_fmc.o(.text.fmc_unlock)
    __arm_cp.0_1                             0x08003648   Number         4  gd32e230_fmc.o(.text.fmc_unlock)
    __arm_cp.0_2                             0x0800364c   Number         4  gd32e230_fmc.o(.text.fmc_unlock)
    __arm_cp.0_3                             0x08003650   Number         4  gd32e230_fmc.o(.text.fmc_unlock)
    [Anonymous Symbol]                       0x08003654   Section        0  gd32e230_fmc.o(.text.fmc_word_program)
    __arm_cp.9_0                             0x080036a8   Number         4  gd32e230_fmc.o(.text.fmc_word_program)
    [Anonymous Symbol]                       0x080036ac   Section        0  main.o(.text.fputc)
    __arm_cp.6_0                             0x080036d8   Number         4  main.o(.text.fputc)
    __arm_cp.6_1                             0x080036dc   Number         4  main.o(.text.fputc)
    [Anonymous Symbol]                       0x080036e0   Section        0  gd32e230_fwdgt.o(.text.fwdgt_config)
    __arm_cp.7_0                             0x080037b0   Number         4  gd32e230_fwdgt.o(.text.fwdgt_config)
    __arm_cp.7_2                             0x080037b4   Number         4  gd32e230_fwdgt.o(.text.fwdgt_config)
    __arm_cp.7_3                             0x080037b8   Number         4  gd32e230_fwdgt.o(.text.fwdgt_config)
    __arm_cp.7_4                             0x080037bc   Number         4  gd32e230_fwdgt.o(.text.fwdgt_config)
    __arm_cp.7_5                             0x080037c0   Number         4  gd32e230_fwdgt.o(.text.fwdgt_config)
    __arm_cp.7_6                             0x080037c4   Number         4  gd32e230_fwdgt.o(.text.fwdgt_config)
    [Anonymous Symbol]                       0x080037c8   Section        0  gd32e230_fwdgt.o(.text.fwdgt_counter_reload)
    __arm_cp.6_1                             0x080037d0   Number         4  gd32e230_fwdgt.o(.text.fwdgt_counter_reload)
    [Anonymous Symbol]                       0x080037d4   Section        0  gd32e230_fwdgt.o(.text.fwdgt_enable)
    __arm_cp.2_0                             0x080037dc   Number         4  gd32e230_fwdgt.o(.text.fwdgt_enable)
    __arm_cp.2_1                             0x080037e0   Number         4  gd32e230_fwdgt.o(.text.fwdgt_enable)
    [Anonymous Symbol]                       0x080037e4   Section        0  gd32e230_gpio.o(.text.gpio_af_set)
    [Anonymous Symbol]                       0x080038a8   Section        0  gd32e230_gpio.o(.text.gpio_bit_reset)
    [Anonymous Symbol]                       0x080038b8   Section        0  gd32e230_gpio.o(.text.gpio_bit_set)
    [Anonymous Symbol]                       0x080038c8   Section        0  gd32e230_gpio.o(.text.gpio_bit_write)
    [Anonymous Symbol]                       0x080038f0   Section        0  gd32e230_gpio.o(.text.gpio_input_bit_get)
    [Anonymous Symbol]                       0x0800391a   Section        0  gd32e230_gpio.o(.text.gpio_mode_set)
    [Anonymous Symbol]                       0x080039aa   Section        0  gd32e230_gpio.o(.text.gpio_output_options_set)
    [Anonymous Symbol]                       0x08003a38   Section        0  main.o(.text.main)
    __arm_cp.3_0                             0x08003b3c   Number         4  main.o(.text.main)
    __arm_cp.3_1                             0x08003b40   Number         4  main.o(.text.main)
    __arm_cp.3_2                             0x08003b44   Number         4  main.o(.text.main)
    __arm_cp.3_3                             0x08003b48   Number         4  main.o(.text.main)
    __arm_cp.3_4                             0x08003b4c   Number         4  main.o(.text.main)
    __arm_cp.3_5                             0x08003b50   Number         4  main.o(.text.main)
    __arm_cp.3_6                             0x08003b54   Number         4  main.o(.text.main)
    __arm_cp.3_7                             0x08003b58   Number         4  main.o(.text.main)
    __arm_cp.3_8                             0x08003b5c   Number         4  main.o(.text.main)
    __arm_cp.3_9                             0x08003b60   Number         4  main.o(.text.main)
    __arm_cp.3_10                            0x08003b64   Number         4  main.o(.text.main)
    [Anonymous Symbol]                       0x08003b68   Section        0  gd32e230_misc.o(.text.nvic_irq_enable)
    [Anonymous Symbol]                       0x08003b9c   Section        0  gd32e230_misc.o(.text.nvic_vector_table_set)
    __arm_cp.7_0                             0x08003bb4   Number         4  gd32e230_misc.o(.text.nvic_vector_table_set)
    __arm_cp.7_1                             0x08003bb8   Number         4  gd32e230_misc.o(.text.nvic_vector_table_set)
    [Anonymous Symbol]                       0x08003bbc   Section        0  gd32e230_rcu.o(.text.rcu_clock_freq_get)
    __arm_cp.38_0                            0x08003e1c   Number         4  gd32e230_rcu.o(.text.rcu_clock_freq_get)
    __arm_cp.38_1                            0x08003e20   Number         4  gd32e230_rcu.o(.text.rcu_clock_freq_get)
    __arm_cp.38_2                            0x08003e24   Number         4  gd32e230_rcu.o(.text.rcu_clock_freq_get)
    __arm_cp.38_3                            0x08003e28   Number         4  gd32e230_rcu.o(.text.rcu_clock_freq_get)
    __arm_cp.38_4                            0x08003e2c   Number         4  gd32e230_rcu.o(.text.rcu_clock_freq_get)
    __arm_cp.38_5                            0x08003e30   Number         4  gd32e230_rcu.o(.text.rcu_clock_freq_get)
    __arm_cp.38_6                            0x08003e34   Number         4  gd32e230_rcu.o(.text.rcu_clock_freq_get)
    __arm_cp.38_7                            0x08003e38   Number         4  gd32e230_rcu.o(.text.rcu_clock_freq_get)
    __arm_cp.38_8                            0x08003e3c   Number         4  gd32e230_rcu.o(.text.rcu_clock_freq_get)
    [Anonymous Symbol]                       0x08003e40   Section        0  gd32e230_rcu.o(.text.rcu_flag_get)
    [Anonymous Symbol]                       0x08003e78   Section        0  gd32e230_rcu.o(.text.rcu_osci_on)
    [Anonymous Symbol]                       0x08003e9c   Section        0  gd32e230_rcu.o(.text.rcu_osci_stab_wait)
    __arm_cp.27_0                            0x080040e0   Number         4  gd32e230_rcu.o(.text.rcu_osci_stab_wait)
    __arm_cp.27_1                            0x080040e4   Number         4  gd32e230_rcu.o(.text.rcu_osci_stab_wait)
    __arm_cp.27_2                            0x080040e8   Number         4  gd32e230_rcu.o(.text.rcu_osci_stab_wait)
    __arm_cp.27_3                            0x080040ec   Number         4  gd32e230_rcu.o(.text.rcu_osci_stab_wait)
    __arm_cp.27_4                            0x080040f0   Number         4  gd32e230_rcu.o(.text.rcu_osci_stab_wait)
    [Anonymous Symbol]                       0x080040f4   Section        0  gd32e230_rcu.o(.text.rcu_periph_clock_enable)
    [Anonymous Symbol]                       0x08004118   Section        0  gd32e230_rcu.o(.text.rcu_periph_reset_disable)
    [Anonymous Symbol]                       0x0800413c   Section        0  gd32e230_rcu.o(.text.rcu_periph_reset_enable)
    __arm_cp.5_0                             0x08004160   Number         4  gd32e230_rcu.o(.text.rcu_periph_reset_enable)
    [Anonymous Symbol]                       0x08004164   Section        0  main.o(.text.rs485_Init)
    system_clock_72m_irc8m                   0x0800419d   Thumb Code   228  system_gd32e230.o(.text.system_clock_72m_irc8m)
    [Anonymous Symbol]                       0x0800419c   Section        0  system_gd32e230.o(.text.system_clock_72m_irc8m)
    __arm_cp.3_0                             0x0800426c   Number         4  system_gd32e230.o(.text.system_clock_72m_irc8m)
    __arm_cp.3_1                             0x08004270   Number         4  system_gd32e230.o(.text.system_clock_72m_irc8m)
    __arm_cp.3_2                             0x08004274   Number         4  system_gd32e230.o(.text.system_clock_72m_irc8m)
    __arm_cp.3_3                             0x08004278   Number         4  system_gd32e230.o(.text.system_clock_72m_irc8m)
    __arm_cp.3_4                             0x0800427c   Number         4  system_gd32e230.o(.text.system_clock_72m_irc8m)
    system_clock_config                      0x08004281   Thumb Code     8  system_gd32e230.o(.text.system_clock_config)
    [Anonymous Symbol]                       0x08004280   Section        0  system_gd32e230.o(.text.system_clock_config)
    [Anonymous Symbol]                       0x08004288   Section        0  gd32e230_timer.o(.text.timer_auto_reload_shadow_enable)
    [Anonymous Symbol]                       0x0800429c   Section        0  gd32e230_timer.o(.text.timer_channel_input_capture_prescaler_config)
    [Anonymous Symbol]                       0x0800433e   Section        0  gd32e230_timer.o(.text.timer_channel_input_struct_para_init)
    [Anonymous Symbol]                       0x0800435c   Section        0  timer.o(.text.timer_config)
    __arm_cp.0_0                             0x08004420   Number         4  timer.o(.text.timer_config)
    __arm_cp.0_1                             0x08004424   Number         4  timer.o(.text.timer_config)
    __arm_cp.0_3                             0x08004428   Number         4  timer.o(.text.timer_config)
    [Anonymous Symbol]                       0x0800442c   Section        0  gd32e230_timer.o(.text.timer_deinit)
    __arm_cp.0_1                             0x080044f4   Number         4  gd32e230_timer.o(.text.timer_deinit)
    __arm_cp.0_7                             0x080044f8   Number         4  gd32e230_timer.o(.text.timer_deinit)
    __arm_cp.0_8                             0x080044fc   Number         4  gd32e230_timer.o(.text.timer_deinit)
    __arm_cp.0_9                             0x08004500   Number         4  gd32e230_timer.o(.text.timer_deinit)
    __arm_cp.0_10                            0x08004504   Number         4  gd32e230_timer.o(.text.timer_deinit)
    __arm_cp.0_11                            0x08004508   Number         4  gd32e230_timer.o(.text.timer_deinit)
    [Anonymous Symbol]                       0x0800450c   Section        0  gd32e230_timer.o(.text.timer_disable)
    [Anonymous Symbol]                       0x0800451e   Section        0  gd32e230_timer.o(.text.timer_enable)
    [Anonymous Symbol]                       0x08004530   Section        0  gd32e230_timer.o(.text.timer_init)
    __arm_cp.2_0                             0x08004614   Number         4  gd32e230_timer.o(.text.timer_init)
    __arm_cp.2_1                             0x08004618   Number         4  gd32e230_timer.o(.text.timer_init)
    __arm_cp.2_2                             0x0800461c   Number         4  gd32e230_timer.o(.text.timer_init)
    __arm_cp.2_3                             0x08004620   Number         4  gd32e230_timer.o(.text.timer_init)
    __arm_cp.2_4                             0x08004624   Number         4  gd32e230_timer.o(.text.timer_init)
    __arm_cp.2_5                             0x08004628   Number         4  gd32e230_timer.o(.text.timer_init)
    [Anonymous Symbol]                       0x0800462c   Section        0  gd32e230_timer.o(.text.timer_input_capture_config)
    [Anonymous Symbol]                       0x080047ee   Section        0  gd32e230_timer.o(.text.timer_interrupt_disable)
    [Anonymous Symbol]                       0x08004802   Section        0  gd32e230_timer.o(.text.timer_interrupt_enable)
    [Anonymous Symbol]                       0x08004816   Section        0  gd32e230_timer.o(.text.timer_interrupt_flag_clear)
    [Anonymous Symbol]                       0x0800482a   Section        0  gd32e230_timer.o(.text.timer_interrupt_flag_get)
    [Anonymous Symbol]                       0x08004868   Section        0  gd32e230_usart.o(.text.usart_baudrate_set)
    __arm_cp.1_2                             0x08004914   Number         4  gd32e230_usart.o(.text.usart_baudrate_set)
    [Anonymous Symbol]                       0x08004918   Section        0  gd32e230_usart.o(.text.usart_data_receive)
    [Anonymous Symbol]                       0x08004928   Section        0  gd32e230_usart.o(.text.usart_data_transmit)
    __arm_cp.18_0                            0x0800493c   Number         4  gd32e230_usart.o(.text.usart_data_transmit)
    [Anonymous Symbol]                       0x08004940   Section        0  gd32e230_usart.o(.text.usart_deinit)
    __arm_cp.0_0                             0x08004984   Number         4  gd32e230_usart.o(.text.usart_deinit)
    __arm_cp.0_1                             0x08004988   Number         4  gd32e230_usart.o(.text.usart_deinit)
    __arm_cp.0_2                             0x0800498c   Number         4  gd32e230_usart.o(.text.usart_deinit)
    __arm_cp.0_3                             0x08004990   Number         4  gd32e230_usart.o(.text.usart_deinit)
    [Anonymous Symbol]                       0x08004994   Section        0  gd32e230_usart.o(.text.usart_enable)
    [Anonymous Symbol]                       0x080049a6   Section        0  gd32e230_usart.o(.text.usart_flag_get)
    [Anonymous Symbol]                       0x080049e0   Section        0  gd32e230_usart.o(.text.usart_interrupt_disable)
    [Anonymous Symbol]                       0x08004a06   Section        0  gd32e230_usart.o(.text.usart_interrupt_enable)
    [Anonymous Symbol]                       0x08004a2c   Section        0  gd32e230_usart.o(.text.usart_interrupt_flag_clear)
    __arm_cp.73_0                            0x08004a68   Number         4  gd32e230_usart.o(.text.usart_interrupt_flag_clear)
    [Anonymous Symbol]                       0x08004a6c   Section        0  gd32e230_usart.o(.text.usart_interrupt_flag_get)
    [Anonymous Symbol]                       0x08004ad2   Section        0  gd32e230_usart.o(.text.usart_receive_config)
    [Anonymous Symbol]                       0x08004af0   Section        0  gd32e230_usart.o(.text.usart_transmit_config)
    i.__0printf                              0x08004b10   Section        0  printfa.o(i.__0printf)
    i.__ARM_clz                              0x08004b30   Section        0  depilogue.o(i.__ARM_clz)
    i.__scatterload_copy                     0x08004b5e   Section       14  handlers.o(i.__scatterload_copy)
    i.__scatterload_null                     0x08004b6c   Section        2  handlers.o(i.__scatterload_null)
    i.__scatterload_zeroinit                 0x08004b6e   Section       14  handlers.o(i.__scatterload_zeroinit)
    _fp_digits                               0x08004b7d   Thumb Code   344  printfa.o(i._fp_digits)
    i._fp_digits                             0x08004b7c   Section        0  printfa.o(i._fp_digits)
    _printf_core                             0x08004cf1   Thumb Code  1754  printfa.o(i._printf_core)
    i._printf_core                           0x08004cf0   Section        0  printfa.o(i._printf_core)
    _printf_post_padding                     0x080053dd   Thumb Code    32  printfa.o(i._printf_post_padding)
    i._printf_post_padding                   0x080053dc   Section        0  printfa.o(i._printf_post_padding)
    _printf_pre_padding                      0x080053fd   Thumb Code    44  printfa.o(i._printf_pre_padding)
    i._printf_pre_padding                    0x080053fc   Section        0  printfa.o(i._printf_pre_padding)
    .L.str                                   0x08005432   Data           2  modbus_asc.o(.rodata.str1.1)
    [Anonymous Symbol]                       0x08005432   Section        0  modbus_asc.o(.rodata.str1.1)
    .L.str                                   0x08005434   Data           3  modbus_ascii.o(.rodata.str1.1)
    [Anonymous Symbol]                       0x08005434   Section        0  modbus_ascii.o(.rodata.str1.1)
    .data                                    0x20000000   Section        4  stdout.o(.data)
    User_Default_Param                       0x20000004   Data          19  para.o(.data.User_Default_Param)
    [Anonymous Symbol]                       0x20000004   Section        0  para.o(.data.User_Default_Param)
    g_cyRevState                             0x20000017   Data           1  modbus_ascii.o(.data.g_cyRevState)
    [Anonymous Symbol]                       0x20000017   Section        0  modbus_ascii.o(.data.g_cyRevState)
    Flash_Buf                                0x2000003c   Data        4096  flash.o(.bss.Flash_Buf)
    [Anonymous Symbol]                       0x2000003c   Section        0  flash.o(.bss.Flash_Buf)
    Get_Duration.TemCountCnt1                0x2000103c   Data           4  sht3x.o(.bss.Get_Duration.TemCountCnt1)
    [Anonymous Symbol]                       0x2000103c   Section        0  sht3x.o(.bss.Get_Duration.TemCountCnt1)
    Get_Duration.TemCountCnt2                0x20001040   Data           4  sht3x.o(.bss.Get_Duration.TemCountCnt2)
    [Anonymous Symbol]                       0x20001040   Section        0  sht3x.o(.bss.Get_Duration.TemCountCnt2)
    delay                                    0x20001804   Data           4  systick.o(.bss.delay)
    [Anonymous Symbol]                       0x20001804   Section        0  systick.o(.bss.delay)
    g_cyRevBufffLen                          0x20001858   Data           2  modbus_ascii.o(.bss.g_cyRevBufffLen)
    [Anonymous Symbol]                       0x20001858   Section        0  modbus_ascii.o(.bss.g_cyRevBufffLen)
    STACK                                    0x20001870   Section     1024  startup_gd32e230.o(STACK)

    Global Symbols

    Symbol Name                              Value     Ov Type        Size  Object(Section)

    BuildAttributes$$THM_ISAv3M$S$8M$PE$A:L22$X:L11$S22$IEEE1$IW$~IW$USESV6$~STKCKD$USESV7$~SHL$OTIME$ROPI$EBA8$MICROLIB$REQ8$PRES8$EABIv2 0x00000000   Number         0  anon$$obj.o ABSOLUTE
    __cpp_initialize__aeabi_                  - Undefined Weak Reference
    __cxa_finalize                            - Undefined Weak Reference
    __decompress                              - Undefined Weak Reference
    _clock_init                               - Undefined Weak Reference
    _microlib_exit                            - Undefined Weak Reference
    __Vectors_Size                           0x000000cc   Number         0  startup_gd32e230.o ABSOLUTE
    __Vectors                                0x08000000   Data           4  startup_gd32e230.o(RESET)
    __Vectors_End                            0x080000cc   Data           0  startup_gd32e230.o(RESET)
    __main                                   0x080000cd   Thumb Code     0  entry.o(.ARM.Collect$$$$00000000)
    _main_stk                                0x080000cd   Thumb Code     0  entry2.o(.ARM.Collect$$$$00000001)
    _main_scatterload                        0x080000d1   Thumb Code     0  entry5.o(.ARM.Collect$$$$00000004)
    __main_after_scatterload                 0x080000d5   Thumb Code     0  entry5.o(.ARM.Collect$$$$00000004)
    _main_clock                              0x080000d5   Thumb Code     0  entry7b.o(.ARM.Collect$$$$00000008)
    _main_cpp_init                           0x080000d5   Thumb Code     0  entry8b.o(.ARM.Collect$$$$0000000A)
    _main_init                               0x080000d5   Thumb Code     0  entry9a.o(.ARM.Collect$$$$0000000B)
    __rt_final_cpp                           0x080000dd   Thumb Code     0  entry10a.o(.ARM.Collect$$$$0000000D)
    __rt_final_exit                          0x080000dd   Thumb Code     0  entry11a.o(.ARM.Collect$$$$0000000F)
    Reset_Handler                            0x080000e1   Thumb Code     8  startup_gd32e230.o(.text)
    ADC_CMP_IRQHandler                       0x080000f3   Thumb Code     0  startup_gd32e230.o(.text)
    DMA_Channel0_IRQHandler                  0x080000f3   Thumb Code     0  startup_gd32e230.o(.text)
    DMA_Channel1_2_IRQHandler                0x080000f3   Thumb Code     0  startup_gd32e230.o(.text)
    DMA_Channel3_4_IRQHandler                0x080000f3   Thumb Code     0  startup_gd32e230.o(.text)
    EXTI0_1_IRQHandler                       0x080000f3   Thumb Code     0  startup_gd32e230.o(.text)
    EXTI2_3_IRQHandler                       0x080000f3   Thumb Code     0  startup_gd32e230.o(.text)
    EXTI4_15_IRQHandler                      0x080000f3   Thumb Code     0  startup_gd32e230.o(.text)
    FMC_IRQHandler                           0x080000f3   Thumb Code     0  startup_gd32e230.o(.text)
    I2C0_ER_IRQHandler                       0x080000f3   Thumb Code     0  startup_gd32e230.o(.text)
    I2C0_EV_IRQHandler                       0x080000f3   Thumb Code     0  startup_gd32e230.o(.text)
    I2C1_ER_IRQHandler                       0x080000f3   Thumb Code     0  startup_gd32e230.o(.text)
    I2C1_EV_IRQHandler                       0x080000f3   Thumb Code     0  startup_gd32e230.o(.text)
    LVD_IRQHandler                           0x080000f3   Thumb Code     0  startup_gd32e230.o(.text)
    RCU_IRQHandler                           0x080000f3   Thumb Code     0  startup_gd32e230.o(.text)
    RTC_IRQHandler                           0x080000f3   Thumb Code     0  startup_gd32e230.o(.text)
    SPI0_IRQHandler                          0x080000f3   Thumb Code     0  startup_gd32e230.o(.text)
    SPI1_IRQHandler                          0x080000f3   Thumb Code     0  startup_gd32e230.o(.text)
    TIMER0_BRK_UP_TRG_COM_IRQHandler         0x080000f3   Thumb Code     0  startup_gd32e230.o(.text)
    TIMER13_IRQHandler                       0x080000f3   Thumb Code     0  startup_gd32e230.o(.text)
    TIMER16_IRQHandler                       0x080000f3   Thumb Code     0  startup_gd32e230.o(.text)
    TIMER2_IRQHandler                        0x080000f3   Thumb Code     0  startup_gd32e230.o(.text)
    TIMER5_IRQHandler                        0x080000f3   Thumb Code     0  startup_gd32e230.o(.text)
    USART0_IRQHandler                        0x080000f3   Thumb Code     0  startup_gd32e230.o(.text)
    WWDGT_IRQHandler                         0x080000f3   Thumb Code     0  startup_gd32e230.o(.text)
    __aeabi_memset                           0x080000fd   Thumb Code    14  memseta.o(.text)
    __aeabi_memset4                          0x080000fd   Thumb Code     0  memseta.o(.text)
    __aeabi_memset8                          0x080000fd   Thumb Code     0  memseta.o(.text)
    __aeabi_memclr                           0x0800010b   Thumb Code     4  memseta.o(.text)
    __aeabi_memclr4                          0x0800010b   Thumb Code     0  memseta.o(.text)
    __aeabi_memclr8                          0x0800010b   Thumb Code     0  memseta.o(.text)
    _memset$wrapper                          0x0800010f   Thumb Code    18  memseta.o(.text)
    __aeabi_fadd                             0x08000121   Thumb Code   162  fadd.o(.text)
    __aeabi_fsub                             0x080001c3   Thumb Code     8  fadd.o(.text)
    __aeabi_frsub                            0x080001cb   Thumb Code     8  fadd.o(.text)
    __aeabi_fmul                             0x080001d3   Thumb Code   122  fmul.o(.text)
    __aeabi_fdiv                             0x0800024d   Thumb Code   124  fdiv.o(.text)
    __aeabi_fcmple                           0x080002c9   Thumb Code    28  fcmple.o(.text)
    __aeabi_i2f                              0x080002e5   Thumb Code    22  fflti.o(.text)
    __aeabi_f2iz                             0x080002fb   Thumb Code    50  ffixi.o(.text)
    __aeabi_uidiv                            0x0800032d   Thumb Code     0  uidiv.o(.text)
    __aeabi_uidivmod                         0x0800032d   Thumb Code    44  uidiv.o(.text)
    __aeabi_uldivmod                         0x08000359   Thumb Code    96  uldiv.o(.text)
    __I$use$fp                               0x080003b9   Thumb Code     0  iusefp.o(.text)
    _float_round                             0x080003b9   Thumb Code    16  fepilogue.o(.text)
    _float_epilogue                          0x080003c9   Thumb Code   114  fepilogue.o(.text)
    __aeabi_dadd                             0x0800043d   Thumb Code   328  dadd.o(.text)
    __aeabi_dsub                             0x08000585   Thumb Code    12  dadd.o(.text)
    __aeabi_drsub                            0x08000591   Thumb Code    12  dadd.o(.text)
    __aeabi_dmul                             0x080005a1   Thumb Code   202  dmul.o(.text)
    __aeabi_ddiv                             0x08000671   Thumb Code   234  ddiv.o(.text)
    __aeabi_d2ulz                            0x08000761   Thumb Code    54  dfixul.o(.text)
    __aeabi_cdrcmple                         0x080007a1   Thumb Code    38  cdrcmple.o(.text)
    __scatterload                            0x080007c9   Thumb Code    28  init.o(.text)
    __scatterload_rt2                        0x080007c9   Thumb Code     0  init.o(.text)
    __aeabi_llsl                             0x080007ed   Thumb Code    32  llshl.o(.text)
    _ll_shift_l                              0x080007ed   Thumb Code     0  llshl.o(.text)
    __aeabi_llsr                             0x0800080d   Thumb Code    34  llushr.o(.text)
    _ll_ushift_r                             0x0800080d   Thumb Code     0  llushr.o(.text)
    __aeabi_lasr                             0x0800082f   Thumb Code    38  llsshr.o(.text)
    _ll_sshift_r                             0x0800082f   Thumb Code     0  llsshr.o(.text)
    _double_round                            0x08000855   Thumb Code    26  depilogue.o(.text)
    _double_epilogue                         0x0800086f   Thumb Code   164  depilogue.o(.text)
    DRV_IWDG_Init                            0x08000915   Thumb Code    52  main.o(.text.DRV_IWDG_Init)
    Delay_1Us                                0x08000949   Thumb Code    24  th_iic.o(.text.Delay_1Us)
    Delay_2Us                                0x08000961   Thumb Code    32  th_iic.o(.text.Delay_2Us)
    Delay_4Us                                0x08000981   Thumb Code    30  th_iic.o(.text.Delay_4Us)
    Delay_Ms                                 0x0800099f   Thumb Code    34  common.o(.text.Delay_Ms)
    Flash_Read_OneByte                       0x080009c1   Thumb Code    18  flash.o(.text.Flash_Read_OneByte)
    Flash_Write_MultiBytes                   0x080009d5   Thumb Code   296  flash.o(.text.Flash_Write_MultiBytes)
    Get_Channal_Pin                          0x08000afd   Thumb Code   144  th_iic.o(.text.Get_Channal_Pin)
    Get_Duration                             0x08000b8d   Thumb Code   872  sht3x.o(.text.Get_Duration)
    HardFault_Handler                        0x08000ef5   Thumb Code     4  gd32e230_it.o(.text.HardFault_Handler)
    MBASC_AutoUpLoadFrame                    0x08000ef9   Thumb Code   168  modbus_asc.o(.text.MBASC_AutoUpLoadFrame)
    MBASC_Fun03                              0x08000fa1   Thumb Code   520  modbus_asc.o(.text.MBASC_Fun03)
    MBASC_Fun04                              0x080011a9   Thumb Code   632  modbus_asc.o(.text.MBASC_Fun04)
    MBASC_Fun10                              0x08001421   Thumb Code   908  modbus_asc.o(.text.MBASC_Fun10)
    MBASC_Fun2B                              0x080017ad   Thumb Code   632  modbus_asc.o(.text.MBASC_Fun2B)
    MBASC_Fun41                              0x08001a25   Thumb Code   288  modbus_asc.o(.text.MBASC_Fun41)
    MBASC_Function                           0x08001b45   Thumb Code   268  modbus_asc.o(.text.MBASC_Function)
    MBASC_GetSlaveAddr                       0x08001c51   Thumb Code    12  modbus_asc.o(.text.MBASC_GetSlaveAddr)
    MBASC_SendErr                            0x08001c5d   Thumb Code    72  modbus_asc.o(.text.MBASC_SendErr)
    MBASC_SendMsg                            0x08001ca5   Thumb Code    44  modbus_asc.o(.text.MBASC_SendMsg)
    MBASC_SendMsg_NoLimit                    0x08001cd1   Thumb Code    38  modbus_asc.o(.text.MBASC_SendMsg_NoLimit)
    MODBUS_ASCII_AsciiPacketToRtuPacket      0x08001cf7   Thumb Code   116  modbus_ascii.o(.text.MODBUS_ASCII_AsciiPacketToRtuPacket)
    MODBUS_ASCII_AsciiToHex                  0x08001d6b   Thumb Code   166  modbus_ascii.o(.text.MODBUS_ASCII_AsciiToHex)
    MODBUS_ASCII_CheckAscii                  0x08001e11   Thumb Code   174  modbus_ascii.o(.text.MODBUS_ASCII_CheckAscii)
    MODBUS_ASCII_GetLrc                      0x08001ebf   Thumb Code   128  modbus_ascii.o(.text.MODBUS_ASCII_GetLrc)
    MODBUS_ASCII_HandlRevData                0x08001f41   Thumb Code   256  modbus_ascii.o(.text.MODBUS_ASCII_HandlRevData)
    MODBUS_ASCII_HexToAscii                  0x08002041   Thumb Code    90  modbus_ascii.o(.text.MODBUS_ASCII_HexToAscii)
    MODBUS_ASCII_RecvData                    0x0800209d   Thumb Code   220  modbus_ascii.o(.text.MODBUS_ASCII_RecvData)
    MODBUS_ASCII_RtuPacketToAsciiPacket      0x08002179   Thumb Code    82  modbus_ascii.o(.text.MODBUS_ASCII_RtuPacketToAsciiPacket)
    MODBUS_ASCII_SendData                    0x080021cd   Thumb Code   256  modbus_ascii.o(.text.MODBUS_ASCII_SendData)
    MODBUS_ASCII_SendData1                   0x080022cd   Thumb Code   264  modbus_ascii.o(.text.MODBUS_ASCII_SendData1)
    NMI_Handler                              0x080023d5   Thumb Code     2  gd32e230_it.o(.text.NMI_Handler)
    PendSV_Handler                           0x080023d7   Thumb Code     2  gd32e230_it.o(.text.PendSV_Handler)
    ReadPara                                 0x080023d9   Thumb Code   160  para.o(.text.ReadPara)
    ReadTH                                   0x08002479   Thumb Code   420  sht3x.o(.text.ReadTH)
    Read_Sht3_TH                             0x0800261d   Thumb Code    68  sht3x.o(.text.Read_Sht3_TH)
    SDA_IN                                   0x08002661   Thumb Code    48  th_iic.o(.text.SDA_IN)
    SDA_OUT                                  0x08002691   Thumb Code    52  th_iic.o(.text.SDA_OUT)
    SHT3_Init                                0x080026c5   Thumb Code   216  sht3x.o(.text.SHT3_Init)
    SHT3x_ReadData                           0x0800279d   Thumb Code   210  sht3x.o(.text.SHT3x_ReadData)
    SHT3x_WriteData                          0x0800286f   Thumb Code   108  sht3x.o(.text.SHT3x_WriteData)
    SVC_Handler                              0x080028db   Thumb Code     2  gd32e230_it.o(.text.SVC_Handler)
    Set_Sht3_Periodi                         0x080028dd   Thumb Code    48  sht3x.o(.text.Set_Sht3_Periodi)
    SysTick_Handler                          0x0800290d   Thumb Code     8  gd32e230_it.o(.text.SysTick_Handler)
    SystemInit                               0x08002915   Thumb Code   172  system_gd32e230.o(.text.SystemInit)
    TH_Filter                                0x080029c1   Thumb Code   496  sht3x.o(.text.TH_Filter)
    TH_IIC_Ack                               0x08002bb1   Thumb Code    64  th_iic.o(.text.TH_IIC_Ack)
    TH_IIC_Init                              0x08002bf1   Thumb Code   144  th_iic.o(.text.TH_IIC_Init)
    TH_IIC_NAck                              0x08002c81   Thumb Code    64  th_iic.o(.text.TH_IIC_NAck)
    TH_IIC_Read_Byte                         0x08002cc1   Thumb Code   148  th_iic.o(.text.TH_IIC_Read_Byte)
    TH_IIC_Send_Byte                         0x08002d55   Thumb Code   132  th_iic.o(.text.TH_IIC_Send_Byte)
    TH_IIC_Start                             0x08002dd9   Thumb Code    68  th_iic.o(.text.TH_IIC_Start)
    TH_IIC_Stop                              0x08002e1d   Thumb Code    68  th_iic.o(.text.TH_IIC_Stop)
    TH_IIC_Wait_Ack                          0x08002e61   Thumb Code   120  th_iic.o(.text.TH_IIC_Wait_Ack)
    TIMER0_Channel_IRQHandler                0x08002ed9   Thumb Code   184  timer.o(.text.TIMER0_Channel_IRQHandler)
    TIMER14_IRQHandler                       0x08002f91   Thumb Code    52  timer.o(.text.TIMER14_IRQHandler)
    TIMER15_IRQHandler                       0x08002fc5   Thumb Code    52  timer.o(.text.TIMER15_IRQHandler)
    TIMER15_Init                             0x08002ff9   Thumb Code    92  timer.o(.text.TIMER15_Init)
    TIMER2_Init                              0x08003055   Thumb Code    96  timer.o(.text.TIMER2_Init)
    UARTx_SendData                           0x080030b5   Thumb Code   164  gd32e230c_eval.o(.text.UARTx_SendData)
    USART1_IRQHandler                        0x08003159   Thumb Code   188  gd32e230c_eval.o(.text.USART1_IRQHandler)
    com_gpio_init                            0x080032ed   Thumb Code   112  main.o(.text.com_gpio_init)
    com_usart_init                           0x0800335d   Thumb Code   228  main.o(.text.com_usart_init)
    delay_decrement                          0x08003441   Thumb Code    28  systick.o(.text.delay_decrement)
    flash_read_MultiBytes                    0x0800345d   Thumb Code    72  flash.o(.text.flash_read_MultiBytes)
    flash_read_multi                         0x080034a5   Thumb Code    96  flash.o(.text.flash_read_multi)
    fmc_flag_clear                           0x08003505   Thumb Code    16  gd32e230_fmc.o(.text.fmc_flag_clear)
    fmc_lock                                 0x08003515   Thumb Code    12  gd32e230_fmc.o(.text.fmc_lock)
    fmc_page_erase                           0x08003521   Thumb Code    92  gd32e230_fmc.o(.text.fmc_page_erase)
    fmc_ready_wait                           0x0800357d   Thumb Code    90  gd32e230_fmc.o(.text.fmc_ready_wait)
    fmc_state_get                            0x080035d9   Thumb Code    84  gd32e230_fmc.o(.text.fmc_state_get)
    fmc_unlock                               0x0800362d   Thumb Code    40  gd32e230_fmc.o(.text.fmc_unlock)
    fmc_word_program                         0x08003655   Thumb Code    88  gd32e230_fmc.o(.text.fmc_word_program)
    fputc                                    0x080036ad   Thumb Code    52  main.o(.text.fputc)
    fwdgt_config                             0x080036e1   Thumb Code   232  gd32e230_fwdgt.o(.text.fwdgt_config)
    fwdgt_counter_reload                     0x080037c9   Thumb Code    12  gd32e230_fwdgt.o(.text.fwdgt_counter_reload)
    fwdgt_enable                             0x080037d5   Thumb Code    16  gd32e230_fwdgt.o(.text.fwdgt_enable)
    gpio_af_set                              0x080037e5   Thumb Code   196  gd32e230_gpio.o(.text.gpio_af_set)
    gpio_bit_reset                           0x080038a9   Thumb Code    16  gd32e230_gpio.o(.text.gpio_bit_reset)
    gpio_bit_set                             0x080038b9   Thumb Code    16  gd32e230_gpio.o(.text.gpio_bit_set)
    gpio_bit_write                           0x080038c9   Thumb Code    40  gd32e230_gpio.o(.text.gpio_bit_write)
    gpio_input_bit_get                       0x080038f1   Thumb Code    42  gd32e230_gpio.o(.text.gpio_input_bit_get)
    gpio_mode_set                            0x0800391b   Thumb Code   144  gd32e230_gpio.o(.text.gpio_mode_set)
    gpio_output_options_set                  0x080039ab   Thumb Code   142  gd32e230_gpio.o(.text.gpio_output_options_set)
    main                                     0x08003a39   Thumb Code   304  main.o(.text.main)
    nvic_irq_enable                          0x08003b69   Thumb Code    52  gd32e230_misc.o(.text.nvic_irq_enable)
    nvic_vector_table_set                    0x08003b9d   Thumb Code    32  gd32e230_misc.o(.text.nvic_vector_table_set)
    rcu_clock_freq_get                       0x08003bbd   Thumb Code   644  gd32e230_rcu.o(.text.rcu_clock_freq_get)
    rcu_flag_get                             0x08003e41   Thumb Code    56  gd32e230_rcu.o(.text.rcu_flag_get)
    rcu_osci_on                              0x08003e79   Thumb Code    36  gd32e230_rcu.o(.text.rcu_osci_on)
    rcu_osci_stab_wait                       0x08003e9d   Thumb Code   600  gd32e230_rcu.o(.text.rcu_osci_stab_wait)
    rcu_periph_clock_enable                  0x080040f5   Thumb Code    36  gd32e230_rcu.o(.text.rcu_periph_clock_enable)
    rcu_periph_reset_disable                 0x08004119   Thumb Code    36  gd32e230_rcu.o(.text.rcu_periph_reset_disable)
    rcu_periph_reset_enable                  0x0800413d   Thumb Code    40  gd32e230_rcu.o(.text.rcu_periph_reset_enable)
    rs485_Init                               0x08004165   Thumb Code    56  main.o(.text.rs485_Init)
    timer_auto_reload_shadow_enable          0x08004289   Thumb Code    18  gd32e230_timer.o(.text.timer_auto_reload_shadow_enable)
    timer_channel_input_capture_prescaler_config 0x0800429d   Thumb Code   162  gd32e230_timer.o(.text.timer_channel_input_capture_prescaler_config)
    timer_channel_input_struct_para_init     0x0800433f   Thumb Code    28  gd32e230_timer.o(.text.timer_channel_input_struct_para_init)
    timer_config                             0x0800435d   Thumb Code   208  timer.o(.text.timer_config)
    timer_deinit                             0x0800442d   Thumb Code   224  gd32e230_timer.o(.text.timer_deinit)
    timer_disable                            0x0800450d   Thumb Code    18  gd32e230_timer.o(.text.timer_disable)
    timer_enable                             0x0800451f   Thumb Code    18  gd32e230_timer.o(.text.timer_enable)
    timer_init                               0x08004531   Thumb Code   252  gd32e230_timer.o(.text.timer_init)
    timer_input_capture_config               0x0800462d   Thumb Code   450  gd32e230_timer.o(.text.timer_input_capture_config)
    timer_interrupt_disable                  0x080047ef   Thumb Code    20  gd32e230_timer.o(.text.timer_interrupt_disable)
    timer_interrupt_enable                   0x08004803   Thumb Code    20  gd32e230_timer.o(.text.timer_interrupt_enable)
    timer_interrupt_flag_clear               0x08004817   Thumb Code    20  gd32e230_timer.o(.text.timer_interrupt_flag_clear)
    timer_interrupt_flag_get                 0x0800482b   Thumb Code    60  gd32e230_timer.o(.text.timer_interrupt_flag_get)
    usart_baudrate_set                       0x08004869   Thumb Code   176  gd32e230_usart.o(.text.usart_baudrate_set)
    usart_data_receive                       0x08004919   Thumb Code    16  gd32e230_usart.o(.text.usart_data_receive)
    usart_data_transmit                      0x08004929   Thumb Code    24  gd32e230_usart.o(.text.usart_data_transmit)
    usart_deinit                             0x08004941   Thumb Code    84  gd32e230_usart.o(.text.usart_deinit)
    usart_enable                             0x08004995   Thumb Code    18  gd32e230_usart.o(.text.usart_enable)
    usart_flag_get                           0x080049a7   Thumb Code    58  gd32e230_usart.o(.text.usart_flag_get)
    usart_interrupt_disable                  0x080049e1   Thumb Code    38  gd32e230_usart.o(.text.usart_interrupt_disable)
    usart_interrupt_enable                   0x08004a07   Thumb Code    38  gd32e230_usart.o(.text.usart_interrupt_enable)
    usart_interrupt_flag_clear               0x08004a2d   Thumb Code    64  gd32e230_usart.o(.text.usart_interrupt_flag_clear)
    usart_interrupt_flag_get                 0x08004a6d   Thumb Code   102  gd32e230_usart.o(.text.usart_interrupt_flag_get)
    usart_receive_config                     0x08004ad3   Thumb Code    30  gd32e230_usart.o(.text.usart_receive_config)
    usart_transmit_config                    0x08004af1   Thumb Code    30  gd32e230_usart.o(.text.usart_transmit_config)
    __0printf                                0x08004b11   Thumb Code    24  printfa.o(i.__0printf)
    __1printf                                0x08004b11   Thumb Code     0  printfa.o(i.__0printf)
    __2printf                                0x08004b11   Thumb Code     0  printfa.o(i.__0printf)
    __c89printf                              0x08004b11   Thumb Code     0  printfa.o(i.__0printf)
    printf                                   0x08004b11   Thumb Code     0  printfa.o(i.__0printf)
    __ARM_clz                                0x08004b31   Thumb Code    46  depilogue.o(i.__ARM_clz)
    __scatterload_copy                       0x08004b5f   Thumb Code    14  handlers.o(i.__scatterload_copy)
    __scatterload_null                       0x08004b6d   Thumb Code     2  handlers.o(i.__scatterload_null)
    __scatterload_zeroinit                   0x08004b6f   Thumb Code    14  handlers.o(i.__scatterload_zeroinit)
    SensorSoftVersion                        0x08005428   Data          10  modbus_asc.o(.rodata.SensorSoftVersion)
    Region$$Table$$Base                      0x08005438   Number         0  anon$$obj.o(Region$$Table)
    Region$$Table$$Limit                     0x08005458   Number         0  anon$$obj.o(Region$$Table)
    __stdout                                 0x20000000   Data           4  stdout.o(.data)
    receive                                  0x20000018   Data           1  main.o(.data.receive)
    AutoUpLoad_counter                       0x20000020   Data           2  timer.o(.bss.AutoUpLoad_counter)
    CH0_cnt                                  0x20000022   Data           2  timer.o(.bss.CH0_cnt)
    CH1_cnt                                  0x20000024   Data           2  timer.o(.bss.CH1_cnt)
    Cur_Param                                0x20000026   Data          19  para.o(.bss.Cur_Param)
    SendBuf                                  0x20001044   Data         100  modbus_asc.o(.bss.SendBuf)
    SendLen                                  0x200010a8   Data           1  modbus_asc.o(.bss.SendLen)
    SensorSta                                0x200010a9   Data           2  sht3x.o(.bss.SensorSta)
    T_H                                      0x200010ac   Data          36  sht3x.o(.bss.T_H)
    Time_1s_flag                             0x200010d0   Data           1  timer.o(.bss.Time_1s_flag)
    UARTx_RXBuff                             0x200010d1   Data         600  gd32e230c_eval.o(.bss.UARTx_RXBuff)
    UARTx_RXBuffLen                          0x20001329   Data           1  gd32e230c_eval.o(.bss.UARTx_RXBuffLen)
    UARTx_TXBUFF                             0x2000132a   Data         600  gd32e230c_eval.o(.bss.UARTx_TXBUFF)
    UartRecvFrameOK                          0x20001582   Data           1  modbus_ascii.o(.bss.UartRecvFrameOK)
    UserPara                                 0x20001584   Data          36  para.o(.bss.UserPara)
    ch                                       0x200015a8   Data           1  gd32e230c_eval.o(.bss.ch)
    cyAsciiBuff                              0x200015a9   Data         600  modbus_ascii.o(.bss.cyAsciiBuff)
    gHumBuf                                  0x20001808   Data          40  sht3x.o(.bss.gHumBuf)
    gTemBuf                                  0x20001830   Data          40  sht3x.o(.bss.gTemBuf)
    pulse_flag0                              0x2000185a   Data           2  timer.o(.bss.pulse_flag0)
    pulse_flag1                              0x2000185c   Data           2  timer.o(.bss.pulse_flag1)
    receive1                                 0x20001860   Data           4  main.o(.bss.receive1)
    u8SendIndex                              0x20001864   Data           1  gd32e230c_eval.o(.bss.u8SendIndex)
    u8SendNum                                0x20001865   Data           1  gd32e230c_eval.o(.bss.u8SendNum)
    x                                        0x20001866   Data           1  th_iic.o(.bss.x)
    y1                                       0x20001867   Data           1  th_iic.o(.bss.y1)
    y2                                       0x20001868   Data           1  th_iic.o(.bss.y2)
    __initial_sp                             0x20001c70   Data           0  startup_gd32e230.o(STACK)



==============================================================================

Memory Map of the image

  Image Entry point : 0x080000cd

  Load Region LR_IROM1 (Base: 0x08000000, Size: 0x00005478, Max: 0x00010000, ABSOLUTE)

    Execution Region ER_IROM1 (Exec base: 0x08000000, Load base: 0x08000000, Size: 0x00005458, Max: 0x00010000, ABSOLUTE)

    Exec Addr    Load Addr    Size         Type   Attr      Idx    E Section Name        Object

    0x08000000   0x08000000   0x000000cc   Data   RO         1492    RESET               startup_gd32e230.o
    0x080000cc   0x080000cc   0x00000000   Code   RO         1499  * .ARM.Collect$$$$00000000  mc_p.l(entry.o)
    0x080000cc   0x080000cc   0x00000004   Code   RO         1544    .ARM.Collect$$$$00000001  mc_p.l(entry2.o)
    0x080000d0   0x080000d0   0x00000004   Code   RO         1547    .ARM.Collect$$$$00000004  mc_p.l(entry5.o)
    0x080000d4   0x080000d4   0x00000000   Code   RO         1549    .ARM.Collect$$$$00000008  mc_p.l(entry7b.o)
    0x080000d4   0x080000d4   0x00000000   Code   RO         1551    .ARM.Collect$$$$0000000A  mc_p.l(entry8b.o)
    0x080000d4   0x080000d4   0x00000008   Code   RO         1552    .ARM.Collect$$$$0000000B  mc_p.l(entry9a.o)
    0x080000dc   0x080000dc   0x00000000   Code   RO         1554    .ARM.Collect$$$$0000000D  mc_p.l(entry10a.o)
    0x080000dc   0x080000dc   0x00000000   Code   RO         1556    .ARM.Collect$$$$0000000F  mc_p.l(entry11a.o)
    0x080000dc   0x080000dc   0x00000004   Code   RO         1545    .ARM.Collect$$$$00002712  mc_p.l(entry2.o)
    0x080000e0   0x080000e0   0x0000001c   Code   RO         1493    .text               startup_gd32e230.o
    0x080000fc   0x080000fc   0x00000024   Code   RO         1502    .text               mc_p.l(memseta.o)
    0x08000120   0x08000120   0x000000b2   Code   RO         1532    .text               mf_p.l(fadd.o)
    0x080001d2   0x080001d2   0x0000007a   Code   RO         1534    .text               mf_p.l(fmul.o)
    0x0800024c   0x0800024c   0x0000007c   Code   RO         1536    .text               mf_p.l(fdiv.o)
    0x080002c8   0x080002c8   0x0000001c   Code   RO         1538    .text               mf_p.l(fcmple.o)
    0x080002e4   0x080002e4   0x00000016   Code   RO         1540    .text               mf_p.l(fflti.o)
    0x080002fa   0x080002fa   0x00000032   Code   RO         1542    .text               mf_p.l(ffixi.o)
    0x0800032c   0x0800032c   0x0000002c   Code   RO         1559    .text               mc_p.l(uidiv.o)
    0x08000358   0x08000358   0x00000060   Code   RO         1561    .text               mc_p.l(uldiv.o)
    0x080003b8   0x080003b8   0x00000000   Code   RO         1563    .text               mc_p.l(iusefp.o)
    0x080003b8   0x080003b8   0x00000082   Code   RO         1564    .text               mf_p.l(fepilogue.o)
    0x0800043a   0x0800043a   0x00000002   PAD
    0x0800043c   0x0800043c   0x00000164   Code   RO         1566    .text               mf_p.l(dadd.o)
    0x080005a0   0x080005a0   0x000000d0   Code   RO         1568    .text               mf_p.l(dmul.o)
    0x08000670   0x08000670   0x000000f0   Code   RO         1570    .text               mf_p.l(ddiv.o)
    0x08000760   0x08000760   0x00000040   Code   RO         1572    .text               mf_p.l(dfixul.o)
    0x080007a0   0x080007a0   0x00000028   Code   RO         1574    .text               mf_p.l(cdrcmple.o)
    0x080007c8   0x080007c8   0x00000024   Code   RO         1576    .text               mc_p.l(init.o)
    0x080007ec   0x080007ec   0x00000020   Code   RO         1578    .text               mc_p.l(llshl.o)
    0x0800080c   0x0800080c   0x00000022   Code   RO         1580    .text               mc_p.l(llushr.o)
    0x0800082e   0x0800082e   0x00000026   Code   RO         1582    .text               mc_p.l(llsshr.o)
    0x08000854   0x08000854   0x000000be   Code   RO         1584    .text               mf_p.l(depilogue.o)
    0x08000912   0x08000912   0x00000002   PAD
    0x08000914   0x08000914   0x00000034   Code   RO           27    .text.DRV_IWDG_Init  main.o
    0x08000948   0x08000948   0x00000018   Code   RO          239    .text.Delay_1Us     th_iic.o
    0x08000960   0x08000960   0x00000020   Code   RO          241    .text.Delay_2Us     th_iic.o
    0x08000980   0x08000980   0x0000001e   Code   RO          243    .text.Delay_4Us     th_iic.o
    0x0800099e   0x0800099e   0x00000022   Code   RO           76    .text.Delay_Ms      common.o
    0x080009c0   0x080009c0   0x00000012   Code   RO          173    .text.Flash_Read_OneByte  flash.o
    0x080009d2   0x080009d2   0x00000002   PAD
    0x080009d4   0x080009d4   0x00000128   Code   RO          183    .text.Flash_Write_MultiBytes  flash.o
    0x08000afc   0x08000afc   0x00000090   Code   RO          247    .text.Get_Channal_Pin  th_iic.o
    0x08000b8c   0x08000b8c   0x00000368   Code   RO          281    .text.Get_Duration  sht3x.o
    0x08000ef4   0x08000ef4   0x00000004   Code   RO            4    .text.HardFault_Handler  gd32e230_it.o
    0x08000ef8   0x08000ef8   0x000000a8   Code   RO          115    .text.MBASC_AutoUpLoadFrame  modbus_asc.o
    0x08000fa0   0x08000fa0   0x00000208   Code   RO          101    .text.MBASC_Fun03   modbus_asc.o
    0x080011a8   0x080011a8   0x00000278   Code   RO          103    .text.MBASC_Fun04   modbus_asc.o
    0x08001420   0x08001420   0x0000038c   Code   RO          105    .text.MBASC_Fun10   modbus_asc.o
    0x080017ac   0x080017ac   0x00000278   Code   RO          107    .text.MBASC_Fun2B   modbus_asc.o
    0x08001a24   0x08001a24   0x00000120   Code   RO          109    .text.MBASC_Fun41   modbus_asc.o
    0x08001b44   0x08001b44   0x0000010c   Code   RO          113    .text.MBASC_Function  modbus_asc.o
    0x08001c50   0x08001c50   0x0000000c   Code   RO           93    .text.MBASC_GetSlaveAddr  modbus_asc.o
    0x08001c5c   0x08001c5c   0x00000048   Code   RO           99    .text.MBASC_SendErr  modbus_asc.o
    0x08001ca4   0x08001ca4   0x0000002c   Code   RO           95    .text.MBASC_SendMsg  modbus_asc.o
    0x08001cd0   0x08001cd0   0x00000026   Code   RO           97    .text.MBASC_SendMsg_NoLimit  modbus_asc.o
    0x08001cf6   0x08001cf6   0x00000074   Code   RO          136    .text.MODBUS_ASCII_AsciiPacketToRtuPacket  modbus_ascii.o
    0x08001d6a   0x08001d6a   0x000000a6   Code   RO          132    .text.MODBUS_ASCII_AsciiToHex  modbus_ascii.o
    0x08001e10   0x08001e10   0x000000ae   Code   RO          142    .text.MODBUS_ASCII_CheckAscii  modbus_ascii.o
    0x08001ebe   0x08001ebe   0x00000080   Code   RO          134    .text.MODBUS_ASCII_GetLrc  modbus_ascii.o
    0x08001f3e   0x08001f3e   0x00000002   PAD
    0x08001f40   0x08001f40   0x00000100   Code   RO          140    .text.MODBUS_ASCII_HandlRevData  modbus_ascii.o
    0x08002040   0x08002040   0x0000005a   Code   RO          130    .text.MODBUS_ASCII_HexToAscii  modbus_ascii.o
    0x0800209a   0x0800209a   0x00000002   PAD
    0x0800209c   0x0800209c   0x000000dc   Code   RO          144    .text.MODBUS_ASCII_RecvData  modbus_ascii.o
    0x08002178   0x08002178   0x00000052   Code   RO          138    .text.MODBUS_ASCII_RtuPacketToAsciiPacket  modbus_ascii.o
    0x080021ca   0x080021ca   0x00000002   PAD
    0x080021cc   0x080021cc   0x00000100   Code   RO          146    .text.MODBUS_ASCII_SendData  modbus_ascii.o
    0x080022cc   0x080022cc   0x00000108   Code   RO          148    .text.MODBUS_ASCII_SendData1  modbus_ascii.o
    0x080023d4   0x080023d4   0x00000002   Code   RO            2    .text.NMI_Handler   gd32e230_it.o
    0x080023d6   0x080023d6   0x00000002   Code   RO           16    .text.PendSV_Handler  gd32e230_it.o
    0x080023d8   0x080023d8   0x000000a0   Code   RO          162    .text.ReadPara      para.o
    0x08002478   0x08002478   0x000001a4   Code   RO          295    .text.ReadTH        sht3x.o
    0x0800261c   0x0800261c   0x00000044   Code   RO          291    .text.Read_Sht3_TH  sht3x.o
    0x08002660   0x08002660   0x00000030   Code   RO          251    .text.SDA_IN        th_iic.o
    0x08002690   0x08002690   0x00000034   Code   RO          253    .text.SDA_OUT       th_iic.o
    0x080026c4   0x080026c4   0x000000d8   Code   RO          283    .text.SHT3_Init     sht3x.o
    0x0800279c   0x0800279c   0x000000d2   Code   RO          289    .text.SHT3x_ReadData  sht3x.o
    0x0800286e   0x0800286e   0x0000006c   Code   RO          287    .text.SHT3x_WriteData  sht3x.o
    0x080028da   0x080028da   0x00000002   Code   RO           12    .text.SVC_Handler   gd32e230_it.o
    0x080028dc   0x080028dc   0x00000030   Code   RO          285    .text.Set_Sht3_Periodi  sht3x.o
    0x0800290c   0x0800290c   0x00000008   Code   RO           18    .text.SysTick_Handler  gd32e230_it.o
    0x08002914   0x08002914   0x000000ac   Code   RO          310    .text.SystemInit    system_gd32e230.o
    0x080029c0   0x080029c0   0x000001f0   Code   RO          293    .text.TH_Filter     sht3x.o
    0x08002bb0   0x08002bb0   0x00000040   Code   RO          261    .text.TH_IIC_Ack    th_iic.o
    0x08002bf0   0x08002bf0   0x00000090   Code   RO          249    .text.TH_IIC_Init   th_iic.o
    0x08002c80   0x08002c80   0x00000040   Code   RO          263    .text.TH_IIC_NAck   th_iic.o
    0x08002cc0   0x08002cc0   0x00000094   Code   RO          267    .text.TH_IIC_Read_Byte  th_iic.o
    0x08002d54   0x08002d54   0x00000084   Code   RO          265    .text.TH_IIC_Send_Byte  th_iic.o
    0x08002dd8   0x08002dd8   0x00000044   Code   RO          255    .text.TH_IIC_Start  th_iic.o
    0x08002e1c   0x08002e1c   0x00000044   Code   RO          257    .text.TH_IIC_Stop   th_iic.o
    0x08002e60   0x08002e60   0x00000078   Code   RO          259    .text.TH_IIC_Wait_Ack  th_iic.o
    0x08002ed8   0x08002ed8   0x000000b8   Code   RO          210    .text.TIMER0_Channel_IRQHandler  timer.o
    0x08002f90   0x08002f90   0x00000034   Code   RO          212    .text.TIMER14_IRQHandler  timer.o
    0x08002fc4   0x08002fc4   0x00000034   Code   RO          214    .text.TIMER15_IRQHandler  timer.o
    0x08002ff8   0x08002ff8   0x0000005c   Code   RO          208    .text.TIMER15_Init  timer.o
    0x08003054   0x08003054   0x00000060   Code   RO          206    .text.TIMER2_Init   timer.o
    0x080030b4   0x080030b4   0x000000a4   Code   RO         1463    .text.UARTx_SendData  gd32e230c_eval.o
    0x08003158   0x08003158   0x000000bc   Code   RO         1461    .text.USART1_IRQHandler  gd32e230c_eval.o
    0x08003214   0x08003214   0x00000034   Code   RO          781    .text.__NVIC_EnableIRQ  gd32e230_misc.o
    0x08003248   0x08003248   0x00000088   Code   RO          779    .text.__NVIC_SetPriority  gd32e230_misc.o
    0x080032d0   0x080032d0   0x0000001c   Code   RO          111    .text.__NVIC_SystemReset  modbus_asc.o
    0x080032ec   0x080032ec   0x00000070   Code   RO           35    .text.com_gpio_init  main.o
    0x0800335c   0x0800335c   0x000000e4   Code   RO           37    .text.com_usart_init  main.o
    0x08003440   0x08003440   0x0000001c   Code   RO           66    .text.delay_decrement  systick.o
    0x0800345c   0x0800345c   0x00000048   Code   RO          177    .text.flash_read_MultiBytes  flash.o
    0x080034a4   0x080034a4   0x00000060   Code   RO          175    .text.flash_read_multi  flash.o
    0x08003504   0x08003504   0x00000010   Code   RO          623    .text.fmc_flag_clear  gd32e230_fmc.o
    0x08003514   0x08003514   0x0000000c   Code   RO          573    .text.fmc_lock      gd32e230_fmc.o
    0x08003520   0x08003520   0x0000005c   Code   RO          581    .text.fmc_page_erase  gd32e230_fmc.o
    0x0800357c   0x0800357c   0x0000005a   Code   RO          583    .text.fmc_ready_wait  gd32e230_fmc.o
    0x080035d6   0x080035d6   0x00000002   PAD
    0x080035d8   0x080035d8   0x00000054   Code   RO          629    .text.fmc_state_get  gd32e230_fmc.o
    0x0800362c   0x0800362c   0x00000028   Code   RO          571    .text.fmc_unlock    gd32e230_fmc.o
    0x08003654   0x08003654   0x00000058   Code   RO          589    .text.fmc_word_program  gd32e230_fmc.o
    0x080036ac   0x080036ac   0x00000034   Code   RO           39    .text.fputc         main.o
    0x080036e0   0x080036e0   0x000000e8   Code   RO          652    .text.fwdgt_config  gd32e230_fwdgt.o
    0x080037c8   0x080037c8   0x0000000c   Code   RO          650    .text.fwdgt_counter_reload  gd32e230_fwdgt.o
    0x080037d4   0x080037d4   0x00000010   Code   RO          642    .text.fwdgt_enable  gd32e230_fwdgt.o
    0x080037e4   0x080037e4   0x000000c4   Code   RO          685    .text.gpio_af_set   gd32e230_gpio.o
    0x080038a8   0x080038a8   0x00000010   Code   RO          671    .text.gpio_bit_reset  gd32e230_gpio.o
    0x080038b8   0x080038b8   0x00000010   Code   RO          669    .text.gpio_bit_set  gd32e230_gpio.o
    0x080038c8   0x080038c8   0x00000028   Code   RO          673    .text.gpio_bit_write  gd32e230_gpio.o
    0x080038f0   0x080038f0   0x0000002a   Code   RO          677    .text.gpio_input_bit_get  gd32e230_gpio.o
    0x0800391a   0x0800391a   0x00000090   Code   RO          665    .text.gpio_mode_set  gd32e230_gpio.o
    0x080039aa   0x080039aa   0x0000008e   Code   RO          667    .text.gpio_output_options_set  gd32e230_gpio.o
    0x08003a38   0x08003a38   0x00000130   Code   RO           33    .text.main          main.o
    0x08003b68   0x08003b68   0x00000034   Code   RO          777    .text.nvic_irq_enable  gd32e230_misc.o
    0x08003b9c   0x08003b9c   0x00000020   Code   RO          791    .text.nvic_vector_table_set  gd32e230_misc.o
    0x08003bbc   0x08003bbc   0x00000284   Code   RO          916    .text.rcu_clock_freq_get  gd32e230_rcu.o
    0x08003e40   0x08003e40   0x00000038   Code   RO          882    .text.rcu_flag_get  gd32e230_rcu.o
    0x08003e78   0x08003e78   0x00000024   Code   RO          896    .text.rcu_osci_on   gd32e230_rcu.o
    0x08003e9c   0x08003e9c   0x00000258   Code   RO          894    .text.rcu_osci_stab_wait  gd32e230_rcu.o
    0x080040f4   0x080040f4   0x00000024   Code   RO          842    .text.rcu_periph_clock_enable  gd32e230_rcu.o
    0x08004118   0x08004118   0x00000024   Code   RO          852    .text.rcu_periph_reset_disable  gd32e230_rcu.o
    0x0800413c   0x0800413c   0x00000028   Code   RO          850    .text.rcu_periph_reset_enable  gd32e230_rcu.o
    0x08004164   0x08004164   0x00000038   Code   RO           29    .text.rs485_Init    main.o
    0x0800419c   0x0800419c   0x000000e4   Code   RO          316    .text.system_clock_72m_irc8m  system_gd32e230.o
    0x08004280   0x08004280   0x00000008   Code   RO          312    .text.system_clock_config  system_gd32e230.o
    0x08004288   0x08004288   0x00000012   Code   RO         1128    .text.timer_auto_reload_shadow_enable  gd32e230_timer.o
    0x0800429a   0x0800429a   0x00000002   PAD
    0x0800429c   0x0800429c   0x000000a2   Code   RO         1226    .text.timer_channel_input_capture_prescaler_config  gd32e230_timer.o
    0x0800433e   0x0800433e   0x0000001c   Code   RO         1222    .text.timer_channel_input_struct_para_init  gd32e230_timer.o
    0x0800435a   0x0800435a   0x00000002   PAD
    0x0800435c   0x0800435c   0x000000d0   Code   RO          204    .text.timer_config  timer.o
    0x0800442c   0x0800442c   0x000000e0   Code   RO         1118    .text.timer_deinit  gd32e230_timer.o
    0x0800450c   0x0800450c   0x00000012   Code   RO         1126    .text.timer_disable  gd32e230_timer.o
    0x0800451e   0x0800451e   0x00000012   Code   RO         1124    .text.timer_enable  gd32e230_timer.o
    0x08004530   0x08004530   0x000000fc   Code   RO         1122    .text.timer_init    gd32e230_timer.o
    0x0800462c   0x0800462c   0x000001c2   Code   RO         1224    .text.timer_input_capture_config  gd32e230_timer.o
    0x080047ee   0x080047ee   0x00000014   Code   RO         1162    .text.timer_interrupt_disable  gd32e230_timer.o
    0x08004802   0x08004802   0x00000014   Code   RO         1160    .text.timer_interrupt_enable  gd32e230_timer.o
    0x08004816   0x08004816   0x00000014   Code   RO         1166    .text.timer_interrupt_flag_clear  gd32e230_timer.o
    0x0800482a   0x0800482a   0x0000003c   Code   RO         1164    .text.timer_interrupt_flag_get  gd32e230_timer.o
    0x08004866   0x08004866   0x00000002   PAD
    0x08004868   0x08004868   0x000000b0   Code   RO         1273    .text.usart_baudrate_set  gd32e230_usart.o
    0x08004918   0x08004918   0x00000010   Code   RO         1309    .text.usart_data_receive  gd32e230_usart.o
    0x08004928   0x08004928   0x00000018   Code   RO         1307    .text.usart_data_transmit  gd32e230_usart.o
    0x08004940   0x08004940   0x00000054   Code   RO         1271    .text.usart_deinit  gd32e230_usart.o
    0x08004994   0x08004994   0x00000012   Code   RO         1281    .text.usart_enable  gd32e230_usart.o
    0x080049a6   0x080049a6   0x0000003a   Code   RO         1405    .text.usart_flag_get  gd32e230_usart.o
    0x080049e0   0x080049e0   0x00000026   Code   RO         1411    .text.usart_interrupt_disable  gd32e230_usart.o
    0x08004a06   0x08004a06   0x00000026   Code   RO         1409    .text.usart_interrupt_enable  gd32e230_usart.o
    0x08004a2c   0x08004a2c   0x00000040   Code   RO         1417    .text.usart_interrupt_flag_clear  gd32e230_usart.o
    0x08004a6c   0x08004a6c   0x00000066   Code   RO         1415    .text.usart_interrupt_flag_get  gd32e230_usart.o
    0x08004ad2   0x08004ad2   0x0000001e   Code   RO         1287    .text.usart_receive_config  gd32e230_usart.o
    0x08004af0   0x08004af0   0x0000001e   Code   RO         1285    .text.usart_transmit_config  gd32e230_usart.o
    0x08004b0e   0x08004b0e   0x00000002   PAD
    0x08004b10   0x08004b10   0x00000020   Code   RO         1505    i.__0printf         mc_p.l(printfa.o)
    0x08004b30   0x08004b30   0x0000002e   Code   RO         1586    i.__ARM_clz         mf_p.l(depilogue.o)
    0x08004b5e   0x08004b5e   0x0000000e   Code   RO         1590    i.__scatterload_copy  mc_p.l(handlers.o)
    0x08004b6c   0x08004b6c   0x00000002   Code   RO         1591    i.__scatterload_null  mc_p.l(handlers.o)
    0x08004b6e   0x08004b6e   0x0000000e   Code   RO         1592    i.__scatterload_zeroinit  mc_p.l(handlers.o)
    0x08004b7c   0x08004b7c   0x00000174   Code   RO         1512    i._fp_digits        mc_p.l(printfa.o)
    0x08004cf0   0x08004cf0   0x000006ec   Code   RO         1513    i._printf_core      mc_p.l(printfa.o)
    0x080053dc   0x080053dc   0x00000020   Code   RO         1514    i._printf_post_padding  mc_p.l(printfa.o)
    0x080053fc   0x080053fc   0x0000002c   Code   RO         1515    i._printf_pre_padding  mc_p.l(printfa.o)
    0x08005428   0x08005428   0x0000000a   Data   RO          119    .rodata.SensorSoftVersion  modbus_asc.o
    0x08005432   0x08005432   0x00000002   Data   RO          122    .rodata.str1.1      modbus_asc.o
    0x08005434   0x08005434   0x00000003   Data   RO          154    .rodata.str1.1      modbus_ascii.o
    0x08005437   0x08005437   0x00000001   PAD
    0x08005438   0x08005438   0x00000020   Data   RO         1589    Region$$Table       anon$$obj.o


    Execution Region RW_IRAM1 (Exec base: 0x20000000, Load base: 0x08005458, Size: 0x00001c70, Max: 0x00002000, ABSOLUTE)

    Exec Addr    Load Addr    Size         Type   Attr      Idx    E Section Name        Object

    0x20000000   0x08005458   0x00000004   Data   RW         1558    .data               mc_p.l(stdout.o)
    0x20000004   0x0800545c   0x00000013   Data   RW          164    .data.User_Default_Param  para.o
    0x20000017   0x0800546f   0x00000001   Data   RW          150    .data.g_cyRevState  modbus_ascii.o
    0x20000018   0x08005470   0x00000001   Data   RW           41    .data.receive       main.o
    0x20000019   0x08005471   0x00000007   PAD
    0x20000020        -       0x00000002   Zero   RW          230    .bss.AutoUpLoad_counter  timer.o
    0x20000022        -       0x00000002   Zero   RW          220    .bss.CH0_cnt        timer.o
    0x20000024        -       0x00000002   Zero   RW          221    .bss.CH1_cnt        timer.o
    0x20000026        -       0x00000013   Zero   RW          165    .bss.Cur_Param      para.o
    0x20000039   0x08005471   0x00000003   PAD
    0x2000003c        -       0x00001000   Zero   RW          195    .bss.Flash_Buf      flash.o
    0x2000103c        -       0x00000004   Zero   RW          298    .bss.Get_Duration.TemCountCnt1  sht3x.o
    0x20001040        -       0x00000004   Zero   RW          299    .bss.Get_Duration.TemCountCnt2  sht3x.o
    0x20001044        -       0x00000064   Zero   RW          121    .bss.SendBuf        modbus_asc.o
    0x200010a8        -       0x00000001   Zero   RW          120    .bss.SendLen        modbus_asc.o
    0x200010a9        -       0x00000002   Zero   RW          297    .bss.SensorSta      sht3x.o
    0x200010ab   0x08005471   0x00000001   PAD
    0x200010ac        -       0x00000024   Zero   RW          300    .bss.T_H            sht3x.o
    0x200010d0        -       0x00000001   Zero   RW          219    .bss.Time_1s_flag   timer.o
    0x200010d1        -       0x00000258   Zero   RW         1483    .bss.UARTx_RXBuff   gd32e230c_eval.o
    0x20001329        -       0x00000001   Zero   RW         1480    .bss.UARTx_RXBuffLen  gd32e230c_eval.o
    0x2000132a        -       0x00000258   Zero   RW         1482    .bss.UARTx_TXBUFF   gd32e230c_eval.o
    0x20001582        -       0x00000001   Zero   RW          152    .bss.UartRecvFrameOK  modbus_ascii.o
    0x20001583   0x08005471   0x00000001   PAD
    0x20001584        -       0x00000024   Zero   RW          166    .bss.UserPara       para.o
    0x200015a8        -       0x00000001   Zero   RW         1481    .bss.ch             gd32e230c_eval.o
    0x200015a9        -       0x00000258   Zero   RW          153    .bss.cyAsciiBuff    modbus_ascii.o
    0x20001801   0x08005471   0x00000003   PAD
    0x20001804        -       0x00000004   Zero   RW           68    .bss.delay          systick.o
    0x20001808        -       0x00000028   Zero   RW          302    .bss.gHumBuf        sht3x.o
    0x20001830        -       0x00000028   Zero   RW          301    .bss.gTemBuf        sht3x.o
    0x20001858        -       0x00000002   Zero   RW          151    .bss.g_cyRevBufffLen  modbus_ascii.o
    0x2000185a        -       0x00000002   Zero   RW          226    .bss.pulse_flag0    timer.o
    0x2000185c        -       0x00000002   Zero   RW          227    .bss.pulse_flag1    timer.o
    0x2000185e   0x08005471   0x00000002   PAD
    0x20001860        -       0x00000004   Zero   RW           42    .bss.receive1       main.o
    0x20001864        -       0x00000001   Zero   RW         1479    .bss.u8SendIndex    gd32e230c_eval.o
    0x20001865        -       0x00000001   Zero   RW         1478    .bss.u8SendNum      gd32e230c_eval.o
    0x20001866        -       0x00000001   Zero   RW          269    .bss.x              th_iic.o
    0x20001867        -       0x00000001   Zero   RW          270    .bss.y1             th_iic.o
    0x20001868        -       0x00000001   Zero   RW          271    .bss.y2             th_iic.o
    0x20001869   0x08005471   0x00000007   PAD
    0x20001870        -       0x00000400   Zero   RW         1490    STACK               startup_gd32e230.o


==============================================================================

Image component sizes


      Code (inc. data)   RO Data    RW Data    ZI Data      Debug   Object Name

        34          0          0          0          0       1238   common.o
       482         20          0          0       4096       4174   flash.o
       422         24          0          0          0       6567   gd32e230_fmc.o
       260         36          0          0          0       2591   gd32e230_fwdgt.o
       596          0          0          0          0       4294   gd32e230_gpio.o
        18          0          0          0          0       1007   gd32e230_it.o
       272         20          0          0          0       3950   gd32e230_misc.o
      1448         60          0          0          0      11431   gd32e230_rcu.o
      1290         48          0          0          0      17146   gd32e230_timer.o
       678         28          0          0          0      14302   gd32e230_usart.o
       352         32          0          0       1204       5466   gd32e230c_eval.o
       804         72          0          1          4       4705   main.o
      3610        164         12          0        101       6304   modbus_asc.o
      1752         32          3          1        603       4181   modbus_ascii.o
       160         12          0         19         55       1547   para.o
      2438         68          0          0        126       5165   sht3x.o
        28          8        204          0       1024        712   startup_gd32e230.o
       408         56          0          0          0       1844   system_gd32e230.o
        28          4          0          0          4       2996   systick.o
      1138         32          0          0          3       3369   th_iic.o
       684         60          0          0         11       4692   timer.o

    ----------------------------------------------------------------------
     16920        776        252         24       7252     107681   Object Totals
         0          0         32          0          0          0   (incl. Generated)
        18          0          1          3         21          0   (incl. Padding)

    ----------------------------------------------------------------------

      Code (inc. data)   RO Data    RW Data    ZI Data      Debug   Library Member Name

         0          0          0          0          0          0   entry.o
         0          0          0          0          0          0   entry10a.o
         0          0          0          0          0          0   entry11a.o
         8          4          0          0          0          0   entry2.o
         4          0          0          0          0          0   entry5.o
         0          0          0          0          0          0   entry7b.o
         0          0          0          0          0          0   entry8b.o
         8          4          0          0          0          0   entry9a.o
        30          0          0          0          0          0   handlers.o
        36          8          0          0          0         68   init.o
         0          0          0          0          0          0   iusefp.o
        32          0          0          0          0         68   llshl.o
        38          0          0          0          0         68   llsshr.o
        34          0          0          0          0         68   llushr.o
        36          0          0          0          0        100   memseta.o
      2252         98          0          0          0        412   printfa.o
         0          0          0          4          0          0   stdout.o
        44          0          0          0          0         72   uidiv.o
        96          0          0          0          0         84   uldiv.o
        40          2          0          0          0         68   cdrcmple.o
       356          4          0          0          0        140   dadd.o
       240          6          0          0          0         84   ddiv.o
       236          0          0          0          0        216   depilogue.o
        64         10          0          0          0         68   dfixul.o
       208          6          0          0          0         88   dmul.o
       178          0          0          0          0        108   fadd.o
        28          0          0          0          0         60   fcmple.o
       124          0          0          0          0         72   fdiv.o
       130          0          0          0          0        144   fepilogue.o
        50          0          0          0          0         60   ffixi.o
        22          0          0          0          0         68   fflti.o
       122          0          0          0          0         72   fmul.o

    ----------------------------------------------------------------------
      4420        142          0          4          0       2188   Library Totals
         4          0          0          0          0          0   (incl. Padding)

    ----------------------------------------------------------------------

      Code (inc. data)   RO Data    RW Data    ZI Data      Debug   Library Name

      2618        114          0          4          0        940   mc_p.l
      1798         28          0          0          0       1248   mf_p.l

    ----------------------------------------------------------------------
      4420        142          0          4          0       2188   Library Totals

    ----------------------------------------------------------------------

==============================================================================


      Code (inc. data)   RO Data    RW Data    ZI Data      Debug   

     21340        918        252         28       7252     108697   Grand Totals
     21340        918        252         28       7252     108697   ELF Image Totals
     21340        918        252         28          0          0   ROM Totals

==============================================================================

    Total RO  Size (Code + RO Data)                21592 (  21.09kB)
    Total RW  Size (RW Data + ZI Data)              7280 (   7.11kB)
    Total ROM Size (Code + RO Data + RW Data)      21620 (  21.11kB)

==============================================================================

