	.text
	.syntax unified
	.eabi_attribute	67, "2.09"	@ Tag_conformance
	.cpu	cortex-m23
	.eabi_attribute	6, 16	@ Tag_CPU_arch
	.eabi_attribute	7, 77	@ Tag_CPU_arch_profile
	.eabi_attribute	8, 0	@ Tag_ARM_ISA_use
	.eabi_attribute	9, 3	@ Tag_THUMB_ISA_use
	.eabi_attribute	34, 0	@ Tag_CPU_unaligned_access
	.eabi_attribute	17, 1	@ Tag_ABI_PCS_GOT_use
	.eabi_attribute	20, 2	@ Tag_ABI_FP_denormal
	.eabi_attribute	21, 0	@ Tag_ABI_FP_exceptions
	.eabi_attribute	23, 1	@ Tag_ABI_FP_number_model
	.eabi_attribute	24, 1	@ Tag_ABI_align_needed
	.eabi_attribute	25, 1	@ Tag_ABI_align_preserved
	.eabi_attribute	38, 1	@ Tag_ABI_FP_16bit_format
	.eabi_attribute	18, 2	@ Tag_ABI_PCS_wchar_t
	.eabi_attribute	26, 1	@ Tag_ABI_enum_size
	.eabi_attribute	14, 0	@ Tag_ABI_PCS_R9_use
	.file	"main.c"
	.file	1 "D:\\Keil_v5\\ARM\\ARMCLANG\\Bin\\..\\include" "stdint.h"
	.file	2 "E:\\project\\product\\GD32\\GD32E230\\E230 - TH\\MDK-ARM" "../User/main.c"
	.file	3 "E:\\project\\product\\GD32\\GD32E230\\E230 - TH\\MDK-ARM" "../GD32E230_Firmware_Library/GD32E230_standard_peripheral/Include\\gd32e230_rcu.h"
	.file	4 "E:\\project\\product\\GD32\\GD32E230\\E230 - TH\\MDK-ARM" "../GD32E230_Firmware_Library/CMSIS/GD/GD32E230/Include\\gd32e230.h"
	.file	5 "E:\\project\\product\\GD32\\GD32E230\\E230 - TH\\MDK-ARM" "../GD32E230_Firmware_Library/GD32E230_standard_peripheral/Include\\gd32e230_usart.h"
	.file	6 "E:\\project\\product\\GD32\\GD32E230\\E230 - TH\\MDK-ARM" "../APP/Inc/type.h"
	.section	.text.DRV_IWDG_Init,"ax",%progbits
	.hidden	DRV_IWDG_Init           @ -- Begin function DRV_IWDG_Init
	.globl	DRV_IWDG_Init
	.p2align	2
	.type	DRV_IWDG_Init,%function
	.code	16                      @ @DRV_IWDG_Init
	.thumb_func
DRV_IWDG_Init:
.Lfunc_begin0:
	.loc	2 64 0                  @ ../User/main.c:64:0
	.fnstart
	.cfi_sections .debug_frame
	.cfi_startproc
@ %bb.0:
	.save	{r7, lr}
	push	{r7, lr}
	.cfi_def_cfa_offset 8
	.cfi_offset lr, -4
	.cfi_offset r7, -8
	.pad	#8
	sub	sp, #8
	.cfi_def_cfa_offset 16
	movw	r0, #2304
.Ltmp0:
	.loc	2 65 2 prologue_end     @ ../User/main.c:65:2
	bl	rcu_osci_on
	.loc	2 66 5                  @ ../User/main.c:66:5
	b	.LBB0_1
.LBB0_1:                                @ =>This Inner Loop Header: Depth=1
	.loc	2 0 5 is_stmt 0         @ ../User/main.c:0:5
	movw	r0, #2304
	.loc	2 66 22                 @ ../User/main.c:66:22
	bl	rcu_osci_stab_wait
	.loc	2 66 5                  @ ../User/main.c:66:5
	cmp	r0, #1
	beq	.LBB0_3
	b	.LBB0_2
.LBB0_2:                                @   in Loop: Header=BB0_1 Depth=1
	b	.LBB0_1
.LBB0_3:
	.loc	2 0 5                   @ ../User/main.c:0:5
	ldr	r0, __arm_cp.0_0
	movs	r1, #6
	.loc	2 70 2 is_stmt 1        @ ../User/main.c:70:2
	bl	fwdgt_config
	.loc	2 71 2                  @ ../User/main.c:71:2
	str	r0, [sp, #4]            @ 4-byte Spill
	bl	fwdgt_enable
	.loc	2 84 1                  @ ../User/main.c:84:1
	add	sp, #8
	pop	{r7, pc}
.Ltmp1:
	.p2align	2
@ %bb.4:
	.loc	2 0 1 is_stmt 0         @ ../User/main.c:0:1
__arm_cp.0_0:
	.long	2500                    @ 0x9c4
.Lcpi_end0:
	.size	__arm_cp.0_0, .Lcpi_end0-__arm_cp.0_0
.Lfunc_end0:
	.size	DRV_IWDG_Init, .Lfunc_end0-DRV_IWDG_Init
	.cfi_endproc
	.cantunwind
	.fnend
                                        @ -- End function
	.section	.text.rs485_Init,"ax",%progbits
	.hidden	rs485_Init              @ -- Begin function rs485_Init
	.globl	rs485_Init
	.p2align	2
	.type	rs485_Init,%function
	.code	16                      @ @rs485_Init
	.thumb_func
rs485_Init:
.Lfunc_begin1:
	.loc	2 89 0 is_stmt 1        @ ../User/main.c:89:0
	.fnstart
	.cfi_startproc
@ %bb.0:
	.save	{r7, lr}
	push	{r7, lr}
	.cfi_def_cfa_offset 8
	.cfi_offset lr, -4
	.cfi_offset r7, -8
	.pad	#16
	sub	sp, #16
	.cfi_def_cfa_offset 24
	ldr	r0, __arm_cp.1_0
.Ltmp2:
	.loc	2 91 5 prologue_end     @ ../User/main.c:91:5
	bl	rcu_periph_clock_enable
	movs	r0, #9
	lsls	r0, r0, #27
	movs	r1, #1
	movs	r2, #0
	movs	r3, #4
	.loc	2 93 5                  @ ../User/main.c:93:5
	str	r0, [sp, #12]           @ 4-byte Spill
	str	r1, [sp, #8]            @ 4-byte Spill
	str	r2, [sp, #4]            @ 4-byte Spill
	str	r3, [sp]                @ 4-byte Spill
	bl	gpio_mode_set
	.loc	2 95 2                  @ ../User/main.c:95:2
	ldr	r0, [sp, #12]           @ 4-byte Reload
	ldr	r1, [sp, #4]            @ 4-byte Reload
	ldr	r2, [sp, #8]            @ 4-byte Reload
	ldr	r3, [sp]                @ 4-byte Reload
	bl	gpio_output_options_set
	.loc	2 97 2                  @ ../User/main.c:97:2
	ldr	r0, [sp, #12]           @ 4-byte Reload
	ldr	r1, [sp]                @ 4-byte Reload
	bl	gpio_bit_reset
	.loc	2 100 1                 @ ../User/main.c:100:1
	add	sp, #16
	pop	{r7, pc}
.Ltmp3:
	.p2align	2
@ %bb.1:
	.loc	2 0 1 is_stmt 0         @ ../User/main.c:0:1
__arm_cp.1_0:
	.long	1297                    @ 0x511
.Lcpi_end1:
	.size	__arm_cp.1_0, .Lcpi_end1-__arm_cp.1_0
.Lfunc_end1:
	.size	rs485_Init, .Lfunc_end1-rs485_Init
	.cfi_endproc
	.cantunwind
	.fnend
                                        @ -- End function
	.section	.text.delayms,"ax",%progbits
	.hidden	delayms                 @ -- Begin function delayms
	.globl	delayms
	.p2align	1
	.type	delayms,%function
	.code	16                      @ @delayms
	.thumb_func
delayms:
.Lfunc_begin2:
	.loc	2 103 0 is_stmt 1       @ ../User/main.c:103:0
	.fnstart
	.cfi_startproc
@ %bb.0:
	.pad	#8
	sub	sp, #8
	.cfi_def_cfa_offset 8
	add	r0, sp, #4
	movs	r1, #255
.Ltmp4:
	.loc	2 104 11 prologue_end   @ ../User/main.c:104:11
	strh	r1, [r0]
	mov	r0, sp
	.loc	2 104 18 is_stmt 0      @ ../User/main.c:104:18
	strh	r1, [r0]
	.loc	2 105 2 is_stmt 1       @ ../User/main.c:105:2
	b	.LBB2_1
.LBB2_1:                                @ =>This Loop Header: Depth=1
                                        @     Child Loop BB2_3 Depth 2
	.loc	2 0 2 is_stmt 0         @ ../User/main.c:0:2
	add	r0, sp, #4
.Ltmp5:
	.loc	2 105 7                 @ ../User/main.c:105:7
	ldrh	r0, [r0]
.Ltmp6:
	.loc	2 105 2                 @ ../User/main.c:105:2
	cmp	r0, #1
	blt	.LBB2_8
	b	.LBB2_2
.LBB2_2:                                @   in Loop: Header=BB2_1 Depth=1
.Ltmp7:
	.loc	2 106 3 is_stmt 1       @ ../User/main.c:106:3
	b	.LBB2_3
.LBB2_3:                                @   Parent Loop BB2_1 Depth=1
                                        @ =>  This Inner Loop Header: Depth=2
	.loc	2 0 3 is_stmt 0         @ ../User/main.c:0:3
	mov	r0, sp
.Ltmp8:
	.loc	2 106 8                 @ ../User/main.c:106:8
	ldrh	r0, [r0]
.Ltmp9:
	.loc	2 106 3                 @ ../User/main.c:106:3
	cmp	r0, #1
	blt	.LBB2_6
	b	.LBB2_4
.LBB2_4:                                @   in Loop: Header=BB2_3 Depth=2
	b	.LBB2_5
.LBB2_5:                                @   in Loop: Header=BB2_3 Depth=2
.Ltmp10:
	.loc	2 106 13                @ ../User/main.c:106:13
	ldr	r0, [sp]
	subs	r0, r0, #1
	mov	r1, sp
	strh	r0, [r1]
	.loc	2 106 3                 @ ../User/main.c:106:3
	b	.LBB2_3
.Ltmp11:
.LBB2_6:                                @   in Loop: Header=BB2_1 Depth=1
	.loc	2 106 16                @ ../User/main.c:106:16
	b	.LBB2_7
.Ltmp12:
.LBB2_7:                                @   in Loop: Header=BB2_1 Depth=1
	.loc	2 105 12 is_stmt 1      @ ../User/main.c:105:12
	ldr	r0, [sp, #4]
	subs	r0, r0, #1
	add	r1, sp, #4
	strh	r0, [r1]
	.loc	2 105 2 is_stmt 0       @ ../User/main.c:105:2
	b	.LBB2_1
.Ltmp13:
.LBB2_8:
	.loc	2 107 1 is_stmt 1       @ ../User/main.c:107:1
	add	sp, #8
	bx	lr
.Ltmp14:
.Lfunc_end2:
	.size	delayms, .Lfunc_end2-delayms
	.cfi_endproc
	.cantunwind
	.fnend
                                        @ -- End function
	.section	.text.main,"ax",%progbits
	.hidden	main                    @ -- Begin function main
	.globl	main
	.p2align	2
	.type	main,%function
	.code	16                      @ @main
	.thumb_func
main:
.Lfunc_begin3:
	.loc	2 133 0                 @ ../User/main.c:133:0
	.fnstart
	.cfi_startproc
@ %bb.0:
	.save	{r7, lr}
	push	{r7, lr}
	.cfi_def_cfa_offset 8
	.cfi_offset lr, -4
	.cfi_offset r7, -8
	.pad	#32
	sub	sp, #32
	.cfi_def_cfa_offset 40
	movs	r0, #0
	str	r0, [sp, #28]
	movs	r1, #1
	lsls	r1, r1, #27
	movw	r2, #16384
.Ltmp15:
	.loc	2 134 2 prologue_end    @ ../User/main.c:134:2
	str	r0, [sp, #8]            @ 4-byte Spill
	mov	r0, r1
	mov	r1, r2
	bl	nvic_vector_table_set
	add	r0, sp, #12
	.loc	2 136 10                @ ../User/main.c:136:10
	ldr	r1, [sp, #8]            @ 4-byte Reload
	strb	r1, [r0, #12]
	ldr	r0, __arm_cp.3_0
	str	r0, [sp, #20]
	ldr	r0, __arm_cp.3_1
	str	r0, [sp, #16]
	ldr	r0, __arm_cp.3_2
	str	r0, [sp, #12]
	movs	r0, #27
	movs	r1, #2
	.loc	2 138 2                 @ ../User/main.c:138:2
	bl	nvic_irq_enable
	.loc	2 141 5                 @ ../User/main.c:141:5
	bl	com_gpio_init
	.loc	2 142 5                 @ ../User/main.c:142:5
	bl	com_usart_init
	ldr	r0, __arm_cp.3_3
	movs	r1, #5
	.loc	2 147 2                 @ ../User/main.c:147:2
	bl	usart_interrupt_enable
	.loc	2 149 2                 @ ../User/main.c:149:2
	bl	DRV_IWDG_Init
	.loc	2 152 2                 @ ../User/main.c:152:2
	bl	TIMER2_Init
	.loc	2 154 2                 @ ../User/main.c:154:2
	bl	TIMER15_Init
	.loc	2 156 2                 @ ../User/main.c:156:2
	bl	ReadPara
	.loc	2 158 2                 @ ../User/main.c:158:2
	bl	TH_IIC_Init
	.loc	2 159 5                 @ ../User/main.c:159:5
	bl	SHT3_Init
	.loc	2 167 5                 @ ../User/main.c:167:5
	b	.LBB3_1
.LBB3_1:                                @ =>This Inner Loop Header: Depth=1
.Ltmp16:
	.loc	2 170 3                 @ ../User/main.c:170:3
	bl	fwdgt_counter_reload
.Ltmp17:
	.loc	2 172 6                 @ ../User/main.c:172:6
	ldr	r0, __arm_cp.3_4
	ldrb	r0, [r0]
.Ltmp18:
	.loc	2 172 6 is_stmt 0       @ ../User/main.c:172:6
	cmp	r0, #0
	beq	.LBB3_3
	b	.LBB3_2
.LBB3_2:                                @   in Loop: Header=BB3_1 Depth=1
.Ltmp19:
	.loc	2 174 17 is_stmt 1      @ ../User/main.c:174:17
	ldr	r0, __arm_cp.3_4
	movs	r1, #0
	strb	r1, [r0]
	.loc	2 175 4                 @ ../User/main.c:175:4
	bl	ReadTH
	.loc	2 176 3                 @ ../User/main.c:176:3
	b	.LBB3_3
.Ltmp20:
.LBB3_3:                                @   in Loop: Header=BB3_1 Depth=1
	.loc	2 179 6                 @ ../User/main.c:179:6
	ldr	r0, __arm_cp.3_5
	ldrb	r0, [r0]
.Ltmp21:
	.loc	2 179 6 is_stmt 0       @ ../User/main.c:179:6
	cmp	r0, #0
	bne	.LBB3_7
	b	.LBB3_4
.LBB3_4:                                @   in Loop: Header=BB3_1 Depth=1
.Ltmp22:
	.loc	2 181 12 is_stmt 1      @ ../User/main.c:181:12
	ldr	r0, __arm_cp.3_6
	ldr	r1, [r0]
	adds	r1, r1, #1
	str	r1, [r0]
.Ltmp23:
	.loc	2 182 7                 @ ../User/main.c:182:7
	ldr	r0, [r0]
	movw	r1, #1000
.Ltmp24:
	.loc	2 182 7 is_stmt 0       @ ../User/main.c:182:7
	cmp	r0, r1
	bne	.LBB3_6
	b	.LBB3_5
.LBB3_5:                                @   in Loop: Header=BB3_1 Depth=1
	.loc	2 0 7                   @ ../User/main.c:0:7
	movs	r0, #9
	lsls	r0, r0, #27
	movs	r1, #4
.Ltmp25:
	.loc	2 184 5 is_stmt 1       @ ../User/main.c:184:5
	bl	gpio_bit_reset
	.loc	2 185 13                @ ../User/main.c:185:13
	ldr	r0, __arm_cp.3_5
	movs	r1, #1
	strb	r1, [r0]
	.loc	2 186 13                @ ../User/main.c:186:13
	ldr	r0, __arm_cp.3_6
	movs	r1, #0
	str	r1, [r0]
	.loc	2 187 4                 @ ../User/main.c:187:4
	b	.LBB3_6
.Ltmp26:
.LBB3_6:                                @   in Loop: Header=BB3_1 Depth=1
	.loc	2 188 3                 @ ../User/main.c:188:3
	b	.LBB3_7
.Ltmp27:
.LBB3_7:                                @   in Loop: Header=BB3_1 Depth=1
	.loc	2 191 6                 @ ../User/main.c:191:6
	ldr	r0, __arm_cp.3_7
	ldrb	r0, [r0]
.Ltmp28:
	.loc	2 191 6 is_stmt 0       @ ../User/main.c:191:6
	cmp	r0, #1
	bne	.LBB3_9
	b	.LBB3_8
.LBB3_8:                                @   in Loop: Header=BB3_1 Depth=1
.Ltmp29:
	.loc	2 193 4 is_stmt 1       @ ../User/main.c:193:4
	bl	MBASC_Function
	.loc	2 194 3                 @ ../User/main.c:194:3
	b	.LBB3_14
.Ltmp30:
.LBB3_9:                                @   in Loop: Header=BB3_1 Depth=1
	.loc	2 196 34                @ ../User/main.c:196:34
	ldr	r0, __arm_cp.3_8
	ldrb	r1, [r0, #26]
	.loc	2 196 11 is_stmt 0      @ ../User/main.c:196:11
	adds	r0, r0, r1
	ldrb	r0, [r0, #24]
.Ltmp31:
	.loc	2 196 11                @ ../User/main.c:196:11
	cmp	r0, #0
	beq	.LBB3_13
	b	.LBB3_10
.LBB3_10:                               @   in Loop: Header=BB3_1 Depth=1
	.loc	2 0 11                  @ ../User/main.c:0:11
	ldr	r0, __arm_cp.3_9
	movs	r1, #1
.Ltmp32:
	.loc	2 198 5 is_stmt 1       @ ../User/main.c:198:5
	str	r0, [sp, #4]            @ 4-byte Spill
	bl	timer_interrupt_enable
	.loc	2 199 5                 @ ../User/main.c:199:5
	ldr	r0, [sp, #4]            @ 4-byte Reload
	bl	timer_enable
.Ltmp33:
	.loc	2 201 7                 @ ../User/main.c:201:7
	ldr	r0, __arm_cp.3_10
	ldrh	r0, [r0]
	.loc	2 201 52 is_stmt 0      @ ../User/main.c:201:52
	ldr	r1, __arm_cp.3_8
	ldrb	r2, [r1, #26]
	.loc	2 201 29                @ ../User/main.c:201:29
	adds	r1, r1, r2
	ldrb	r1, [r1, #24]
.Ltmp34:
	.loc	2 201 7                 @ ../User/main.c:201:7
	cmp	r0, r1
	bne	.LBB3_12
	b	.LBB3_11
.LBB3_11:                               @   in Loop: Header=BB3_1 Depth=1
.Ltmp35:
	.loc	2 204 5 is_stmt 1       @ ../User/main.c:204:5
	bl	MBASC_AutoUpLoadFrame
	ldr	r0, __arm_cp.3_9
	movs	r1, #1
	.loc	2 206 5                 @ ../User/main.c:206:5
	str	r0, [sp]                @ 4-byte Spill
	bl	timer_interrupt_disable
	.loc	2 207 5                 @ ../User/main.c:207:5
	ldr	r0, [sp]                @ 4-byte Reload
	bl	timer_disable
	.loc	2 208 24                @ ../User/main.c:208:24
	ldr	r0, __arm_cp.3_10
	movs	r1, #0
	strh	r1, [r0]
	.loc	2 212 4                 @ ../User/main.c:212:4
	b	.LBB3_12
.Ltmp36:
.LBB3_12:                               @   in Loop: Header=BB3_1 Depth=1
	.loc	2 213 6                 @ ../User/main.c:213:6
	b	.LBB3_13
.Ltmp37:
.LBB3_13:                               @   in Loop: Header=BB3_1 Depth=1
	.loc	2 0 6 is_stmt 0         @ ../User/main.c:0:6
	b	.LBB3_14
.LBB3_14:                               @   in Loop: Header=BB3_1 Depth=1
	.loc	2 167 5 is_stmt 1       @ ../User/main.c:167:5
	b	.LBB3_1
.Ltmp38:
	.p2align	2
@ %bb.15:
	.loc	2 0 5 is_stmt 0         @ ../User/main.c:0:5
__arm_cp.3_0:
	.long	168650343               @ 0xa0d6667
.Lcpi_end2:
	.size	__arm_cp.3_0, .Lcpi_end2-__arm_cp.3_0
__arm_cp.3_1:
	.long	1702322535              @ 0x65776167
.Lcpi_end3:
	.size	__arm_cp.3_1, .Lcpi_end3-__arm_cp.3_1
__arm_cp.3_2:
	.long	1936156516              @ 0x73676764
.Lcpi_end4:
	.size	__arm_cp.3_2, .Lcpi_end4-__arm_cp.3_2
__arm_cp.3_3:
	.long	1073821696              @ 0x40013800
.Lcpi_end5:
	.size	__arm_cp.3_3, .Lcpi_end5-__arm_cp.3_3
__arm_cp.3_4:
	.long	Time_1s_flag
.Lcpi_end6:
	.size	__arm_cp.3_4, .Lcpi_end6-__arm_cp.3_4
__arm_cp.3_5:
	.long	receive
.Lcpi_end7:
	.size	__arm_cp.3_5, .Lcpi_end7-__arm_cp.3_5
__arm_cp.3_6:
	.long	receive1
.Lcpi_end8:
	.size	__arm_cp.3_6, .Lcpi_end8-__arm_cp.3_6
__arm_cp.3_7:
	.long	UartRecvFrameOK
.Lcpi_end9:
	.size	__arm_cp.3_7, .Lcpi_end9-__arm_cp.3_7
__arm_cp.3_8:
	.long	T_H
.Lcpi_end10:
	.size	__arm_cp.3_8, .Lcpi_end10-__arm_cp.3_8
__arm_cp.3_9:
	.long	1073824768              @ 0x40014400
.Lcpi_end11:
	.size	__arm_cp.3_9, .Lcpi_end11-__arm_cp.3_9
__arm_cp.3_10:
	.long	AutoUpLoad_counter
.Lcpi_end12:
	.size	__arm_cp.3_10, .Lcpi_end12-__arm_cp.3_10
.Lfunc_end3:
	.size	main, .Lfunc_end3-main
	.cfi_endproc
	.cantunwind
	.fnend
                                        @ -- End function
	.section	.text.com_gpio_init,"ax",%progbits
	.hidden	com_gpio_init           @ -- Begin function com_gpio_init
	.globl	com_gpio_init
	.p2align	2
	.type	com_gpio_init,%function
	.code	16                      @ @com_gpio_init
	.thumb_func
com_gpio_init:
.Lfunc_begin4:
	.loc	2 228 0 is_stmt 1       @ ../User/main.c:228:0
	.fnstart
	.cfi_startproc
@ %bb.0:
	.save	{r7, lr}
	push	{r7, lr}
	.cfi_def_cfa_offset 8
	.cfi_offset lr, -4
	.cfi_offset r7, -8
	.pad	#24
	sub	sp, #24
	.cfi_def_cfa_offset 32
	ldr	r0, __arm_cp.4_0
.Ltmp39:
	.loc	2 230 5 prologue_end    @ ../User/main.c:230:5
	bl	rcu_periph_clock_enable
	movs	r0, #9
	lsls	r0, r0, #27
	movs	r1, #1
	movw	r2, #512
	.loc	2 233 5                 @ ../User/main.c:233:5
	str	r0, [sp, #20]           @ 4-byte Spill
	str	r1, [sp, #16]           @ 4-byte Spill
	str	r2, [sp, #12]           @ 4-byte Spill
	bl	gpio_af_set
	movw	r0, #1024
	.loc	2 236 5                 @ ../User/main.c:236:5
	ldr	r1, [sp, #20]           @ 4-byte Reload
	str	r0, [sp, #8]            @ 4-byte Spill
	mov	r0, r1
	ldr	r1, [sp, #16]           @ 4-byte Reload
	ldr	r2, [sp, #8]            @ 4-byte Reload
	bl	gpio_af_set
	movs	r0, #2
	.loc	2 239 5                 @ ../User/main.c:239:5
	ldr	r1, [sp, #20]           @ 4-byte Reload
	str	r0, [sp, #4]            @ 4-byte Spill
	mov	r0, r1
	ldr	r1, [sp, #4]            @ 4-byte Reload
	ldr	r2, [sp, #16]           @ 4-byte Reload
	ldr	r3, [sp, #12]           @ 4-byte Reload
	bl	gpio_mode_set
	movs	r0, #0
	.loc	2 240 5                 @ ../User/main.c:240:5
	ldr	r1, [sp, #20]           @ 4-byte Reload
	str	r0, [sp]                @ 4-byte Spill
	mov	r0, r1
	ldr	r1, [sp]                @ 4-byte Reload
	ldr	r2, [sp, #16]           @ 4-byte Reload
	ldr	r3, [sp, #12]           @ 4-byte Reload
	bl	gpio_output_options_set
	.loc	2 243 5                 @ ../User/main.c:243:5
	ldr	r0, [sp, #20]           @ 4-byte Reload
	ldr	r1, [sp, #4]            @ 4-byte Reload
	ldr	r2, [sp, #16]           @ 4-byte Reload
	ldr	r3, [sp, #8]            @ 4-byte Reload
	bl	gpio_mode_set
	.loc	2 244 5                 @ ../User/main.c:244:5
	ldr	r0, [sp, #20]           @ 4-byte Reload
	ldr	r1, [sp]                @ 4-byte Reload
	ldr	r2, [sp, #16]           @ 4-byte Reload
	ldr	r3, [sp, #8]            @ 4-byte Reload
	bl	gpio_output_options_set
	.loc	2 245 1                 @ ../User/main.c:245:1
	add	sp, #24
	pop	{r7, pc}
.Ltmp40:
	.p2align	2
@ %bb.1:
	.loc	2 0 1 is_stmt 0         @ ../User/main.c:0:1
__arm_cp.4_0:
	.long	1297                    @ 0x511
.Lcpi_end13:
	.size	__arm_cp.4_0, .Lcpi_end13-__arm_cp.4_0
.Lfunc_end4:
	.size	com_gpio_init, .Lfunc_end4-com_gpio_init
	.cfi_endproc
	.cantunwind
	.fnend
                                        @ -- End function
	.section	.text.com_usart_init,"ax",%progbits
	.hidden	com_usart_init          @ -- Begin function com_usart_init
	.globl	com_usart_init
	.p2align	2
	.type	com_usart_init,%function
	.code	16                      @ @com_usart_init
	.thumb_func
com_usart_init:
.Lfunc_begin5:
	.loc	2 255 0 is_stmt 1       @ ../User/main.c:255:0
	.fnstart
	.cfi_startproc
@ %bb.0:
	.save	{r7, lr}
	push	{r7, lr}
	.cfi_def_cfa_offset 8
	.cfi_offset lr, -4
	.cfi_offset r7, -8
	.pad	#16
	sub	sp, #16
	.cfi_def_cfa_offset 24
	ldr	r0, __arm_cp.5_0
.Ltmp41:
	.loc	2 259 5 prologue_end    @ ../User/main.c:259:5
	bl	rcu_periph_clock_enable
	.loc	2 261 2                 @ ../User/main.c:261:2
	ldr	r0, __arm_cp.5_1
	adds	r1, r0, #2
	movs	r2, #3
	movs	r3, #1
	str	r0, [sp, #12]           @ 4-byte Spill
	mov	r0, r2
	mov	r2, r3
	bl	flash_read_MultiBytes
	ldr	r1, __arm_cp.5_2
	.loc	2 263 5                 @ ../User/main.c:263:5
	str	r0, [sp, #8]            @ 4-byte Spill
	mov	r0, r1
	bl	usart_deinit
	.loc	2 264 21                @ ../User/main.c:264:21
	ldr	r0, [sp, #12]           @ 4-byte Reload
	ldrb	r1, [r0, #2]
	.loc	2 264 5 is_stmt 0       @ ../User/main.c:264:5
	subs	r1, r1, #1
	cmp	r1, #6
	str	r1, [sp, #4]            @ 4-byte Spill
	bhi	.LBB5_10
@ %bb.1:
	.loc	2 0 5                   @ ../User/main.c:0:5
	ldr	r0, [sp, #4]            @ 4-byte Reload
	lsls	r1, r0, #2
	adr	r2, .LJTI5_0
	adds	r1, r2, r1
	mov	pc, r1
@ %bb.2:
	.p2align	2
.LJTI5_0:
	b.w	.LBB5_3
	b.w	.LBB5_4
	b.w	.LBB5_5
	b.w	.LBB5_6
	b.w	.LBB5_7
	b.w	.LBB5_8
	b.w	.LBB5_9
.LBB5_3:
	ldr	r0, __arm_cp.5_2
	movw	r1, #2400
.Ltmp42:
	.loc	2 267 4 is_stmt 1       @ ../User/main.c:267:4
	bl	usart_baudrate_set
	.loc	2 268 4                 @ ../User/main.c:268:4
	b	.LBB5_11
.LBB5_4:
	.loc	2 0 4 is_stmt 0         @ ../User/main.c:0:4
	ldr	r0, __arm_cp.5_2
	movw	r1, #4800
	.loc	2 271 4 is_stmt 1       @ ../User/main.c:271:4
	bl	usart_baudrate_set
	.loc	2 272 4                 @ ../User/main.c:272:4
	b	.LBB5_11
.LBB5_5:
	.loc	2 0 4 is_stmt 0         @ ../User/main.c:0:4
	ldr	r0, __arm_cp.5_2
	movw	r1, #9600
	.loc	2 275 4 is_stmt 1       @ ../User/main.c:275:4
	bl	usart_baudrate_set
	.loc	2 276 4                 @ ../User/main.c:276:4
	b	.LBB5_11
.LBB5_6:
	.loc	2 0 4 is_stmt 0         @ ../User/main.c:0:4
	ldr	r0, __arm_cp.5_2
	movw	r1, #19200
	.loc	2 279 4 is_stmt 1       @ ../User/main.c:279:4
	bl	usart_baudrate_set
	.loc	2 280 4                 @ ../User/main.c:280:4
	b	.LBB5_11
.LBB5_7:
	.loc	2 0 4 is_stmt 0         @ ../User/main.c:0:4
	ldr	r0, __arm_cp.5_2
	movw	r1, #38400
	.loc	2 283 4 is_stmt 1       @ ../User/main.c:283:4
	bl	usart_baudrate_set
	.loc	2 284 4                 @ ../User/main.c:284:4
	b	.LBB5_11
.LBB5_8:
	.loc	2 0 4 is_stmt 0         @ ../User/main.c:0:4
	ldr	r0, __arm_cp.5_2
	movw	r1, #57600
	.loc	2 287 4 is_stmt 1       @ ../User/main.c:287:4
	bl	usart_baudrate_set
	.loc	2 288 4                 @ ../User/main.c:288:4
	b	.LBB5_11
.LBB5_9:
	.loc	2 0 4 is_stmt 0         @ ../User/main.c:0:4
	movs	r0, #225
	lsls	r1, r0, #9
	ldr	r0, __arm_cp.5_2
	.loc	2 291 4 is_stmt 1       @ ../User/main.c:291:4
	bl	usart_baudrate_set
	.loc	2 292 4                 @ ../User/main.c:292:4
	b	.LBB5_11
.LBB5_10:
	.loc	2 0 4 is_stmt 0         @ ../User/main.c:0:4
	ldr	r0, __arm_cp.5_2
	movw	r1, #9600
	.loc	2 294 4 is_stmt 1       @ ../User/main.c:294:4
	bl	usart_baudrate_set
	.loc	2 295 4                 @ ../User/main.c:295:4
	b	.LBB5_11
.Ltmp43:
.LBB5_11:
	.loc	2 300 2                 @ ../User/main.c:300:2
	bl	rs485_Init
	ldr	r0, __arm_cp.5_2
	movs	r1, #4
	.loc	2 302 5                 @ ../User/main.c:302:5
	str	r0, [sp]                @ 4-byte Spill
	bl	usart_receive_config
	movs	r1, #8
	.loc	2 303 5                 @ ../User/main.c:303:5
	ldr	r0, [sp]                @ 4-byte Reload
	bl	usart_transmit_config
	.loc	2 305 5                 @ ../User/main.c:305:5
	ldr	r0, [sp]                @ 4-byte Reload
	bl	usart_enable
	.loc	2 306 1                 @ ../User/main.c:306:1
	add	sp, #16
	pop	{r7, pc}
.Ltmp44:
	.p2align	2
@ %bb.12:
	.loc	2 0 1 is_stmt 0         @ ../User/main.c:0:1
__arm_cp.5_0:
	.long	1550                    @ 0x60e
.Lcpi_end14:
	.size	__arm_cp.5_0, .Lcpi_end14-__arm_cp.5_0
__arm_cp.5_1:
	.long	UserPara
.Lcpi_end15:
	.size	__arm_cp.5_1, .Lcpi_end15-__arm_cp.5_1
__arm_cp.5_2:
	.long	1073821696              @ 0x40013800
.Lcpi_end16:
	.size	__arm_cp.5_2, .Lcpi_end16-__arm_cp.5_2
.Lfunc_end5:
	.size	com_usart_init, .Lfunc_end5-com_usart_init
	.cfi_endproc
	.cantunwind
	.fnend
                                        @ -- End function
	.section	.text.fputc,"ax",%progbits
	.hidden	fputc                   @ -- Begin function fputc
	.globl	fputc
	.p2align	2
	.type	fputc,%function
	.code	16                      @ @fputc
	.thumb_func
fputc:
.Lfunc_begin6:
	.loc	2 313 0 is_stmt 1       @ ../User/main.c:313:0
	.fnstart
	.cfi_startproc
@ %bb.0:
	.save	{r7, lr}
	push	{r7, lr}
	.cfi_def_cfa_offset 8
	.cfi_offset lr, -4
	.cfi_offset r7, -8
	.pad	#8
	sub	sp, #8
	.cfi_def_cfa_offset 16
	str	r0, [sp, #4]
	str	r1, [sp]
	add	r0, sp, #4
.Ltmp45:
	.loc	2 314 43 prologue_end   @ ../User/main.c:314:43
	ldrb	r1, [r0]
	ldr	r0, __arm_cp.6_0
	.loc	2 314 5 is_stmt 0       @ ../User/main.c:314:5
	bl	usart_data_transmit
	.loc	2 315 5 is_stmt 1       @ ../User/main.c:315:5
	b	.LBB6_1
.LBB6_1:                                @ =>This Inner Loop Header: Depth=1
	.loc	2 0 5 is_stmt 0         @ ../User/main.c:0:5
	ldr	r0, __arm_cp.6_0
	ldr	r1, __arm_cp.6_1
	.loc	2 315 20                @ ../User/main.c:315:20
	bl	usart_flag_get
	.loc	2 315 5                 @ ../User/main.c:315:5
	cmp	r0, #0
	bne	.LBB6_3
	b	.LBB6_2
.LBB6_2:                                @   in Loop: Header=BB6_1 Depth=1
	b	.LBB6_1
.LBB6_3:
	.loc	2 316 12 is_stmt 1      @ ../User/main.c:316:12
	ldr	r0, [sp, #4]
	.loc	2 316 5 is_stmt 0       @ ../User/main.c:316:5
	add	sp, #8
	pop	{r7, pc}
.Ltmp46:
	.p2align	2
@ %bb.4:
	.loc	2 0 5                   @ ../User/main.c:0:5
__arm_cp.6_0:
	.long	1073821696              @ 0x40013800
.Lcpi_end17:
	.size	__arm_cp.6_0, .Lcpi_end17-__arm_cp.6_0
__arm_cp.6_1:
	.long	1799                    @ 0x707
.Lcpi_end18:
	.size	__arm_cp.6_1, .Lcpi_end18-__arm_cp.6_1
.Lfunc_end6:
	.size	fputc, .Lfunc_end6-fputc
	.cfi_endproc
	.cantunwind
	.fnend
                                        @ -- End function
	.hidden	receive                 @ @receive
	.type	receive,%object
	.section	.data.receive,"aw",%progbits
	.globl	receive
receive:
.Lreceive$local:
	.byte	1                       @ 0x1
	.size	receive, 1

	.hidden	receive1                @ @receive1
	.type	receive1,%object
	.section	.bss.receive1,"aw",%nobits
	.globl	receive1
	.p2align	2
receive1:
.Lreceive1$local:
	.long	0                       @ 0x0
	.size	receive1, 4

	.hidden	tt1                     @ @tt1
	.type	tt1,%object
	.section	.bss.tt1,"aw",%nobits
	.globl	tt1
	.p2align	1
tt1:
.Ltt1$local:
	.short	0                       @ 0x0
	.size	tt1, 2

	.hidden	time1                   @ @time1
	.type	time1,%object
	.section	.bss.time1,"aw",%nobits
	.globl	time1
	.p2align	2
time1:
.Ltime1$local:
	.long	0                       @ 0x0
	.size	time1, 4

	.hidden	transmitter_buffer      @ @transmitter_buffer
	.type	transmitter_buffer,%object
	.section	.data.transmitter_buffer,"aw",%progbits
	.globl	transmitter_buffer
transmitter_buffer:
.Ltransmitter_buffer$local:
	.asciz	"\n\rUSART interrupt test\n\r"
	.size	transmitter_buffer, 25

	.hidden	time_tick               @ @time_tick
	.type	time_tick,%object
	.section	.data.time_tick,"aw",%progbits
	.globl	time_tick
time_tick:
.Ltime_tick$local:
	.byte	10                      @ 0xa
	.size	time_tick, 1

	.hidden	tx_buffer               @ @tx_buffer
	.type	tx_buffer,%object
	.section	.data.tx_buffer,"aw",%progbits
	.globl	tx_buffer
tx_buffer:
.Ltx_buffer$local:
	.ascii	"\000\001\002\003\004\005\006\007\b\t\n\013\f\r\016\017\020\021\022\023\024\025\026\027\030\031\032\033\034\035\036\037 !\"#$%&'()*+,-./0123456789:;<=>?@ABCDEFGHIJKLMNOPQRSTUVWXYZ[\\]^_`abcdefghijklmnopqrstuvwxyz{|}~\177\200\201\202\203\204\205\206\207\210\211\212\213\214\215\216\217\220\221\222\223\224\225\226\227\230\231\232\233\234\235\236\237\240\241\242\243\244\245\246\247\250\251\252\253\254\255\256\257\260\261\262\263\264\265\266\267\270\271\272\273\274\275\276\277\300\301\302\303\304\305\306\307\310\311\312\313\314\315\316\317\320\321\322\323\324\325\326\327\330\331\332\333\334\335\336\337\340\341\342\343\344\345\346\347\350\351\352\353\354\355\356\357\360\361\362\363\364\365\366\367\370\371\372\373\374\375\376\377"
	.size	tx_buffer, 256

	.hidden	current_sta             @ @current_sta
	.type	current_sta,%object
	.section	.bss.current_sta,"aw",%nobits
	.globl	current_sta
current_sta:
.Lcurrent_sta$local:
	.byte	0                       @ 0x0
	.size	current_sta, 1

	.type	.L__const.main.ch,%object @ @__const.main.ch
	.section	.rodata.str1.1,"aMS",%progbits,1
.L__const.main.ch:
	.asciz	"dggsgawegf\r\n"
	.size	.L__const.main.ch, 13

	.hidden	bou                     @ @bou
	.type	bou,%object
	.section	.bss.bou,"aw",%nobits
	.globl	bou
bou:
.Lbou$local:
	.byte	0                       @ 0x0
	.size	bou, 1

	.hidden	bou1                    @ @bou1
	.type	bou1,%object
	.section	.bss.bou1,"aw",%nobits
	.globl	bou1
bou1:
.Lbou1$local:
	.byte	0                       @ 0x0
	.size	bou1, 1

	.file	7 "D:\\Keil_v5\\ARM\\ARMCLANG\\Bin\\..\\include" "stdio.h"
	.section	.debug_str,"MS",%progbits,1
.Linfo_string0:
	.asciz	"Component: ARM Compiler 6.14 Tool: armclang [5db06c00]" @ string offset=0
.Linfo_string1:
	.asciz	"../User\\main.c"       @ string offset=55
.Linfo_string2:
	.asciz	"E:\\project\\product\\GD32\\GD32E230\\E230 - TH\\MDK-ARM" @ string offset=70
.Linfo_string3:
	.asciz	"receive"               @ string offset=121
.Linfo_string4:
	.asciz	"unsigned char"         @ string offset=129
.Linfo_string5:
	.asciz	"uint8_t"               @ string offset=143
.Linfo_string6:
	.asciz	"receive1"              @ string offset=151
.Linfo_string7:
	.asciz	"unsigned int"          @ string offset=160
.Linfo_string8:
	.asciz	"uint32_t"              @ string offset=173
.Linfo_string9:
	.asciz	"tt1"                   @ string offset=182
.Linfo_string10:
	.asciz	"unsigned short"        @ string offset=186
.Linfo_string11:
	.asciz	"uint16_t"              @ string offset=201
.Linfo_string12:
	.asciz	"time1"                 @ string offset=210
.Linfo_string13:
	.asciz	"transmitter_buffer"    @ string offset=216
.Linfo_string14:
	.asciz	"__ARRAY_SIZE_TYPE__"   @ string offset=235
.Linfo_string15:
	.asciz	"time_tick"             @ string offset=255
.Linfo_string16:
	.asciz	"tx_buffer"             @ string offset=265
.Linfo_string17:
	.asciz	"current_sta"           @ string offset=275
.Linfo_string18:
	.asciz	"bou"                   @ string offset=287
.Linfo_string19:
	.asciz	"bou1"                  @ string offset=291
.Linfo_string20:
	.asciz	"RCU_HXTAL"             @ string offset=296
.Linfo_string21:
	.asciz	"RCU_LXTAL"             @ string offset=306
.Linfo_string22:
	.asciz	"RCU_IRC8M"             @ string offset=316
.Linfo_string23:
	.asciz	"RCU_IRC28M"            @ string offset=326
.Linfo_string24:
	.asciz	"RCU_IRC40K"            @ string offset=337
.Linfo_string25:
	.asciz	"RCU_PLL_CK"            @ string offset=348
.Linfo_string26:
	.asciz	"ERROR"                 @ string offset=359
.Linfo_string27:
	.asciz	"SUCCESS"               @ string offset=365
.Linfo_string28:
	.asciz	"RCU_DMA"               @ string offset=373
.Linfo_string29:
	.asciz	"RCU_CRC"               @ string offset=381
.Linfo_string30:
	.asciz	"RCU_GPIOA"             @ string offset=389
.Linfo_string31:
	.asciz	"RCU_GPIOB"             @ string offset=399
.Linfo_string32:
	.asciz	"RCU_GPIOC"             @ string offset=409
.Linfo_string33:
	.asciz	"RCU_GPIOF"             @ string offset=419
.Linfo_string34:
	.asciz	"RCU_CFGCMP"            @ string offset=429
.Linfo_string35:
	.asciz	"RCU_ADC"               @ string offset=440
.Linfo_string36:
	.asciz	"RCU_TIMER0"            @ string offset=448
.Linfo_string37:
	.asciz	"RCU_SPI0"              @ string offset=459
.Linfo_string38:
	.asciz	"RCU_USART0"            @ string offset=468
.Linfo_string39:
	.asciz	"RCU_TIMER14"           @ string offset=479
.Linfo_string40:
	.asciz	"RCU_TIMER15"           @ string offset=491
.Linfo_string41:
	.asciz	"RCU_TIMER16"           @ string offset=503
.Linfo_string42:
	.asciz	"RCU_DBGMCU"            @ string offset=515
.Linfo_string43:
	.asciz	"RCU_TIMER2"            @ string offset=526
.Linfo_string44:
	.asciz	"RCU_TIMER5"            @ string offset=537
.Linfo_string45:
	.asciz	"RCU_TIMER13"           @ string offset=548
.Linfo_string46:
	.asciz	"RCU_WWDGT"             @ string offset=560
.Linfo_string47:
	.asciz	"RCU_SPI1"              @ string offset=570
.Linfo_string48:
	.asciz	"RCU_USART1"            @ string offset=579
.Linfo_string49:
	.asciz	"RCU_I2C0"              @ string offset=590
.Linfo_string50:
	.asciz	"RCU_I2C1"              @ string offset=599
.Linfo_string51:
	.asciz	"RCU_PMU"               @ string offset=608
.Linfo_string52:
	.asciz	"RCU_RTC"               @ string offset=616
.Linfo_string53:
	.asciz	"signed char"           @ string offset=624
.Linfo_string54:
	.asciz	"NonMaskableInt_IRQn"   @ string offset=636
.Linfo_string55:
	.asciz	"HardFault_IRQn"        @ string offset=656
.Linfo_string56:
	.asciz	"SVCall_IRQn"           @ string offset=671
.Linfo_string57:
	.asciz	"PendSV_IRQn"           @ string offset=683
.Linfo_string58:
	.asciz	"SysTick_IRQn"          @ string offset=695
.Linfo_string59:
	.asciz	"WWDGT_IRQn"            @ string offset=708
.Linfo_string60:
	.asciz	"LVD_IRQn"              @ string offset=719
.Linfo_string61:
	.asciz	"RTC_IRQn"              @ string offset=728
.Linfo_string62:
	.asciz	"FMC_IRQn"              @ string offset=737
.Linfo_string63:
	.asciz	"RCU_IRQn"              @ string offset=746
.Linfo_string64:
	.asciz	"EXTI0_1_IRQn"          @ string offset=755
.Linfo_string65:
	.asciz	"EXTI2_3_IRQn"          @ string offset=768
.Linfo_string66:
	.asciz	"EXTI4_15_IRQn"         @ string offset=781
.Linfo_string67:
	.asciz	"DMA_Channel0_IRQn"     @ string offset=795
.Linfo_string68:
	.asciz	"DMA_Channel1_2_IRQn"   @ string offset=813
.Linfo_string69:
	.asciz	"DMA_Channel3_4_IRQn"   @ string offset=833
.Linfo_string70:
	.asciz	"ADC_CMP_IRQn"          @ string offset=853
.Linfo_string71:
	.asciz	"TIMER0_BRK_UP_TRG_COM_IRQn" @ string offset=866
.Linfo_string72:
	.asciz	"TIMER0_Channel_IRQn"   @ string offset=893
.Linfo_string73:
	.asciz	"TIMER2_IRQn"           @ string offset=913
.Linfo_string74:
	.asciz	"TIMER5_IRQn"           @ string offset=925
.Linfo_string75:
	.asciz	"TIMER13_IRQn"          @ string offset=937
.Linfo_string76:
	.asciz	"TIMER14_IRQn"          @ string offset=950
.Linfo_string77:
	.asciz	"TIMER15_IRQn"          @ string offset=963
.Linfo_string78:
	.asciz	"TIMER16_IRQn"          @ string offset=976
.Linfo_string79:
	.asciz	"I2C0_EV_IRQn"          @ string offset=989
.Linfo_string80:
	.asciz	"I2C1_EV_IRQn"          @ string offset=1002
.Linfo_string81:
	.asciz	"SPI0_IRQn"             @ string offset=1015
.Linfo_string82:
	.asciz	"SPI1_IRQn"             @ string offset=1025
.Linfo_string83:
	.asciz	"USART0_IRQn"           @ string offset=1035
.Linfo_string84:
	.asciz	"USART1_IRQn"           @ string offset=1047
.Linfo_string85:
	.asciz	"I2C0_ER_IRQn"          @ string offset=1059
.Linfo_string86:
	.asciz	"I2C1_ER_IRQn"          @ string offset=1072
.Linfo_string87:
	.asciz	"IRQn"                  @ string offset=1085
.Linfo_string88:
	.asciz	"USART_INT_EB"          @ string offset=1090
.Linfo_string89:
	.asciz	"USART_INT_RT"          @ string offset=1103
.Linfo_string90:
	.asciz	"USART_INT_AM"          @ string offset=1116
.Linfo_string91:
	.asciz	"USART_INT_PERR"        @ string offset=1129
.Linfo_string92:
	.asciz	"USART_INT_TBE"         @ string offset=1144
.Linfo_string93:
	.asciz	"USART_INT_TC"          @ string offset=1158
.Linfo_string94:
	.asciz	"USART_INT_RBNE"        @ string offset=1171
.Linfo_string95:
	.asciz	"USART_INT_IDLE"        @ string offset=1186
.Linfo_string96:
	.asciz	"USART_INT_LBD"         @ string offset=1201
.Linfo_string97:
	.asciz	"USART_INT_WU"          @ string offset=1215
.Linfo_string98:
	.asciz	"USART_INT_CTS"         @ string offset=1228
.Linfo_string99:
	.asciz	"USART_INT_ERR"         @ string offset=1242
.Linfo_string100:
	.asciz	"USART_INT_RFF"         @ string offset=1256
.Linfo_string101:
	.asciz	"Bit_RESET"             @ string offset=1270
.Linfo_string102:
	.asciz	"Bit_SET"               @ string offset=1280
.Linfo_string103:
	.asciz	"RESET"                 @ string offset=1288
.Linfo_string104:
	.asciz	"SET"                   @ string offset=1294
.Linfo_string105:
	.asciz	"USART_FLAG_REA"        @ string offset=1298
.Linfo_string106:
	.asciz	"USART_FLAG_TEA"        @ string offset=1313
.Linfo_string107:
	.asciz	"USART_FLAG_WU"         @ string offset=1328
.Linfo_string108:
	.asciz	"USART_FLAG_RWU"        @ string offset=1342
.Linfo_string109:
	.asciz	"USART_FLAG_SB"         @ string offset=1357
.Linfo_string110:
	.asciz	"USART_FLAG_AM"         @ string offset=1371
.Linfo_string111:
	.asciz	"USART_FLAG_BSY"        @ string offset=1385
.Linfo_string112:
	.asciz	"USART_FLAG_ABD"        @ string offset=1400
.Linfo_string113:
	.asciz	"USART_FLAG_ABDE"       @ string offset=1415
.Linfo_string114:
	.asciz	"USART_FLAG_EB"         @ string offset=1431
.Linfo_string115:
	.asciz	"USART_FLAG_RT"         @ string offset=1445
.Linfo_string116:
	.asciz	"USART_FLAG_CTS"        @ string offset=1459
.Linfo_string117:
	.asciz	"USART_FLAG_CTSF"       @ string offset=1474
.Linfo_string118:
	.asciz	"USART_FLAG_LBD"        @ string offset=1490
.Linfo_string119:
	.asciz	"USART_FLAG_TBE"        @ string offset=1505
.Linfo_string120:
	.asciz	"USART_FLAG_TC"         @ string offset=1520
.Linfo_string121:
	.asciz	"USART_FLAG_RBNE"       @ string offset=1534
.Linfo_string122:
	.asciz	"USART_FLAG_IDLE"       @ string offset=1550
.Linfo_string123:
	.asciz	"USART_FLAG_ORERR"      @ string offset=1566
.Linfo_string124:
	.asciz	"USART_FLAG_NERR"       @ string offset=1583
.Linfo_string125:
	.asciz	"USART_FLAG_FERR"       @ string offset=1599
.Linfo_string126:
	.asciz	"USART_FLAG_PERR"       @ string offset=1615
.Linfo_string127:
	.asciz	"USART_FLAG_EPERR"      @ string offset=1631
.Linfo_string128:
	.asciz	"USART_FLAG_RFFINT"     @ string offset=1648
.Linfo_string129:
	.asciz	"USART_FLAG_RFF"        @ string offset=1666
.Linfo_string130:
	.asciz	"USART_FLAG_RFE"        @ string offset=1681
.Linfo_string131:
	.asciz	"DRV_IWDG_Init"         @ string offset=1696
.Linfo_string132:
	.asciz	"rs485_Init"            @ string offset=1710
.Linfo_string133:
	.asciz	"delayms"               @ string offset=1721
.Linfo_string134:
	.asciz	"main"                  @ string offset=1729
.Linfo_string135:
	.asciz	"int"                   @ string offset=1734
.Linfo_string136:
	.asciz	"com_gpio_init"         @ string offset=1738
.Linfo_string137:
	.asciz	"com_usart_init"        @ string offset=1752
.Linfo_string138:
	.asciz	"fputc"                 @ string offset=1767
.Linfo_string139:
	.asciz	"i"                     @ string offset=1773
.Linfo_string140:
	.asciz	"j"                     @ string offset=1775
.Linfo_string141:
	.asciz	"ch"                    @ string offset=1777
.Linfo_string142:
	.asciz	"f"                     @ string offset=1780
.Linfo_string143:
	.asciz	"__FILE_opaque"         @ string offset=1782
.Linfo_string144:
	.asciz	"__FILE_alignment"      @ string offset=1796
.Linfo_string145:
	.asciz	"long int"              @ string offset=1813
.Linfo_string146:
	.asciz	"__FILE_size"           @ string offset=1822
.Linfo_string147:
	.asciz	"char"                  @ string offset=1834
.Linfo_string148:
	.asciz	"__FILE"                @ string offset=1839
.Linfo_string149:
	.asciz	"FILE"                  @ string offset=1846
	.section	.debug_abbrev,"",%progbits
	.byte	1                       @ Abbreviation Code
	.byte	17                      @ DW_TAG_compile_unit
	.byte	1                       @ DW_CHILDREN_yes
	.byte	37                      @ DW_AT_producer
	.byte	14                      @ DW_FORM_strp
	.byte	19                      @ DW_AT_language
	.byte	5                       @ DW_FORM_data2
	.byte	3                       @ DW_AT_name
	.byte	14                      @ DW_FORM_strp
	.byte	16                      @ DW_AT_stmt_list
	.byte	6                       @ DW_FORM_data4
	.byte	27                      @ DW_AT_comp_dir
	.byte	14                      @ DW_FORM_strp
	.byte	17                      @ DW_AT_low_pc
	.byte	1                       @ DW_FORM_addr
	.byte	85                      @ DW_AT_ranges
	.byte	6                       @ DW_FORM_data4
	.byte	0                       @ EOM(1)
	.byte	0                       @ EOM(2)
	.byte	2                       @ Abbreviation Code
	.byte	52                      @ DW_TAG_variable
	.byte	0                       @ DW_CHILDREN_no
	.byte	3                       @ DW_AT_name
	.byte	14                      @ DW_FORM_strp
	.byte	73                      @ DW_AT_type
	.byte	19                      @ DW_FORM_ref4
	.byte	63                      @ DW_AT_external
	.byte	12                      @ DW_FORM_flag
	.byte	58                      @ DW_AT_decl_file
	.byte	11                      @ DW_FORM_data1
	.byte	59                      @ DW_AT_decl_line
	.byte	11                      @ DW_FORM_data1
	.byte	2                       @ DW_AT_location
	.byte	10                      @ DW_FORM_block1
	.byte	0                       @ EOM(1)
	.byte	0                       @ EOM(2)
	.byte	3                       @ Abbreviation Code
	.byte	22                      @ DW_TAG_typedef
	.byte	0                       @ DW_CHILDREN_no
	.byte	73                      @ DW_AT_type
	.byte	19                      @ DW_FORM_ref4
	.byte	3                       @ DW_AT_name
	.byte	14                      @ DW_FORM_strp
	.byte	58                      @ DW_AT_decl_file
	.byte	11                      @ DW_FORM_data1
	.byte	59                      @ DW_AT_decl_line
	.byte	11                      @ DW_FORM_data1
	.byte	0                       @ EOM(1)
	.byte	0                       @ EOM(2)
	.byte	4                       @ Abbreviation Code
	.byte	36                      @ DW_TAG_base_type
	.byte	0                       @ DW_CHILDREN_no
	.byte	3                       @ DW_AT_name
	.byte	14                      @ DW_FORM_strp
	.byte	62                      @ DW_AT_encoding
	.byte	11                      @ DW_FORM_data1
	.byte	11                      @ DW_AT_byte_size
	.byte	11                      @ DW_FORM_data1
	.byte	0                       @ EOM(1)
	.byte	0                       @ EOM(2)
	.byte	5                       @ Abbreviation Code
	.byte	1                       @ DW_TAG_array_type
	.byte	1                       @ DW_CHILDREN_yes
	.byte	73                      @ DW_AT_type
	.byte	19                      @ DW_FORM_ref4
	.byte	0                       @ EOM(1)
	.byte	0                       @ EOM(2)
	.byte	6                       @ Abbreviation Code
	.byte	33                      @ DW_TAG_subrange_type
	.byte	0                       @ DW_CHILDREN_no
	.byte	73                      @ DW_AT_type
	.byte	19                      @ DW_FORM_ref4
	.byte	55                      @ DW_AT_count
	.byte	11                      @ DW_FORM_data1
	.byte	0                       @ EOM(1)
	.byte	0                       @ EOM(2)
	.byte	7                       @ Abbreviation Code
	.byte	36                      @ DW_TAG_base_type
	.byte	0                       @ DW_CHILDREN_no
	.byte	3                       @ DW_AT_name
	.byte	14                      @ DW_FORM_strp
	.byte	11                      @ DW_AT_byte_size
	.byte	11                      @ DW_FORM_data1
	.byte	62                      @ DW_AT_encoding
	.byte	11                      @ DW_FORM_data1
	.byte	0                       @ EOM(1)
	.byte	0                       @ EOM(2)
	.byte	8                       @ Abbreviation Code
	.byte	33                      @ DW_TAG_subrange_type
	.byte	0                       @ DW_CHILDREN_no
	.byte	73                      @ DW_AT_type
	.byte	19                      @ DW_FORM_ref4
	.byte	55                      @ DW_AT_count
	.byte	5                       @ DW_FORM_data2
	.byte	0                       @ EOM(1)
	.byte	0                       @ EOM(2)
	.byte	9                       @ Abbreviation Code
	.byte	4                       @ DW_TAG_enumeration_type
	.byte	1                       @ DW_CHILDREN_yes
	.byte	73                      @ DW_AT_type
	.byte	19                      @ DW_FORM_ref4
	.byte	11                      @ DW_AT_byte_size
	.byte	11                      @ DW_FORM_data1
	.byte	58                      @ DW_AT_decl_file
	.byte	11                      @ DW_FORM_data1
	.byte	59                      @ DW_AT_decl_line
	.byte	5                       @ DW_FORM_data2
	.byte	0                       @ EOM(1)
	.byte	0                       @ EOM(2)
	.byte	10                      @ Abbreviation Code
	.byte	40                      @ DW_TAG_enumerator
	.byte	0                       @ DW_CHILDREN_no
	.byte	3                       @ DW_AT_name
	.byte	14                      @ DW_FORM_strp
	.byte	28                      @ DW_AT_const_value
	.byte	15                      @ DW_FORM_udata
	.byte	0                       @ EOM(1)
	.byte	0                       @ EOM(2)
	.byte	11                      @ Abbreviation Code
	.byte	4                       @ DW_TAG_enumeration_type
	.byte	1                       @ DW_CHILDREN_yes
	.byte	73                      @ DW_AT_type
	.byte	19                      @ DW_FORM_ref4
	.byte	11                      @ DW_AT_byte_size
	.byte	11                      @ DW_FORM_data1
	.byte	58                      @ DW_AT_decl_file
	.byte	11                      @ DW_FORM_data1
	.byte	59                      @ DW_AT_decl_line
	.byte	11                      @ DW_FORM_data1
	.byte	0                       @ EOM(1)
	.byte	0                       @ EOM(2)
	.byte	12                      @ Abbreviation Code
	.byte	4                       @ DW_TAG_enumeration_type
	.byte	1                       @ DW_CHILDREN_yes
	.byte	73                      @ DW_AT_type
	.byte	19                      @ DW_FORM_ref4
	.byte	3                       @ DW_AT_name
	.byte	14                      @ DW_FORM_strp
	.byte	11                      @ DW_AT_byte_size
	.byte	11                      @ DW_FORM_data1
	.byte	58                      @ DW_AT_decl_file
	.byte	11                      @ DW_FORM_data1
	.byte	59                      @ DW_AT_decl_line
	.byte	11                      @ DW_FORM_data1
	.byte	0                       @ EOM(1)
	.byte	0                       @ EOM(2)
	.byte	13                      @ Abbreviation Code
	.byte	40                      @ DW_TAG_enumerator
	.byte	0                       @ DW_CHILDREN_no
	.byte	3                       @ DW_AT_name
	.byte	14                      @ DW_FORM_strp
	.byte	28                      @ DW_AT_const_value
	.byte	13                      @ DW_FORM_sdata
	.byte	0                       @ EOM(1)
	.byte	0                       @ EOM(2)
	.byte	14                      @ Abbreviation Code
	.byte	46                      @ DW_TAG_subprogram
	.byte	0                       @ DW_CHILDREN_no
	.byte	17                      @ DW_AT_low_pc
	.byte	1                       @ DW_FORM_addr
	.byte	18                      @ DW_AT_high_pc
	.byte	1                       @ DW_FORM_addr
	.byte	64                      @ DW_AT_frame_base
	.byte	10                      @ DW_FORM_block1
	.byte	3                       @ DW_AT_name
	.byte	14                      @ DW_FORM_strp
	.byte	58                      @ DW_AT_decl_file
	.byte	11                      @ DW_FORM_data1
	.byte	59                      @ DW_AT_decl_line
	.byte	11                      @ DW_FORM_data1
	.byte	39                      @ DW_AT_prototyped
	.byte	12                      @ DW_FORM_flag
	.byte	63                      @ DW_AT_external
	.byte	12                      @ DW_FORM_flag
	.byte	0                       @ EOM(1)
	.byte	0                       @ EOM(2)
	.byte	15                      @ Abbreviation Code
	.byte	46                      @ DW_TAG_subprogram
	.byte	1                       @ DW_CHILDREN_yes
	.byte	17                      @ DW_AT_low_pc
	.byte	1                       @ DW_FORM_addr
	.byte	18                      @ DW_AT_high_pc
	.byte	1                       @ DW_FORM_addr
	.byte	64                      @ DW_AT_frame_base
	.byte	10                      @ DW_FORM_block1
	.byte	3                       @ DW_AT_name
	.byte	14                      @ DW_FORM_strp
	.byte	58                      @ DW_AT_decl_file
	.byte	11                      @ DW_FORM_data1
	.byte	59                      @ DW_AT_decl_line
	.byte	11                      @ DW_FORM_data1
	.byte	63                      @ DW_AT_external
	.byte	12                      @ DW_FORM_flag
	.byte	0                       @ EOM(1)
	.byte	0                       @ EOM(2)
	.byte	16                      @ Abbreviation Code
	.byte	52                      @ DW_TAG_variable
	.byte	0                       @ DW_CHILDREN_no
	.byte	2                       @ DW_AT_location
	.byte	10                      @ DW_FORM_block1
	.byte	3                       @ DW_AT_name
	.byte	14                      @ DW_FORM_strp
	.byte	58                      @ DW_AT_decl_file
	.byte	11                      @ DW_FORM_data1
	.byte	59                      @ DW_AT_decl_line
	.byte	11                      @ DW_FORM_data1
	.byte	73                      @ DW_AT_type
	.byte	19                      @ DW_FORM_ref4
	.byte	0                       @ EOM(1)
	.byte	0                       @ EOM(2)
	.byte	17                      @ Abbreviation Code
	.byte	46                      @ DW_TAG_subprogram
	.byte	1                       @ DW_CHILDREN_yes
	.byte	17                      @ DW_AT_low_pc
	.byte	1                       @ DW_FORM_addr
	.byte	18                      @ DW_AT_high_pc
	.byte	1                       @ DW_FORM_addr
	.byte	64                      @ DW_AT_frame_base
	.byte	10                      @ DW_FORM_block1
	.byte	3                       @ DW_AT_name
	.byte	14                      @ DW_FORM_strp
	.byte	58                      @ DW_AT_decl_file
	.byte	11                      @ DW_FORM_data1
	.byte	59                      @ DW_AT_decl_line
	.byte	11                      @ DW_FORM_data1
	.byte	39                      @ DW_AT_prototyped
	.byte	12                      @ DW_FORM_flag
	.byte	73                      @ DW_AT_type
	.byte	19                      @ DW_FORM_ref4
	.byte	63                      @ DW_AT_external
	.byte	12                      @ DW_FORM_flag
	.byte	0                       @ EOM(1)
	.byte	0                       @ EOM(2)
	.byte	18                      @ Abbreviation Code
	.byte	46                      @ DW_TAG_subprogram
	.byte	1                       @ DW_CHILDREN_yes
	.byte	17                      @ DW_AT_low_pc
	.byte	1                       @ DW_FORM_addr
	.byte	18                      @ DW_AT_high_pc
	.byte	1                       @ DW_FORM_addr
	.byte	64                      @ DW_AT_frame_base
	.byte	10                      @ DW_FORM_block1
	.byte	3                       @ DW_AT_name
	.byte	14                      @ DW_FORM_strp
	.byte	58                      @ DW_AT_decl_file
	.byte	11                      @ DW_FORM_data1
	.byte	59                      @ DW_AT_decl_line
	.byte	5                       @ DW_FORM_data2
	.byte	39                      @ DW_AT_prototyped
	.byte	12                      @ DW_FORM_flag
	.byte	73                      @ DW_AT_type
	.byte	19                      @ DW_FORM_ref4
	.byte	63                      @ DW_AT_external
	.byte	12                      @ DW_FORM_flag
	.byte	0                       @ EOM(1)
	.byte	0                       @ EOM(2)
	.byte	19                      @ Abbreviation Code
	.byte	5                       @ DW_TAG_formal_parameter
	.byte	0                       @ DW_CHILDREN_no
	.byte	2                       @ DW_AT_location
	.byte	10                      @ DW_FORM_block1
	.byte	3                       @ DW_AT_name
	.byte	14                      @ DW_FORM_strp
	.byte	58                      @ DW_AT_decl_file
	.byte	11                      @ DW_FORM_data1
	.byte	59                      @ DW_AT_decl_line
	.byte	5                       @ DW_FORM_data2
	.byte	73                      @ DW_AT_type
	.byte	19                      @ DW_FORM_ref4
	.byte	0                       @ EOM(1)
	.byte	0                       @ EOM(2)
	.byte	20                      @ Abbreviation Code
	.byte	15                      @ DW_TAG_pointer_type
	.byte	0                       @ DW_CHILDREN_no
	.byte	73                      @ DW_AT_type
	.byte	19                      @ DW_FORM_ref4
	.byte	0                       @ EOM(1)
	.byte	0                       @ EOM(2)
	.byte	21                      @ Abbreviation Code
	.byte	19                      @ DW_TAG_structure_type
	.byte	1                       @ DW_CHILDREN_yes
	.byte	3                       @ DW_AT_name
	.byte	14                      @ DW_FORM_strp
	.byte	11                      @ DW_AT_byte_size
	.byte	11                      @ DW_FORM_data1
	.byte	58                      @ DW_AT_decl_file
	.byte	11                      @ DW_FORM_data1
	.byte	59                      @ DW_AT_decl_line
	.byte	11                      @ DW_FORM_data1
	.byte	0                       @ EOM(1)
	.byte	0                       @ EOM(2)
	.byte	22                      @ Abbreviation Code
	.byte	13                      @ DW_TAG_member
	.byte	0                       @ DW_CHILDREN_no
	.byte	3                       @ DW_AT_name
	.byte	14                      @ DW_FORM_strp
	.byte	73                      @ DW_AT_type
	.byte	19                      @ DW_FORM_ref4
	.byte	58                      @ DW_AT_decl_file
	.byte	11                      @ DW_FORM_data1
	.byte	59                      @ DW_AT_decl_line
	.byte	11                      @ DW_FORM_data1
	.byte	56                      @ DW_AT_data_member_location
	.byte	11                      @ DW_FORM_data1
	.byte	0                       @ EOM(1)
	.byte	0                       @ EOM(2)
	.byte	23                      @ Abbreviation Code
	.byte	23                      @ DW_TAG_union_type
	.byte	1                       @ DW_CHILDREN_yes
	.byte	11                      @ DW_AT_byte_size
	.byte	11                      @ DW_FORM_data1
	.byte	58                      @ DW_AT_decl_file
	.byte	11                      @ DW_FORM_data1
	.byte	59                      @ DW_AT_decl_line
	.byte	11                      @ DW_FORM_data1
	.byte	0                       @ EOM(1)
	.byte	0                       @ EOM(2)
	.byte	0                       @ EOM(3)
	.section	.debug_info,"",%progbits
.Lcu_begin0:
	.long	.Ldebug_info_end0-.Ldebug_info_start0 @ Length of Unit
.Ldebug_info_start0:
	.short	3                       @ DWARF version number
	.long	.debug_abbrev           @ Offset Into Abbrev. Section
	.byte	4                       @ Address Size (in bytes)
	.byte	1                       @ Abbrev [1] 0xb:0x58b DW_TAG_compile_unit
	.long	.Linfo_string0          @ DW_AT_producer
	.short	12                      @ DW_AT_language
	.long	.Linfo_string1          @ DW_AT_name
	.long	.Lline_table_start0     @ DW_AT_stmt_list
	.long	.Linfo_string2          @ DW_AT_comp_dir
	.long	0                       @ DW_AT_low_pc
	.long	.Ldebug_ranges0         @ DW_AT_ranges
	.byte	2                       @ Abbrev [2] 0x26:0x12 DW_TAG_variable
	.long	.Linfo_string3          @ DW_AT_name
	.long	56                      @ DW_AT_type
	.byte	1                       @ DW_AT_external
	.byte	2                       @ DW_AT_decl_file
	.byte	50                      @ DW_AT_decl_line
	.byte	5                       @ DW_AT_location
	.byte	3
	.long	receive
	.byte	3                       @ Abbrev [3] 0x38:0xb DW_TAG_typedef
	.long	67                      @ DW_AT_type
	.long	.Linfo_string5          @ DW_AT_name
	.byte	1                       @ DW_AT_decl_file
	.byte	62                      @ DW_AT_decl_line
	.byte	4                       @ Abbrev [4] 0x43:0x7 DW_TAG_base_type
	.long	.Linfo_string4          @ DW_AT_name
	.byte	8                       @ DW_AT_encoding
	.byte	1                       @ DW_AT_byte_size
	.byte	2                       @ Abbrev [2] 0x4a:0x12 DW_TAG_variable
	.long	.Linfo_string6          @ DW_AT_name
	.long	92                      @ DW_AT_type
	.byte	1                       @ DW_AT_external
	.byte	2                       @ DW_AT_decl_file
	.byte	51                      @ DW_AT_decl_line
	.byte	5                       @ DW_AT_location
	.byte	3
	.long	receive1
	.byte	3                       @ Abbrev [3] 0x5c:0xb DW_TAG_typedef
	.long	103                     @ DW_AT_type
	.long	.Linfo_string8          @ DW_AT_name
	.byte	1                       @ DW_AT_decl_file
	.byte	64                      @ DW_AT_decl_line
	.byte	4                       @ Abbrev [4] 0x67:0x7 DW_TAG_base_type
	.long	.Linfo_string7          @ DW_AT_name
	.byte	7                       @ DW_AT_encoding
	.byte	4                       @ DW_AT_byte_size
	.byte	2                       @ Abbrev [2] 0x6e:0x12 DW_TAG_variable
	.long	.Linfo_string9          @ DW_AT_name
	.long	128                     @ DW_AT_type
	.byte	1                       @ DW_AT_external
	.byte	2                       @ DW_AT_decl_file
	.byte	53                      @ DW_AT_decl_line
	.byte	5                       @ DW_AT_location
	.byte	3
	.long	tt1
	.byte	3                       @ Abbrev [3] 0x80:0xb DW_TAG_typedef
	.long	139                     @ DW_AT_type
	.long	.Linfo_string11         @ DW_AT_name
	.byte	1                       @ DW_AT_decl_file
	.byte	63                      @ DW_AT_decl_line
	.byte	4                       @ Abbrev [4] 0x8b:0x7 DW_TAG_base_type
	.long	.Linfo_string10         @ DW_AT_name
	.byte	7                       @ DW_AT_encoding
	.byte	2                       @ DW_AT_byte_size
	.byte	2                       @ Abbrev [2] 0x92:0x12 DW_TAG_variable
	.long	.Linfo_string12         @ DW_AT_name
	.long	92                      @ DW_AT_type
	.byte	1                       @ DW_AT_external
	.byte	2                       @ DW_AT_decl_file
	.byte	54                      @ DW_AT_decl_line
	.byte	5                       @ DW_AT_location
	.byte	3
	.long	time1
	.byte	2                       @ Abbrev [2] 0xa4:0x12 DW_TAG_variable
	.long	.Linfo_string13         @ DW_AT_name
	.long	182                     @ DW_AT_type
	.byte	1                       @ DW_AT_external
	.byte	2                       @ DW_AT_decl_file
	.byte	57                      @ DW_AT_decl_line
	.byte	5                       @ DW_AT_location
	.byte	3
	.long	transmitter_buffer
	.byte	5                       @ Abbrev [5] 0xb6:0xc DW_TAG_array_type
	.long	56                      @ DW_AT_type
	.byte	6                       @ Abbrev [6] 0xbb:0x6 DW_TAG_subrange_type
	.long	194                     @ DW_AT_type
	.byte	25                      @ DW_AT_count
	.byte	0                       @ End Of Children Mark
	.byte	7                       @ Abbrev [7] 0xc2:0x7 DW_TAG_base_type
	.long	.Linfo_string14         @ DW_AT_name
	.byte	8                       @ DW_AT_byte_size
	.byte	7                       @ DW_AT_encoding
	.byte	2                       @ Abbrev [2] 0xc9:0x12 DW_TAG_variable
	.long	.Linfo_string15         @ DW_AT_name
	.long	56                      @ DW_AT_type
	.byte	1                       @ DW_AT_external
	.byte	2                       @ DW_AT_decl_file
	.byte	59                      @ DW_AT_decl_line
	.byte	5                       @ DW_AT_location
	.byte	3
	.long	time_tick
	.byte	2                       @ Abbrev [2] 0xdb:0x12 DW_TAG_variable
	.long	.Linfo_string16         @ DW_AT_name
	.long	237                     @ DW_AT_type
	.byte	1                       @ DW_AT_external
	.byte	2                       @ DW_AT_decl_file
	.byte	109                     @ DW_AT_decl_line
	.byte	5                       @ DW_AT_location
	.byte	3
	.long	tx_buffer
	.byte	5                       @ Abbrev [5] 0xed:0xd DW_TAG_array_type
	.long	56                      @ DW_AT_type
	.byte	8                       @ Abbrev [8] 0xf2:0x7 DW_TAG_subrange_type
	.long	194                     @ DW_AT_type
	.short	256                     @ DW_AT_count
	.byte	0                       @ End Of Children Mark
	.byte	2                       @ Abbrev [2] 0xfa:0x12 DW_TAG_variable
	.long	.Linfo_string17         @ DW_AT_name
	.long	56                      @ DW_AT_type
	.byte	1                       @ DW_AT_external
	.byte	2                       @ DW_AT_decl_file
	.byte	131                     @ DW_AT_decl_line
	.byte	5                       @ DW_AT_location
	.byte	3
	.long	current_sta
	.byte	2                       @ Abbrev [2] 0x10c:0x12 DW_TAG_variable
	.long	.Linfo_string18         @ DW_AT_name
	.long	56                      @ DW_AT_type
	.byte	1                       @ DW_AT_external
	.byte	2                       @ DW_AT_decl_file
	.byte	52                      @ DW_AT_decl_line
	.byte	5                       @ DW_AT_location
	.byte	3
	.long	bou
	.byte	2                       @ Abbrev [2] 0x11e:0x12 DW_TAG_variable
	.long	.Linfo_string19         @ DW_AT_name
	.long	56                      @ DW_AT_type
	.byte	1                       @ DW_AT_external
	.byte	2                       @ DW_AT_decl_file
	.byte	52                      @ DW_AT_decl_line
	.byte	5                       @ DW_AT_location
	.byte	3
	.long	bou1
	.byte	9                       @ Abbrev [9] 0x130:0x31 DW_TAG_enumeration_type
	.long	139                     @ DW_AT_type
	.byte	2                       @ DW_AT_byte_size
	.byte	3                       @ DW_AT_decl_file
	.short	394                     @ DW_AT_decl_line
	.byte	10                      @ Abbrev [10] 0x139:0x6 DW_TAG_enumerator
	.long	.Linfo_string20         @ DW_AT_name
	.byte	16                      @ DW_AT_const_value
	.byte	10                      @ Abbrev [10] 0x13f:0x7 DW_TAG_enumerator
	.long	.Linfo_string21         @ DW_AT_name
	.ascii	"\200\020"              @ DW_AT_const_value
	.byte	10                      @ Abbrev [10] 0x146:0x6 DW_TAG_enumerator
	.long	.Linfo_string22         @ DW_AT_name
	.byte	0                       @ DW_AT_const_value
	.byte	10                      @ Abbrev [10] 0x14c:0x7 DW_TAG_enumerator
	.long	.Linfo_string23         @ DW_AT_name
	.ascii	"\200\032"              @ DW_AT_const_value
	.byte	10                      @ Abbrev [10] 0x153:0x7 DW_TAG_enumerator
	.long	.Linfo_string24         @ DW_AT_name
	.ascii	"\200\022"              @ DW_AT_const_value
	.byte	10                      @ Abbrev [10] 0x15a:0x6 DW_TAG_enumerator
	.long	.Linfo_string25         @ DW_AT_name
	.byte	24                      @ DW_AT_const_value
	.byte	0                       @ End Of Children Mark
	.byte	11                      @ Abbrev [11] 0x161:0x15 DW_TAG_enumeration_type
	.long	67                      @ DW_AT_type
	.byte	1                       @ DW_AT_byte_size
	.byte	4                       @ DW_AT_decl_file
	.byte	159                     @ DW_AT_decl_line
	.byte	10                      @ Abbrev [10] 0x169:0x6 DW_TAG_enumerator
	.long	.Linfo_string26         @ DW_AT_name
	.byte	0                       @ DW_AT_const_value
	.byte	10                      @ Abbrev [10] 0x16f:0x6 DW_TAG_enumerator
	.long	.Linfo_string27         @ DW_AT_name
	.byte	1                       @ DW_AT_const_value
	.byte	0                       @ End Of Children Mark
	.byte	11                      @ Abbrev [11] 0x176:0xb8 DW_TAG_enumeration_type
	.long	139                     @ DW_AT_type
	.byte	2                       @ DW_AT_byte_size
	.byte	3                       @ DW_AT_decl_file
	.byte	248                     @ DW_AT_decl_line
	.byte	10                      @ Abbrev [10] 0x17e:0x7 DW_TAG_enumerator
	.long	.Linfo_string28         @ DW_AT_name
	.ascii	"\200\n"                @ DW_AT_const_value
	.byte	10                      @ Abbrev [10] 0x185:0x7 DW_TAG_enumerator
	.long	.Linfo_string29         @ DW_AT_name
	.ascii	"\206\n"                @ DW_AT_const_value
	.byte	10                      @ Abbrev [10] 0x18c:0x7 DW_TAG_enumerator
	.long	.Linfo_string30         @ DW_AT_name
	.ascii	"\221\n"                @ DW_AT_const_value
	.byte	10                      @ Abbrev [10] 0x193:0x7 DW_TAG_enumerator
	.long	.Linfo_string31         @ DW_AT_name
	.ascii	"\222\n"                @ DW_AT_const_value
	.byte	10                      @ Abbrev [10] 0x19a:0x7 DW_TAG_enumerator
	.long	.Linfo_string32         @ DW_AT_name
	.ascii	"\223\n"                @ DW_AT_const_value
	.byte	10                      @ Abbrev [10] 0x1a1:0x7 DW_TAG_enumerator
	.long	.Linfo_string33         @ DW_AT_name
	.ascii	"\226\n"                @ DW_AT_const_value
	.byte	10                      @ Abbrev [10] 0x1a8:0x7 DW_TAG_enumerator
	.long	.Linfo_string34         @ DW_AT_name
	.ascii	"\200\f"                @ DW_AT_const_value
	.byte	10                      @ Abbrev [10] 0x1af:0x7 DW_TAG_enumerator
	.long	.Linfo_string35         @ DW_AT_name
	.ascii	"\211\f"                @ DW_AT_const_value
	.byte	10                      @ Abbrev [10] 0x1b6:0x7 DW_TAG_enumerator
	.long	.Linfo_string36         @ DW_AT_name
	.ascii	"\213\f"                @ DW_AT_const_value
	.byte	10                      @ Abbrev [10] 0x1bd:0x7 DW_TAG_enumerator
	.long	.Linfo_string37         @ DW_AT_name
	.ascii	"\214\f"                @ DW_AT_const_value
	.byte	10                      @ Abbrev [10] 0x1c4:0x7 DW_TAG_enumerator
	.long	.Linfo_string38         @ DW_AT_name
	.ascii	"\216\f"                @ DW_AT_const_value
	.byte	10                      @ Abbrev [10] 0x1cb:0x7 DW_TAG_enumerator
	.long	.Linfo_string39         @ DW_AT_name
	.ascii	"\220\f"                @ DW_AT_const_value
	.byte	10                      @ Abbrev [10] 0x1d2:0x7 DW_TAG_enumerator
	.long	.Linfo_string40         @ DW_AT_name
	.ascii	"\221\f"                @ DW_AT_const_value
	.byte	10                      @ Abbrev [10] 0x1d9:0x7 DW_TAG_enumerator
	.long	.Linfo_string41         @ DW_AT_name
	.ascii	"\222\f"                @ DW_AT_const_value
	.byte	10                      @ Abbrev [10] 0x1e0:0x7 DW_TAG_enumerator
	.long	.Linfo_string42         @ DW_AT_name
	.ascii	"\226\f"                @ DW_AT_const_value
	.byte	10                      @ Abbrev [10] 0x1e7:0x7 DW_TAG_enumerator
	.long	.Linfo_string43         @ DW_AT_name
	.ascii	"\201\016"              @ DW_AT_const_value
	.byte	10                      @ Abbrev [10] 0x1ee:0x7 DW_TAG_enumerator
	.long	.Linfo_string44         @ DW_AT_name
	.ascii	"\204\016"              @ DW_AT_const_value
	.byte	10                      @ Abbrev [10] 0x1f5:0x7 DW_TAG_enumerator
	.long	.Linfo_string45         @ DW_AT_name
	.ascii	"\210\016"              @ DW_AT_const_value
	.byte	10                      @ Abbrev [10] 0x1fc:0x7 DW_TAG_enumerator
	.long	.Linfo_string46         @ DW_AT_name
	.ascii	"\213\016"              @ DW_AT_const_value
	.byte	10                      @ Abbrev [10] 0x203:0x7 DW_TAG_enumerator
	.long	.Linfo_string47         @ DW_AT_name
	.ascii	"\216\016"              @ DW_AT_const_value
	.byte	10                      @ Abbrev [10] 0x20a:0x7 DW_TAG_enumerator
	.long	.Linfo_string48         @ DW_AT_name
	.ascii	"\221\016"              @ DW_AT_const_value
	.byte	10                      @ Abbrev [10] 0x211:0x7 DW_TAG_enumerator
	.long	.Linfo_string49         @ DW_AT_name
	.ascii	"\225\016"              @ DW_AT_const_value
	.byte	10                      @ Abbrev [10] 0x218:0x7 DW_TAG_enumerator
	.long	.Linfo_string50         @ DW_AT_name
	.ascii	"\226\016"              @ DW_AT_const_value
	.byte	10                      @ Abbrev [10] 0x21f:0x7 DW_TAG_enumerator
	.long	.Linfo_string51         @ DW_AT_name
	.ascii	"\234\016"              @ DW_AT_const_value
	.byte	10                      @ Abbrev [10] 0x226:0x7 DW_TAG_enumerator
	.long	.Linfo_string52         @ DW_AT_name
	.ascii	"\217\020"              @ DW_AT_const_value
	.byte	0                       @ End Of Children Mark
	.byte	12                      @ Abbrev [12] 0x22e:0xd3 DW_TAG_enumeration_type
	.long	769                     @ DW_AT_type
	.long	.Linfo_string87         @ DW_AT_name
	.byte	1                       @ DW_AT_byte_size
	.byte	4                       @ DW_AT_decl_file
	.byte	110                     @ DW_AT_decl_line
	.byte	13                      @ Abbrev [13] 0x23a:0x6 DW_TAG_enumerator
	.long	.Linfo_string54         @ DW_AT_name
	.byte	114                     @ DW_AT_const_value
	.byte	13                      @ Abbrev [13] 0x240:0x6 DW_TAG_enumerator
	.long	.Linfo_string55         @ DW_AT_name
	.byte	115                     @ DW_AT_const_value
	.byte	13                      @ Abbrev [13] 0x246:0x6 DW_TAG_enumerator
	.long	.Linfo_string56         @ DW_AT_name
	.byte	123                     @ DW_AT_const_value
	.byte	13                      @ Abbrev [13] 0x24c:0x6 DW_TAG_enumerator
	.long	.Linfo_string57         @ DW_AT_name
	.byte	126                     @ DW_AT_const_value
	.byte	13                      @ Abbrev [13] 0x252:0x6 DW_TAG_enumerator
	.long	.Linfo_string58         @ DW_AT_name
	.byte	127                     @ DW_AT_const_value
	.byte	13                      @ Abbrev [13] 0x258:0x6 DW_TAG_enumerator
	.long	.Linfo_string59         @ DW_AT_name
	.byte	0                       @ DW_AT_const_value
	.byte	13                      @ Abbrev [13] 0x25e:0x6 DW_TAG_enumerator
	.long	.Linfo_string60         @ DW_AT_name
	.byte	1                       @ DW_AT_const_value
	.byte	13                      @ Abbrev [13] 0x264:0x6 DW_TAG_enumerator
	.long	.Linfo_string61         @ DW_AT_name
	.byte	2                       @ DW_AT_const_value
	.byte	13                      @ Abbrev [13] 0x26a:0x6 DW_TAG_enumerator
	.long	.Linfo_string62         @ DW_AT_name
	.byte	3                       @ DW_AT_const_value
	.byte	13                      @ Abbrev [13] 0x270:0x6 DW_TAG_enumerator
	.long	.Linfo_string63         @ DW_AT_name
	.byte	4                       @ DW_AT_const_value
	.byte	13                      @ Abbrev [13] 0x276:0x6 DW_TAG_enumerator
	.long	.Linfo_string64         @ DW_AT_name
	.byte	5                       @ DW_AT_const_value
	.byte	13                      @ Abbrev [13] 0x27c:0x6 DW_TAG_enumerator
	.long	.Linfo_string65         @ DW_AT_name
	.byte	6                       @ DW_AT_const_value
	.byte	13                      @ Abbrev [13] 0x282:0x6 DW_TAG_enumerator
	.long	.Linfo_string66         @ DW_AT_name
	.byte	7                       @ DW_AT_const_value
	.byte	13                      @ Abbrev [13] 0x288:0x6 DW_TAG_enumerator
	.long	.Linfo_string67         @ DW_AT_name
	.byte	9                       @ DW_AT_const_value
	.byte	13                      @ Abbrev [13] 0x28e:0x6 DW_TAG_enumerator
	.long	.Linfo_string68         @ DW_AT_name
	.byte	10                      @ DW_AT_const_value
	.byte	13                      @ Abbrev [13] 0x294:0x6 DW_TAG_enumerator
	.long	.Linfo_string69         @ DW_AT_name
	.byte	11                      @ DW_AT_const_value
	.byte	13                      @ Abbrev [13] 0x29a:0x6 DW_TAG_enumerator
	.long	.Linfo_string70         @ DW_AT_name
	.byte	12                      @ DW_AT_const_value
	.byte	13                      @ Abbrev [13] 0x2a0:0x6 DW_TAG_enumerator
	.long	.Linfo_string71         @ DW_AT_name
	.byte	13                      @ DW_AT_const_value
	.byte	13                      @ Abbrev [13] 0x2a6:0x6 DW_TAG_enumerator
	.long	.Linfo_string72         @ DW_AT_name
	.byte	14                      @ DW_AT_const_value
	.byte	13                      @ Abbrev [13] 0x2ac:0x6 DW_TAG_enumerator
	.long	.Linfo_string73         @ DW_AT_name
	.byte	16                      @ DW_AT_const_value
	.byte	13                      @ Abbrev [13] 0x2b2:0x6 DW_TAG_enumerator
	.long	.Linfo_string74         @ DW_AT_name
	.byte	17                      @ DW_AT_const_value
	.byte	13                      @ Abbrev [13] 0x2b8:0x6 DW_TAG_enumerator
	.long	.Linfo_string75         @ DW_AT_name
	.byte	19                      @ DW_AT_const_value
	.byte	13                      @ Abbrev [13] 0x2be:0x6 DW_TAG_enumerator
	.long	.Linfo_string76         @ DW_AT_name
	.byte	20                      @ DW_AT_const_value
	.byte	13                      @ Abbrev [13] 0x2c4:0x6 DW_TAG_enumerator
	.long	.Linfo_string77         @ DW_AT_name
	.byte	21                      @ DW_AT_const_value
	.byte	13                      @ Abbrev [13] 0x2ca:0x6 DW_TAG_enumerator
	.long	.Linfo_string78         @ DW_AT_name
	.byte	22                      @ DW_AT_const_value
	.byte	13                      @ Abbrev [13] 0x2d0:0x6 DW_TAG_enumerator
	.long	.Linfo_string79         @ DW_AT_name
	.byte	23                      @ DW_AT_const_value
	.byte	13                      @ Abbrev [13] 0x2d6:0x6 DW_TAG_enumerator
	.long	.Linfo_string80         @ DW_AT_name
	.byte	24                      @ DW_AT_const_value
	.byte	13                      @ Abbrev [13] 0x2dc:0x6 DW_TAG_enumerator
	.long	.Linfo_string81         @ DW_AT_name
	.byte	25                      @ DW_AT_const_value
	.byte	13                      @ Abbrev [13] 0x2e2:0x6 DW_TAG_enumerator
	.long	.Linfo_string82         @ DW_AT_name
	.byte	26                      @ DW_AT_const_value
	.byte	13                      @ Abbrev [13] 0x2e8:0x6 DW_TAG_enumerator
	.long	.Linfo_string83         @ DW_AT_name
	.byte	27                      @ DW_AT_const_value
	.byte	13                      @ Abbrev [13] 0x2ee:0x6 DW_TAG_enumerator
	.long	.Linfo_string84         @ DW_AT_name
	.byte	28                      @ DW_AT_const_value
	.byte	13                      @ Abbrev [13] 0x2f4:0x6 DW_TAG_enumerator
	.long	.Linfo_string85         @ DW_AT_name
	.byte	32                      @ DW_AT_const_value
	.byte	13                      @ Abbrev [13] 0x2fa:0x6 DW_TAG_enumerator
	.long	.Linfo_string86         @ DW_AT_name
	.byte	34                      @ DW_AT_const_value
	.byte	0                       @ End Of Children Mark
	.byte	4                       @ Abbrev [4] 0x301:0x7 DW_TAG_base_type
	.long	.Linfo_string53         @ DW_AT_name
	.byte	6                       @ DW_AT_encoding
	.byte	1                       @ DW_AT_byte_size
	.byte	9                       @ Abbrev [9] 0x308:0x5d DW_TAG_enumeration_type
	.long	139                     @ DW_AT_type
	.byte	2                       @ DW_AT_byte_size
	.byte	5                       @ DW_AT_decl_file
	.short	279                     @ DW_AT_decl_line
	.byte	10                      @ Abbrev [10] 0x311:0x6 DW_TAG_enumerator
	.long	.Linfo_string88         @ DW_AT_name
	.byte	27                      @ DW_AT_const_value
	.byte	10                      @ Abbrev [10] 0x317:0x6 DW_TAG_enumerator
	.long	.Linfo_string89         @ DW_AT_name
	.byte	26                      @ DW_AT_const_value
	.byte	10                      @ Abbrev [10] 0x31d:0x6 DW_TAG_enumerator
	.long	.Linfo_string90         @ DW_AT_name
	.byte	14                      @ DW_AT_const_value
	.byte	10                      @ Abbrev [10] 0x323:0x6 DW_TAG_enumerator
	.long	.Linfo_string91         @ DW_AT_name
	.byte	8                       @ DW_AT_const_value
	.byte	10                      @ Abbrev [10] 0x329:0x6 DW_TAG_enumerator
	.long	.Linfo_string92         @ DW_AT_name
	.byte	7                       @ DW_AT_const_value
	.byte	10                      @ Abbrev [10] 0x32f:0x6 DW_TAG_enumerator
	.long	.Linfo_string93         @ DW_AT_name
	.byte	6                       @ DW_AT_const_value
	.byte	10                      @ Abbrev [10] 0x335:0x6 DW_TAG_enumerator
	.long	.Linfo_string94         @ DW_AT_name
	.byte	5                       @ DW_AT_const_value
	.byte	10                      @ Abbrev [10] 0x33b:0x6 DW_TAG_enumerator
	.long	.Linfo_string95         @ DW_AT_name
	.byte	4                       @ DW_AT_const_value
	.byte	10                      @ Abbrev [10] 0x341:0x7 DW_TAG_enumerator
	.long	.Linfo_string96         @ DW_AT_name
	.ascii	"\206\002"              @ DW_AT_const_value
	.byte	10                      @ Abbrev [10] 0x348:0x7 DW_TAG_enumerator
	.long	.Linfo_string97         @ DW_AT_name
	.ascii	"\226\004"              @ DW_AT_const_value
	.byte	10                      @ Abbrev [10] 0x34f:0x7 DW_TAG_enumerator
	.long	.Linfo_string98         @ DW_AT_name
	.ascii	"\212\004"              @ DW_AT_const_value
	.byte	10                      @ Abbrev [10] 0x356:0x7 DW_TAG_enumerator
	.long	.Linfo_string99         @ DW_AT_name
	.ascii	"\200\004"              @ DW_AT_const_value
	.byte	10                      @ Abbrev [10] 0x35d:0x7 DW_TAG_enumerator
	.long	.Linfo_string100        @ DW_AT_name
	.ascii	"\211h"                 @ DW_AT_const_value
	.byte	0                       @ End Of Children Mark
	.byte	11                      @ Abbrev [11] 0x365:0x15 DW_TAG_enumeration_type
	.long	67                      @ DW_AT_type
	.byte	1                       @ DW_AT_byte_size
	.byte	6                       @ DW_AT_decl_file
	.byte	18                      @ DW_AT_decl_line
	.byte	10                      @ Abbrev [10] 0x36d:0x6 DW_TAG_enumerator
	.long	.Linfo_string101        @ DW_AT_name
	.byte	0                       @ DW_AT_const_value
	.byte	10                      @ Abbrev [10] 0x373:0x6 DW_TAG_enumerator
	.long	.Linfo_string102        @ DW_AT_name
	.byte	1                       @ DW_AT_const_value
	.byte	0                       @ End Of Children Mark
	.byte	11                      @ Abbrev [11] 0x37a:0x15 DW_TAG_enumeration_type
	.long	67                      @ DW_AT_type
	.byte	1                       @ DW_AT_byte_size
	.byte	4                       @ DW_AT_decl_file
	.byte	158                     @ DW_AT_decl_line
	.byte	10                      @ Abbrev [10] 0x382:0x6 DW_TAG_enumerator
	.long	.Linfo_string103        @ DW_AT_name
	.byte	0                       @ DW_AT_const_value
	.byte	10                      @ Abbrev [10] 0x388:0x6 DW_TAG_enumerator
	.long	.Linfo_string104        @ DW_AT_name
	.byte	1                       @ DW_AT_const_value
	.byte	0                       @ End Of Children Mark
	.byte	11                      @ Abbrev [11] 0x38f:0xbf DW_TAG_enumeration_type
	.long	139                     @ DW_AT_type
	.byte	2                       @ DW_AT_byte_size
	.byte	5                       @ DW_AT_decl_file
	.byte	221                     @ DW_AT_decl_line
	.byte	10                      @ Abbrev [10] 0x397:0x7 DW_TAG_enumerator
	.long	.Linfo_string105        @ DW_AT_name
	.ascii	"\226\016"              @ DW_AT_const_value
	.byte	10                      @ Abbrev [10] 0x39e:0x7 DW_TAG_enumerator
	.long	.Linfo_string106        @ DW_AT_name
	.ascii	"\225\016"              @ DW_AT_const_value
	.byte	10                      @ Abbrev [10] 0x3a5:0x7 DW_TAG_enumerator
	.long	.Linfo_string107        @ DW_AT_name
	.ascii	"\224\016"              @ DW_AT_const_value
	.byte	10                      @ Abbrev [10] 0x3ac:0x7 DW_TAG_enumerator
	.long	.Linfo_string108        @ DW_AT_name
	.ascii	"\223\016"              @ DW_AT_const_value
	.byte	10                      @ Abbrev [10] 0x3b3:0x7 DW_TAG_enumerator
	.long	.Linfo_string109        @ DW_AT_name
	.ascii	"\222\016"              @ DW_AT_const_value
	.byte	10                      @ Abbrev [10] 0x3ba:0x7 DW_TAG_enumerator
	.long	.Linfo_string110        @ DW_AT_name
	.ascii	"\221\016"              @ DW_AT_const_value
	.byte	10                      @ Abbrev [10] 0x3c1:0x7 DW_TAG_enumerator
	.long	.Linfo_string111        @ DW_AT_name
	.ascii	"\220\016"              @ DW_AT_const_value
	.byte	10                      @ Abbrev [10] 0x3c8:0x7 DW_TAG_enumerator
	.long	.Linfo_string112        @ DW_AT_name
	.ascii	"\217\016"              @ DW_AT_const_value
	.byte	10                      @ Abbrev [10] 0x3cf:0x7 DW_TAG_enumerator
	.long	.Linfo_string113        @ DW_AT_name
	.ascii	"\216\016"              @ DW_AT_const_value
	.byte	10                      @ Abbrev [10] 0x3d6:0x7 DW_TAG_enumerator
	.long	.Linfo_string114        @ DW_AT_name
	.ascii	"\214\016"              @ DW_AT_const_value
	.byte	10                      @ Abbrev [10] 0x3dd:0x7 DW_TAG_enumerator
	.long	.Linfo_string115        @ DW_AT_name
	.ascii	"\213\016"              @ DW_AT_const_value
	.byte	10                      @ Abbrev [10] 0x3e4:0x7 DW_TAG_enumerator
	.long	.Linfo_string116        @ DW_AT_name
	.ascii	"\212\016"              @ DW_AT_const_value
	.byte	10                      @ Abbrev [10] 0x3eb:0x7 DW_TAG_enumerator
	.long	.Linfo_string117        @ DW_AT_name
	.ascii	"\211\016"              @ DW_AT_const_value
	.byte	10                      @ Abbrev [10] 0x3f2:0x7 DW_TAG_enumerator
	.long	.Linfo_string118        @ DW_AT_name
	.ascii	"\210\016"              @ DW_AT_const_value
	.byte	10                      @ Abbrev [10] 0x3f9:0x7 DW_TAG_enumerator
	.long	.Linfo_string119        @ DW_AT_name
	.ascii	"\207\016"              @ DW_AT_const_value
	.byte	10                      @ Abbrev [10] 0x400:0x7 DW_TAG_enumerator
	.long	.Linfo_string120        @ DW_AT_name
	.ascii	"\206\016"              @ DW_AT_const_value
	.byte	10                      @ Abbrev [10] 0x407:0x7 DW_TAG_enumerator
	.long	.Linfo_string121        @ DW_AT_name
	.ascii	"\205\016"              @ DW_AT_const_value
	.byte	10                      @ Abbrev [10] 0x40e:0x7 DW_TAG_enumerator
	.long	.Linfo_string122        @ DW_AT_name
	.ascii	"\204\016"              @ DW_AT_const_value
	.byte	10                      @ Abbrev [10] 0x415:0x7 DW_TAG_enumerator
	.long	.Linfo_string123        @ DW_AT_name
	.ascii	"\203\016"              @ DW_AT_const_value
	.byte	10                      @ Abbrev [10] 0x41c:0x7 DW_TAG_enumerator
	.long	.Linfo_string124        @ DW_AT_name
	.ascii	"\202\016"              @ DW_AT_const_value
	.byte	10                      @ Abbrev [10] 0x423:0x7 DW_TAG_enumerator
	.long	.Linfo_string125        @ DW_AT_name
	.ascii	"\201\016"              @ DW_AT_const_value
	.byte	10                      @ Abbrev [10] 0x42a:0x7 DW_TAG_enumerator
	.long	.Linfo_string126        @ DW_AT_name
	.ascii	"\200\016"              @ DW_AT_const_value
	.byte	10                      @ Abbrev [10] 0x431:0x7 DW_TAG_enumerator
	.long	.Linfo_string127        @ DW_AT_name
	.ascii	"\210`"                 @ DW_AT_const_value
	.byte	10                      @ Abbrev [10] 0x438:0x7 DW_TAG_enumerator
	.long	.Linfo_string128        @ DW_AT_name
	.ascii	"\217h"                 @ DW_AT_const_value
	.byte	10                      @ Abbrev [10] 0x43f:0x7 DW_TAG_enumerator
	.long	.Linfo_string129        @ DW_AT_name
	.ascii	"\213h"                 @ DW_AT_const_value
	.byte	10                      @ Abbrev [10] 0x446:0x7 DW_TAG_enumerator
	.long	.Linfo_string130        @ DW_AT_name
	.ascii	"\212h"                 @ DW_AT_const_value
	.byte	0                       @ End Of Children Mark
	.byte	14                      @ Abbrev [14] 0x44e:0x13 DW_TAG_subprogram
	.long	.Lfunc_begin0           @ DW_AT_low_pc
	.long	.Lfunc_end0             @ DW_AT_high_pc
	.byte	1                       @ DW_AT_frame_base
	.byte	93
	.long	.Linfo_string131        @ DW_AT_name
	.byte	2                       @ DW_AT_decl_file
	.byte	63                      @ DW_AT_decl_line
	.byte	1                       @ DW_AT_prototyped
	.byte	1                       @ DW_AT_external
	.byte	14                      @ Abbrev [14] 0x461:0x13 DW_TAG_subprogram
	.long	.Lfunc_begin1           @ DW_AT_low_pc
	.long	.Lfunc_end1             @ DW_AT_high_pc
	.byte	1                       @ DW_AT_frame_base
	.byte	93
	.long	.Linfo_string132        @ DW_AT_name
	.byte	2                       @ DW_AT_decl_file
	.byte	88                      @ DW_AT_decl_line
	.byte	1                       @ DW_AT_prototyped
	.byte	1                       @ DW_AT_external
	.byte	15                      @ Abbrev [15] 0x474:0x2f DW_TAG_subprogram
	.long	.Lfunc_begin2           @ DW_AT_low_pc
	.long	.Lfunc_end2             @ DW_AT_high_pc
	.byte	1                       @ DW_AT_frame_base
	.byte	93
	.long	.Linfo_string133        @ DW_AT_name
	.byte	2                       @ DW_AT_decl_file
	.byte	102                     @ DW_AT_decl_line
	.byte	1                       @ DW_AT_external
	.byte	16                      @ Abbrev [16] 0x486:0xe DW_TAG_variable
	.byte	2                       @ DW_AT_location
	.byte	145
	.byte	4
	.long	.Linfo_string139        @ DW_AT_name
	.byte	2                       @ DW_AT_decl_file
	.byte	104                     @ DW_AT_decl_line
	.long	128                     @ DW_AT_type
	.byte	16                      @ Abbrev [16] 0x494:0xe DW_TAG_variable
	.byte	2                       @ DW_AT_location
	.byte	145
	.byte	0
	.long	.Linfo_string140        @ DW_AT_name
	.byte	2                       @ DW_AT_decl_file
	.byte	104                     @ DW_AT_decl_line
	.long	128                     @ DW_AT_type
	.byte	0                       @ End Of Children Mark
	.byte	17                      @ Abbrev [17] 0x4a3:0x26 DW_TAG_subprogram
	.long	.Lfunc_begin3           @ DW_AT_low_pc
	.long	.Lfunc_end3             @ DW_AT_high_pc
	.byte	1                       @ DW_AT_frame_base
	.byte	93
	.long	.Linfo_string134        @ DW_AT_name
	.byte	2                       @ DW_AT_decl_file
	.byte	132                     @ DW_AT_decl_line
	.byte	1                       @ DW_AT_prototyped
	.long	1318                    @ DW_AT_type
	.byte	1                       @ DW_AT_external
	.byte	16                      @ Abbrev [16] 0x4ba:0xe DW_TAG_variable
	.byte	2                       @ DW_AT_location
	.byte	145
	.byte	12
	.long	.Linfo_string141        @ DW_AT_name
	.byte	2                       @ DW_AT_decl_file
	.byte	136                     @ DW_AT_decl_line
	.long	1325                    @ DW_AT_type
	.byte	0                       @ End Of Children Mark
	.byte	14                      @ Abbrev [14] 0x4c9:0x13 DW_TAG_subprogram
	.long	.Lfunc_begin4           @ DW_AT_low_pc
	.long	.Lfunc_end4             @ DW_AT_high_pc
	.byte	1                       @ DW_AT_frame_base
	.byte	93
	.long	.Linfo_string136        @ DW_AT_name
	.byte	2                       @ DW_AT_decl_file
	.byte	227                     @ DW_AT_decl_line
	.byte	1                       @ DW_AT_prototyped
	.byte	1                       @ DW_AT_external
	.byte	14                      @ Abbrev [14] 0x4dc:0x13 DW_TAG_subprogram
	.long	.Lfunc_begin5           @ DW_AT_low_pc
	.long	.Lfunc_end5             @ DW_AT_high_pc
	.byte	1                       @ DW_AT_frame_base
	.byte	93
	.long	.Linfo_string137        @ DW_AT_name
	.byte	2                       @ DW_AT_decl_file
	.byte	254                     @ DW_AT_decl_line
	.byte	1                       @ DW_AT_prototyped
	.byte	1                       @ DW_AT_external
	.byte	18                      @ Abbrev [18] 0x4ef:0x37 DW_TAG_subprogram
	.long	.Lfunc_begin6           @ DW_AT_low_pc
	.long	.Lfunc_end6             @ DW_AT_high_pc
	.byte	1                       @ DW_AT_frame_base
	.byte	93
	.long	.Linfo_string138        @ DW_AT_name
	.byte	2                       @ DW_AT_decl_file
	.short	312                     @ DW_AT_decl_line
	.byte	1                       @ DW_AT_prototyped
	.long	1318                    @ DW_AT_type
	.byte	1                       @ DW_AT_external
	.byte	19                      @ Abbrev [19] 0x507:0xf DW_TAG_formal_parameter
	.byte	2                       @ DW_AT_location
	.byte	145
	.byte	4
	.long	.Linfo_string141        @ DW_AT_name
	.byte	2                       @ DW_AT_decl_file
	.short	312                     @ DW_AT_decl_line
	.long	1318                    @ DW_AT_type
	.byte	19                      @ Abbrev [19] 0x516:0xf DW_TAG_formal_parameter
	.byte	2                       @ DW_AT_location
	.byte	145
	.byte	0
	.long	.Linfo_string142        @ DW_AT_name
	.byte	2                       @ DW_AT_decl_file
	.short	312                     @ DW_AT_decl_line
	.long	1337                    @ DW_AT_type
	.byte	0                       @ End Of Children Mark
	.byte	4                       @ Abbrev [4] 0x526:0x7 DW_TAG_base_type
	.long	.Linfo_string135        @ DW_AT_name
	.byte	5                       @ DW_AT_encoding
	.byte	4                       @ DW_AT_byte_size
	.byte	5                       @ Abbrev [5] 0x52d:0xc DW_TAG_array_type
	.long	56                      @ DW_AT_type
	.byte	6                       @ Abbrev [6] 0x532:0x6 DW_TAG_subrange_type
	.long	194                     @ DW_AT_type
	.byte	13                      @ DW_AT_count
	.byte	0                       @ End Of Children Mark
	.byte	20                      @ Abbrev [20] 0x539:0x5 DW_TAG_pointer_type
	.long	1342                    @ DW_AT_type
	.byte	3                       @ Abbrev [3] 0x53e:0xb DW_TAG_typedef
	.long	1353                    @ DW_AT_type
	.long	.Linfo_string149        @ DW_AT_name
	.byte	7                       @ DW_AT_decl_file
	.byte	108                     @ DW_AT_decl_line
	.byte	21                      @ Abbrev [21] 0x549:0x32 DW_TAG_structure_type
	.long	.Linfo_string148        @ DW_AT_name
	.byte	84                      @ DW_AT_byte_size
	.byte	7                       @ DW_AT_decl_file
	.byte	119                     @ DW_AT_decl_line
	.byte	22                      @ Abbrev [22] 0x551:0xc DW_TAG_member
	.long	.Linfo_string143        @ DW_AT_name
	.long	1373                    @ DW_AT_type
	.byte	7                       @ DW_AT_decl_file
	.byte	127                     @ DW_AT_decl_line
	.byte	0                       @ DW_AT_data_member_location
	.byte	23                      @ Abbrev [23] 0x55d:0x1d DW_TAG_union_type
	.byte	84                      @ DW_AT_byte_size
	.byte	7                       @ DW_AT_decl_file
	.byte	120                     @ DW_AT_decl_line
	.byte	22                      @ Abbrev [22] 0x561:0xc DW_TAG_member
	.long	.Linfo_string144        @ DW_AT_name
	.long	1403                    @ DW_AT_type
	.byte	7                       @ DW_AT_decl_file
	.byte	121                     @ DW_AT_decl_line
	.byte	0                       @ DW_AT_data_member_location
	.byte	22                      @ Abbrev [22] 0x56d:0xc DW_TAG_member
	.long	.Linfo_string146        @ DW_AT_name
	.long	1410                    @ DW_AT_type
	.byte	7                       @ DW_AT_decl_file
	.byte	125                     @ DW_AT_decl_line
	.byte	0                       @ DW_AT_data_member_location
	.byte	0                       @ End Of Children Mark
	.byte	0                       @ End Of Children Mark
	.byte	4                       @ Abbrev [4] 0x57b:0x7 DW_TAG_base_type
	.long	.Linfo_string145        @ DW_AT_name
	.byte	5                       @ DW_AT_encoding
	.byte	4                       @ DW_AT_byte_size
	.byte	5                       @ Abbrev [5] 0x582:0xc DW_TAG_array_type
	.long	1422                    @ DW_AT_type
	.byte	6                       @ Abbrev [6] 0x587:0x6 DW_TAG_subrange_type
	.long	194                     @ DW_AT_type
	.byte	84                      @ DW_AT_count
	.byte	0                       @ End Of Children Mark
	.byte	4                       @ Abbrev [4] 0x58e:0x7 DW_TAG_base_type
	.long	.Linfo_string147        @ DW_AT_name
	.byte	8                       @ DW_AT_encoding
	.byte	1                       @ DW_AT_byte_size
	.byte	0                       @ End Of Children Mark
.Ldebug_info_end0:
	.section	.debug_ranges,"",%progbits
.Ldebug_ranges0:
	.long	.Lfunc_begin0
	.long	.Lfunc_end0
	.long	.Lfunc_begin1
	.long	.Lfunc_end1
	.long	.Lfunc_begin2
	.long	.Lfunc_end2
	.long	.Lfunc_begin3
	.long	.Lfunc_end3
	.long	.Lfunc_begin4
	.long	.Lfunc_end4
	.long	.Lfunc_begin5
	.long	.Lfunc_end5
	.long	.Lfunc_begin6
	.long	.Lfunc_end6
	.long	0
	.long	0
	.ident	"Component: ARM Compiler 6.14 Tool: armclang [5db06c00]"
	.section	".note.GNU-stack","",%progbits
	.eabi_attribute	30, 6	@ Tag_ABI_optimization_goals
	.ARM_attribute	16, 1	@ Tag_AV_eba
	.section	.debug_line,"",%progbits
.Lline_table_start0:
