	.text
	.syntax unified
	.eabi_attribute	67, "2.09"	@ Tag_conformance
	.cpu	cortex-m23
	.eabi_attribute	6, 16	@ Tag_CPU_arch
	.eabi_attribute	7, 77	@ Tag_CPU_arch_profile
	.eabi_attribute	8, 0	@ Tag_ARM_ISA_use
	.eabi_attribute	9, 3	@ Tag_THUMB_ISA_use
	.eabi_attribute	34, 0	@ Tag_CPU_unaligned_access
	.eabi_attribute	17, 1	@ Tag_ABI_PCS_GOT_use
	.eabi_attribute	20, 2	@ Tag_ABI_FP_denormal
	.eabi_attribute	21, 0	@ Tag_ABI_FP_exceptions
	.eabi_attribute	23, 1	@ Tag_ABI_FP_number_model
	.eabi_attribute	24, 1	@ Tag_ABI_align_needed
	.eabi_attribute	25, 1	@ Tag_ABI_align_preserved
	.eabi_attribute	38, 1	@ Tag_ABI_FP_16bit_format
	.eabi_attribute	18, 2	@ Tag_ABI_PCS_wchar_t
	.eabi_attribute	26, 1	@ Tag_ABI_enum_size
	.eabi_attribute	14, 0	@ Tag_ABI_PCS_R9_use
	.file	"timer.c"
	.file	1 "D:\\Keil_v5\\ARM\\ARMCLANG\\Bin\\..\\include" "stdint.h"
	.file	2 "E:\\project\\product\\GD32\\E230 - TH\\MDK-ARM" "../BSP/Src/timer.c"
	.file	3 "E:\\project\\product\\GD32\\E230 - TH\\MDK-ARM" "../APP/Inc/type.h"
	.file	4 "E:\\project\\product\\GD32\\E230 - TH\\MDK-ARM" "../GD32E230_Firmware_Library/GD32E230_standard_peripheral/Include\\gd32e230_rcu.h"
	.file	5 "E:\\project\\product\\GD32\\E230 - TH\\MDK-ARM" "../GD32E230_Firmware_Library/CMSIS/GD/GD32E230/Include\\gd32e230.h"
	.section	.text.timer_config,"ax",%progbits
	.hidden	timer_config            @ -- Begin function timer_config
	.globl	timer_config
	.p2align	2
	.type	timer_config,%function
	.code	16                      @ @timer_config
	.thumb_func
timer_config:
.Lfunc_begin0:
	.loc	2 13 0                  @ ../BSP/Src/timer.c:13:0
	.fnstart
	.cfi_sections .debug_frame
	.cfi_startproc
@ %bb.0:
	.save	{r7, lr}
	push	{r7, lr}
	.cfi_def_cfa_offset 8
	.cfi_offset lr, -4
	.cfi_offset r7, -8
	.pad	#64
	sub	sp, #64
	.cfi_def_cfa_offset 72
	ldr	r0, __arm_cp.0_0
.Ltmp0:
	.loc	2 18 5 prologue_end     @ ../BSP/Src/timer.c:18:5
	bl	rcu_periph_clock_enable
	ldr	r0, __arm_cp.0_1
	.loc	2 19 2                  @ ../BSP/Src/timer.c:19:2
	bl	rcu_periph_clock_enable
	ldr	r0, __arm_cp.0_2
	.loc	2 26 2                  @ ../BSP/Src/timer.c:26:2
	str	r0, [sp, #24]           @ 4-byte Spill
	bl	timer_deinit
	add	r0, sp, #36
	movs	r1, #71
	.loc	2 29 38                 @ ../BSP/Src/timer.c:29:38
	strh	r1, [r0]
	movs	r1, #0
	.loc	2 30 38                 @ ../BSP/Src/timer.c:30:38
	strh	r1, [r0, #2]
	.loc	2 31 38                 @ ../BSP/Src/timer.c:31:38
	strh	r1, [r0, #4]
	ldr	r2, __arm_cp.0_3
	.loc	2 32 38                 @ ../BSP/Src/timer.c:32:38
	str	r2, [sp, #44]
	.loc	2 33 38                 @ ../BSP/Src/timer.c:33:38
	strh	r1, [r0, #6]
	.loc	2 34 38                 @ ../BSP/Src/timer.c:34:38
	strb	r1, [r0, #12]
	.loc	2 35 5                  @ ../BSP/Src/timer.c:35:5
	ldr	r2, [sp, #24]           @ 4-byte Reload
	str	r0, [sp, #20]           @ 4-byte Spill
	mov	r0, r2
	ldr	r3, [sp, #20]           @ 4-byte Reload
	str	r1, [sp, #16]           @ 4-byte Spill
	mov	r1, r3
	bl	timer_init
	add	r0, sp, #28
	.loc	2 50 2                  @ ../BSP/Src/timer.c:50:2
	str	r0, [sp, #12]           @ 4-byte Spill
	bl	timer_channel_input_struct_para_init
	.loc	2 51 31                 @ ../BSP/Src/timer.c:51:31
	ldr	r0, [sp, #16]           @ 4-byte Reload
	ldr	r1, [sp, #12]           @ 4-byte Reload
	strh	r0, [r1]
	movs	r2, #1
	.loc	2 52 31                 @ ../BSP/Src/timer.c:52:31
	strh	r2, [r1, #2]
	.loc	2 53 31                 @ ../BSP/Src/timer.c:53:31
	strh	r0, [r1, #4]
	.loc	2 54 31                 @ ../BSP/Src/timer.c:54:31
	strh	r0, [r1, #6]
	.loc	2 55 2                  @ ../BSP/Src/timer.c:55:2
	ldr	r0, [sp, #24]           @ 4-byte Reload
	ldr	r1, [sp, #16]           @ 4-byte Reload
	ldr	r3, [sp, #12]           @ 4-byte Reload
	str	r2, [sp, #8]            @ 4-byte Spill
	mov	r2, r3
	bl	timer_input_capture_config
	.loc	2 58 2                  @ ../BSP/Src/timer.c:58:2
	ldr	r0, [sp, #12]           @ 4-byte Reload
	bl	timer_channel_input_struct_para_init
	.loc	2 59 31                 @ ../BSP/Src/timer.c:59:31
	ldr	r0, [sp, #16]           @ 4-byte Reload
	ldr	r1, [sp, #12]           @ 4-byte Reload
	strh	r0, [r1]
	.loc	2 60 31                 @ ../BSP/Src/timer.c:60:31
	ldr	r2, [sp, #8]            @ 4-byte Reload
	strh	r2, [r1, #2]
	.loc	2 61 31                 @ ../BSP/Src/timer.c:61:31
	strh	r0, [r1, #4]
	.loc	2 62 31                 @ ../BSP/Src/timer.c:62:31
	strh	r0, [r1, #6]
	.loc	2 63 2                  @ ../BSP/Src/timer.c:63:2
	ldr	r0, [sp, #24]           @ 4-byte Reload
	mov	r1, r2
	ldr	r2, [sp, #12]           @ 4-byte Reload
	bl	timer_input_capture_config
	.loc	2 67 5                  @ ../BSP/Src/timer.c:67:5
	ldr	r0, [sp, #24]           @ 4-byte Reload
	bl	timer_auto_reload_shadow_enable
	movs	r0, #2
	.loc	2 69 2                  @ ../BSP/Src/timer.c:69:2
	ldr	r1, [sp, #24]           @ 4-byte Reload
	str	r0, [sp, #4]            @ 4-byte Spill
	mov	r0, r1
	ldr	r1, [sp, #4]            @ 4-byte Reload
	bl	timer_interrupt_flag_clear
	movs	r0, #4
	.loc	2 70 2                  @ ../BSP/Src/timer.c:70:2
	ldr	r1, [sp, #24]           @ 4-byte Reload
	str	r0, [sp]                @ 4-byte Spill
	mov	r0, r1
	ldr	r1, [sp]                @ 4-byte Reload
	bl	timer_interrupt_flag_clear
	.loc	2 72 2                  @ ../BSP/Src/timer.c:72:2
	ldr	r0, [sp, #24]           @ 4-byte Reload
	ldr	r1, [sp, #4]            @ 4-byte Reload
	bl	timer_interrupt_enable
	.loc	2 73 2                  @ ../BSP/Src/timer.c:73:2
	ldr	r0, [sp, #24]           @ 4-byte Reload
	ldr	r1, [sp]                @ 4-byte Reload
	bl	timer_interrupt_enable
	movs	r0, #14
	.loc	2 75 2                  @ ../BSP/Src/timer.c:75:2
	ldr	r1, [sp, #4]            @ 4-byte Reload
	bl	nvic_irq_enable
	.loc	2 78 2                  @ ../BSP/Src/timer.c:78:2
	ldr	r0, [sp, #24]           @ 4-byte Reload
	bl	timer_enable
	.loc	2 80 1                  @ ../BSP/Src/timer.c:80:1
	add	sp, #64
	pop	{r7, pc}
.Ltmp1:
	.p2align	2
@ %bb.1:
	.loc	2 0 1 is_stmt 0         @ ../BSP/Src/timer.c:0:1
__arm_cp.0_0:
	.long	1547                    @ 0x60b
.Lcpi_end0:
	.size	__arm_cp.0_0, .Lcpi_end0-__arm_cp.0_0
__arm_cp.0_1:
	.long	1297                    @ 0x511
.Lcpi_end1:
	.size	__arm_cp.0_1, .Lcpi_end1-__arm_cp.0_1
__arm_cp.0_2:
	.long	1073818624              @ 0x40012c00
.Lcpi_end2:
	.size	__arm_cp.0_2, .Lcpi_end2-__arm_cp.0_2
__arm_cp.0_3:
	.long	65535                   @ 0xffff
.Lcpi_end3:
	.size	__arm_cp.0_3, .Lcpi_end3-__arm_cp.0_3
.Lfunc_end0:
	.size	timer_config, .Lfunc_end0-timer_config
	.cfi_endproc
	.cantunwind
	.fnend
                                        @ -- End function
	.section	.text.TIMER2_Init,"ax",%progbits
	.hidden	TIMER2_Init             @ -- Begin function TIMER2_Init
	.globl	TIMER2_Init
	.p2align	2
	.type	TIMER2_Init,%function
	.code	16                      @ @TIMER2_Init
	.thumb_func
TIMER2_Init:
.Lfunc_begin1:
	.loc	2 84 0 is_stmt 1        @ ../BSP/Src/timer.c:84:0
	.fnstart
	.cfi_startproc
@ %bb.0:
	.save	{r7, lr}
	push	{r7, lr}
	.cfi_def_cfa_offset 8
	.cfi_offset lr, -4
	.cfi_offset r7, -8
	.pad	#40
	sub	sp, #40
	.cfi_def_cfa_offset 48
	movw	r0, #1552
.Ltmp2:
	.loc	2 88 5 prologue_end     @ ../BSP/Src/timer.c:88:5
	bl	rcu_periph_clock_enable
	ldr	r0, __arm_cp.1_0
	.loc	2 90 5                  @ ../BSP/Src/timer.c:90:5
	str	r0, [sp, #8]            @ 4-byte Spill
	bl	timer_deinit
	add	r0, sp, #12
	ldr	r1, __arm_cp.1_1
	.loc	2 93 38                 @ ../BSP/Src/timer.c:93:38
	strh	r1, [r0]
	movs	r1, #0
	.loc	2 94 38                 @ ../BSP/Src/timer.c:94:38
	strh	r1, [r0, #2]
	.loc	2 95 38                 @ ../BSP/Src/timer.c:95:38
	strh	r1, [r0, #4]
	ldr	r2, __arm_cp.1_2
	.loc	2 96 38                 @ ../BSP/Src/timer.c:96:38
	str	r2, [sp, #20]
	.loc	2 97 38                 @ ../BSP/Src/timer.c:97:38
	strh	r1, [r0, #6]
	.loc	2 98 38                 @ ../BSP/Src/timer.c:98:38
	strb	r1, [r0, #12]
	.loc	2 99 5                  @ ../BSP/Src/timer.c:99:5
	ldr	r1, [sp, #8]            @ 4-byte Reload
	str	r0, [sp, #4]            @ 4-byte Spill
	mov	r0, r1
	ldr	r1, [sp, #4]            @ 4-byte Reload
	bl	timer_init
	movs	r0, #20
	movs	r1, #2
	.loc	2 110 2                 @ ../BSP/Src/timer.c:110:2
	bl	nvic_irq_enable
	.loc	2 112 5                 @ ../BSP/Src/timer.c:112:5
	ldr	r0, [sp, #8]            @ 4-byte Reload
	bl	timer_auto_reload_shadow_enable
	movs	r1, #1
	.loc	2 115 2                 @ ../BSP/Src/timer.c:115:2
	ldr	r0, [sp, #8]            @ 4-byte Reload
	bl	timer_interrupt_enable
	.loc	2 116 2                 @ ../BSP/Src/timer.c:116:2
	ldr	r0, [sp, #8]            @ 4-byte Reload
	bl	timer_enable
	.loc	2 119 1                 @ ../BSP/Src/timer.c:119:1
	add	sp, #40
	pop	{r7, pc}
.Ltmp3:
	.p2align	2
@ %bb.1:
	.loc	2 0 1 is_stmt 0         @ ../BSP/Src/timer.c:0:1
__arm_cp.1_0:
	.long	1073823744              @ 0x40014000
.Lcpi_end4:
	.size	__arm_cp.1_0, .Lcpi_end4-__arm_cp.1_0
__arm_cp.1_1:
	.long	7199                    @ 0x1c1f
.Lcpi_end5:
	.size	__arm_cp.1_1, .Lcpi_end5-__arm_cp.1_1
__arm_cp.1_2:
	.long	9999                    @ 0x270f
.Lcpi_end6:
	.size	__arm_cp.1_2, .Lcpi_end6-__arm_cp.1_2
.Lfunc_end1:
	.size	TIMER2_Init, .Lfunc_end1-TIMER2_Init
	.cfi_endproc
	.cantunwind
	.fnend
                                        @ -- End function
	.section	.text.TIMER15_Init,"ax",%progbits
	.hidden	TIMER15_Init            @ -- Begin function TIMER15_Init
	.globl	TIMER15_Init
	.p2align	2
	.type	TIMER15_Init,%function
	.code	16                      @ @TIMER15_Init
	.thumb_func
TIMER15_Init:
.Lfunc_begin2:
	.loc	2 124 0 is_stmt 1       @ ../BSP/Src/timer.c:124:0
	.fnstart
	.cfi_startproc
@ %bb.0:
	.save	{r7, lr}
	push	{r7, lr}
	.cfi_def_cfa_offset 8
	.cfi_offset lr, -4
	.cfi_offset r7, -8
	.pad	#40
	sub	sp, #40
	.cfi_def_cfa_offset 48
	ldr	r0, __arm_cp.2_0
.Ltmp4:
	.loc	2 128 5 prologue_end    @ ../BSP/Src/timer.c:128:5
	bl	rcu_periph_clock_enable
	ldr	r0, __arm_cp.2_1
	.loc	2 130 5                 @ ../BSP/Src/timer.c:130:5
	str	r0, [sp, #8]            @ 4-byte Spill
	bl	timer_deinit
	add	r0, sp, #12
	ldr	r1, __arm_cp.2_2
	.loc	2 133 38                @ ../BSP/Src/timer.c:133:38
	strh	r1, [r0]
	movs	r1, #0
	.loc	2 134 38                @ ../BSP/Src/timer.c:134:38
	strh	r1, [r0, #2]
	.loc	2 135 38                @ ../BSP/Src/timer.c:135:38
	strh	r1, [r0, #4]
	ldr	r2, __arm_cp.2_3
	.loc	2 136 38                @ ../BSP/Src/timer.c:136:38
	str	r2, [sp, #20]
	.loc	2 137 38                @ ../BSP/Src/timer.c:137:38
	strh	r1, [r0, #6]
	.loc	2 138 38                @ ../BSP/Src/timer.c:138:38
	strb	r1, [r0, #12]
	.loc	2 139 5                 @ ../BSP/Src/timer.c:139:5
	ldr	r1, [sp, #8]            @ 4-byte Reload
	str	r0, [sp, #4]            @ 4-byte Spill
	mov	r0, r1
	ldr	r1, [sp, #4]            @ 4-byte Reload
	bl	timer_init
	movs	r0, #21
	movs	r1, #3
	.loc	2 150 2                 @ ../BSP/Src/timer.c:150:2
	bl	nvic_irq_enable
	.loc	2 152 5                 @ ../BSP/Src/timer.c:152:5
	ldr	r0, [sp, #8]            @ 4-byte Reload
	bl	timer_auto_reload_shadow_enable
	movs	r1, #1
	.loc	2 155 2                 @ ../BSP/Src/timer.c:155:2
	ldr	r0, [sp, #8]            @ 4-byte Reload
	bl	timer_interrupt_disable
	.loc	2 156 2                 @ ../BSP/Src/timer.c:156:2
	ldr	r0, [sp, #8]            @ 4-byte Reload
	bl	timer_disable
	.loc	2 159 1                 @ ../BSP/Src/timer.c:159:1
	add	sp, #40
	pop	{r7, pc}
.Ltmp5:
	.p2align	2
@ %bb.1:
	.loc	2 0 1 is_stmt 0         @ ../BSP/Src/timer.c:0:1
__arm_cp.2_0:
	.long	1553                    @ 0x611
.Lcpi_end7:
	.size	__arm_cp.2_0, .Lcpi_end7-__arm_cp.2_0
__arm_cp.2_1:
	.long	1073824768              @ 0x40014400
.Lcpi_end8:
	.size	__arm_cp.2_1, .Lcpi_end8-__arm_cp.2_1
__arm_cp.2_2:
	.long	7199                    @ 0x1c1f
.Lcpi_end9:
	.size	__arm_cp.2_2, .Lcpi_end9-__arm_cp.2_2
__arm_cp.2_3:
	.long	9999                    @ 0x270f
.Lcpi_end10:
	.size	__arm_cp.2_3, .Lcpi_end10-__arm_cp.2_3
.Lfunc_end2:
	.size	TIMER15_Init, .Lfunc_end2-TIMER15_Init
	.cfi_endproc
	.cantunwind
	.fnend
                                        @ -- End function
	.section	.text.TIMER0_Channel_IRQHandler,"ax",%progbits
	.hidden	TIMER0_Channel_IRQHandler @ -- Begin function TIMER0_Channel_IRQHandler
	.globl	TIMER0_Channel_IRQHandler
	.p2align	2
	.type	TIMER0_Channel_IRQHandler,%function
	.code	16                      @ @TIMER0_Channel_IRQHandler
	.thumb_func
TIMER0_Channel_IRQHandler:
.Lfunc_begin3:
	.loc	2 192 0 is_stmt 1       @ ../BSP/Src/timer.c:192:0
	.fnstart
	.cfi_startproc
@ %bb.0:
	.save	{r7, lr}
	push	{r7, lr}
	.cfi_def_cfa_offset 8
	.cfi_offset lr, -4
	.cfi_offset r7, -8
	.pad	#8
	sub	sp, #8
	.cfi_def_cfa_offset 16
	ldr	r0, __arm_cp.3_0
	movs	r1, #2
.Ltmp6:
	.loc	2 194 5 prologue_end    @ ../BSP/Src/timer.c:194:5
	bl	timer_interrupt_flag_get
.Ltmp7:
	.loc	2 194 5 is_stmt 0       @ ../BSP/Src/timer.c:194:5
	cmp	r0, #0
	beq	.LBB3_5
	b	.LBB3_1
.LBB3_1:
	.loc	2 0 5                   @ ../BSP/Src/timer.c:0:5
	ldr	r0, __arm_cp.3_0
	movs	r1, #2
.Ltmp8:
	.loc	2 197 3 is_stmt 1       @ ../BSP/Src/timer.c:197:3
	bl	timer_interrupt_flag_clear
.Ltmp9:
	.loc	2 199 6                 @ ../BSP/Src/timer.c:199:6
	ldr	r0, __arm_cp.3_1
	ldrh	r0, [r0]
	.loc	2 199 21 is_stmt 0      @ ../BSP/Src/timer.c:199:21
	ldr	r1, __arm_cp.3_2
	ldrh	r1, [r1]
.Ltmp10:
	.loc	2 199 6                 @ ../BSP/Src/timer.c:199:6
	cmp	r0, r1
	blt	.LBB3_3
	b	.LBB3_2
.LBB3_2:
.Ltmp11:
	.loc	2 201 15 is_stmt 1      @ ../BSP/Src/timer.c:201:15
	ldr	r0, __arm_cp.3_1
	ldrh	r1, [r0]
	adds	r1, r1, #1
	strh	r1, [r0]
	.loc	2 202 11                @ ../BSP/Src/timer.c:202:11
	ldr	r0, __arm_cp.3_3
	ldrh	r1, [r0]
	adds	r1, r1, #1
	strh	r1, [r0]
	.loc	2 204 3                 @ ../BSP/Src/timer.c:204:3
	b	.LBB3_4
.Ltmp12:
.LBB3_3:
	.loc	2 208 16                @ ../BSP/Src/timer.c:208:16
	ldr	r0, __arm_cp.3_2
	movs	r1, #0
	strh	r1, [r0]
	b	.LBB3_4
.Ltmp13:
.LBB3_4:
	.loc	2 0 16 is_stmt 0        @ ../BSP/Src/timer.c:0:16
	ldr	r0, __arm_cp.3_0
	movs	r1, #4
	.loc	2 211 3 is_stmt 1       @ ../BSP/Src/timer.c:211:3
	bl	timer_interrupt_enable
	.loc	2 213 2                 @ ../BSP/Src/timer.c:213:2
	b	.LBB3_5
.Ltmp14:
.LBB3_5:
	.loc	2 0 2 is_stmt 0         @ ../BSP/Src/timer.c:0:2
	ldr	r0, __arm_cp.3_0
	movs	r1, #4
.Ltmp15:
	.loc	2 215 5 is_stmt 1       @ ../BSP/Src/timer.c:215:5
	bl	timer_interrupt_flag_get
.Ltmp16:
	.loc	2 215 5 is_stmt 0       @ ../BSP/Src/timer.c:215:5
	cmp	r0, #0
	beq	.LBB3_10
	b	.LBB3_6
.LBB3_6:
	.loc	2 0 5                   @ ../BSP/Src/timer.c:0:5
	ldr	r0, __arm_cp.3_0
	movs	r1, #2
.Ltmp17:
	.loc	2 218 3 is_stmt 1       @ ../BSP/Src/timer.c:218:3
	str	r0, [sp, #4]            @ 4-byte Spill
	bl	timer_interrupt_disable
	movs	r1, #4
	.loc	2 220 3                 @ ../BSP/Src/timer.c:220:3
	ldr	r0, [sp, #4]            @ 4-byte Reload
	bl	timer_interrupt_flag_clear
.Ltmp18:
	.loc	2 222 6                 @ ../BSP/Src/timer.c:222:6
	ldr	r0, __arm_cp.3_2
	ldrh	r0, [r0]
	.loc	2 222 21 is_stmt 0      @ ../BSP/Src/timer.c:222:21
	ldr	r1, __arm_cp.3_1
	ldrh	r1, [r1]
.Ltmp19:
	.loc	2 222 6                 @ ../BSP/Src/timer.c:222:6
	cmp	r0, r1
	blt	.LBB3_8
	b	.LBB3_7
.LBB3_7:
.Ltmp20:
	.loc	2 225 15 is_stmt 1      @ ../BSP/Src/timer.c:225:15
	ldr	r0, __arm_cp.3_2
	ldrh	r1, [r0]
	adds	r1, r1, #1
	strh	r1, [r0]
	.loc	2 227 11                @ ../BSP/Src/timer.c:227:11
	ldr	r0, __arm_cp.3_4
	ldrh	r1, [r0]
	adds	r1, r1, #1
	strh	r1, [r0]
	.loc	2 229 3                 @ ../BSP/Src/timer.c:229:3
	b	.LBB3_9
.Ltmp21:
.LBB3_8:
	.loc	2 233 16                @ ../BSP/Src/timer.c:233:16
	ldr	r0, __arm_cp.3_1
	movs	r1, #0
	strh	r1, [r0]
	b	.LBB3_9
.Ltmp22:
.LBB3_9:
	.loc	2 0 16 is_stmt 0        @ ../BSP/Src/timer.c:0:16
	ldr	r0, __arm_cp.3_0
	movs	r1, #2
	.loc	2 236 3 is_stmt 1       @ ../BSP/Src/timer.c:236:3
	bl	timer_interrupt_enable
	.loc	2 237 2                 @ ../BSP/Src/timer.c:237:2
	b	.LBB3_10
.Ltmp23:
.LBB3_10:
	.loc	2 240 1                 @ ../BSP/Src/timer.c:240:1
	add	sp, #8
	pop	{r7, pc}
.Ltmp24:
	.p2align	2
@ %bb.11:
	.loc	2 0 1 is_stmt 0         @ ../BSP/Src/timer.c:0:1
__arm_cp.3_0:
	.long	1073818624              @ 0x40012c00
.Lcpi_end11:
	.size	__arm_cp.3_0, .Lcpi_end11-__arm_cp.3_0
__arm_cp.3_1:
	.long	pulse_flag0
.Lcpi_end12:
	.size	__arm_cp.3_1, .Lcpi_end12-__arm_cp.3_1
__arm_cp.3_2:
	.long	pulse_flag1
.Lcpi_end13:
	.size	__arm_cp.3_2, .Lcpi_end13-__arm_cp.3_2
__arm_cp.3_3:
	.long	CH0_cnt
.Lcpi_end14:
	.size	__arm_cp.3_3, .Lcpi_end14-__arm_cp.3_3
__arm_cp.3_4:
	.long	CH1_cnt
.Lcpi_end15:
	.size	__arm_cp.3_4, .Lcpi_end15-__arm_cp.3_4
.Lfunc_end3:
	.size	TIMER0_Channel_IRQHandler, .Lfunc_end3-TIMER0_Channel_IRQHandler
	.cfi_endproc
	.cantunwind
	.fnend
                                        @ -- End function
	.section	.text.TIMER14_IRQHandler,"ax",%progbits
	.hidden	TIMER14_IRQHandler      @ -- Begin function TIMER14_IRQHandler
	.globl	TIMER14_IRQHandler
	.p2align	2
	.type	TIMER14_IRQHandler,%function
	.code	16                      @ @TIMER14_IRQHandler
	.thumb_func
TIMER14_IRQHandler:
.Lfunc_begin4:
	.loc	2 245 0 is_stmt 1       @ ../BSP/Src/timer.c:245:0
	.fnstart
	.cfi_startproc
@ %bb.0:
	.save	{r7, lr}
	push	{r7, lr}
	.cfi_def_cfa_offset 8
	.cfi_offset lr, -4
	.cfi_offset r7, -8
	.pad	#16
	sub	sp, #16
	.cfi_def_cfa_offset 24
	add	r0, sp, #12
	movs	r1, #0
.Ltmp25:
	.loc	2 246 11 prologue_end   @ ../BSP/Src/timer.c:246:11
	strh	r1, [r0]
	ldr	r0, __arm_cp.4_0
	movs	r1, #1
.Ltmp26:
	.loc	2 250 5                 @ ../BSP/Src/timer.c:250:5
	bl	timer_interrupt_flag_get
.Ltmp27:
	.loc	2 250 5 is_stmt 0       @ ../BSP/Src/timer.c:250:5
	cmp	r0, #0
	beq	.LBB4_2
	b	.LBB4_1
.LBB4_1:
	.loc	2 0 5                   @ ../BSP/Src/timer.c:0:5
	ldr	r0, __arm_cp.4_0
	movs	r1, #1
.Ltmp28:
	.loc	2 252 3 is_stmt 1       @ ../BSP/Src/timer.c:252:3
	str	r1, [sp, #4]            @ 4-byte Spill
	bl	timer_interrupt_flag_clear
	.loc	2 253 16                @ ../BSP/Src/timer.c:253:16
	ldr	r0, __arm_cp.4_1
	ldr	r1, [sp, #4]            @ 4-byte Reload
	strb	r1, [r0]
	.loc	2 256 2                 @ ../BSP/Src/timer.c:256:2
	b	.LBB4_2
.Ltmp29:
.LBB4_2:
	.loc	2 259 1                 @ ../BSP/Src/timer.c:259:1
	add	sp, #16
	pop	{r7, pc}
.Ltmp30:
	.p2align	2
@ %bb.3:
	.loc	2 0 1 is_stmt 0         @ ../BSP/Src/timer.c:0:1
__arm_cp.4_0:
	.long	1073823744              @ 0x40014000
.Lcpi_end16:
	.size	__arm_cp.4_0, .Lcpi_end16-__arm_cp.4_0
__arm_cp.4_1:
	.long	Time_1s_flag
.Lcpi_end17:
	.size	__arm_cp.4_1, .Lcpi_end17-__arm_cp.4_1
.Lfunc_end4:
	.size	TIMER14_IRQHandler, .Lfunc_end4-TIMER14_IRQHandler
	.cfi_endproc
	.cantunwind
	.fnend
                                        @ -- End function
	.section	.text.TIMER15_IRQHandler,"ax",%progbits
	.hidden	TIMER15_IRQHandler      @ -- Begin function TIMER15_IRQHandler
	.globl	TIMER15_IRQHandler
	.p2align	2
	.type	TIMER15_IRQHandler,%function
	.code	16                      @ @TIMER15_IRQHandler
	.thumb_func
TIMER15_IRQHandler:
.Lfunc_begin5:
	.loc	2 263 0 is_stmt 1       @ ../BSP/Src/timer.c:263:0
	.fnstart
	.cfi_startproc
@ %bb.0:
	.save	{r7, lr}
	push	{r7, lr}
	.cfi_def_cfa_offset 8
	.cfi_offset lr, -4
	.cfi_offset r7, -8
	.pad	#8
	sub	sp, #8
	.cfi_def_cfa_offset 16
	add	r0, sp, #4
	movs	r1, #0
.Ltmp31:
	.loc	2 264 11 prologue_end   @ ../BSP/Src/timer.c:264:11
	strh	r1, [r0]
	ldr	r0, __arm_cp.5_0
	movs	r1, #1
.Ltmp32:
	.loc	2 268 5                 @ ../BSP/Src/timer.c:268:5
	bl	timer_interrupt_flag_get
.Ltmp33:
	.loc	2 268 5 is_stmt 0       @ ../BSP/Src/timer.c:268:5
	cmp	r0, #0
	beq	.LBB5_2
	b	.LBB5_1
.LBB5_1:
	.loc	2 0 5                   @ ../BSP/Src/timer.c:0:5
	ldr	r0, __arm_cp.5_0
	movs	r1, #1
.Ltmp34:
	.loc	2 270 3 is_stmt 1       @ ../BSP/Src/timer.c:270:3
	bl	timer_interrupt_flag_clear
	.loc	2 271 21                @ ../BSP/Src/timer.c:271:21
	ldr	r0, __arm_cp.5_1
	ldrh	r1, [r0]
	adds	r1, r1, #1
	strh	r1, [r0]
	.loc	2 275 2                 @ ../BSP/Src/timer.c:275:2
	b	.LBB5_2
.Ltmp35:
.LBB5_2:
	.loc	2 278 1                 @ ../BSP/Src/timer.c:278:1
	add	sp, #8
	pop	{r7, pc}
.Ltmp36:
	.p2align	2
@ %bb.3:
	.loc	2 0 1 is_stmt 0         @ ../BSP/Src/timer.c:0:1
__arm_cp.5_0:
	.long	1073824768              @ 0x40014400
.Lcpi_end18:
	.size	__arm_cp.5_0, .Lcpi_end18-__arm_cp.5_0
__arm_cp.5_1:
	.long	AutoUpLoad_counter
.Lcpi_end19:
	.size	__arm_cp.5_1, .Lcpi_end19-__arm_cp.5_1
.Lfunc_end5:
	.size	TIMER15_IRQHandler, .Lfunc_end5-TIMER15_IRQHandler
	.cfi_endproc
	.cantunwind
	.fnend
                                        @ -- End function
	.hidden	tim_cnt                 @ @tim_cnt
	.type	tim_cnt,%object
	.section	.bss.tim_cnt,"aw",%nobits
	.globl	tim_cnt
	.p2align	1
tim_cnt:
.Ltim_cnt$local:
	.short	0                       @ 0x0
	.size	tim_cnt, 2

	.hidden	tim_1min_cnt            @ @tim_1min_cnt
	.type	tim_1min_cnt,%object
	.section	.bss.tim_1min_cnt,"aw",%nobits
	.globl	tim_1min_cnt
	.p2align	1
tim_1min_cnt:
.Ltim_1min_cnt$local:
	.short	0                       @ 0x0
	.size	tim_1min_cnt, 2

	.hidden	Time_5s_flag            @ @Time_5s_flag
	.type	Time_5s_flag,%object
	.section	.bss.Time_5s_flag,"aw",%nobits
	.globl	Time_5s_flag
Time_5s_flag:
.LTime_5s_flag$local:
	.byte	0                       @ 0x0
	.size	Time_5s_flag, 1

	.hidden	Time_1s_flag            @ @Time_1s_flag
	.type	Time_1s_flag,%object
	.section	.bss.Time_1s_flag,"aw",%nobits
	.globl	Time_1s_flag
Time_1s_flag:
.LTime_1s_flag$local:
	.byte	0                       @ 0x0
	.size	Time_1s_flag, 1

	.hidden	CH0_cnt                 @ @CH0_cnt
	.type	CH0_cnt,%object
	.section	.bss.CH0_cnt,"aw",%nobits
	.globl	CH0_cnt
	.p2align	1
CH0_cnt:
.LCH0_cnt$local:
	.short	0                       @ 0x0
	.size	CH0_cnt, 2

	.hidden	CH1_cnt                 @ @CH1_cnt
	.type	CH1_cnt,%object
	.section	.bss.CH1_cnt,"aw",%nobits
	.globl	CH1_cnt
	.p2align	1
CH1_cnt:
.LCH1_cnt$local:
	.short	0                       @ 0x0
	.size	CH1_cnt, 2

	.hidden	CH_cnt                  @ @CH_cnt
	.type	CH_cnt,%object
	.section	.bss.CH_cnt,"aw",%nobits
	.globl	CH_cnt
	.p2align	1
CH_cnt:
.LCH_cnt$local:
	.short	0                       @ 0x0
	.size	CH_cnt, 2

	.hidden	PulseFlag               @ @PulseFlag
	.type	PulseFlag,%object
	.section	.bss.PulseFlag,"aw",%nobits
	.globl	PulseFlag
PulseFlag:
.LPulseFlag$local:
	.byte	0                       @ 0x0
	.size	PulseFlag, 1

	.hidden	Time_1min_flag          @ @Time_1min_flag
	.type	Time_1min_flag,%object
	.section	.bss.Time_1min_flag,"aw",%nobits
	.globl	Time_1min_flag
Time_1min_flag:
.LTime_1min_flag$local:
	.byte	0                       @ 0x0
	.size	Time_1min_flag, 1

	.hidden	first_20s               @ @first_20s
	.type	first_20s,%object
	.section	.bss.first_20s,"aw",%nobits
	.globl	first_20s
first_20s:
.Lfirst_20s$local:
	.byte	0                       @ 0x0
	.size	first_20s, 1

	.hidden	pulse_flag0             @ @pulse_flag0
	.type	pulse_flag0,%object
	.section	.bss.pulse_flag0,"aw",%nobits
	.globl	pulse_flag0
	.p2align	1
pulse_flag0:
.Lpulse_flag0$local:
	.short	0                       @ 0x0
	.size	pulse_flag0, 2

	.hidden	pulse_flag1             @ @pulse_flag1
	.type	pulse_flag1,%object
	.section	.bss.pulse_flag1,"aw",%nobits
	.globl	pulse_flag1
	.p2align	1
pulse_flag1:
.Lpulse_flag1$local:
	.short	0                       @ 0x0
	.size	pulse_flag1, 2

	.hidden	status_flag             @ @status_flag
	.type	status_flag,%object
	.section	.bss.status_flag,"aw",%nobits
	.globl	status_flag
	.p2align	1
status_flag:
.Lstatus_flag$local:
	.short	0                       @ 0x0
	.size	status_flag, 2

	.hidden	timeD_flag              @ @timeD_flag
	.type	timeD_flag,%object
	.section	.bss.timeD_flag,"aw",%nobits
	.globl	timeD_flag
	.p2align	1
timeD_flag:
.LtimeD_flag$local:
	.short	0                       @ 0x0
	.size	timeD_flag, 2

	.hidden	AutoUpLoad_counter      @ @AutoUpLoad_counter
	.type	AutoUpLoad_counter,%object
	.section	.bss.AutoUpLoad_counter,"aw",%nobits
	.globl	AutoUpLoad_counter
	.p2align	1
AutoUpLoad_counter:
.LAutoUpLoad_counter$local:
	.short	0                       @ 0x0
	.size	AutoUpLoad_counter, 2

	.hidden	status                  @ @status
	.type	status,%object
	.section	.bss.status,"aw",%nobits
	.globl	status
	.p2align	2
status:
.Lstatus$local:
	.zero	36
	.size	status, 36

	.file	6 "E:\\project\\product\\GD32\\E230 - TH\\MDK-ARM" "../GD32E230_Firmware_Library/GD32E230_standard_peripheral/Include\\gd32e230_timer.h"
	.section	.debug_str,"MS",%progbits,1
.Linfo_string0:
	.asciz	"Component: ARM Compiler 6.14 Tool: armclang [5db06c00]" @ string offset=0
.Linfo_string1:
	.asciz	"../BSP/Src\\timer.c"   @ string offset=55
.Linfo_string2:
	.asciz	"E:\\project\\product\\GD32\\E230 - TH\\MDK-ARM" @ string offset=74
.Linfo_string3:
	.asciz	"tim_cnt"               @ string offset=116
.Linfo_string4:
	.asciz	"unsigned short"        @ string offset=124
.Linfo_string5:
	.asciz	"uint16_t"              @ string offset=139
.Linfo_string6:
	.asciz	"tim_1min_cnt"          @ string offset=148
.Linfo_string7:
	.asciz	"Time_5s_flag"          @ string offset=161
.Linfo_string8:
	.asciz	"unsigned char"         @ string offset=174
.Linfo_string9:
	.asciz	"uint8_t"               @ string offset=188
.Linfo_string10:
	.asciz	"Time_1s_flag"          @ string offset=196
.Linfo_string11:
	.asciz	"CH0_cnt"               @ string offset=209
.Linfo_string12:
	.asciz	"CH1_cnt"               @ string offset=217
.Linfo_string13:
	.asciz	"CH_cnt"                @ string offset=225
.Linfo_string14:
	.asciz	"PulseFlag"             @ string offset=232
.Linfo_string15:
	.asciz	"Bit_RESET"             @ string offset=242
.Linfo_string16:
	.asciz	"Bit_SET"               @ string offset=252
.Linfo_string17:
	.asciz	"BitAction"             @ string offset=260
.Linfo_string18:
	.asciz	"Time_1min_flag"        @ string offset=270
.Linfo_string19:
	.asciz	"first_20s"             @ string offset=285
.Linfo_string20:
	.asciz	"pulse_flag0"           @ string offset=295
.Linfo_string21:
	.asciz	"pulse_flag1"           @ string offset=307
.Linfo_string22:
	.asciz	"status_flag"           @ string offset=319
.Linfo_string23:
	.asciz	"timeD_flag"            @ string offset=331
.Linfo_string24:
	.asciz	"AutoUpLoad_counter"    @ string offset=342
.Linfo_string25:
	.asciz	"status"                @ string offset=361
.Linfo_string26:
	.asciz	"SlaveAddr_Temp"        @ string offset=368
.Linfo_string27:
	.asciz	"SlaveAddr_Humi"        @ string offset=383
.Linfo_string28:
	.asciz	"Baudrate"              @ string offset=398
.Linfo_string29:
	.asciz	"Parity"                @ string offset=407
.Linfo_string30:
	.asciz	"ImpDataFlag"           @ string offset=414
.Linfo_string31:
	.asciz	"RotateSta"             @ string offset=426
.Linfo_string32:
	.asciz	"STA_STOP"              @ string offset=436
.Linfo_string33:
	.asciz	"STA_WORK"              @ string offset=445
.Linfo_string34:
	.asciz	"RotateStaTypeDef"      @ string offset=454
.Linfo_string35:
	.asciz	"DirSta"                @ string offset=471
.Linfo_string36:
	.asciz	"Stall"                 @ string offset=478
.Linfo_string37:
	.asciz	"Foreward"              @ string offset=484
.Linfo_string38:
	.asciz	"Reversal"              @ string offset=493
.Linfo_string39:
	.asciz	"DirectionState_TypeDef" @ string offset=502
.Linfo_string40:
	.asciz	"RotateSpeed"           @ string offset=525
.Linfo_string41:
	.asciz	"unsigned int"          @ string offset=537
.Linfo_string42:
	.asciz	"uint32_t"              @ string offset=550
.Linfo_string43:
	.asciz	"PositiveTimeBase"      @ string offset=559
.Linfo_string44:
	.asciz	"NegativeTimeBase"      @ string offset=576
.Linfo_string45:
	.asciz	"WorkTime"              @ string offset=593
.Linfo_string46:
	.asciz	"TotalPulse"            @ string offset=602
.Linfo_string47:
	.asciz	"Duration"              @ string offset=613
.Linfo_string48:
	.asciz	"FilterBufMax"          @ string offset=622
.Linfo_string49:
	.asciz	"FilterCycle"           @ string offset=635
.Linfo_string50:
	.asciz	"UserTypeDef"           @ string offset=647
.Linfo_string51:
	.asciz	"RCU_DMA"               @ string offset=659
.Linfo_string52:
	.asciz	"RCU_CRC"               @ string offset=667
.Linfo_string53:
	.asciz	"RCU_GPIOA"             @ string offset=675
.Linfo_string54:
	.asciz	"RCU_GPIOB"             @ string offset=685
.Linfo_string55:
	.asciz	"RCU_GPIOC"             @ string offset=695
.Linfo_string56:
	.asciz	"RCU_GPIOF"             @ string offset=705
.Linfo_string57:
	.asciz	"RCU_CFGCMP"            @ string offset=715
.Linfo_string58:
	.asciz	"RCU_ADC"               @ string offset=726
.Linfo_string59:
	.asciz	"RCU_TIMER0"            @ string offset=734
.Linfo_string60:
	.asciz	"RCU_SPI0"              @ string offset=745
.Linfo_string61:
	.asciz	"RCU_USART0"            @ string offset=754
.Linfo_string62:
	.asciz	"RCU_TIMER14"           @ string offset=765
.Linfo_string63:
	.asciz	"RCU_TIMER15"           @ string offset=777
.Linfo_string64:
	.asciz	"RCU_TIMER16"           @ string offset=789
.Linfo_string65:
	.asciz	"RCU_DBGMCU"            @ string offset=801
.Linfo_string66:
	.asciz	"RCU_TIMER2"            @ string offset=812
.Linfo_string67:
	.asciz	"RCU_TIMER5"            @ string offset=823
.Linfo_string68:
	.asciz	"RCU_TIMER13"           @ string offset=834
.Linfo_string69:
	.asciz	"RCU_WWDGT"             @ string offset=846
.Linfo_string70:
	.asciz	"RCU_SPI1"              @ string offset=856
.Linfo_string71:
	.asciz	"RCU_USART1"            @ string offset=865
.Linfo_string72:
	.asciz	"RCU_I2C0"              @ string offset=876
.Linfo_string73:
	.asciz	"RCU_I2C1"              @ string offset=885
.Linfo_string74:
	.asciz	"RCU_PMU"               @ string offset=894
.Linfo_string75:
	.asciz	"RCU_RTC"               @ string offset=902
.Linfo_string76:
	.asciz	"signed char"           @ string offset=910
.Linfo_string77:
	.asciz	"NonMaskableInt_IRQn"   @ string offset=922
.Linfo_string78:
	.asciz	"HardFault_IRQn"        @ string offset=942
.Linfo_string79:
	.asciz	"SVCall_IRQn"           @ string offset=957
.Linfo_string80:
	.asciz	"PendSV_IRQn"           @ string offset=969
.Linfo_string81:
	.asciz	"SysTick_IRQn"          @ string offset=981
.Linfo_string82:
	.asciz	"WWDGT_IRQn"            @ string offset=994
.Linfo_string83:
	.asciz	"LVD_IRQn"              @ string offset=1005
.Linfo_string84:
	.asciz	"RTC_IRQn"              @ string offset=1014
.Linfo_string85:
	.asciz	"FMC_IRQn"              @ string offset=1023
.Linfo_string86:
	.asciz	"RCU_IRQn"              @ string offset=1032
.Linfo_string87:
	.asciz	"EXTI0_1_IRQn"          @ string offset=1041
.Linfo_string88:
	.asciz	"EXTI2_3_IRQn"          @ string offset=1054
.Linfo_string89:
	.asciz	"EXTI4_15_IRQn"         @ string offset=1067
.Linfo_string90:
	.asciz	"DMA_Channel0_IRQn"     @ string offset=1081
.Linfo_string91:
	.asciz	"DMA_Channel1_2_IRQn"   @ string offset=1099
.Linfo_string92:
	.asciz	"DMA_Channel3_4_IRQn"   @ string offset=1119
.Linfo_string93:
	.asciz	"ADC_CMP_IRQn"          @ string offset=1139
.Linfo_string94:
	.asciz	"TIMER0_BRK_UP_TRG_COM_IRQn" @ string offset=1152
.Linfo_string95:
	.asciz	"TIMER0_Channel_IRQn"   @ string offset=1179
.Linfo_string96:
	.asciz	"TIMER2_IRQn"           @ string offset=1199
.Linfo_string97:
	.asciz	"TIMER5_IRQn"           @ string offset=1211
.Linfo_string98:
	.asciz	"TIMER13_IRQn"          @ string offset=1223
.Linfo_string99:
	.asciz	"TIMER14_IRQn"          @ string offset=1236
.Linfo_string100:
	.asciz	"TIMER15_IRQn"          @ string offset=1249
.Linfo_string101:
	.asciz	"TIMER16_IRQn"          @ string offset=1262
.Linfo_string102:
	.asciz	"I2C0_EV_IRQn"          @ string offset=1275
.Linfo_string103:
	.asciz	"I2C1_EV_IRQn"          @ string offset=1288
.Linfo_string104:
	.asciz	"SPI0_IRQn"             @ string offset=1301
.Linfo_string105:
	.asciz	"SPI1_IRQn"             @ string offset=1311
.Linfo_string106:
	.asciz	"USART0_IRQn"           @ string offset=1321
.Linfo_string107:
	.asciz	"USART1_IRQn"           @ string offset=1333
.Linfo_string108:
	.asciz	"I2C0_ER_IRQn"          @ string offset=1345
.Linfo_string109:
	.asciz	"I2C1_ER_IRQn"          @ string offset=1358
.Linfo_string110:
	.asciz	"IRQn"                  @ string offset=1371
.Linfo_string111:
	.asciz	"timer_config"          @ string offset=1376
.Linfo_string112:
	.asciz	"TIMER2_Init"           @ string offset=1389
.Linfo_string113:
	.asciz	"TIMER15_Init"          @ string offset=1401
.Linfo_string114:
	.asciz	"TIMER0_Channel_IRQHandler" @ string offset=1414
.Linfo_string115:
	.asciz	"TIMER14_IRQHandler"    @ string offset=1440
.Linfo_string116:
	.asciz	"TIMER15_IRQHandler"    @ string offset=1459
.Linfo_string117:
	.asciz	"timer_ocintpara"       @ string offset=1478
.Linfo_string118:
	.asciz	"outputstate"           @ string offset=1494
.Linfo_string119:
	.asciz	"outputnstate"          @ string offset=1506
.Linfo_string120:
	.asciz	"ocpolarity"            @ string offset=1519
.Linfo_string121:
	.asciz	"ocnpolarity"           @ string offset=1530
.Linfo_string122:
	.asciz	"ocidlestate"           @ string offset=1542
.Linfo_string123:
	.asciz	"ocnidlestate"          @ string offset=1554
.Linfo_string124:
	.asciz	"timer_oc_parameter_struct" @ string offset=1567
.Linfo_string125:
	.asciz	"timer_initpara"        @ string offset=1593
.Linfo_string126:
	.asciz	"prescaler"             @ string offset=1608
.Linfo_string127:
	.asciz	"alignedmode"           @ string offset=1618
.Linfo_string128:
	.asciz	"counterdirection"      @ string offset=1630
.Linfo_string129:
	.asciz	"clockdivision"         @ string offset=1647
.Linfo_string130:
	.asciz	"period"                @ string offset=1661
.Linfo_string131:
	.asciz	"repetitioncounter"     @ string offset=1668
.Linfo_string132:
	.asciz	"timer_parameter_struct" @ string offset=1686
.Linfo_string133:
	.asciz	"timer_icinitpara"      @ string offset=1709
.Linfo_string134:
	.asciz	"icpolarity"            @ string offset=1726
.Linfo_string135:
	.asciz	"icselection"           @ string offset=1737
.Linfo_string136:
	.asciz	"icprescaler"           @ string offset=1749
.Linfo_string137:
	.asciz	"icfilter"              @ string offset=1761
.Linfo_string138:
	.asciz	"timer_ic_parameter_struct" @ string offset=1770
.Linfo_string139:
	.asciz	"read_pulse"            @ string offset=1796
.Linfo_string140:
	.asciz	"i"                     @ string offset=1807
	.section	.debug_abbrev,"",%progbits
	.byte	1                       @ Abbreviation Code
	.byte	17                      @ DW_TAG_compile_unit
	.byte	1                       @ DW_CHILDREN_yes
	.byte	37                      @ DW_AT_producer
	.byte	14                      @ DW_FORM_strp
	.byte	19                      @ DW_AT_language
	.byte	5                       @ DW_FORM_data2
	.byte	3                       @ DW_AT_name
	.byte	14                      @ DW_FORM_strp
	.byte	16                      @ DW_AT_stmt_list
	.byte	6                       @ DW_FORM_data4
	.byte	27                      @ DW_AT_comp_dir
	.byte	14                      @ DW_FORM_strp
	.byte	17                      @ DW_AT_low_pc
	.byte	1                       @ DW_FORM_addr
	.byte	85                      @ DW_AT_ranges
	.byte	6                       @ DW_FORM_data4
	.byte	0                       @ EOM(1)
	.byte	0                       @ EOM(2)
	.byte	2                       @ Abbreviation Code
	.byte	52                      @ DW_TAG_variable
	.byte	0                       @ DW_CHILDREN_no
	.byte	3                       @ DW_AT_name
	.byte	14                      @ DW_FORM_strp
	.byte	73                      @ DW_AT_type
	.byte	19                      @ DW_FORM_ref4
	.byte	63                      @ DW_AT_external
	.byte	12                      @ DW_FORM_flag
	.byte	58                      @ DW_AT_decl_file
	.byte	11                      @ DW_FORM_data1
	.byte	59                      @ DW_AT_decl_line
	.byte	11                      @ DW_FORM_data1
	.byte	2                       @ DW_AT_location
	.byte	10                      @ DW_FORM_block1
	.byte	0                       @ EOM(1)
	.byte	0                       @ EOM(2)
	.byte	3                       @ Abbreviation Code
	.byte	22                      @ DW_TAG_typedef
	.byte	0                       @ DW_CHILDREN_no
	.byte	73                      @ DW_AT_type
	.byte	19                      @ DW_FORM_ref4
	.byte	3                       @ DW_AT_name
	.byte	14                      @ DW_FORM_strp
	.byte	58                      @ DW_AT_decl_file
	.byte	11                      @ DW_FORM_data1
	.byte	59                      @ DW_AT_decl_line
	.byte	11                      @ DW_FORM_data1
	.byte	0                       @ EOM(1)
	.byte	0                       @ EOM(2)
	.byte	4                       @ Abbreviation Code
	.byte	36                      @ DW_TAG_base_type
	.byte	0                       @ DW_CHILDREN_no
	.byte	3                       @ DW_AT_name
	.byte	14                      @ DW_FORM_strp
	.byte	62                      @ DW_AT_encoding
	.byte	11                      @ DW_FORM_data1
	.byte	11                      @ DW_AT_byte_size
	.byte	11                      @ DW_FORM_data1
	.byte	0                       @ EOM(1)
	.byte	0                       @ EOM(2)
	.byte	5                       @ Abbreviation Code
	.byte	4                       @ DW_TAG_enumeration_type
	.byte	1                       @ DW_CHILDREN_yes
	.byte	73                      @ DW_AT_type
	.byte	19                      @ DW_FORM_ref4
	.byte	11                      @ DW_AT_byte_size
	.byte	11                      @ DW_FORM_data1
	.byte	58                      @ DW_AT_decl_file
	.byte	11                      @ DW_FORM_data1
	.byte	59                      @ DW_AT_decl_line
	.byte	11                      @ DW_FORM_data1
	.byte	0                       @ EOM(1)
	.byte	0                       @ EOM(2)
	.byte	6                       @ Abbreviation Code
	.byte	40                      @ DW_TAG_enumerator
	.byte	0                       @ DW_CHILDREN_no
	.byte	3                       @ DW_AT_name
	.byte	14                      @ DW_FORM_strp
	.byte	28                      @ DW_AT_const_value
	.byte	15                      @ DW_FORM_udata
	.byte	0                       @ EOM(1)
	.byte	0                       @ EOM(2)
	.byte	7                       @ Abbreviation Code
	.byte	52                      @ DW_TAG_variable
	.byte	0                       @ DW_CHILDREN_no
	.byte	3                       @ DW_AT_name
	.byte	14                      @ DW_FORM_strp
	.byte	73                      @ DW_AT_type
	.byte	19                      @ DW_FORM_ref4
	.byte	63                      @ DW_AT_external
	.byte	12                      @ DW_FORM_flag
	.byte	58                      @ DW_AT_decl_file
	.byte	11                      @ DW_FORM_data1
	.byte	59                      @ DW_AT_decl_line
	.byte	5                       @ DW_FORM_data2
	.byte	2                       @ DW_AT_location
	.byte	10                      @ DW_FORM_block1
	.byte	0                       @ EOM(1)
	.byte	0                       @ EOM(2)
	.byte	8                       @ Abbreviation Code
	.byte	19                      @ DW_TAG_structure_type
	.byte	1                       @ DW_CHILDREN_yes
	.byte	11                      @ DW_AT_byte_size
	.byte	11                      @ DW_FORM_data1
	.byte	58                      @ DW_AT_decl_file
	.byte	11                      @ DW_FORM_data1
	.byte	59                      @ DW_AT_decl_line
	.byte	11                      @ DW_FORM_data1
	.byte	0                       @ EOM(1)
	.byte	0                       @ EOM(2)
	.byte	9                       @ Abbreviation Code
	.byte	13                      @ DW_TAG_member
	.byte	0                       @ DW_CHILDREN_no
	.byte	3                       @ DW_AT_name
	.byte	14                      @ DW_FORM_strp
	.byte	73                      @ DW_AT_type
	.byte	19                      @ DW_FORM_ref4
	.byte	58                      @ DW_AT_decl_file
	.byte	11                      @ DW_FORM_data1
	.byte	59                      @ DW_AT_decl_line
	.byte	11                      @ DW_FORM_data1
	.byte	56                      @ DW_AT_data_member_location
	.byte	11                      @ DW_FORM_data1
	.byte	0                       @ EOM(1)
	.byte	0                       @ EOM(2)
	.byte	10                      @ Abbreviation Code
	.byte	4                       @ DW_TAG_enumeration_type
	.byte	1                       @ DW_CHILDREN_yes
	.byte	73                      @ DW_AT_type
	.byte	19                      @ DW_FORM_ref4
	.byte	3                       @ DW_AT_name
	.byte	14                      @ DW_FORM_strp
	.byte	11                      @ DW_AT_byte_size
	.byte	11                      @ DW_FORM_data1
	.byte	58                      @ DW_AT_decl_file
	.byte	11                      @ DW_FORM_data1
	.byte	59                      @ DW_AT_decl_line
	.byte	11                      @ DW_FORM_data1
	.byte	0                       @ EOM(1)
	.byte	0                       @ EOM(2)
	.byte	11                      @ Abbreviation Code
	.byte	40                      @ DW_TAG_enumerator
	.byte	0                       @ DW_CHILDREN_no
	.byte	3                       @ DW_AT_name
	.byte	14                      @ DW_FORM_strp
	.byte	28                      @ DW_AT_const_value
	.byte	13                      @ DW_FORM_sdata
	.byte	0                       @ EOM(1)
	.byte	0                       @ EOM(2)
	.byte	12                      @ Abbreviation Code
	.byte	46                      @ DW_TAG_subprogram
	.byte	1                       @ DW_CHILDREN_yes
	.byte	17                      @ DW_AT_low_pc
	.byte	1                       @ DW_FORM_addr
	.byte	18                      @ DW_AT_high_pc
	.byte	1                       @ DW_FORM_addr
	.byte	64                      @ DW_AT_frame_base
	.byte	10                      @ DW_FORM_block1
	.byte	3                       @ DW_AT_name
	.byte	14                      @ DW_FORM_strp
	.byte	58                      @ DW_AT_decl_file
	.byte	11                      @ DW_FORM_data1
	.byte	59                      @ DW_AT_decl_line
	.byte	11                      @ DW_FORM_data1
	.byte	39                      @ DW_AT_prototyped
	.byte	12                      @ DW_FORM_flag
	.byte	63                      @ DW_AT_external
	.byte	12                      @ DW_FORM_flag
	.byte	0                       @ EOM(1)
	.byte	0                       @ EOM(2)
	.byte	13                      @ Abbreviation Code
	.byte	52                      @ DW_TAG_variable
	.byte	0                       @ DW_CHILDREN_no
	.byte	2                       @ DW_AT_location
	.byte	10                      @ DW_FORM_block1
	.byte	3                       @ DW_AT_name
	.byte	14                      @ DW_FORM_strp
	.byte	58                      @ DW_AT_decl_file
	.byte	11                      @ DW_FORM_data1
	.byte	59                      @ DW_AT_decl_line
	.byte	11                      @ DW_FORM_data1
	.byte	73                      @ DW_AT_type
	.byte	19                      @ DW_FORM_ref4
	.byte	0                       @ EOM(1)
	.byte	0                       @ EOM(2)
	.byte	14                      @ Abbreviation Code
	.byte	46                      @ DW_TAG_subprogram
	.byte	0                       @ DW_CHILDREN_no
	.byte	17                      @ DW_AT_low_pc
	.byte	1                       @ DW_FORM_addr
	.byte	18                      @ DW_AT_high_pc
	.byte	1                       @ DW_FORM_addr
	.byte	64                      @ DW_AT_frame_base
	.byte	10                      @ DW_FORM_block1
	.byte	3                       @ DW_AT_name
	.byte	14                      @ DW_FORM_strp
	.byte	58                      @ DW_AT_decl_file
	.byte	11                      @ DW_FORM_data1
	.byte	59                      @ DW_AT_decl_line
	.byte	11                      @ DW_FORM_data1
	.byte	39                      @ DW_AT_prototyped
	.byte	12                      @ DW_FORM_flag
	.byte	63                      @ DW_AT_external
	.byte	12                      @ DW_FORM_flag
	.byte	0                       @ EOM(1)
	.byte	0                       @ EOM(2)
	.byte	15                      @ Abbreviation Code
	.byte	46                      @ DW_TAG_subprogram
	.byte	1                       @ DW_CHILDREN_yes
	.byte	17                      @ DW_AT_low_pc
	.byte	1                       @ DW_FORM_addr
	.byte	18                      @ DW_AT_high_pc
	.byte	1                       @ DW_FORM_addr
	.byte	64                      @ DW_AT_frame_base
	.byte	10                      @ DW_FORM_block1
	.byte	3                       @ DW_AT_name
	.byte	14                      @ DW_FORM_strp
	.byte	58                      @ DW_AT_decl_file
	.byte	11                      @ DW_FORM_data1
	.byte	59                      @ DW_AT_decl_line
	.byte	5                       @ DW_FORM_data2
	.byte	39                      @ DW_AT_prototyped
	.byte	12                      @ DW_FORM_flag
	.byte	63                      @ DW_AT_external
	.byte	12                      @ DW_FORM_flag
	.byte	0                       @ EOM(1)
	.byte	0                       @ EOM(2)
	.byte	16                      @ Abbreviation Code
	.byte	52                      @ DW_TAG_variable
	.byte	0                       @ DW_CHILDREN_no
	.byte	2                       @ DW_AT_location
	.byte	10                      @ DW_FORM_block1
	.byte	3                       @ DW_AT_name
	.byte	14                      @ DW_FORM_strp
	.byte	58                      @ DW_AT_decl_file
	.byte	11                      @ DW_FORM_data1
	.byte	59                      @ DW_AT_decl_line
	.byte	5                       @ DW_FORM_data2
	.byte	73                      @ DW_AT_type
	.byte	19                      @ DW_FORM_ref4
	.byte	0                       @ EOM(1)
	.byte	0                       @ EOM(2)
	.byte	17                      @ Abbreviation Code
	.byte	22                      @ DW_TAG_typedef
	.byte	0                       @ DW_CHILDREN_no
	.byte	73                      @ DW_AT_type
	.byte	19                      @ DW_FORM_ref4
	.byte	3                       @ DW_AT_name
	.byte	14                      @ DW_FORM_strp
	.byte	58                      @ DW_AT_decl_file
	.byte	11                      @ DW_FORM_data1
	.byte	59                      @ DW_AT_decl_line
	.byte	5                       @ DW_FORM_data2
	.byte	0                       @ EOM(1)
	.byte	0                       @ EOM(2)
	.byte	18                      @ Abbreviation Code
	.byte	19                      @ DW_TAG_structure_type
	.byte	1                       @ DW_CHILDREN_yes
	.byte	11                      @ DW_AT_byte_size
	.byte	11                      @ DW_FORM_data1
	.byte	58                      @ DW_AT_decl_file
	.byte	11                      @ DW_FORM_data1
	.byte	59                      @ DW_AT_decl_line
	.byte	5                       @ DW_FORM_data2
	.byte	0                       @ EOM(1)
	.byte	0                       @ EOM(2)
	.byte	19                      @ Abbreviation Code
	.byte	13                      @ DW_TAG_member
	.byte	0                       @ DW_CHILDREN_no
	.byte	3                       @ DW_AT_name
	.byte	14                      @ DW_FORM_strp
	.byte	73                      @ DW_AT_type
	.byte	19                      @ DW_FORM_ref4
	.byte	58                      @ DW_AT_decl_file
	.byte	11                      @ DW_FORM_data1
	.byte	59                      @ DW_AT_decl_line
	.byte	5                       @ DW_FORM_data2
	.byte	56                      @ DW_AT_data_member_location
	.byte	11                      @ DW_FORM_data1
	.byte	0                       @ EOM(1)
	.byte	0                       @ EOM(2)
	.byte	0                       @ EOM(3)
	.section	.debug_info,"",%progbits
.Lcu_begin0:
	.long	.Ldebug_info_end0-.Ldebug_info_start0 @ Length of Unit
.Ldebug_info_start0:
	.short	3                       @ DWARF version number
	.long	.debug_abbrev           @ Offset Into Abbrev. Section
	.byte	4                       @ Address Size (in bytes)
	.byte	1                       @ Abbrev [1] 0xb:0x648 DW_TAG_compile_unit
	.long	.Linfo_string0          @ DW_AT_producer
	.short	12                      @ DW_AT_language
	.long	.Linfo_string1          @ DW_AT_name
	.long	.Lline_table_start0     @ DW_AT_stmt_list
	.long	.Linfo_string2          @ DW_AT_comp_dir
	.long	0                       @ DW_AT_low_pc
	.long	.Ldebug_ranges0         @ DW_AT_ranges
	.byte	2                       @ Abbrev [2] 0x26:0x12 DW_TAG_variable
	.long	.Linfo_string3          @ DW_AT_name
	.long	56                      @ DW_AT_type
	.byte	1                       @ DW_AT_external
	.byte	2                       @ DW_AT_decl_file
	.byte	163                     @ DW_AT_decl_line
	.byte	5                       @ DW_AT_location
	.byte	3
	.long	tim_cnt
	.byte	3                       @ Abbrev [3] 0x38:0xb DW_TAG_typedef
	.long	67                      @ DW_AT_type
	.long	.Linfo_string5          @ DW_AT_name
	.byte	1                       @ DW_AT_decl_file
	.byte	63                      @ DW_AT_decl_line
	.byte	4                       @ Abbrev [4] 0x43:0x7 DW_TAG_base_type
	.long	.Linfo_string4          @ DW_AT_name
	.byte	7                       @ DW_AT_encoding
	.byte	2                       @ DW_AT_byte_size
	.byte	2                       @ Abbrev [2] 0x4a:0x12 DW_TAG_variable
	.long	.Linfo_string6          @ DW_AT_name
	.long	56                      @ DW_AT_type
	.byte	1                       @ DW_AT_external
	.byte	2                       @ DW_AT_decl_file
	.byte	164                     @ DW_AT_decl_line
	.byte	5                       @ DW_AT_location
	.byte	3
	.long	tim_1min_cnt
	.byte	2                       @ Abbrev [2] 0x5c:0x12 DW_TAG_variable
	.long	.Linfo_string7          @ DW_AT_name
	.long	110                     @ DW_AT_type
	.byte	1                       @ DW_AT_external
	.byte	2                       @ DW_AT_decl_file
	.byte	166                     @ DW_AT_decl_line
	.byte	5                       @ DW_AT_location
	.byte	3
	.long	Time_5s_flag
	.byte	3                       @ Abbrev [3] 0x6e:0xb DW_TAG_typedef
	.long	121                     @ DW_AT_type
	.long	.Linfo_string9          @ DW_AT_name
	.byte	1                       @ DW_AT_decl_file
	.byte	62                      @ DW_AT_decl_line
	.byte	4                       @ Abbrev [4] 0x79:0x7 DW_TAG_base_type
	.long	.Linfo_string8          @ DW_AT_name
	.byte	8                       @ DW_AT_encoding
	.byte	1                       @ DW_AT_byte_size
	.byte	2                       @ Abbrev [2] 0x80:0x12 DW_TAG_variable
	.long	.Linfo_string10         @ DW_AT_name
	.long	110                     @ DW_AT_type
	.byte	1                       @ DW_AT_external
	.byte	2                       @ DW_AT_decl_file
	.byte	167                     @ DW_AT_decl_line
	.byte	5                       @ DW_AT_location
	.byte	3
	.long	Time_1s_flag
	.byte	2                       @ Abbrev [2] 0x92:0x12 DW_TAG_variable
	.long	.Linfo_string11         @ DW_AT_name
	.long	56                      @ DW_AT_type
	.byte	1                       @ DW_AT_external
	.byte	2                       @ DW_AT_decl_file
	.byte	168                     @ DW_AT_decl_line
	.byte	5                       @ DW_AT_location
	.byte	3
	.long	CH0_cnt
	.byte	2                       @ Abbrev [2] 0xa4:0x12 DW_TAG_variable
	.long	.Linfo_string12         @ DW_AT_name
	.long	56                      @ DW_AT_type
	.byte	1                       @ DW_AT_external
	.byte	2                       @ DW_AT_decl_file
	.byte	169                     @ DW_AT_decl_line
	.byte	5                       @ DW_AT_location
	.byte	3
	.long	CH1_cnt
	.byte	2                       @ Abbrev [2] 0xb6:0x12 DW_TAG_variable
	.long	.Linfo_string13         @ DW_AT_name
	.long	56                      @ DW_AT_type
	.byte	1                       @ DW_AT_external
	.byte	2                       @ DW_AT_decl_file
	.byte	171                     @ DW_AT_decl_line
	.byte	5                       @ DW_AT_location
	.byte	3
	.long	CH_cnt
	.byte	2                       @ Abbrev [2] 0xc8:0x12 DW_TAG_variable
	.long	.Linfo_string14         @ DW_AT_name
	.long	218                     @ DW_AT_type
	.byte	1                       @ DW_AT_external
	.byte	2                       @ DW_AT_decl_file
	.byte	174                     @ DW_AT_decl_line
	.byte	5                       @ DW_AT_location
	.byte	3
	.long	PulseFlag
	.byte	3                       @ Abbrev [3] 0xda:0xb DW_TAG_typedef
	.long	229                     @ DW_AT_type
	.long	.Linfo_string17         @ DW_AT_name
	.byte	3                       @ DW_AT_decl_file
	.byte	22                      @ DW_AT_decl_line
	.byte	5                       @ Abbrev [5] 0xe5:0x15 DW_TAG_enumeration_type
	.long	121                     @ DW_AT_type
	.byte	1                       @ DW_AT_byte_size
	.byte	3                       @ DW_AT_decl_file
	.byte	18                      @ DW_AT_decl_line
	.byte	6                       @ Abbrev [6] 0xed:0x6 DW_TAG_enumerator
	.long	.Linfo_string15         @ DW_AT_name
	.byte	0                       @ DW_AT_const_value
	.byte	6                       @ Abbrev [6] 0xf3:0x6 DW_TAG_enumerator
	.long	.Linfo_string16         @ DW_AT_name
	.byte	1                       @ DW_AT_const_value
	.byte	0                       @ End Of Children Mark
	.byte	2                       @ Abbrev [2] 0xfa:0x12 DW_TAG_variable
	.long	.Linfo_string18         @ DW_AT_name
	.long	110                     @ DW_AT_type
	.byte	1                       @ DW_AT_external
	.byte	2                       @ DW_AT_decl_file
	.byte	179                     @ DW_AT_decl_line
	.byte	5                       @ DW_AT_location
	.byte	3
	.long	Time_1min_flag
	.byte	2                       @ Abbrev [2] 0x10c:0x12 DW_TAG_variable
	.long	.Linfo_string19         @ DW_AT_name
	.long	110                     @ DW_AT_type
	.byte	1                       @ DW_AT_external
	.byte	2                       @ DW_AT_decl_file
	.byte	180                     @ DW_AT_decl_line
	.byte	5                       @ DW_AT_location
	.byte	3
	.long	first_20s
	.byte	2                       @ Abbrev [2] 0x11e:0x12 DW_TAG_variable
	.long	.Linfo_string20         @ DW_AT_name
	.long	56                      @ DW_AT_type
	.byte	1                       @ DW_AT_external
	.byte	2                       @ DW_AT_decl_file
	.byte	183                     @ DW_AT_decl_line
	.byte	5                       @ DW_AT_location
	.byte	3
	.long	pulse_flag0
	.byte	2                       @ Abbrev [2] 0x130:0x12 DW_TAG_variable
	.long	.Linfo_string21         @ DW_AT_name
	.long	56                      @ DW_AT_type
	.byte	1                       @ DW_AT_external
	.byte	2                       @ DW_AT_decl_file
	.byte	184                     @ DW_AT_decl_line
	.byte	5                       @ DW_AT_location
	.byte	3
	.long	pulse_flag1
	.byte	2                       @ Abbrev [2] 0x142:0x12 DW_TAG_variable
	.long	.Linfo_string22         @ DW_AT_name
	.long	56                      @ DW_AT_type
	.byte	1                       @ DW_AT_external
	.byte	2                       @ DW_AT_decl_file
	.byte	187                     @ DW_AT_decl_line
	.byte	5                       @ DW_AT_location
	.byte	3
	.long	status_flag
	.byte	2                       @ Abbrev [2] 0x154:0x12 DW_TAG_variable
	.long	.Linfo_string23         @ DW_AT_name
	.long	56                      @ DW_AT_type
	.byte	1                       @ DW_AT_external
	.byte	2                       @ DW_AT_decl_file
	.byte	189                     @ DW_AT_decl_line
	.byte	5                       @ DW_AT_location
	.byte	3
	.long	timeD_flag
	.byte	7                       @ Abbrev [7] 0x166:0x13 DW_TAG_variable
	.long	.Linfo_string24         @ DW_AT_name
	.long	56                      @ DW_AT_type
	.byte	1                       @ DW_AT_external
	.byte	2                       @ DW_AT_decl_file
	.short	261                     @ DW_AT_decl_line
	.byte	5                       @ DW_AT_location
	.byte	3
	.long	AutoUpLoad_counter
	.byte	2                       @ Abbrev [2] 0x179:0x12 DW_TAG_variable
	.long	.Linfo_string25         @ DW_AT_name
	.long	395                     @ DW_AT_type
	.byte	1                       @ DW_AT_external
	.byte	2                       @ DW_AT_decl_file
	.byte	176                     @ DW_AT_decl_line
	.byte	5                       @ DW_AT_location
	.byte	3
	.long	status
	.byte	3                       @ Abbrev [3] 0x18b:0xb DW_TAG_typedef
	.long	406                     @ DW_AT_type
	.long	.Linfo_string50         @ DW_AT_name
	.byte	3                       @ DW_AT_decl_file
	.byte	79                      @ DW_AT_decl_line
	.byte	8                       @ Abbrev [8] 0x196:0xb9 DW_TAG_structure_type
	.byte	36                      @ DW_AT_byte_size
	.byte	3                       @ DW_AT_decl_file
	.byte	46                      @ DW_AT_decl_line
	.byte	9                       @ Abbrev [9] 0x19a:0xc DW_TAG_member
	.long	.Linfo_string26         @ DW_AT_name
	.long	110                     @ DW_AT_type
	.byte	3                       @ DW_AT_decl_file
	.byte	49                      @ DW_AT_decl_line
	.byte	0                       @ DW_AT_data_member_location
	.byte	9                       @ Abbrev [9] 0x1a6:0xc DW_TAG_member
	.long	.Linfo_string27         @ DW_AT_name
	.long	110                     @ DW_AT_type
	.byte	3                       @ DW_AT_decl_file
	.byte	50                      @ DW_AT_decl_line
	.byte	1                       @ DW_AT_data_member_location
	.byte	9                       @ Abbrev [9] 0x1b2:0xc DW_TAG_member
	.long	.Linfo_string28         @ DW_AT_name
	.long	110                     @ DW_AT_type
	.byte	3                       @ DW_AT_decl_file
	.byte	51                      @ DW_AT_decl_line
	.byte	2                       @ DW_AT_data_member_location
	.byte	9                       @ Abbrev [9] 0x1be:0xc DW_TAG_member
	.long	.Linfo_string29         @ DW_AT_name
	.long	110                     @ DW_AT_type
	.byte	3                       @ DW_AT_decl_file
	.byte	52                      @ DW_AT_decl_line
	.byte	3                       @ DW_AT_data_member_location
	.byte	9                       @ Abbrev [9] 0x1ca:0xc DW_TAG_member
	.long	.Linfo_string30         @ DW_AT_name
	.long	110                     @ DW_AT_type
	.byte	3                       @ DW_AT_decl_file
	.byte	54                      @ DW_AT_decl_line
	.byte	4                       @ DW_AT_data_member_location
	.byte	9                       @ Abbrev [9] 0x1d6:0xc DW_TAG_member
	.long	.Linfo_string31         @ DW_AT_name
	.long	591                     @ DW_AT_type
	.byte	3                       @ DW_AT_decl_file
	.byte	55                      @ DW_AT_decl_line
	.byte	5                       @ DW_AT_data_member_location
	.byte	9                       @ Abbrev [9] 0x1e2:0xc DW_TAG_member
	.long	.Linfo_string35         @ DW_AT_name
	.long	623                     @ DW_AT_type
	.byte	3                       @ DW_AT_decl_file
	.byte	56                      @ DW_AT_decl_line
	.byte	6                       @ DW_AT_data_member_location
	.byte	9                       @ Abbrev [9] 0x1ee:0xc DW_TAG_member
	.long	.Linfo_string40         @ DW_AT_name
	.long	661                     @ DW_AT_type
	.byte	3                       @ DW_AT_decl_file
	.byte	58                      @ DW_AT_decl_line
	.byte	8                       @ DW_AT_data_member_location
	.byte	9                       @ Abbrev [9] 0x1fa:0xc DW_TAG_member
	.long	.Linfo_string43         @ DW_AT_name
	.long	661                     @ DW_AT_type
	.byte	3                       @ DW_AT_decl_file
	.byte	60                      @ DW_AT_decl_line
	.byte	12                      @ DW_AT_data_member_location
	.byte	9                       @ Abbrev [9] 0x206:0xc DW_TAG_member
	.long	.Linfo_string44         @ DW_AT_name
	.long	661                     @ DW_AT_type
	.byte	3                       @ DW_AT_decl_file
	.byte	61                      @ DW_AT_decl_line
	.byte	16                      @ DW_AT_data_member_location
	.byte	9                       @ Abbrev [9] 0x212:0xc DW_TAG_member
	.long	.Linfo_string45         @ DW_AT_name
	.long	661                     @ DW_AT_type
	.byte	3                       @ DW_AT_decl_file
	.byte	63                      @ DW_AT_decl_line
	.byte	20                      @ DW_AT_data_member_location
	.byte	9                       @ Abbrev [9] 0x21e:0xc DW_TAG_member
	.long	.Linfo_string46         @ DW_AT_name
	.long	661                     @ DW_AT_type
	.byte	3                       @ DW_AT_decl_file
	.byte	65                      @ DW_AT_decl_line
	.byte	24                      @ DW_AT_data_member_location
	.byte	9                       @ Abbrev [9] 0x22a:0xc DW_TAG_member
	.long	.Linfo_string47         @ DW_AT_name
	.long	661                     @ DW_AT_type
	.byte	3                       @ DW_AT_decl_file
	.byte	67                      @ DW_AT_decl_line
	.byte	28                      @ DW_AT_data_member_location
	.byte	9                       @ Abbrev [9] 0x236:0xc DW_TAG_member
	.long	.Linfo_string48         @ DW_AT_name
	.long	110                     @ DW_AT_type
	.byte	3                       @ DW_AT_decl_file
	.byte	77                      @ DW_AT_decl_line
	.byte	32                      @ DW_AT_data_member_location
	.byte	9                       @ Abbrev [9] 0x242:0xc DW_TAG_member
	.long	.Linfo_string49         @ DW_AT_name
	.long	56                      @ DW_AT_type
	.byte	3                       @ DW_AT_decl_file
	.byte	78                      @ DW_AT_decl_line
	.byte	34                      @ DW_AT_data_member_location
	.byte	0                       @ End Of Children Mark
	.byte	3                       @ Abbrev [3] 0x24f:0xb DW_TAG_typedef
	.long	602                     @ DW_AT_type
	.long	.Linfo_string34         @ DW_AT_name
	.byte	3                       @ DW_AT_decl_file
	.byte	29                      @ DW_AT_decl_line
	.byte	5                       @ Abbrev [5] 0x25a:0x15 DW_TAG_enumeration_type
	.long	121                     @ DW_AT_type
	.byte	1                       @ DW_AT_byte_size
	.byte	3                       @ DW_AT_decl_file
	.byte	25                      @ DW_AT_decl_line
	.byte	6                       @ Abbrev [6] 0x262:0x6 DW_TAG_enumerator
	.long	.Linfo_string32         @ DW_AT_name
	.byte	1                       @ DW_AT_const_value
	.byte	6                       @ Abbrev [6] 0x268:0x6 DW_TAG_enumerator
	.long	.Linfo_string33         @ DW_AT_name
	.byte	2                       @ DW_AT_const_value
	.byte	0                       @ End Of Children Mark
	.byte	3                       @ Abbrev [3] 0x26f:0xb DW_TAG_typedef
	.long	634                     @ DW_AT_type
	.long	.Linfo_string39         @ DW_AT_name
	.byte	3                       @ DW_AT_decl_file
	.byte	37                      @ DW_AT_decl_line
	.byte	5                       @ Abbrev [5] 0x27a:0x1b DW_TAG_enumeration_type
	.long	121                     @ DW_AT_type
	.byte	1                       @ DW_AT_byte_size
	.byte	3                       @ DW_AT_decl_file
	.byte	32                      @ DW_AT_decl_line
	.byte	6                       @ Abbrev [6] 0x282:0x6 DW_TAG_enumerator
	.long	.Linfo_string36         @ DW_AT_name
	.byte	0                       @ DW_AT_const_value
	.byte	6                       @ Abbrev [6] 0x288:0x6 DW_TAG_enumerator
	.long	.Linfo_string37         @ DW_AT_name
	.byte	1                       @ DW_AT_const_value
	.byte	6                       @ Abbrev [6] 0x28e:0x6 DW_TAG_enumerator
	.long	.Linfo_string38         @ DW_AT_name
	.byte	2                       @ DW_AT_const_value
	.byte	0                       @ End Of Children Mark
	.byte	3                       @ Abbrev [3] 0x295:0xb DW_TAG_typedef
	.long	672                     @ DW_AT_type
	.long	.Linfo_string42         @ DW_AT_name
	.byte	1                       @ DW_AT_decl_file
	.byte	64                      @ DW_AT_decl_line
	.byte	4                       @ Abbrev [4] 0x2a0:0x7 DW_TAG_base_type
	.long	.Linfo_string41         @ DW_AT_name
	.byte	7                       @ DW_AT_encoding
	.byte	4                       @ DW_AT_byte_size
	.byte	5                       @ Abbrev [5] 0x2a7:0xb8 DW_TAG_enumeration_type
	.long	67                      @ DW_AT_type
	.byte	2                       @ DW_AT_byte_size
	.byte	4                       @ DW_AT_decl_file
	.byte	248                     @ DW_AT_decl_line
	.byte	6                       @ Abbrev [6] 0x2af:0x7 DW_TAG_enumerator
	.long	.Linfo_string51         @ DW_AT_name
	.ascii	"\200\n"                @ DW_AT_const_value
	.byte	6                       @ Abbrev [6] 0x2b6:0x7 DW_TAG_enumerator
	.long	.Linfo_string52         @ DW_AT_name
	.ascii	"\206\n"                @ DW_AT_const_value
	.byte	6                       @ Abbrev [6] 0x2bd:0x7 DW_TAG_enumerator
	.long	.Linfo_string53         @ DW_AT_name
	.ascii	"\221\n"                @ DW_AT_const_value
	.byte	6                       @ Abbrev [6] 0x2c4:0x7 DW_TAG_enumerator
	.long	.Linfo_string54         @ DW_AT_name
	.ascii	"\222\n"                @ DW_AT_const_value
	.byte	6                       @ Abbrev [6] 0x2cb:0x7 DW_TAG_enumerator
	.long	.Linfo_string55         @ DW_AT_name
	.ascii	"\223\n"                @ DW_AT_const_value
	.byte	6                       @ Abbrev [6] 0x2d2:0x7 DW_TAG_enumerator
	.long	.Linfo_string56         @ DW_AT_name
	.ascii	"\226\n"                @ DW_AT_const_value
	.byte	6                       @ Abbrev [6] 0x2d9:0x7 DW_TAG_enumerator
	.long	.Linfo_string57         @ DW_AT_name
	.ascii	"\200\f"                @ DW_AT_const_value
	.byte	6                       @ Abbrev [6] 0x2e0:0x7 DW_TAG_enumerator
	.long	.Linfo_string58         @ DW_AT_name
	.ascii	"\211\f"                @ DW_AT_const_value
	.byte	6                       @ Abbrev [6] 0x2e7:0x7 DW_TAG_enumerator
	.long	.Linfo_string59         @ DW_AT_name
	.ascii	"\213\f"                @ DW_AT_const_value
	.byte	6                       @ Abbrev [6] 0x2ee:0x7 DW_TAG_enumerator
	.long	.Linfo_string60         @ DW_AT_name
	.ascii	"\214\f"                @ DW_AT_const_value
	.byte	6                       @ Abbrev [6] 0x2f5:0x7 DW_TAG_enumerator
	.long	.Linfo_string61         @ DW_AT_name
	.ascii	"\216\f"                @ DW_AT_const_value
	.byte	6                       @ Abbrev [6] 0x2fc:0x7 DW_TAG_enumerator
	.long	.Linfo_string62         @ DW_AT_name
	.ascii	"\220\f"                @ DW_AT_const_value
	.byte	6                       @ Abbrev [6] 0x303:0x7 DW_TAG_enumerator
	.long	.Linfo_string63         @ DW_AT_name
	.ascii	"\221\f"                @ DW_AT_const_value
	.byte	6                       @ Abbrev [6] 0x30a:0x7 DW_TAG_enumerator
	.long	.Linfo_string64         @ DW_AT_name
	.ascii	"\222\f"                @ DW_AT_const_value
	.byte	6                       @ Abbrev [6] 0x311:0x7 DW_TAG_enumerator
	.long	.Linfo_string65         @ DW_AT_name
	.ascii	"\226\f"                @ DW_AT_const_value
	.byte	6                       @ Abbrev [6] 0x318:0x7 DW_TAG_enumerator
	.long	.Linfo_string66         @ DW_AT_name
	.ascii	"\201\016"              @ DW_AT_const_value
	.byte	6                       @ Abbrev [6] 0x31f:0x7 DW_TAG_enumerator
	.long	.Linfo_string67         @ DW_AT_name
	.ascii	"\204\016"              @ DW_AT_const_value
	.byte	6                       @ Abbrev [6] 0x326:0x7 DW_TAG_enumerator
	.long	.Linfo_string68         @ DW_AT_name
	.ascii	"\210\016"              @ DW_AT_const_value
	.byte	6                       @ Abbrev [6] 0x32d:0x7 DW_TAG_enumerator
	.long	.Linfo_string69         @ DW_AT_name
	.ascii	"\213\016"              @ DW_AT_const_value
	.byte	6                       @ Abbrev [6] 0x334:0x7 DW_TAG_enumerator
	.long	.Linfo_string70         @ DW_AT_name
	.ascii	"\216\016"              @ DW_AT_const_value
	.byte	6                       @ Abbrev [6] 0x33b:0x7 DW_TAG_enumerator
	.long	.Linfo_string71         @ DW_AT_name
	.ascii	"\221\016"              @ DW_AT_const_value
	.byte	6                       @ Abbrev [6] 0x342:0x7 DW_TAG_enumerator
	.long	.Linfo_string72         @ DW_AT_name
	.ascii	"\225\016"              @ DW_AT_const_value
	.byte	6                       @ Abbrev [6] 0x349:0x7 DW_TAG_enumerator
	.long	.Linfo_string73         @ DW_AT_name
	.ascii	"\226\016"              @ DW_AT_const_value
	.byte	6                       @ Abbrev [6] 0x350:0x7 DW_TAG_enumerator
	.long	.Linfo_string74         @ DW_AT_name
	.ascii	"\234\016"              @ DW_AT_const_value
	.byte	6                       @ Abbrev [6] 0x357:0x7 DW_TAG_enumerator
	.long	.Linfo_string75         @ DW_AT_name
	.ascii	"\217\020"              @ DW_AT_const_value
	.byte	0                       @ End Of Children Mark
	.byte	10                      @ Abbrev [10] 0x35f:0xd3 DW_TAG_enumeration_type
	.long	1074                    @ DW_AT_type
	.long	.Linfo_string110        @ DW_AT_name
	.byte	1                       @ DW_AT_byte_size
	.byte	5                       @ DW_AT_decl_file
	.byte	110                     @ DW_AT_decl_line
	.byte	11                      @ Abbrev [11] 0x36b:0x6 DW_TAG_enumerator
	.long	.Linfo_string77         @ DW_AT_name
	.byte	114                     @ DW_AT_const_value
	.byte	11                      @ Abbrev [11] 0x371:0x6 DW_TAG_enumerator
	.long	.Linfo_string78         @ DW_AT_name
	.byte	115                     @ DW_AT_const_value
	.byte	11                      @ Abbrev [11] 0x377:0x6 DW_TAG_enumerator
	.long	.Linfo_string79         @ DW_AT_name
	.byte	123                     @ DW_AT_const_value
	.byte	11                      @ Abbrev [11] 0x37d:0x6 DW_TAG_enumerator
	.long	.Linfo_string80         @ DW_AT_name
	.byte	126                     @ DW_AT_const_value
	.byte	11                      @ Abbrev [11] 0x383:0x6 DW_TAG_enumerator
	.long	.Linfo_string81         @ DW_AT_name
	.byte	127                     @ DW_AT_const_value
	.byte	11                      @ Abbrev [11] 0x389:0x6 DW_TAG_enumerator
	.long	.Linfo_string82         @ DW_AT_name
	.byte	0                       @ DW_AT_const_value
	.byte	11                      @ Abbrev [11] 0x38f:0x6 DW_TAG_enumerator
	.long	.Linfo_string83         @ DW_AT_name
	.byte	1                       @ DW_AT_const_value
	.byte	11                      @ Abbrev [11] 0x395:0x6 DW_TAG_enumerator
	.long	.Linfo_string84         @ DW_AT_name
	.byte	2                       @ DW_AT_const_value
	.byte	11                      @ Abbrev [11] 0x39b:0x6 DW_TAG_enumerator
	.long	.Linfo_string85         @ DW_AT_name
	.byte	3                       @ DW_AT_const_value
	.byte	11                      @ Abbrev [11] 0x3a1:0x6 DW_TAG_enumerator
	.long	.Linfo_string86         @ DW_AT_name
	.byte	4                       @ DW_AT_const_value
	.byte	11                      @ Abbrev [11] 0x3a7:0x6 DW_TAG_enumerator
	.long	.Linfo_string87         @ DW_AT_name
	.byte	5                       @ DW_AT_const_value
	.byte	11                      @ Abbrev [11] 0x3ad:0x6 DW_TAG_enumerator
	.long	.Linfo_string88         @ DW_AT_name
	.byte	6                       @ DW_AT_const_value
	.byte	11                      @ Abbrev [11] 0x3b3:0x6 DW_TAG_enumerator
	.long	.Linfo_string89         @ DW_AT_name
	.byte	7                       @ DW_AT_const_value
	.byte	11                      @ Abbrev [11] 0x3b9:0x6 DW_TAG_enumerator
	.long	.Linfo_string90         @ DW_AT_name
	.byte	9                       @ DW_AT_const_value
	.byte	11                      @ Abbrev [11] 0x3bf:0x6 DW_TAG_enumerator
	.long	.Linfo_string91         @ DW_AT_name
	.byte	10                      @ DW_AT_const_value
	.byte	11                      @ Abbrev [11] 0x3c5:0x6 DW_TAG_enumerator
	.long	.Linfo_string92         @ DW_AT_name
	.byte	11                      @ DW_AT_const_value
	.byte	11                      @ Abbrev [11] 0x3cb:0x6 DW_TAG_enumerator
	.long	.Linfo_string93         @ DW_AT_name
	.byte	12                      @ DW_AT_const_value
	.byte	11                      @ Abbrev [11] 0x3d1:0x6 DW_TAG_enumerator
	.long	.Linfo_string94         @ DW_AT_name
	.byte	13                      @ DW_AT_const_value
	.byte	11                      @ Abbrev [11] 0x3d7:0x6 DW_TAG_enumerator
	.long	.Linfo_string95         @ DW_AT_name
	.byte	14                      @ DW_AT_const_value
	.byte	11                      @ Abbrev [11] 0x3dd:0x6 DW_TAG_enumerator
	.long	.Linfo_string96         @ DW_AT_name
	.byte	16                      @ DW_AT_const_value
	.byte	11                      @ Abbrev [11] 0x3e3:0x6 DW_TAG_enumerator
	.long	.Linfo_string97         @ DW_AT_name
	.byte	17                      @ DW_AT_const_value
	.byte	11                      @ Abbrev [11] 0x3e9:0x6 DW_TAG_enumerator
	.long	.Linfo_string98         @ DW_AT_name
	.byte	19                      @ DW_AT_const_value
	.byte	11                      @ Abbrev [11] 0x3ef:0x6 DW_TAG_enumerator
	.long	.Linfo_string99         @ DW_AT_name
	.byte	20                      @ DW_AT_const_value
	.byte	11                      @ Abbrev [11] 0x3f5:0x6 DW_TAG_enumerator
	.long	.Linfo_string100        @ DW_AT_name
	.byte	21                      @ DW_AT_const_value
	.byte	11                      @ Abbrev [11] 0x3fb:0x6 DW_TAG_enumerator
	.long	.Linfo_string101        @ DW_AT_name
	.byte	22                      @ DW_AT_const_value
	.byte	11                      @ Abbrev [11] 0x401:0x6 DW_TAG_enumerator
	.long	.Linfo_string102        @ DW_AT_name
	.byte	23                      @ DW_AT_const_value
	.byte	11                      @ Abbrev [11] 0x407:0x6 DW_TAG_enumerator
	.long	.Linfo_string103        @ DW_AT_name
	.byte	24                      @ DW_AT_const_value
	.byte	11                      @ Abbrev [11] 0x40d:0x6 DW_TAG_enumerator
	.long	.Linfo_string104        @ DW_AT_name
	.byte	25                      @ DW_AT_const_value
	.byte	11                      @ Abbrev [11] 0x413:0x6 DW_TAG_enumerator
	.long	.Linfo_string105        @ DW_AT_name
	.byte	26                      @ DW_AT_const_value
	.byte	11                      @ Abbrev [11] 0x419:0x6 DW_TAG_enumerator
	.long	.Linfo_string106        @ DW_AT_name
	.byte	27                      @ DW_AT_const_value
	.byte	11                      @ Abbrev [11] 0x41f:0x6 DW_TAG_enumerator
	.long	.Linfo_string107        @ DW_AT_name
	.byte	28                      @ DW_AT_const_value
	.byte	11                      @ Abbrev [11] 0x425:0x6 DW_TAG_enumerator
	.long	.Linfo_string108        @ DW_AT_name
	.byte	32                      @ DW_AT_const_value
	.byte	11                      @ Abbrev [11] 0x42b:0x6 DW_TAG_enumerator
	.long	.Linfo_string109        @ DW_AT_name
	.byte	34                      @ DW_AT_const_value
	.byte	0                       @ End Of Children Mark
	.byte	4                       @ Abbrev [4] 0x432:0x7 DW_TAG_base_type
	.long	.Linfo_string76         @ DW_AT_name
	.byte	6                       @ DW_AT_encoding
	.byte	1                       @ DW_AT_byte_size
	.byte	12                      @ Abbrev [12] 0x439:0x3e DW_TAG_subprogram
	.long	.Lfunc_begin0           @ DW_AT_low_pc
	.long	.Lfunc_end0             @ DW_AT_high_pc
	.byte	1                       @ DW_AT_frame_base
	.byte	93
	.long	.Linfo_string111        @ DW_AT_name
	.byte	2                       @ DW_AT_decl_file
	.byte	12                      @ DW_AT_decl_line
	.byte	1                       @ DW_AT_prototyped
	.byte	1                       @ DW_AT_external
	.byte	13                      @ Abbrev [13] 0x44c:0xe DW_TAG_variable
	.byte	2                       @ DW_AT_location
	.byte	145
	.byte	52
	.long	.Linfo_string117        @ DW_AT_name
	.byte	2                       @ DW_AT_decl_file
	.byte	14                      @ DW_AT_decl_line
	.long	1357                    @ DW_AT_type
	.byte	13                      @ Abbrev [13] 0x45a:0xe DW_TAG_variable
	.byte	2                       @ DW_AT_location
	.byte	145
	.byte	36
	.long	.Linfo_string125        @ DW_AT_name
	.byte	2                       @ DW_AT_decl_file
	.byte	15                      @ DW_AT_decl_line
	.long	1453                    @ DW_AT_type
	.byte	13                      @ Abbrev [13] 0x468:0xe DW_TAG_variable
	.byte	2                       @ DW_AT_location
	.byte	145
	.byte	28
	.long	.Linfo_string133        @ DW_AT_name
	.byte	2                       @ DW_AT_decl_file
	.byte	16                      @ DW_AT_decl_line
	.long	1548                    @ DW_AT_type
	.byte	0                       @ End Of Children Mark
	.byte	12                      @ Abbrev [12] 0x477:0x30 DW_TAG_subprogram
	.long	.Lfunc_begin1           @ DW_AT_low_pc
	.long	.Lfunc_end1             @ DW_AT_high_pc
	.byte	1                       @ DW_AT_frame_base
	.byte	93
	.long	.Linfo_string112        @ DW_AT_name
	.byte	2                       @ DW_AT_decl_file
	.byte	83                      @ DW_AT_decl_line
	.byte	1                       @ DW_AT_prototyped
	.byte	1                       @ DW_AT_external
	.byte	13                      @ Abbrev [13] 0x48a:0xe DW_TAG_variable
	.byte	2                       @ DW_AT_location
	.byte	145
	.byte	28
	.long	.Linfo_string117        @ DW_AT_name
	.byte	2                       @ DW_AT_decl_file
	.byte	85                      @ DW_AT_decl_line
	.long	1357                    @ DW_AT_type
	.byte	13                      @ Abbrev [13] 0x498:0xe DW_TAG_variable
	.byte	2                       @ DW_AT_location
	.byte	145
	.byte	12
	.long	.Linfo_string125        @ DW_AT_name
	.byte	2                       @ DW_AT_decl_file
	.byte	86                      @ DW_AT_decl_line
	.long	1453                    @ DW_AT_type
	.byte	0                       @ End Of Children Mark
	.byte	12                      @ Abbrev [12] 0x4a7:0x30 DW_TAG_subprogram
	.long	.Lfunc_begin2           @ DW_AT_low_pc
	.long	.Lfunc_end2             @ DW_AT_high_pc
	.byte	1                       @ DW_AT_frame_base
	.byte	93
	.long	.Linfo_string113        @ DW_AT_name
	.byte	2                       @ DW_AT_decl_file
	.byte	123                     @ DW_AT_decl_line
	.byte	1                       @ DW_AT_prototyped
	.byte	1                       @ DW_AT_external
	.byte	13                      @ Abbrev [13] 0x4ba:0xe DW_TAG_variable
	.byte	2                       @ DW_AT_location
	.byte	145
	.byte	28
	.long	.Linfo_string117        @ DW_AT_name
	.byte	2                       @ DW_AT_decl_file
	.byte	125                     @ DW_AT_decl_line
	.long	1357                    @ DW_AT_type
	.byte	13                      @ Abbrev [13] 0x4c8:0xe DW_TAG_variable
	.byte	2                       @ DW_AT_location
	.byte	145
	.byte	12
	.long	.Linfo_string125        @ DW_AT_name
	.byte	2                       @ DW_AT_decl_file
	.byte	126                     @ DW_AT_decl_line
	.long	1453                    @ DW_AT_type
	.byte	0                       @ End Of Children Mark
	.byte	14                      @ Abbrev [14] 0x4d7:0x13 DW_TAG_subprogram
	.long	.Lfunc_begin3           @ DW_AT_low_pc
	.long	.Lfunc_end3             @ DW_AT_high_pc
	.byte	1                       @ DW_AT_frame_base
	.byte	93
	.long	.Linfo_string114        @ DW_AT_name
	.byte	2                       @ DW_AT_decl_file
	.byte	191                     @ DW_AT_decl_line
	.byte	1                       @ DW_AT_prototyped
	.byte	1                       @ DW_AT_external
	.byte	12                      @ Abbrev [12] 0x4ea:0x30 DW_TAG_subprogram
	.long	.Lfunc_begin4           @ DW_AT_low_pc
	.long	.Lfunc_end4             @ DW_AT_high_pc
	.byte	1                       @ DW_AT_frame_base
	.byte	93
	.long	.Linfo_string115        @ DW_AT_name
	.byte	2                       @ DW_AT_decl_file
	.byte	244                     @ DW_AT_decl_line
	.byte	1                       @ DW_AT_prototyped
	.byte	1                       @ DW_AT_external
	.byte	13                      @ Abbrev [13] 0x4fd:0xe DW_TAG_variable
	.byte	2                       @ DW_AT_location
	.byte	145
	.byte	12
	.long	.Linfo_string139        @ DW_AT_name
	.byte	2                       @ DW_AT_decl_file
	.byte	246                     @ DW_AT_decl_line
	.long	56                      @ DW_AT_type
	.byte	13                      @ Abbrev [13] 0x50b:0xe DW_TAG_variable
	.byte	2                       @ DW_AT_location
	.byte	145
	.byte	10
	.long	.Linfo_string140        @ DW_AT_name
	.byte	2                       @ DW_AT_decl_file
	.byte	247                     @ DW_AT_decl_line
	.long	56                      @ DW_AT_type
	.byte	0                       @ End Of Children Mark
	.byte	15                      @ Abbrev [15] 0x51a:0x33 DW_TAG_subprogram
	.long	.Lfunc_begin5           @ DW_AT_low_pc
	.long	.Lfunc_end5             @ DW_AT_high_pc
	.byte	1                       @ DW_AT_frame_base
	.byte	93
	.long	.Linfo_string116        @ DW_AT_name
	.byte	2                       @ DW_AT_decl_file
	.short	262                     @ DW_AT_decl_line
	.byte	1                       @ DW_AT_prototyped
	.byte	1                       @ DW_AT_external
	.byte	16                      @ Abbrev [16] 0x52e:0xf DW_TAG_variable
	.byte	2                       @ DW_AT_location
	.byte	145
	.byte	4
	.long	.Linfo_string139        @ DW_AT_name
	.byte	2                       @ DW_AT_decl_file
	.short	264                     @ DW_AT_decl_line
	.long	56                      @ DW_AT_type
	.byte	16                      @ Abbrev [16] 0x53d:0xf DW_TAG_variable
	.byte	2                       @ DW_AT_location
	.byte	145
	.byte	2
	.long	.Linfo_string140        @ DW_AT_name
	.byte	2                       @ DW_AT_decl_file
	.short	265                     @ DW_AT_decl_line
	.long	56                      @ DW_AT_type
	.byte	0                       @ End Of Children Mark
	.byte	17                      @ Abbrev [17] 0x54d:0xc DW_TAG_typedef
	.long	1369                    @ DW_AT_type
	.long	.Linfo_string124        @ DW_AT_name
	.byte	6                       @ DW_AT_decl_file
	.short	285                     @ DW_AT_decl_line
	.byte	18                      @ Abbrev [18] 0x559:0x54 DW_TAG_structure_type
	.byte	12                      @ DW_AT_byte_size
	.byte	6                       @ DW_AT_decl_file
	.short	277                     @ DW_AT_decl_line
	.byte	19                      @ Abbrev [19] 0x55e:0xd DW_TAG_member
	.long	.Linfo_string118        @ DW_AT_name
	.long	56                      @ DW_AT_type
	.byte	6                       @ DW_AT_decl_file
	.short	279                     @ DW_AT_decl_line
	.byte	0                       @ DW_AT_data_member_location
	.byte	19                      @ Abbrev [19] 0x56b:0xd DW_TAG_member
	.long	.Linfo_string119        @ DW_AT_name
	.long	56                      @ DW_AT_type
	.byte	6                       @ DW_AT_decl_file
	.short	280                     @ DW_AT_decl_line
	.byte	2                       @ DW_AT_data_member_location
	.byte	19                      @ Abbrev [19] 0x578:0xd DW_TAG_member
	.long	.Linfo_string120        @ DW_AT_name
	.long	56                      @ DW_AT_type
	.byte	6                       @ DW_AT_decl_file
	.short	281                     @ DW_AT_decl_line
	.byte	4                       @ DW_AT_data_member_location
	.byte	19                      @ Abbrev [19] 0x585:0xd DW_TAG_member
	.long	.Linfo_string121        @ DW_AT_name
	.long	56                      @ DW_AT_type
	.byte	6                       @ DW_AT_decl_file
	.short	282                     @ DW_AT_decl_line
	.byte	6                       @ DW_AT_data_member_location
	.byte	19                      @ Abbrev [19] 0x592:0xd DW_TAG_member
	.long	.Linfo_string122        @ DW_AT_name
	.long	56                      @ DW_AT_type
	.byte	6                       @ DW_AT_decl_file
	.short	283                     @ DW_AT_decl_line
	.byte	8                       @ DW_AT_data_member_location
	.byte	19                      @ Abbrev [19] 0x59f:0xd DW_TAG_member
	.long	.Linfo_string123        @ DW_AT_name
	.long	56                      @ DW_AT_type
	.byte	6                       @ DW_AT_decl_file
	.short	284                     @ DW_AT_decl_line
	.byte	10                      @ DW_AT_data_member_location
	.byte	0                       @ End Of Children Mark
	.byte	17                      @ Abbrev [17] 0x5ad:0xc DW_TAG_typedef
	.long	1465                    @ DW_AT_type
	.long	.Linfo_string132        @ DW_AT_name
	.byte	6                       @ DW_AT_decl_file
	.short	262                     @ DW_AT_decl_line
	.byte	8                       @ Abbrev [8] 0x5b9:0x53 DW_TAG_structure_type
	.byte	16                      @ DW_AT_byte_size
	.byte	6                       @ DW_AT_decl_file
	.byte	254                     @ DW_AT_decl_line
	.byte	19                      @ Abbrev [19] 0x5bd:0xd DW_TAG_member
	.long	.Linfo_string126        @ DW_AT_name
	.long	56                      @ DW_AT_type
	.byte	6                       @ DW_AT_decl_file
	.short	256                     @ DW_AT_decl_line
	.byte	0                       @ DW_AT_data_member_location
	.byte	19                      @ Abbrev [19] 0x5ca:0xd DW_TAG_member
	.long	.Linfo_string127        @ DW_AT_name
	.long	56                      @ DW_AT_type
	.byte	6                       @ DW_AT_decl_file
	.short	257                     @ DW_AT_decl_line
	.byte	2                       @ DW_AT_data_member_location
	.byte	19                      @ Abbrev [19] 0x5d7:0xd DW_TAG_member
	.long	.Linfo_string128        @ DW_AT_name
	.long	56                      @ DW_AT_type
	.byte	6                       @ DW_AT_decl_file
	.short	258                     @ DW_AT_decl_line
	.byte	4                       @ DW_AT_data_member_location
	.byte	19                      @ Abbrev [19] 0x5e4:0xd DW_TAG_member
	.long	.Linfo_string129        @ DW_AT_name
	.long	56                      @ DW_AT_type
	.byte	6                       @ DW_AT_decl_file
	.short	259                     @ DW_AT_decl_line
	.byte	6                       @ DW_AT_data_member_location
	.byte	19                      @ Abbrev [19] 0x5f1:0xd DW_TAG_member
	.long	.Linfo_string130        @ DW_AT_name
	.long	661                     @ DW_AT_type
	.byte	6                       @ DW_AT_decl_file
	.short	260                     @ DW_AT_decl_line
	.byte	8                       @ DW_AT_data_member_location
	.byte	19                      @ Abbrev [19] 0x5fe:0xd DW_TAG_member
	.long	.Linfo_string131        @ DW_AT_name
	.long	110                     @ DW_AT_type
	.byte	6                       @ DW_AT_decl_file
	.short	261                     @ DW_AT_decl_line
	.byte	12                      @ DW_AT_data_member_location
	.byte	0                       @ End Of Children Mark
	.byte	17                      @ Abbrev [17] 0x60c:0xc DW_TAG_typedef
	.long	1560                    @ DW_AT_type
	.long	.Linfo_string138        @ DW_AT_name
	.byte	6                       @ DW_AT_decl_file
	.short	294                     @ DW_AT_decl_line
	.byte	18                      @ Abbrev [18] 0x618:0x3a DW_TAG_structure_type
	.byte	8                       @ DW_AT_byte_size
	.byte	6                       @ DW_AT_decl_file
	.short	288                     @ DW_AT_decl_line
	.byte	19                      @ Abbrev [19] 0x61d:0xd DW_TAG_member
	.long	.Linfo_string134        @ DW_AT_name
	.long	56                      @ DW_AT_type
	.byte	6                       @ DW_AT_decl_file
	.short	290                     @ DW_AT_decl_line
	.byte	0                       @ DW_AT_data_member_location
	.byte	19                      @ Abbrev [19] 0x62a:0xd DW_TAG_member
	.long	.Linfo_string135        @ DW_AT_name
	.long	56                      @ DW_AT_type
	.byte	6                       @ DW_AT_decl_file
	.short	291                     @ DW_AT_decl_line
	.byte	2                       @ DW_AT_data_member_location
	.byte	19                      @ Abbrev [19] 0x637:0xd DW_TAG_member
	.long	.Linfo_string136        @ DW_AT_name
	.long	56                      @ DW_AT_type
	.byte	6                       @ DW_AT_decl_file
	.short	292                     @ DW_AT_decl_line
	.byte	4                       @ DW_AT_data_member_location
	.byte	19                      @ Abbrev [19] 0x644:0xd DW_TAG_member
	.long	.Linfo_string137        @ DW_AT_name
	.long	56                      @ DW_AT_type
	.byte	6                       @ DW_AT_decl_file
	.short	293                     @ DW_AT_decl_line
	.byte	6                       @ DW_AT_data_member_location
	.byte	0                       @ End Of Children Mark
	.byte	0                       @ End Of Children Mark
.Ldebug_info_end0:
	.section	.debug_ranges,"",%progbits
.Ldebug_ranges0:
	.long	.Lfunc_begin0
	.long	.Lfunc_end0
	.long	.Lfunc_begin1
	.long	.Lfunc_end1
	.long	.Lfunc_begin2
	.long	.Lfunc_end2
	.long	.Lfunc_begin3
	.long	.Lfunc_end3
	.long	.Lfunc_begin4
	.long	.Lfunc_end4
	.long	.Lfunc_begin5
	.long	.Lfunc_end5
	.long	0
	.long	0
	.ident	"Component: ARM Compiler 6.14 Tool: armclang [5db06c00]"
	.section	".note.GNU-stack","",%progbits
	.eabi_attribute	30, 6	@ Tag_ABI_optimization_goals
	.ARM_attribute	16, 1	@ Tag_AV_eba
	.section	.debug_line,"",%progbits
.Lline_table_start0:
