Component: ARM Compiler 6.14 Tool: armlink [5db06800]

==============================================================================

Section Cross References

    gd32e230_it.o(.ARM.exidx.text.NMI_Handler) refers to gd32e230_it.o(.text.NMI_Handler) for [Anonymous Symbol]
    gd32e230_it.o(.ARM.exidx.text.HardFault_Handler) refers to gd32e230_it.o(.text.HardFault_Handler) for [Anonymous Symbol]
    gd32e230_it.o(.ARM.exidx.text.MemManage_Handler) refers to gd32e230_it.o(.text.MemManage_Handler) for [Anonymous Symbol]
    gd32e230_it.o(.ARM.exidx.text.BusFault_Handler) refers to gd32e230_it.o(.text.BusFault_Handler) for [Anonymous Symbol]
    gd32e230_it.o(.ARM.exidx.text.UsageFault_Handler) refers to gd32e230_it.o(.text.UsageFault_Handler) for [Anonymous Symbol]
    gd32e230_it.o(.ARM.exidx.text.SVC_Handler) refers to gd32e230_it.o(.text.SVC_Handler) for [Anonymous Symbol]
    gd32e230_it.o(.ARM.exidx.text.DebugMon_Handler) refers to gd32e230_it.o(.text.DebugMon_Handler) for [Anonymous Symbol]
    gd32e230_it.o(.ARM.exidx.text.PendSV_Handler) refers to gd32e230_it.o(.text.PendSV_Handler) for [Anonymous Symbol]
    main.o(.text.GD32E230_FDWDGInit) refers to gd32e230_rcu.o(.text.rcu_osci_on) for rcu_osci_on
    main.o(.text.GD32E230_FDWDGInit) refers to gd32e230_rcu.o(.text.rcu_osci_stab_wait) for rcu_osci_stab_wait
    main.o(.text.GD32E230_FDWDGInit) refers to gd32e230_fwdgt.o(.text.fwdgt_config) for fwdgt_config
    main.o(.text.GD32E230_FDWDGInit) refers to gd32e230_fwdgt.o(.text.fwdgt_enable) for fwdgt_enable
    main.o(.ARM.exidx.text.GD32E230_FDWDGInit) refers to main.o(.text.GD32E230_FDWDGInit) for [Anonymous Symbol]
    main.o(.text.rs485_Init) refers to gd32e230_rcu.o(.text.rcu_periph_clock_enable) for rcu_periph_clock_enable
    main.o(.text.rs485_Init) refers to gd32e230_gpio.o(.text.gpio_mode_set) for gpio_mode_set
    main.o(.text.rs485_Init) refers to gd32e230_gpio.o(.text.gpio_output_options_set) for gpio_output_options_set
    main.o(.text.rs485_Init) refers to gd32e230_gpio.o(.text.gpio_bit_reset) for gpio_bit_reset
    main.o(.ARM.exidx.text.rs485_Init) refers to main.o(.text.rs485_Init) for [Anonymous Symbol]
    main.o(.text.main) refers to main.o(.text.JumpToUserApplication) for JumpToUserApplication
    main.o(.text.main) refers to main.o(.text.GD32E230BOOT_ResourceInit) for GD32E230BOOT_ResourceInit
    main.o(.text.main) refers to gd32e230_systick.o(.text.GD32E230_Systick_TimerProcess) for GD32E230_Systick_TimerProcess
    main.o(.ARM.exidx.text.main) refers to main.o(.text.main) for [Anonymous Symbol]
    main.o(.text.JumpToUserApplication) refers to gd32e230_usart.o(.text.usart_disable) for usart_disable
    main.o(.text.JumpToUserApplication) refers to gd32e230_dma.o(.text.dma_channel_disable) for dma_channel_disable
    main.o(.text.JumpToUserApplication) refers to main.o(.bss.JumpAddress) for [Anonymous Symbol]
    main.o(.text.JumpToUserApplication) refers to main.o(.bss.Jump_To_Application) for Jump_To_Application
    main.o(.ARM.exidx.text.JumpToUserApplication) refers to main.o(.text.JumpToUserApplication) for [Anonymous Symbol]
    main.o(.text.GD32E230BOOT_ResourceInit) refers to gd32e230_systick.o(.text.GD32E230_Systick_Config) for GD32E230_Systick_Config
    main.o(.text.GD32E230BOOT_ResourceInit) refers to usart.o(.text.USART_CommunicateInitial) for USART_CommunicateInitial
    main.o(.text.GD32E230BOOT_ResourceInit) refers to dmaconfig.o(.text.DMA_Rcv_TransDataParaConfig) for DMA_Rcv_TransDataParaConfig
    main.o(.text.GD32E230BOOT_ResourceInit) refers to usart.o(.text.USART_ConfigPaserParameters) for USART_ConfigPaserParameters
    main.o(.text.GD32E230BOOT_ResourceInit) refers to main.o(.text.GD32E230_TestLedInit) for GD32E230_TestLedInit
    main.o(.text.GD32E230BOOT_ResourceInit) refers to gd32e230_systick.o(.text.GD32E230_TimerSet) for GD32E230_TimerSet
    main.o(.text.GD32E230BOOT_ResourceInit) refers to main.o(.bss.s_upp) for [Anonymous Symbol]
    main.o(.text.GD32E230BOOT_ResourceInit) refers to main.o(.bss.usart_dma_para) for usart_dma_para
    main.o(.text.GD32E230BOOT_ResourceInit) refers to main.o(.bss.mdbus_rcvbuf) for [Anonymous Symbol]
    main.o(.text.GD32E230BOOT_ResourceInit) refers to main.o(.bss.mdbus_sndbuf) for [Anonymous Symbol]
    main.o(.text.GD32E230BOOT_ResourceInit) refers to main.o(.bss.mdbus_parsebuf) for [Anonymous Symbol]
    main.o(.text.GD32E230BOOT_ResourceInit) refers to main.o(.text.Boot_ParseReceiveModbusData) for Boot_ParseReceiveModbusData
    main.o(.text.GD32E230BOOT_ResourceInit) refers to main.o(.data.commpara) for [Anonymous Symbol]
    main.o(.text.GD32E230BOOT_ResourceInit) refers to main.o(.text.CB_DisplayLedBlink) for CB_DisplayLedBlink
    main.o(.text.GD32E230BOOT_ResourceInit) refers to main.o(.text.GD32E230BOOT_1sOverTimePorcess) for GD32E230BOOT_1sOverTimePorcess
    main.o(.ARM.exidx.text.GD32E230BOOT_ResourceInit) refers to main.o(.text.GD32E230BOOT_ResourceInit) for [Anonymous Symbol]
[...]
    Removing gd32e230_usart.o(.text.usart_mute_mode_disable), (20 bytes).
    Removing gd32e230_usart.o(.ARM.exidx.text.usart_mute_mode_disable), (8 bytes).
    Removing gd32e230_usart.o(.text.usart_mute_mode_wakeup_config), (42 bytes).
    Removing gd32e230_usart.o(.ARM.exidx.text.usart_mute_mode_wakeup_config), (8 bytes).
    Removing gd32e230_usart.o(.text.usart_lin_mode_enable), (30 bytes).
    Removing gd32e230_usart.o(.ARM.exidx.text.usart_lin_mode_enable), (8 bytes).
    Removing gd32e230_usart.o(.text.usart_lin_mode_disable), (30 bytes).
    Removing gd32e230_usart.o(.ARM.exidx.text.usart_lin_mode_disable), (8 bytes).
    Removing gd32e230_usart.o(.text.usart_lin_break_detection_length_config), (42 bytes).
    Removing gd32e230_usart.o(.ARM.exidx.text.usart_lin_break_detection_length_config), (8 bytes).
    Removing gd32e230_usart.o(.text.usart_halfduplex_enable), (28 bytes).
    Removing gd32e230_usart.o(.ARM.exidx.text.usart_halfduplex_enable), (8 bytes).
    Removing gd32e230_usart.o(.text.usart_halfduplex_disable), (28 bytes).
    Removing gd32e230_usart.o(.ARM.exidx.text.usart_halfduplex_disable), (8 bytes).
    Removing gd32e230_usart.o(.text.usart_clock_enable), (30 bytes).
    Removing gd32e230_usart.o(.ARM.exidx.text.usart_clock_enable), (8 bytes).
    Removing gd32e230_usart.o(.text.usart_clock_disable), (30 bytes).
    Removing gd32e230_usart.o(.ARM.exidx.text.usart_clock_disable), (8 bytes).
    Removing gd32e230_usart.o(.text.usart_synchronous_clock_config), (84 bytes).
    Removing gd32e230_usart.o(.ARM.exidx.text.usart_synchronous_clock_config), (8 bytes).
    Removing gd32e230_usart.o(.text.usart_guard_time_config), (46 bytes).
    Removing gd32e230_usart.o(.ARM.exidx.text.usart_guard_time_config), (8 bytes).
    Removing gd32e230_usart.o(.text.usart_smartcard_mode_enable), (28 bytes).
    Removing gd32e230_usart.o(.ARM.exidx.text.usart_smartcard_mode_enable), (8 bytes).
    Removing gd32e230_usart.o(.text.usart_smartcard_mode_disable), (28 bytes).
    Removing gd32e230_usart.o(.ARM.exidx.text.usart_smartcard_mode_disable), (8 bytes).
    Removing gd32e230_usart.o(.text.usart_smartcard_mode_nack_enable), (28 bytes).
    Removing gd32e230_usart.o(.ARM.exidx.text.usart_smartcard_mode_nack_enable), (8 bytes).
    Removing gd32e230_usart.o(.text.usart_smartcard_mode_nack_disable), (28 bytes).
    Removing gd32e230_usart.o(.ARM.exidx.text.usart_smartcard_mode_nack_disable), (8 bytes).
    Removing gd32e230_usart.o(.text.usart_smartcard_mode_early_nack_enable), (20 bytes).
    Removing gd32e230_usart.o(.ARM.exidx.text.usart_smartcard_mode_early_nack_enable), (8 bytes).
    Removing gd32e230_usart.o(.text.usart_smartcard_mode_early_nack_disable), (20 bytes).
    Removing gd32e230_usart.o(.ARM.exidx.text.usart_smartcard_mode_early_nack_disable), (8 bytes).
    Removing gd32e230_usart.o(.text.usart_smartcard_autoretry_config), (46 bytes).
    Removing gd32e230_usart.o(.ARM.exidx.text.usart_smartcard_autoretry_config), (8 bytes).
    Removing gd32e230_usart.o(.text.usart_block_length_config), (34 bytes).
    Removing gd32e230_usart.o(.ARM.exidx.text.usart_block_length_config), (8 bytes).
    Removing gd32e230_usart.o(.text.usart_irda_mode_enable), (28 bytes).
    Removing gd32e230_usart.o(.ARM.exidx.text.usart_irda_mode_enable), (8 bytes).
    Removing gd32e230_usart.o(.text.usart_irda_mode_disable), (28 bytes).
    Removing gd32e230_usart.o(.ARM.exidx.text.usart_irda_mode_disable), (8 bytes).
    Removing gd32e230_usart.o(.text.usart_prescaler_config), (40 bytes).
    Removing gd32e230_usart.o(.ARM.exidx.text.usart_prescaler_config), (8 bytes).
    Removing gd32e230_usart.o(.text.usart_irda_lowpower_config), (42 bytes).
    Removing gd32e230_usart.o(.ARM.exidx.text.usart_irda_lowpower_config), (8 bytes).
    Removing gd32e230_usart.o(.ARM.exidx.text.usart_hardware_flow_rts_config), (8 bytes).
    Removing gd32e230_usart.o(.ARM.exidx.text.usart_hardware_flow_cts_config), (8 bytes).
    Removing gd32e230_usart.o(.text.usart_hardware_flow_coherence_config), (34 bytes).
    Removing gd32e230_usart.o(.ARM.exidx.text.usart_hardware_flow_coherence_config), (8 bytes).
    Removing gd32e230_usart.o(.text.usart_rs485_driver_enable), (30 bytes).
    Removing gd32e230_usart.o(.ARM.exidx.text.usart_rs485_driver_enable), (8 bytes).
    Removing gd32e230_usart.o(.text.usart_rs485_driver_disable), (30 bytes).
    Removing gd32e230_usart.o(.ARM.exidx.text.usart_rs485_driver_disable), (8 bytes).
    Removing gd32e230_usart.o(.text.usart_driver_assertime_config), (46 bytes).
    Removing gd32e230_usart.o(.ARM.exidx.text.usart_driver_assertime_config), (8 bytes).
    Removing gd32e230_usart.o(.text.usart_driver_deassertime_config), (46 bytes).
    Removing gd32e230_usart.o(.ARM.exidx.text.usart_driver_deassertime_config), (8 bytes).
    Removing gd32e230_usart.o(.text.usart_depolarity_config), (44 bytes).
    Removing gd32e230_usart.o(.ARM.exidx.text.usart_depolarity_config), (8 bytes).
    Removing gd32e230_usart.o(.ARM.exidx.text.usart_dma_receive_config), (8 bytes).
    Removing gd32e230_usart.o(.ARM.exidx.text.usart_dma_transmit_config), (8 bytes).
    Removing gd32e230_usart.o(.text.usart_reception_error_dma_disable), (30 bytes).
    Removing gd32e230_usart.o(.ARM.exidx.text.usart_reception_error_dma_disable), (8 bytes).
    Removing gd32e230_usart.o(.text.usart_reception_error_dma_enable), (30 bytes).
    Removing gd32e230_usart.o(.ARM.exidx.text.usart_reception_error_dma_enable), (8 bytes).
    Removing gd32e230_usart.o(.text.usart_wakeup_enable), (18 bytes).
    Removing gd32e230_usart.o(.ARM.exidx.text.usart_wakeup_enable), (8 bytes).
    Removing gd32e230_usart.o(.text.usart_wakeup_disable), (18 bytes).
    Removing gd32e230_usart.o(.ARM.exidx.text.usart_wakeup_disable), (8 bytes).
    Removing gd32e230_usart.o(.text.usart_wakeup_mode_config), (44 bytes).
    Removing gd32e230_usart.o(.ARM.exidx.text.usart_wakeup_mode_config), (8 bytes).
    Removing gd32e230_usart.o(.text.usart_receive_fifo_enable), (22 bytes).
    Removing gd32e230_usart.o(.ARM.exidx.text.usart_receive_fifo_enable), (8 bytes).
    Removing gd32e230_usart.o(.text.usart_receive_fifo_disable), (22 bytes).
    Removing gd32e230_usart.o(.ARM.exidx.text.usart_receive_fifo_disable), (8 bytes).
    Removing gd32e230_usart.o(.text.usart_receive_fifo_counter_number), (22 bytes).
    Removing gd32e230_usart.o(.ARM.exidx.text.usart_receive_fifo_counter_number), (8 bytes).
    Removing gd32e230_usart.o(.ARM.exidx.text.usart_flag_get), (8 bytes).
    Removing gd32e230_usart.o(.ARM.exidx.text.usart_flag_clear), (8 bytes).
    Removing gd32e230_usart.o(.ARM.exidx.text.usart_interrupt_enable), (8 bytes).
    Removing gd32e230_usart.o(.text.usart_interrupt_disable), (38 bytes).
    Removing gd32e230_usart.o(.ARM.exidx.text.usart_interrupt_disable), (8 bytes).
    Removing gd32e230_usart.o(.text.usart_command_enable), (20 bytes).
    Removing gd32e230_usart.o(.ARM.exidx.text.usart_command_enable), (8 bytes).
    Removing gd32e230_usart.o(.text.usart_interrupt_flag_get), (102 bytes).
    Removing gd32e230_usart.o(.ARM.exidx.text.usart_interrupt_flag_get), (8 bytes).
    Removing gd32e230_usart.o(.text.usart_interrupt_flag_clear), (64 bytes).
    Removing gd32e230_usart.o(.ARM.exidx.text.usart_interrupt_flag_clear), (8 bytes).
    Removing gd32e230_wwdgt.o(.text), (0 bytes).
    Removing gd32e230_wwdgt.o(.text.wwdgt_deinit), (28 bytes).
    Removing gd32e230_wwdgt.o(.ARM.exidx.text.wwdgt_deinit), (8 bytes).
    Removing gd32e230_wwdgt.o(.text.wwdgt_enable), (16 bytes).
    Removing gd32e230_wwdgt.o(.ARM.exidx.text.wwdgt_enable), (8 bytes).
    Removing gd32e230_wwdgt.o(.text.wwdgt_counter_update), (48 bytes).
    Removing gd32e230_wwdgt.o(.ARM.exidx.text.wwdgt_counter_update), (8 bytes).
    Removing gd32e230_wwdgt.o(.text.wwdgt_config), (96 bytes).
    Removing gd32e230_wwdgt.o(.ARM.exidx.text.wwdgt_config), (8 bytes).
    Removing gd32e230_wwdgt.o(.text.wwdgt_interrupt_enable), (20 bytes).
    Removing gd32e230_wwdgt.o(.ARM.exidx.text.wwdgt_interrupt_enable), (8 bytes).
    Removing gd32e230_wwdgt.o(.text.wwdgt_flag_get), (44 bytes).
    Removing gd32e230_wwdgt.o(.ARM.exidx.text.wwdgt_flag_get), (8 bytes).
    Removing gd32e230_wwdgt.o(.text.wwdgt_flag_clear), (16 bytes).
    Removing gd32e230_wwdgt.o(.ARM.exidx.text.wwdgt_flag_clear), (8 bytes).
    Removing startup_gd32e230.o(HEAP), (1024 bytes).

1045 unused section(s) (total 37508 bytes) removed from the image.

==============================================================================

Image Symbol Table

    Local Symbols

    Symbol Name                              Value     Ov Type        Size  Object(Section)

    ../clib/microlib/init/entry.s            0x00000000   Number         0  entry.o ABSOLUTE
    ../clib/microlib/init/entry.s            0x00000000   Number         0  entry2.o ABSOLUTE
    ../clib/microlib/init/entry.s            0x00000000   Number         0  entry5.o ABSOLUTE
    ../clib/microlib/init/entry.s            0x00000000   Number         0  entry7a.o ABSOLUTE
    ../clib/microlib/init/entry.s            0x00000000   Number         0  entry7b.o ABSOLUTE
    ../clib/microlib/init/entry.s            0x00000000   Number         0  entry8a.o ABSOLUTE
    ../clib/microlib/init/entry.s            0x00000000   Number         0  entry8b.o ABSOLUTE
    ../clib/microlib/init/entry.s            0x00000000   Number         0  entry9a.o ABSOLUTE
    ../clib/microlib/init/entry.s            0x00000000   Number         0  entry9b.o ABSOLUTE
    ../clib/microlib/init/entry.s            0x00000000   Number         0  entry10a.o ABSOLUTE
    ../clib/microlib/init/entry.s            0x00000000   Number         0  entry10b.o ABSOLUTE
    ../clib/microlib/init/entry.s            0x00000000   Number         0  entry11a.o ABSOLUTE
    ../clib/microlib/init/entry.s            0x00000000   Number         0  entry11b.o ABSOLUTE
    ../clib/microlib/string/memcpy.c         0x00000000   Number         0  memcpya.o ABSOLUTE
    ../clib/microlib/string/memcpy.c         0x00000000   Number         0  memcpyb.o ABSOLUTE
    ../clib/microlib/string/memset.c         0x00000000   Number         0  memseta.o ABSOLUTE
    ..\GD32E230_Firmware_Library\CMSIS\GD\GD32E230\Source\ARM\startup_gd32e230.s 0x00000000   Number         0  startup_gd32e230.o ABSOLUTE
    CommonFunctions.c                        0x00000000   Number         0  commonfunctions.o ABSOLUTE
    Dmaconfig.c                              0x00000000   Number         0  dmaconfig.o ABSOLUTE
    GD32E230_Systick.c                       0x00000000   Number         0  gd32e230_systick.o ABSOLUTE
    dc.s                                     0x00000000   Number         0  dc.o ABSOLUTE
    flash.c                                  0x00000000   Number         0  flash.o ABSOLUTE
    gd32e230_adc.c                           0x00000000   Number         0  gd32e230_adc.o ABSOLUTE
    gd32e230_cmp.c                           0x00000000   Number         0  gd32e230_cmp.o ABSOLUTE
    gd32e230_crc.c                           0x00000000   Number         0  gd32e230_crc.o ABSOLUTE
    gd32e230_dbg.c                           0x00000000   Number         0  gd32e230_dbg.o ABSOLUTE
    gd32e230_dma.c                           0x00000000   Number         0  gd32e230_dma.o ABSOLUTE
    gd32e230_exti.c                          0x00000000   Number         0  gd32e230_exti.o ABSOLUTE
    gd32e230_fmc.c                           0x00000000   Number         0  gd32e230_fmc.o ABSOLUTE
    gd32e230_fwdgt.c                         0x00000000   Number         0  gd32e230_fwdgt.o ABSOLUTE
    gd32e230_gpio.c                          0x00000000   Number         0  gd32e230_gpio.o ABSOLUTE
    gd32e230_i2c.c                           0x00000000   Number         0  gd32e230_i2c.o ABSOLUTE
    gd32e230_it.c                            0x00000000   Number         0  gd32e230_it.o ABSOLUTE
    gd32e230_misc.c                          0x00000000   Number         0  gd32e230_misc.o ABSOLUTE
    gd32e230_pmu.c                           0x00000000   Number         0  gd32e230_pmu.o ABSOLUTE
    gd32e230_rcu.c                           0x00000000   Number         0  gd32e230_rcu.o ABSOLUTE
    gd32e230_rtc.c                           0x00000000   Number         0  gd32e230_rtc.o ABSOLUTE
    gd32e230_spi.c                           0x00000000   Number         0  gd32e230_spi.o ABSOLUTE
    gd32e230_syscfg.c                        0x00000000   Number         0  gd32e230_syscfg.o ABSOLUTE
    gd32e230_timer.c                         0x00000000   Number         0  gd32e230_timer.o ABSOLUTE
    gd32e230_usart.c                         0x00000000   Number         0  gd32e230_usart.o ABSOLUTE
    gd32e230_wwdgt.c                         0x00000000   Number         0  gd32e230_wwdgt.o ABSOLUTE
    handlers.s                               0x00000000   Number         0  handlers.o ABSOLUTE
    init.s                                   0x00000000   Number         0  init.o ABSOLUTE
    main.c                                   0x00000000   Number         0  main.o ABSOLUTE
    system_gd32e230.c                        0x00000000   Number         0  system_gd32e230.o ABSOLUTE
    usart.c                                  0x00000000   Number         0  usart.o ABSOLUTE
    RESET                                    0x08000000   Section      204  startup_gd32e230.o(RESET)
    .ARM.Collect$$$$00000000                 0x080000cc   Section        0  entry.o(.ARM.Collect$$$$00000000)
    .ARM.Collect$$$$00000001                 0x080000cc   Section        4  entry2.o(.ARM.Collect$$$$00000001)
    .ARM.Collect$$$$00000004                 0x080000d0   Section        4  entry5.o(.ARM.Collect$$$$00000004)
    .ARM.Collect$$$$00000008                 0x080000d4   Section        0  entry7b.o(.ARM.Collect$$$$00000008)
    .ARM.Collect$$$$0000000A                 0x080000d4   Section        0  entry8b.o(.ARM.Collect$$$$0000000A)
    .ARM.Collect$$$$0000000B                 0x080000d4   Section        8  entry9a.o(.ARM.Collect$$$$0000000B)
    __lit__00000000                          0x080000dc   Data           4  entry2.o(.ARM.Collect$$$$00002712)
    .ARM.Collect$$$$0000000D                 0x080000dc   Section        0  entry10a.o(.ARM.Collect$$$$0000000D)
    .ARM.Collect$$$$0000000F                 0x080000dc   Section        0  entry11a.o(.ARM.Collect$$$$0000000F)
    .ARM.Collect$$$$00002712                 0x080000dc   Section        4  entry2.o(.ARM.Collect$$$$00002712)
    .text                                    0x080000e0   Section       28  startup_gd32e230.o(.text)
    .text                                    0x080000fc   Section        0  memcpya.o(.text)
    .text                                    0x08000120   Section        0  memseta.o(.text)
    .text                                    0x08000144   Section       36  init.o(.text)
    Boot_ParseReceiveModbusData              0x08000169   Thumb Code   572  main.o(.text.Boot_ParseReceiveModbusData)
    [Anonymous Symbol]                       0x08000168   Section        0  main.o(.text.Boot_ParseReceiveModbusData)
    __arm_cp.6_0                             0x08000380   Number         4  main.o(.text.Boot_ParseReceiveModbusData)
    __arm_cp.6_1                             0x08000384   Number         4  main.o(.text.Boot_ParseReceiveModbusData)
    __arm_cp.6_2                             0x08000388   Number         4  main.o(.text.Boot_ParseReceiveModbusData)
    __arm_cp.6_3                             0x0800038c   Number         4  main.o(.text.Boot_ParseReceiveModbusData)
    __arm_cp.6_4                             0x08000390   Number         4  main.o(.text.Boot_ParseReceiveModbusData)
    __arm_cp.6_5                             0x08000394   Number         4  main.o(.text.Boot_ParseReceiveModbusData)
    __arm_cp.6_6                             0x08000398   Number         4  main.o(.text.Boot_ParseReceiveModbusData)
    __arm_cp.6_7                             0x0800039c   Number         4  main.o(.text.Boot_ParseReceiveModbusData)
    __arm_cp.6_8                             0x080003a0   Number         4  main.o(.text.Boot_ParseReceiveModbusData)
    CB_DisplayLedBlink                       0x080003a5   Thumb Code    60  main.o(.text.CB_DisplayLedBlink)
    [Anonymous Symbol]                       0x080003a4   Section        0  main.o(.text.CB_DisplayLedBlink)
    __arm_cp.8_0                             0x080003d8   Number         4  main.o(.text.CB_DisplayLedBlink)
    __arm_cp.8_1                             0x080003dc   Number         4  main.o(.text.CB_DisplayLedBlink)
    [Anonymous Symbol]                       0x080003e0   Section        0  commonfunctions.o(.text.COMMON_Bits16Convert2Bits8)
    [Anonymous Symbol]                       0x08000444   Section        0  commonfunctions.o(.text.COMMON_Bits8Convert2Bits16)
    [Anonymous Symbol]                       0x080004ba   Section        0  commonfunctions.o(.text.COMMON_Bits8Convert2Bits32)
    [Anonymous Symbol]                       0x08000580   Section        0  commonfunctions.o(.text.COMMON_ConverAscii2CommonMode)
    [Anonymous Symbol]                       0x08000690   Section        0  commonfunctions.o(.text.COMMON_Convert1Byteto4Bits)
    [Anonymous Symbol]                       0x08000720   Section        0  commonfunctions.o(.text.COMMON_ConvertHex2Ascii)
    __arm_cp.8_0                             0x0800080c   Number         4  commonfunctions.o(.text.COMMON_ConvertHex2Ascii)
    [Anonymous Symbol]                       0x08000810   Section        0  commonfunctions.o(.text.COMMON_GeneratorLRCCheckCode)
    [Anonymous Symbol]                       0x0800084c   Section        0  commonfunctions.o(.text.COMMON_GeneratorU16bitsCRCCheckCode)
    __arm_cp.9_0                             0x080008cc   Number         4  commonfunctions.o(.text.COMMON_GeneratorU16bitsCRCCheckCode)
    __arm_cp.9_1                             0x080008d0   Number         4  commonfunctions.o(.text.COMMON_GeneratorU16bitsCRCCheckCode)
    [Anonymous Symbol]                       0x080008d4   Section        0  dmaconfig.o(.text.DMA_Channel1_2_IRQHandler)
    __arm_cp.1_0                             0x08000908   Number         4  dmaconfig.o(.text.DMA_Channel1_2_IRQHandler)
    [Anonymous Symbol]                       0x0800090c   Section        0  dmaconfig.o(.text.DMA_Rcv_TransDataParaConfig)
    __arm_cp.0_0                             0x080009d0   Number         4  dmaconfig.o(.text.DMA_Rcv_TransDataParaConfig)
    __arm_cp.0_1                             0x080009d4   Number         4  dmaconfig.o(.text.DMA_Rcv_TransDataParaConfig)
    __arm_cp.0_2                             0x080009d8   Number         4  dmaconfig.o(.text.DMA_Rcv_TransDataParaConfig)
    GD32E230BOOT_1sOverTimePorcess           0x080009dd   Thumb Code   204  main.o(.text.GD32E230BOOT_1sOverTimePorcess)
    [Anonymous Symbol]                       0x080009dc   Section        0  main.o(.text.GD32E230BOOT_1sOverTimePorcess)
    __arm_cp.9_0                             0x08000aa0   Number         4  main.o(.text.GD32E230BOOT_1sOverTimePorcess)
    __arm_cp.9_2                             0x08000aa4   Number         4  main.o(.text.GD32E230BOOT_1sOverTimePorcess)
    GD32E230BOOT_ClearAppFlashArea           0x08000aa9   Thumb Code    48  main.o(.text.GD32E230BOOT_ClearAppFlashArea)
    [Anonymous Symbol]                       0x08000aa8   Section        0  main.o(.text.GD32E230BOOT_ClearAppFlashArea)
    __arm_cp.10_0                            0x08000ad4   Number         4  main.o(.text.GD32E230BOOT_ClearAppFlashArea)
    GD32E230BOOT_EraseUpgradeFlag            0x08000ad9   Thumb Code   124  main.o(.text.GD32E230BOOT_EraseUpgradeFlag)
    [Anonymous Symbol]                       0x08000ad8   Section        0  main.o(.text.GD32E230BOOT_EraseUpgradeFlag)
    __arm_cp.12_0                            0x08000b40   Number         4  main.o(.text.GD32E230BOOT_EraseUpgradeFlag)
    __arm_cp.12_1                            0x08000b44   Number         4  main.o(.text.GD32E230BOOT_EraseUpgradeFlag)
    __arm_cp.12_2                            0x08000b48   Number         4  main.o(.text.GD32E230BOOT_EraseUpgradeFlag)
    __arm_cp.12_3                            0x08000b4c   Number         4  main.o(.text.GD32E230BOOT_EraseUpgradeFlag)
    __arm_cp.12_4                            0x08000b50   Number         4  main.o(.text.GD32E230BOOT_EraseUpgradeFlag)
    GD32E230BOOT_ResourceInit                0x08000b55   Thumb Code   164  main.o(.text.GD32E230BOOT_ResourceInit)
    [Anonymous Symbol]                       0x08000b54   Section        0  main.o(.text.GD32E230BOOT_ResourceInit)
    __arm_cp.4_1                             0x08000bd8   Number         4  main.o(.text.GD32E230BOOT_ResourceInit)
    __arm_cp.4_2                             0x08000bdc   Number         4  main.o(.text.GD32E230BOOT_ResourceInit)
    __arm_cp.4_3                             0x08000be0   Number         4  main.o(.text.GD32E230BOOT_ResourceInit)
    __arm_cp.4_4                             0x08000be4   Number         4  main.o(.text.GD32E230BOOT_ResourceInit)
    __arm_cp.4_5                             0x08000be8   Number         4  main.o(.text.GD32E230BOOT_ResourceInit)
    __arm_cp.4_6                             0x08000bec   Number         4  main.o(.text.GD32E230BOOT_ResourceInit)
    __arm_cp.4_7                             0x08000bf0   Number         4  main.o(.text.GD32E230BOOT_ResourceInit)
    __arm_cp.4_8                             0x08000bf4   Number         4  main.o(.text.GD32E230BOOT_ResourceInit)
    GD32E230BOOT_UpGradePayloadProcess       0x08000bf9   Thumb Code   476  main.o(.text.GD32E230BOOT_UpGradePayloadProcess)
    [Anonymous Symbol]                       0x08000bf8   Section        0  main.o(.text.GD32E230BOOT_UpGradePayloadProcess)
    __arm_cp.11_0                            0x08000db0   Number         4  main.o(.text.GD32E230BOOT_UpGradePayloadProcess)
    __arm_cp.11_1                            0x08000db4   Number         4  main.o(.text.GD32E230BOOT_UpGradePayloadProcess)
    __arm_cp.11_2                            0x08000db8   Number         4  main.o(.text.GD32E230BOOT_UpGradePayloadProcess)
    __arm_cp.11_3                            0x08000dbc   Number         4  main.o(.text.GD32E230BOOT_UpGradePayloadProcess)
    __arm_cp.11_4                            0x08000dc0   Number         4  main.o(.text.GD32E230BOOT_UpGradePayloadProcess)
    __arm_cp.11_5                            0x08000dc4   Number         4  main.o(.text.GD32E230BOOT_UpGradePayloadProcess)
    __arm_cp.11_6                            0x08000dc8   Number         4  main.o(.text.GD32E230BOOT_UpGradePayloadProcess)
    __arm_cp.11_7                            0x08000dcc   Number         4  main.o(.text.GD32E230BOOT_UpGradePayloadProcess)
    __arm_cp.11_8                            0x08000dd0   Number         4  main.o(.text.GD32E230BOOT_UpGradePayloadProcess)
    GD32E230BOOT_UpgradePackagePayloadDecoding 0x08000dd5   Thumb Code    80  main.o(.text.GD32E230BOOT_UpgradePackagePayloadDecoding)
    [Anonymous Symbol]                       0x08000dd4   Section        0  main.o(.text.GD32E230BOOT_UpgradePackagePayloadDecoding)
    __arm_cp.13_0                            0x08000e20   Number         4  main.o(.text.GD32E230BOOT_UpgradePackagePayloadDecoding)
    [Anonymous Symbol]                       0x08000e24   Section        0  gd32e230_systick.o(.text.GD32E230_Systick_Config)
    __arm_cp.0_0                             0x08000e48   Number         4  gd32e230_systick.o(.text.GD32E230_Systick_Config)
    GD32E230_Systick_TimerControlInit        0x08000e4d   Thumb Code    96  gd32e230_systick.o(.text.GD32E230_Systick_TimerControlInit)
    [Anonymous Symbol]                       0x08000e4c   Section        0  gd32e230_systick.o(.text.GD32E230_Systick_TimerControlInit)
    [Anonymous Symbol]                       0x08000eac   Section        0  gd32e230_systick.o(.text.GD32E230_Systick_TimerKill)
    [Anonymous Symbol]                       0x08000ef4   Section        0  gd32e230_systick.o(.text.GD32E230_Systick_TimerProcess)
    GD32E230_TestLedInit                     0x08000f65   Thumb Code    72  main.o(.text.GD32E230_TestLedInit)
    [Anonymous Symbol]                       0x08000f64   Section        0  main.o(.text.GD32E230_TestLedInit)
    __arm_cp.7_0                             0x08000fa0   Number         4  main.o(.text.GD32E230_TestLedInit)
    __arm_cp.7_1                             0x08000fa4   Number         4  main.o(.text.GD32E230_TestLedInit)
    __arm_cp.7_2                             0x08000fa8   Number         4  main.o(.text.GD32E230_TestLedInit)
    [Anonymous Symbol]                       0x08000fac   Section        0  gd32e230_systick.o(.text.GD32E230_TimerSet)
    __arm_cp.4_0                             0x08001024   Number         4  gd32e230_systick.o(.text.GD32E230_TimerSet)
    GD32E23X_Modbus_CommunicateResponseInformation 0x08001029   Thumb Code   232  usart.o(.text.GD32E23X_Modbus_CommunicateResponseInformation)
    [Anonymous Symbol]                       0x08001028   Section        0  usart.o(.text.GD32E23X_Modbus_CommunicateResponseInformation)
    __arm_cp.11_2                            0x0800110c   Number         4  usart.o(.text.GD32E23X_Modbus_CommunicateResponseInformation)
    GD32E23X_Modbus_ModbusTimer              0x08001111   Thumb Code   560  usart.o(.text.GD32E23X_Modbus_ModbusTimer)
    [Anonymous Symbol]                       0x08001110   Section        0  usart.o(.text.GD32E23X_Modbus_ModbusTimer)
    __arm_cp.8_0                             0x08001338   Number         4  usart.o(.text.GD32E23X_Modbus_ModbusTimer)
    __arm_cp.8_1                             0x0800133c   Number         4  usart.o(.text.GD32E23X_Modbus_ModbusTimer)
    [Anonymous Symbol]                       0x08001340   Section        0  usart.o(.text.GD32E23X_Modbus_UpgradeResponseProcess)
    __arm_cp.10_0                            0x080013b8   Number         4  usart.o(.text.GD32E23X_Modbus_UpgradeResponseProcess)
    __arm_cp.10_1                            0x080013bc   Number         4  usart.o(.text.GD32E23X_Modbus_UpgradeResponseProcess)
    [Anonymous Symbol]                       0x080013c0   Section        0  flash.o(.text.GDFLASHOP_EraseSpecifiedFlashPages)
    __arm_cp.0_0                             0x08001468   Number         4  flash.o(.text.GDFLASHOP_EraseSpecifiedFlashPages)
    [Anonymous Symbol]                       0x0800146c   Section        0  flash.o(.text.GDFLASHOP_ReadDataFromChipFlash)
    __arm_cp.2_0                             0x080014fc   Number         4  flash.o(.text.GDFLASHOP_ReadDataFromChipFlash)
    [Anonymous Symbol]                       0x08001500   Section        0  flash.o(.text.GDFLASHOP_WriteData2SpecifiedFlash)
    __arm_cp.1_0                             0x080015a0   Number         4  flash.o(.text.GDFLASHOP_WriteData2SpecifiedFlash)
    [Anonymous Symbol]                       0x080015a4   Section        0  gd32e230_it.o(.text.HardFault_Handler)
    JumpToUserApplication                    0x080015a9   Thumb Code    84  main.o(.text.JumpToUserApplication)
    [Anonymous Symbol]                       0x080015a8   Section        0  main.o(.text.JumpToUserApplication)
    __arm_cp.3_2                             0x080015ec   Number         4  main.o(.text.JumpToUserApplication)
    __arm_cp.3_3                             0x080015f0   Number         4  main.o(.text.JumpToUserApplication)
    __arm_cp.3_4                             0x080015f4   Number         4  main.o(.text.JumpToUserApplication)
    __arm_cp.3_5                             0x080015f8   Number         4  main.o(.text.JumpToUserApplication)
    [Anonymous Symbol]                       0x080015fc   Section        0  gd32e230_it.o(.text.NMI_Handler)
    [Anonymous Symbol]                       0x080015fe   Section        0  gd32e230_it.o(.text.PendSV_Handler)
    [Anonymous Symbol]                       0x08001600   Section        0  gd32e230_it.o(.text.SVC_Handler)
    SysTick_Config                           0x08001605   Thumb Code    84  gd32e230_systick.o(.text.SysTick_Config)
    [Anonymous Symbol]                       0x08001604   Section        0  gd32e230_systick.o(.text.SysTick_Config)
    __arm_cp.1_0                             0x0800164c   Number         4  gd32e230_systick.o(.text.SysTick_Config)
    __arm_cp.1_1                             0x08001650   Number         4  gd32e230_systick.o(.text.SysTick_Config)
    __arm_cp.1_2                             0x08001654   Number         4  gd32e230_systick.o(.text.SysTick_Config)
    [Anonymous Symbol]                       0x08001658   Section        0  gd32e230_systick.o(.text.SysTick_Handler)
    __arm_cp.6_0                             0x080016c8   Number         4  gd32e230_systick.o(.text.SysTick_Handler)
    [Anonymous Symbol]                       0x080016cc   Section        0  system_gd32e230.o(.text.SystemInit)
    __arm_cp.0_0                             0x08001754   Number         4  system_gd32e230.o(.text.SystemInit)
    __arm_cp.0_1                             0x08001758   Number         4  system_gd32e230.o(.text.SystemInit)
    __arm_cp.0_2                             0x0800175c   Number         4  system_gd32e230.o(.text.SystemInit)
    __arm_cp.0_3                             0x08001760   Number         4  system_gd32e230.o(.text.SystemInit)
    __arm_cp.0_4                             0x08001764   Number         4  system_gd32e230.o(.text.SystemInit)
    __arm_cp.0_5                             0x08001768   Number         4  system_gd32e230.o(.text.SystemInit)
    __arm_cp.0_6                             0x0800176c   Number         4  system_gd32e230.o(.text.SystemInit)
    __arm_cp.0_7                             0x08001770   Number         4  system_gd32e230.o(.text.SystemInit)
    __arm_cp.0_8                             0x08001774   Number         4  system_gd32e230.o(.text.SystemInit)
    [Anonymous Symbol]                       0x08001778   Section        0  usart.o(.text.TIMER2_IRQHandler)
    __arm_cp.9_0                             0x080017d4   Number         4  usart.o(.text.TIMER2_IRQHandler)
    [Anonymous Symbol]                       0x080017d8   Section        0  usart.o(.text.USART0_IRQHandler)
    __arm_cp.7_0                             0x08001838   Number         4  usart.o(.text.USART0_IRQHandler)
    __arm_cp.7_1                             0x0800183c   Number         4  usart.o(.text.USART0_IRQHandler)
    __arm_cp.7_4                             0x08001840   Number         4  usart.o(.text.USART0_IRQHandler)
    __arm_cp.7_5                             0x08001844   Number         4  usart.o(.text.USART0_IRQHandler)
    USART_CommunicateControlPinInit          0x08001849   Thumb Code    60  usart.o(.text.USART_CommunicateControlPinInit)
    [Anonymous Symbol]                       0x08001848   Section        0  usart.o(.text.USART_CommunicateControlPinInit)
    __arm_cp.1_0                             0x08001880   Number         4  usart.o(.text.USART_CommunicateControlPinInit)
    [Anonymous Symbol]                       0x08001884   Section        0  usart.o(.text.USART_CommunicateInitial)
    __arm_cp.0_0                             0x080019f0   Number         4  usart.o(.text.USART_CommunicateInitial)
    __arm_cp.0_1                             0x080019f4   Number         4  usart.o(.text.USART_CommunicateInitial)
    __arm_cp.0_2                             0x080019f8   Number         4  usart.o(.text.USART_CommunicateInitial)
    __arm_cp.0_3                             0x080019fc   Number         4  usart.o(.text.USART_CommunicateInitial)
    __arm_cp.0_4                             0x08001a00   Number         4  usart.o(.text.USART_CommunicateInitial)
    __arm_cp.0_5                             0x08001a04   Number         4  usart.o(.text.USART_CommunicateInitial)
    __arm_cp.0_6                             0x08001a08   Number         4  usart.o(.text.USART_CommunicateInitial)
    __arm_cp.0_7                             0x08001a0c   Number         4  usart.o(.text.USART_CommunicateInitial)
    [Anonymous Symbol]                       0x08001a10   Section        0  usart.o(.text.USART_CommunicateParaConfig)
    __arm_cp.3_0                             0x08001b20   Number         4  usart.o(.text.USART_CommunicateParaConfig)
    __arm_cp.3_1                             0x08001b24   Number         4  usart.o(.text.USART_CommunicateParaConfig)
    __arm_cp.3_2                             0x08001b28   Number         4  usart.o(.text.USART_CommunicateParaConfig)
    __arm_cp.3_3                             0x08001b2c   Number         4  usart.o(.text.USART_CommunicateParaConfig)
    __arm_cp.3_4                             0x08001b30   Number         4  usart.o(.text.USART_CommunicateParaConfig)
    [Anonymous Symbol]                       0x08001b34   Section        0  usart.o(.text.USART_ConfigPaserParameters)
    __arm_cp.4_0                             0x08001b80   Number         4  usart.o(.text.USART_ConfigPaserParameters)
    [Anonymous Symbol]                       0x08001b84   Section        0  usart.o(.text.USART_SendDataViaUSART0DmaChannel)
    [Anonymous Symbol]                       0x08001bbc   Section        0  usart.o(.text.USART_SendDataViaUSART0DmaChnIsBusy)
    __arm_cp.6_0                             0x08001bc8   Number         4  usart.o(.text.USART_SendDataViaUSART0DmaChnIsBusy)
    [Anonymous Symbol]                       0x08001bcc   Section        0  usart.o(.text.USART_Timer2_Configuation)
    __arm_cp.2_0                             0x08001c4c   Number         4  usart.o(.text.USART_Timer2_Configuation)
    __arm_cp.2_1                             0x08001c50   Number         4  usart.o(.text.USART_Timer2_Configuation)
    __arm_cp.2_2                             0x08001c54   Number         4  usart.o(.text.USART_Timer2_Configuation)
    __arm_cp.2_3                             0x08001c58   Number         4  usart.o(.text.USART_Timer2_Configuation)
    __arm_cp.2_4                             0x08001c5c   Number         4  usart.o(.text.USART_Timer2_Configuation)
    __NVIC_EnableIRQ                         0x08001c61   Thumb Code    52  gd32e230_misc.o(.text.__NVIC_EnableIRQ)
    [Anonymous Symbol]                       0x08001c60   Section        0  gd32e230_misc.o(.text.__NVIC_EnableIRQ)
    __arm_cp.2_0                             0x08001c90   Number         4  gd32e230_misc.o(.text.__NVIC_EnableIRQ)
    __NVIC_SetPriority                       0x08001c95   Thumb Code   128  gd32e230_systick.o(.text.__NVIC_SetPriority)
    [Anonymous Symbol]                       0x08001c94   Section        0  gd32e230_systick.o(.text.__NVIC_SetPriority)
    __NVIC_SetPriority                       0x08001d15   Thumb Code   136  gd32e230_misc.o(.text.__NVIC_SetPriority)
    [Anonymous Symbol]                       0x08001d14   Section        0  gd32e230_misc.o(.text.__NVIC_SetPriority)
    __arm_cp.1_0                             0x08001d94   Number         4  gd32e230_misc.o(.text.__NVIC_SetPriority)
    __arm_cp.1_1                             0x08001d98   Number         4  gd32e230_misc.o(.text.__NVIC_SetPriority)
    [Anonymous Symbol]                       0x08001d9c   Section        0  gd32e230_dma.o(.text.dma_channel_disable)
    [Anonymous Symbol]                       0x08001dbc   Section        0  gd32e230_dma.o(.text.dma_channel_enable)
    [Anonymous Symbol]                       0x08001ddc   Section        0  gd32e230_dma.o(.text.dma_circulation_disable)
    [Anonymous Symbol]                       0x08001dfc   Section        0  gd32e230_dma.o(.text.dma_circulation_enable)
    [Anonymous Symbol]                       0x08001e1c   Section        0  gd32e230_dma.o(.text.dma_deinit)
    [Anonymous Symbol]                       0x08001e74   Section        0  gd32e230_dma.o(.text.dma_init)
    __arm_cp.2_0                             0x08001f84   Number         4  gd32e230_dma.o(.text.dma_init)
    __arm_cp.2_1                             0x08001f88   Number         4  gd32e230_dma.o(.text.dma_init)
    [Anonymous Symbol]                       0x08001f8c   Section        0  gd32e230_dma.o(.text.dma_interrupt_disable)
    [Anonymous Symbol]                       0x08001fac   Section        0  gd32e230_dma.o(.text.dma_interrupt_enable)
    [Anonymous Symbol]                       0x08001fcc   Section        0  gd32e230_dma.o(.text.dma_interrupt_flag_clear)
    __arm_cp.24_0                            0x08001fec   Number         4  gd32e230_dma.o(.text.dma_interrupt_flag_clear)
    [Anonymous Symbol]                       0x08001ff0   Section        0  gd32e230_dma.o(.text.dma_interrupt_flag_get)
    __arm_cp.23_0                            0x080020b0   Number         4  gd32e230_dma.o(.text.dma_interrupt_flag_get)
    [Anonymous Symbol]                       0x080020b4   Section        0  gd32e230_dma.o(.text.dma_memory_to_memory_disable)
    __arm_cp.7_0                             0x080020d4   Number         4  gd32e230_dma.o(.text.dma_memory_to_memory_disable)
    [Anonymous Symbol]                       0x080020d8   Section        0  gd32e230_dma.o(.text.dma_struct_para_init)
    [Anonymous Symbol]                       0x08002108   Section        0  gd32e230_dma.o(.text.dma_transfer_number_config)
    [Anonymous Symbol]                       0x08002124   Section        0  gd32e230_dma.o(.text.dma_transfer_number_get)
    __arm_cp.12_0                            0x0800213c   Number         4  gd32e230_dma.o(.text.dma_transfer_number_get)
    [Anonymous Symbol]                       0x08002140   Section        0  gd32e230_fmc.o(.text.fmc_flag_clear)
    [Anonymous Symbol]                       0x08002150   Section        0  gd32e230_fmc.o(.text.fmc_lock)
    [Anonymous Symbol]                       0x0800215c   Section        0  gd32e230_fmc.o(.text.fmc_page_erase)
    __arm_cp.5_1                             0x080021b4   Number         4  gd32e230_fmc.o(.text.fmc_page_erase)
    [Anonymous Symbol]                       0x080021b8   Section        0  gd32e230_fmc.o(.text.fmc_ready_wait)
    [Anonymous Symbol]                       0x08002214   Section        0  gd32e230_fmc.o(.text.fmc_state_get)
    __arm_cp.29_0                            0x08002264   Number         4  gd32e230_fmc.o(.text.fmc_state_get)
    [Anonymous Symbol]                       0x08002268   Section        0  gd32e230_fmc.o(.text.fmc_unlock)
    __arm_cp.0_1                             0x08002284   Number         4  gd32e230_fmc.o(.text.fmc_unlock)
    __arm_cp.0_2                             0x08002288   Number         4  gd32e230_fmc.o(.text.fmc_unlock)
    __arm_cp.0_3                             0x0800228c   Number         4  gd32e230_fmc.o(.text.fmc_unlock)
    [Anonymous Symbol]                       0x08002290   Section        0  gd32e230_fmc.o(.text.fmc_word_program)
    __arm_cp.9_0                             0x080022e4   Number         4  gd32e230_fmc.o(.text.fmc_word_program)
    [Anonymous Symbol]                       0x080022e8   Section        0  gd32e230_gpio.o(.text.gpio_af_set)
    [Anonymous Symbol]                       0x080023ac   Section        0  gd32e230_gpio.o(.text.gpio_bit_reset)
    [Anonymous Symbol]                       0x080023bc   Section        0  gd32e230_gpio.o(.text.gpio_bit_set)
    [Anonymous Symbol]                       0x080023cc   Section        0  gd32e230_gpio.o(.text.gpio_mode_set)
    [Anonymous Symbol]                       0x0800245c   Section        0  gd32e230_gpio.o(.text.gpio_output_options_set)
    [Anonymous Symbol]                       0x080024ec   Section        0  main.o(.text.main)
    __arm_cp.2_0                             0x08002530   Number         4  main.o(.text.main)
    __arm_cp.2_1                             0x08002534   Number         4  main.o(.text.main)
    __arm_cp.2_2                             0x08002538   Number         4  main.o(.text.main)
    [Anonymous Symbol]                       0x0800253c   Section        0  gd32e230_misc.o(.text.nvic_irq_enable)
    [Anonymous Symbol]                       0x08002570   Section        0  gd32e230_misc.o(.text.nvic_vector_table_set)
    __arm_cp.7_0                             0x08002588   Number         4  gd32e230_misc.o(.text.nvic_vector_table_set)
    __arm_cp.7_1                             0x0800258c   Number         4  gd32e230_misc.o(.text.nvic_vector_table_set)
    [Anonymous Symbol]                       0x08002590   Section        0  gd32e230_rcu.o(.text.rcu_clock_freq_get)
    __arm_cp.38_0                            0x080027f0   Number         4  gd32e230_rcu.o(.text.rcu_clock_freq_get)
    __arm_cp.38_1                            0x080027f4   Number         4  gd32e230_rcu.o(.text.rcu_clock_freq_get)
    __arm_cp.38_3                            0x080027f8   Number         4  gd32e230_rcu.o(.text.rcu_clock_freq_get)
    __arm_cp.38_4                            0x080027fc   Number         4  gd32e230_rcu.o(.text.rcu_clock_freq_get)
    __arm_cp.38_5                            0x08002800   Number         4  gd32e230_rcu.o(.text.rcu_clock_freq_get)
    __arm_cp.38_6                            0x08002804   Number         4  gd32e230_rcu.o(.text.rcu_clock_freq_get)
    __arm_cp.38_7                            0x08002808   Number         4  gd32e230_rcu.o(.text.rcu_clock_freq_get)
    __arm_cp.38_8                            0x0800280c   Number         4  gd32e230_rcu.o(.text.rcu_clock_freq_get)
    [Anonymous Symbol]                       0x08002810   Section        0  gd32e230_rcu.o(.text.rcu_periph_clock_enable)
    [Anonymous Symbol]                       0x08002834   Section        0  gd32e230_rcu.o(.text.rcu_periph_reset_disable)
    [Anonymous Symbol]                       0x08002858   Section        0  gd32e230_rcu.o(.text.rcu_periph_reset_enable)
    system_clock_72m_irc8m                   0x0800287d   Thumb Code   228  system_gd32e230.o(.text.system_clock_72m_irc8m)
    [Anonymous Symbol]                       0x0800287c   Section        0  system_gd32e230.o(.text.system_clock_72m_irc8m)
    __arm_cp.3_0                             0x0800294c   Number         4  system_gd32e230.o(.text.system_clock_72m_irc8m)
    __arm_cp.3_1                             0x08002950   Number         4  system_gd32e230.o(.text.system_clock_72m_irc8m)
    __arm_cp.3_2                             0x08002954   Number         4  system_gd32e230.o(.text.system_clock_72m_irc8m)
    __arm_cp.3_3                             0x08002958   Number         4  system_gd32e230.o(.text.system_clock_72m_irc8m)
    __arm_cp.3_4                             0x0800295c   Number         4  system_gd32e230.o(.text.system_clock_72m_irc8m)
    system_clock_config                      0x08002961   Thumb Code     8  system_gd32e230.o(.text.system_clock_config)
    [Anonymous Symbol]                       0x08002960   Section        0  system_gd32e230.o(.text.system_clock_config)
    [Anonymous Symbol]                       0x08002968   Section        0  gd32e230_timer.o(.text.timer_counter_value_config)
    [Anonymous Symbol]                       0x0800297c   Section        0  gd32e230_timer.o(.text.timer_deinit)
    __arm_cp.0_1                             0x08002a44   Number         4  gd32e230_timer.o(.text.timer_deinit)
    __arm_cp.0_7                             0x08002a48   Number         4  gd32e230_timer.o(.text.timer_deinit)
    __arm_cp.0_8                             0x08002a4c   Number         4  gd32e230_timer.o(.text.timer_deinit)
    __arm_cp.0_9                             0x08002a50   Number         4  gd32e230_timer.o(.text.timer_deinit)
    __arm_cp.0_10                            0x08002a54   Number         4  gd32e230_timer.o(.text.timer_deinit)
    __arm_cp.0_11                            0x08002a58   Number         4  gd32e230_timer.o(.text.timer_deinit)
    [Anonymous Symbol]                       0x08002a5c   Section        0  gd32e230_timer.o(.text.timer_disable)
    [Anonymous Symbol]                       0x08002a6e   Section        0  gd32e230_timer.o(.text.timer_enable)
    [Anonymous Symbol]                       0x08002a80   Section        0  gd32e230_timer.o(.text.timer_flag_clear)
    [Anonymous Symbol]                       0x08002a94   Section        0  gd32e230_timer.o(.text.timer_flag_get)
    [Anonymous Symbol]                       0x08002ac0   Section        0  gd32e230_timer.o(.text.timer_init)
    __arm_cp.2_0                             0x08002ba4   Number         4  gd32e230_timer.o(.text.timer_init)
    __arm_cp.2_1                             0x08002ba8   Number         4  gd32e230_timer.o(.text.timer_init)
    __arm_cp.2_2                             0x08002bac   Number         4  gd32e230_timer.o(.text.timer_init)
    __arm_cp.2_3                             0x08002bb0   Number         4  gd32e230_timer.o(.text.timer_init)
    __arm_cp.2_4                             0x08002bb4   Number         4  gd32e230_timer.o(.text.timer_init)
    __arm_cp.2_5                             0x08002bb8   Number         4  gd32e230_timer.o(.text.timer_init)
    [Anonymous Symbol]                       0x08002bbc   Section        0  gd32e230_timer.o(.text.timer_interrupt_disable)
    [Anonymous Symbol]                       0x08002bd0   Section        0  gd32e230_timer.o(.text.timer_interrupt_enable)
    [Anonymous Symbol]                       0x08002be4   Section        0  gd32e230_timer.o(.text.timer_struct_para_init)
    __arm_cp.1_0                             0x08002c08   Number         4  gd32e230_timer.o(.text.timer_struct_para_init)
    [Anonymous Symbol]                       0x08002c0c   Section        0  gd32e230_usart.o(.text.usart_baudrate_set)
    __arm_cp.1_2                             0x08002cb8   Number         4  gd32e230_usart.o(.text.usart_baudrate_set)
    [Anonymous Symbol]                       0x08002cbc   Section        0  gd32e230_usart.o(.text.usart_data_receive)
    __arm_cp.19_0                            0x08002ccc   Number         4  gd32e230_usart.o(.text.usart_data_receive)
    [Anonymous Symbol]                       0x08002cd0   Section        0  gd32e230_usart.o(.text.usart_deinit)
    __arm_cp.0_0                             0x08002d14   Number         4  gd32e230_usart.o(.text.usart_deinit)
    __arm_cp.0_1                             0x08002d18   Number         4  gd32e230_usart.o(.text.usart_deinit)
    __arm_cp.0_2                             0x08002d1c   Number         4  gd32e230_usart.o(.text.usart_deinit)
    __arm_cp.0_3                             0x08002d20   Number         4  gd32e230_usart.o(.text.usart_deinit)
    [Anonymous Symbol]                       0x08002d24   Section        0  gd32e230_usart.o(.text.usart_disable)
    [Anonymous Symbol]                       0x08002d36   Section        0  gd32e230_usart.o(.text.usart_dma_receive_config)
    [Anonymous Symbol]                       0x08002d54   Section        0  gd32e230_usart.o(.text.usart_dma_transmit_config)
    [Anonymous Symbol]                       0x08002d72   Section        0  gd32e230_usart.o(.text.usart_enable)
    [Anonymous Symbol]                       0x08002d84   Section        0  gd32e230_usart.o(.text.usart_flag_clear)
    [Anonymous Symbol]                       0x08002da4   Section        0  gd32e230_usart.o(.text.usart_flag_get)
    [Anonymous Symbol]                       0x08002dde   Section        0  gd32e230_usart.o(.text.usart_hardware_flow_cts_config)
    [Anonymous Symbol]                       0x08002e08   Section        0  gd32e230_usart.o(.text.usart_hardware_flow_rts_config)
    [Anonymous Symbol]                       0x08002e32   Section        0  gd32e230_usart.o(.text.usart_interrupt_enable)
    [Anonymous Symbol]                       0x08002e58   Section        0  gd32e230_usart.o(.text.usart_parity_config)
    [Anonymous Symbol]                       0x08002e82   Section        0  gd32e230_usart.o(.text.usart_receive_config)
    [Anonymous Symbol]                       0x08002ea0   Section        0  gd32e230_usart.o(.text.usart_stop_bit_set)
    [Anonymous Symbol]                       0x08002eca   Section        0  gd32e230_usart.o(.text.usart_transmit_config)
    [Anonymous Symbol]                       0x08002ee8   Section        0  gd32e230_usart.o(.text.usart_word_length_set)
    i.__scatterload_copy                     0x08002f12   Section       14  handlers.o(i.__scatterload_copy)
    i.__scatterload_null                     0x08002f20   Section        2  handlers.o(i.__scatterload_null)
    i.__scatterload_zeroinit                 0x08002f22   Section       14  handlers.o(i.__scatterload_zeroinit)
    com_gpio_clk                             0x20000004   Data           4  usart.o(.data.com_gpio_clk)
    [Anonymous Symbol]                       0x20000004   Section        0  usart.o(.data.com_gpio_clk)
    com_id                                   0x20000008   Data           8  usart.o(.data.com_id)
    [Anonymous Symbol]                       0x20000008   Section        0  usart.o(.data.com_id)
    com_irqn                                 0x20000010   Data           2  usart.o(.data.com_irqn)
    [Anonymous Symbol]                       0x20000010   Section        0  usart.o(.data.com_irqn)
    com_rx_pin                               0x20000014   Data           8  usart.o(.data.com_rx_pin)
    [Anonymous Symbol]                       0x20000014   Section        0  usart.o(.data.com_rx_pin)
    com_tx_pin                               0x2000001c   Data           8  usart.o(.data.com_tx_pin)
    [Anonymous Symbol]                       0x2000001c   Section        0  usart.o(.data.com_tx_pin)
    commpara                                 0x20000024   Data           4  main.o(.data.commpara)
    [Anonymous Symbol]                       0x20000024   Section        0  main.o(.data.commpara)
    usart_rcu_clk                            0x20000028   Data           4  usart.o(.data.usart_rcu_clk)
    [Anonymous Symbol]                       0x20000028   Section        0  usart.o(.data.usart_rcu_clk)
    JumpAddress                              0x20000030   Data           4  main.o(.bss.JumpAddress)
    [Anonymous Symbol]                       0x20000030   Section        0  main.o(.bss.JumpAddress)
    TmrTbl                                   0x20000038   Data          60  gd32e230_systick.o(.bss.TmrTbl)
    [Anonymous Symbol]                       0x20000038   Section        0  gd32e230_systick.o(.bss.TmrTbl)
    destflashaddr                            0x20000074   Data           4  main.o(.bss.destflashaddr)
    [Anonymous Symbol]                       0x20000074   Section        0  main.o(.bss.destflashaddr)
    flag_send_busy                           0x20000078   Data           1  usart.o(.bss.flag_send_busy)
    [Anonymous Symbol]                       0x20000078   Section        0  usart.o(.bss.flag_send_busy)
    flg_boot1s_ot                            0x20000079   Data           1  main.o(.bss.flg_boot1s_ot)
    [Anonymous Symbol]                       0x20000079   Section        0  main.o(.bss.flg_boot1s_ot)
    ledsta                                   0x2000047a   Data           1  main.o(.bss.ledsta)
    [Anonymous Symbol]                       0x2000047a   Section        0  main.o(.bss.ledsta)
    mdbus_parsebuf                           0x2000047b   Data        1088  main.o(.bss.mdbus_parsebuf)
    [Anonymous Symbol]                       0x2000047b   Section        0  main.o(.bss.mdbus_parsebuf)
    mdbus_rcvbuf                             0x200008bb   Data        2048  main.o(.bss.mdbus_rcvbuf)
    [Anonymous Symbol]                       0x200008bb   Section        0  main.o(.bss.mdbus_rcvbuf)
    mdbus_sndbuf                             0x200010bb   Data        1088  main.o(.bss.mdbus_sndbuf)
    [Anonymous Symbol]                       0x200010bb   Section        0  main.o(.bss.mdbus_sndbuf)
    s_mdbs_para                              0x200014fb   Data           3  usart.o(.bss.s_mdbs_para)
    [Anonymous Symbol]                       0x200014fb   Section        0  usart.o(.bss.s_mdbs_para)
    s_parse                                  0x20001500   Data          12  usart.o(.bss.s_parse)
    [Anonymous Symbol]                       0x20001500   Section        0  usart.o(.bss.s_parse)
    s_rcvq                                   0x2000150c   Data          12  usart.o(.bss.s_rcvq)
    [Anonymous Symbol]                       0x2000150c   Section        0  usart.o(.bss.s_rcvq)
    s_sndpara                                0x20001518   Data           8  usart.o(.bss.s_sndpara)
    [Anonymous Symbol]                       0x20001518   Section        0  usart.o(.bss.s_sndpara)
    s_upp                                    0x20001520   Data          16  main.o(.bss.s_upp)
    [Anonymous Symbol]                       0x20001520   Section        0  main.o(.bss.s_upp)
    STACK                                    0x20001540   Section     1024  startup_gd32e230.o(STACK)

    Global Symbols

    Symbol Name                              Value     Ov Type        Size  Object(Section)

    BuildAttributes$$THM_ISAv3M$S$8M$PE$A:L22$X:L11$S22$IEEE1$IW$~IW$USESV6$~STKCKD$USESV7$~SHL$OSPACE$EBA8$MICROLIB$REQ8$PRES8$EABIv2 0x00000000   Number         0  anon$$obj.o ABSOLUTE
    __cpp_initialize__aeabi_                  - Undefined Weak Reference
    __cxa_finalize                            - Undefined Weak Reference
    __decompress                              - Undefined Weak Reference
    _clock_init                               - Undefined Weak Reference
    _microlib_exit                            - Undefined Weak Reference
    __Vectors_Size                           0x000000cc   Number         0  startup_gd32e230.o ABSOLUTE
    __Vectors                                0x08000000   Data           4  startup_gd32e230.o(RESET)
    __Vectors_End                            0x080000cc   Data           0  startup_gd32e230.o(RESET)
    __main                                   0x080000cd   Thumb Code     0  entry.o(.ARM.Collect$$$$00000000)
    _main_stk                                0x080000cd   Thumb Code     0  entry2.o(.ARM.Collect$$$$00000001)
    _main_scatterload                        0x080000d1   Thumb Code     0  entry5.o(.ARM.Collect$$$$00000004)
    __main_after_scatterload                 0x080000d5   Thumb Code     0  entry5.o(.ARM.Collect$$$$00000004)
    _main_clock                              0x080000d5   Thumb Code     0  entry7b.o(.ARM.Collect$$$$00000008)
    _main_cpp_init                           0x080000d5   Thumb Code     0  entry8b.o(.ARM.Collect$$$$0000000A)
    _main_init                               0x080000d5   Thumb Code     0  entry9a.o(.ARM.Collect$$$$0000000B)
    __rt_final_cpp                           0x080000dd   Thumb Code     0  entry10a.o(.ARM.Collect$$$$0000000D)
    __rt_final_exit                          0x080000dd   Thumb Code     0  entry11a.o(.ARM.Collect$$$$0000000F)
    Reset_Handler                            0x080000e1   Thumb Code     8  startup_gd32e230.o(.text)
    ADC_CMP_IRQHandler                       0x080000f3   Thumb Code     0  startup_gd32e230.o(.text)
    DMA_Channel0_IRQHandler                  0x080000f3   Thumb Code     0  startup_gd32e230.o(.text)
    DMA_Channel3_4_IRQHandler                0x080000f3   Thumb Code     0  startup_gd32e230.o(.text)
    EXTI0_1_IRQHandler                       0x080000f3   Thumb Code     0  startup_gd32e230.o(.text)
    EXTI2_3_IRQHandler                       0x080000f3   Thumb Code     0  startup_gd32e230.o(.text)
    EXTI4_15_IRQHandler                      0x080000f3   Thumb Code     0  startup_gd32e230.o(.text)
    FMC_IRQHandler                           0x080000f3   Thumb Code     0  startup_gd32e230.o(.text)
    I2C0_ER_IRQHandler                       0x080000f3   Thumb Code     0  startup_gd32e230.o(.text)
    I2C0_EV_IRQHandler                       0x080000f3   Thumb Code     0  startup_gd32e230.o(.text)
    I2C1_ER_IRQHandler                       0x080000f3   Thumb Code     0  startup_gd32e230.o(.text)
    I2C1_EV_IRQHandler                       0x080000f3   Thumb Code     0  startup_gd32e230.o(.text)
    LVD_IRQHandler                           0x080000f3   Thumb Code     0  startup_gd32e230.o(.text)
    RCU_IRQHandler                           0x080000f3   Thumb Code     0  startup_gd32e230.o(.text)
    RTC_IRQHandler                           0x080000f3   Thumb Code     0  startup_gd32e230.o(.text)
    SPI0_IRQHandler                          0x080000f3   Thumb Code     0  startup_gd32e230.o(.text)
    SPI1_IRQHandler                          0x080000f3   Thumb Code     0  startup_gd32e230.o(.text)
    TIMER0_BRK_UP_TRG_COM_IRQHandler         0x080000f3   Thumb Code     0  startup_gd32e230.o(.text)
    TIMER0_Channel_IRQHandler                0x080000f3   Thumb Code     0  startup_gd32e230.o(.text)
    TIMER13_IRQHandler                       0x080000f3   Thumb Code     0  startup_gd32e230.o(.text)
    TIMER14_IRQHandler                       0x080000f3   Thumb Code     0  startup_gd32e230.o(.text)
    TIMER15_IRQHandler                       0x080000f3   Thumb Code     0  startup_gd32e230.o(.text)
    TIMER16_IRQHandler                       0x080000f3   Thumb Code     0  startup_gd32e230.o(.text)
    TIMER5_IRQHandler                        0x080000f3   Thumb Code     0  startup_gd32e230.o(.text)
    USART1_IRQHandler                        0x080000f3   Thumb Code     0  startup_gd32e230.o(.text)
    WWDGT_IRQHandler                         0x080000f3   Thumb Code     0  startup_gd32e230.o(.text)
    __aeabi_memcpy                           0x080000fd   Thumb Code    36  memcpya.o(.text)
    __aeabi_memcpy4                          0x080000fd   Thumb Code     0  memcpya.o(.text)
    __aeabi_memcpy8                          0x080000fd   Thumb Code     0  memcpya.o(.text)
    __aeabi_memset                           0x08000121   Thumb Code    14  memseta.o(.text)
    __aeabi_memset4                          0x08000121   Thumb Code     0  memseta.o(.text)
    __aeabi_memset8                          0x08000121   Thumb Code     0  memseta.o(.text)
    __aeabi_memclr                           0x0800012f   Thumb Code     4  memseta.o(.text)
    __aeabi_memclr4                          0x0800012f   Thumb Code     0  memseta.o(.text)
    __aeabi_memclr8                          0x0800012f   Thumb Code     0  memseta.o(.text)
    _memset$wrapper                          0x08000133   Thumb Code    18  memseta.o(.text)
    __scatterload                            0x08000145   Thumb Code    28  init.o(.text)
    __scatterload_rt2                        0x08000145   Thumb Code     0  init.o(.text)
    COMMON_Bits16Convert2Bits8               0x080003e1   Thumb Code   100  commonfunctions.o(.text.COMMON_Bits16Convert2Bits8)
    COMMON_Bits8Convert2Bits16               0x08000445   Thumb Code   118  commonfunctions.o(.text.COMMON_Bits8Convert2Bits16)
    COMMON_Bits8Convert2Bits32               0x080004bb   Thumb Code   198  commonfunctions.o(.text.COMMON_Bits8Convert2Bits32)
    COMMON_ConverAscii2CommonMode            0x08000581   Thumb Code   272  commonfunctions.o(.text.COMMON_ConverAscii2CommonMode)
    COMMON_Convert1Byteto4Bits               0x08000691   Thumb Code   144  commonfunctions.o(.text.COMMON_Convert1Byteto4Bits)
    COMMON_ConvertHex2Ascii                  0x08000721   Thumb Code   240  commonfunctions.o(.text.COMMON_ConvertHex2Ascii)
    COMMON_GeneratorLRCCheckCode             0x08000811   Thumb Code    60  commonfunctions.o(.text.COMMON_GeneratorLRCCheckCode)
    COMMON_GeneratorU16bitsCRCCheckCode      0x0800084d   Thumb Code   136  commonfunctions.o(.text.COMMON_GeneratorU16bitsCRCCheckCode)
    DMA_Channel1_2_IRQHandler                0x080008d5   Thumb Code    56  dmaconfig.o(.text.DMA_Channel1_2_IRQHandler)
    DMA_Rcv_TransDataParaConfig              0x0800090d   Thumb Code   208  dmaconfig.o(.text.DMA_Rcv_TransDataParaConfig)
    GD32E230_Systick_Config                  0x08000e25   Thumb Code    40  gd32e230_systick.o(.text.GD32E230_Systick_Config)
    GD32E230_Systick_TimerKill               0x08000ead   Thumb Code    72  gd32e230_systick.o(.text.GD32E230_Systick_TimerKill)
    GD32E230_Systick_TimerProcess            0x08000ef5   Thumb Code   112  gd32e230_systick.o(.text.GD32E230_Systick_TimerProcess)
    GD32E230_TimerSet                        0x08000fad   Thumb Code   124  gd32e230_systick.o(.text.GD32E230_TimerSet)
    GD32E23X_Modbus_UpgradeResponseProcess   0x08001341   Thumb Code   128  usart.o(.text.GD32E23X_Modbus_UpgradeResponseProcess)
    GDFLASHOP_EraseSpecifiedFlashPages       0x080013c1   Thumb Code   172  flash.o(.text.GDFLASHOP_EraseSpecifiedFlashPages)
    GDFLASHOP_ReadDataFromChipFlash          0x0800146d   Thumb Code   148  flash.o(.text.GDFLASHOP_ReadDataFromChipFlash)
    GDFLASHOP_WriteData2SpecifiedFlash       0x08001501   Thumb Code   164  flash.o(.text.GDFLASHOP_WriteData2SpecifiedFlash)
    HardFault_Handler                        0x080015a5   Thumb Code     4  gd32e230_it.o(.text.HardFault_Handler)
    NMI_Handler                              0x080015fd   Thumb Code     2  gd32e230_it.o(.text.NMI_Handler)
    PendSV_Handler                           0x080015ff   Thumb Code     2  gd32e230_it.o(.text.PendSV_Handler)
    SVC_Handler                              0x08001601   Thumb Code     2  gd32e230_it.o(.text.SVC_Handler)
    SysTick_Handler                          0x08001659   Thumb Code   116  gd32e230_systick.o(.text.SysTick_Handler)
    SystemInit                               0x080016cd   Thumb Code   172  system_gd32e230.o(.text.SystemInit)
    TIMER2_IRQHandler                        0x08001779   Thumb Code    96  usart.o(.text.TIMER2_IRQHandler)
    USART0_IRQHandler                        0x080017d9   Thumb Code   112  usart.o(.text.USART0_IRQHandler)
    USART_CommunicateInitial                 0x08001885   Thumb Code   396  usart.o(.text.USART_CommunicateInitial)
    USART_CommunicateParaConfig              0x08001a11   Thumb Code   292  usart.o(.text.USART_CommunicateParaConfig)
    USART_ConfigPaserParameters              0x08001b35   Thumb Code    80  usart.o(.text.USART_ConfigPaserParameters)
    USART_SendDataViaUSART0DmaChannel        0x08001b85   Thumb Code    56  usart.o(.text.USART_SendDataViaUSART0DmaChannel)
    USART_SendDataViaUSART0DmaChnIsBusy      0x08001bbd   Thumb Code    16  usart.o(.text.USART_SendDataViaUSART0DmaChnIsBusy)
    USART_Timer2_Configuation                0x08001bcd   Thumb Code   148  usart.o(.text.USART_Timer2_Configuation)
    dma_channel_disable                      0x08001d9d   Thumb Code    32  gd32e230_dma.o(.text.dma_channel_disable)
    dma_channel_enable                       0x08001dbd   Thumb Code    32  gd32e230_dma.o(.text.dma_channel_enable)
    dma_circulation_disable                  0x08001ddd   Thumb Code    32  gd32e230_dma.o(.text.dma_circulation_disable)
    dma_circulation_enable                   0x08001dfd   Thumb Code    32  gd32e230_dma.o(.text.dma_circulation_enable)
    dma_deinit                               0x08001e1d   Thumb Code    88  gd32e230_dma.o(.text.dma_deinit)
    dma_init                                 0x08001e75   Thumb Code   280  gd32e230_dma.o(.text.dma_init)
    dma_interrupt_disable                    0x08001f8d   Thumb Code    32  gd32e230_dma.o(.text.dma_interrupt_disable)
    dma_interrupt_enable                     0x08001fad   Thumb Code    32  gd32e230_dma.o(.text.dma_interrupt_enable)
    dma_interrupt_flag_clear                 0x08001fcd   Thumb Code    36  gd32e230_dma.o(.text.dma_interrupt_flag_clear)
    dma_interrupt_flag_get                   0x08001ff1   Thumb Code   196  gd32e230_dma.o(.text.dma_interrupt_flag_get)
    dma_memory_to_memory_disable             0x080020b5   Thumb Code    36  gd32e230_dma.o(.text.dma_memory_to_memory_disable)
    dma_struct_para_init                     0x080020d9   Thumb Code    46  gd32e230_dma.o(.text.dma_struct_para_init)
    dma_transfer_number_config               0x08002109   Thumb Code    28  gd32e230_dma.o(.text.dma_transfer_number_config)
    dma_transfer_number_get                  0x08002125   Thumb Code    28  gd32e230_dma.o(.text.dma_transfer_number_get)
    fmc_flag_clear                           0x08002141   Thumb Code    16  gd32e230_fmc.o(.text.fmc_flag_clear)
    fmc_lock                                 0x08002151   Thumb Code    12  gd32e230_fmc.o(.text.fmc_lock)
    fmc_page_erase                           0x0800215d   Thumb Code    92  gd32e230_fmc.o(.text.fmc_page_erase)
    fmc_ready_wait                           0x080021b9   Thumb Code    90  gd32e230_fmc.o(.text.fmc_ready_wait)
    fmc_state_get                            0x08002215   Thumb Code    84  gd32e230_fmc.o(.text.fmc_state_get)
    fmc_unlock                               0x08002269   Thumb Code    40  gd32e230_fmc.o(.text.fmc_unlock)
    fmc_word_program                         0x08002291   Thumb Code    88  gd32e230_fmc.o(.text.fmc_word_program)
    gpio_af_set                              0x080022e9   Thumb Code   196  gd32e230_gpio.o(.text.gpio_af_set)
    gpio_bit_reset                           0x080023ad   Thumb Code    16  gd32e230_gpio.o(.text.gpio_bit_reset)
    gpio_bit_set                             0x080023bd   Thumb Code    16  gd32e230_gpio.o(.text.gpio_bit_set)
    gpio_mode_set                            0x080023cd   Thumb Code   144  gd32e230_gpio.o(.text.gpio_mode_set)
    gpio_output_options_set                  0x0800245d   Thumb Code   142  gd32e230_gpio.o(.text.gpio_output_options_set)
    main                                     0x080024ed   Thumb Code    80  main.o(.text.main)
    nvic_irq_enable                          0x0800253d   Thumb Code    52  gd32e230_misc.o(.text.nvic_irq_enable)
    nvic_vector_table_set                    0x08002571   Thumb Code    32  gd32e230_misc.o(.text.nvic_vector_table_set)
    rcu_clock_freq_get                       0x08002591   Thumb Code   640  gd32e230_rcu.o(.text.rcu_clock_freq_get)
    rcu_periph_clock_enable                  0x08002811   Thumb Code    36  gd32e230_rcu.o(.text.rcu_periph_clock_enable)
    rcu_periph_reset_disable                 0x08002835   Thumb Code    36  gd32e230_rcu.o(.text.rcu_periph_reset_disable)
    rcu_periph_reset_enable                  0x08002859   Thumb Code    36  gd32e230_rcu.o(.text.rcu_periph_reset_enable)
    timer_counter_value_config               0x08002969   Thumb Code    20  gd32e230_timer.o(.text.timer_counter_value_config)
    timer_deinit                             0x0800297d   Thumb Code   224  gd32e230_timer.o(.text.timer_deinit)
    timer_disable                            0x08002a5d   Thumb Code    18  gd32e230_timer.o(.text.timer_disable)
    timer_enable                             0x08002a6f   Thumb Code    18  gd32e230_timer.o(.text.timer_enable)
    timer_flag_clear                         0x08002a81   Thumb Code    20  gd32e230_timer.o(.text.timer_flag_clear)
    timer_flag_get                           0x08002a95   Thumb Code    42  gd32e230_timer.o(.text.timer_flag_get)
    timer_init                               0x08002ac1   Thumb Code   252  gd32e230_timer.o(.text.timer_init)
    timer_interrupt_disable                  0x08002bbd   Thumb Code    20  gd32e230_timer.o(.text.timer_interrupt_disable)
    timer_interrupt_enable                   0x08002bd1   Thumb Code    20  gd32e230_timer.o(.text.timer_interrupt_enable)
    timer_struct_para_init                   0x08002be5   Thumb Code    40  gd32e230_timer.o(.text.timer_struct_para_init)
    usart_baudrate_set                       0x08002c0d   Thumb Code   176  gd32e230_usart.o(.text.usart_baudrate_set)
    usart_data_receive                       0x08002cbd   Thumb Code    20  gd32e230_usart.o(.text.usart_data_receive)
    usart_deinit                             0x08002cd1   Thumb Code    84  gd32e230_usart.o(.text.usart_deinit)
    usart_disable                            0x08002d25   Thumb Code    18  gd32e230_usart.o(.text.usart_disable)
    usart_dma_receive_config                 0x08002d37   Thumb Code    30  gd32e230_usart.o(.text.usart_dma_receive_config)
    usart_dma_transmit_config                0x08002d55   Thumb Code    30  gd32e230_usart.o(.text.usart_dma_transmit_config)
    usart_enable                             0x08002d73   Thumb Code    18  gd32e230_usart.o(.text.usart_enable)
    usart_flag_clear                         0x08002d85   Thumb Code    32  gd32e230_usart.o(.text.usart_flag_clear)
    usart_flag_get                           0x08002da5   Thumb Code    58  gd32e230_usart.o(.text.usart_flag_get)
    usart_hardware_flow_cts_config           0x08002ddf   Thumb Code    42  gd32e230_usart.o(.text.usart_hardware_flow_cts_config)
    usart_hardware_flow_rts_config           0x08002e09   Thumb Code    42  gd32e230_usart.o(.text.usart_hardware_flow_rts_config)
    usart_interrupt_enable                   0x08002e33   Thumb Code    38  gd32e230_usart.o(.text.usart_interrupt_enable)
    usart_parity_config                      0x08002e59   Thumb Code    42  gd32e230_usart.o(.text.usart_parity_config)
    usart_receive_config                     0x08002e83   Thumb Code    30  gd32e230_usart.o(.text.usart_receive_config)
    usart_stop_bit_set                       0x08002ea1   Thumb Code    42  gd32e230_usart.o(.text.usart_stop_bit_set)
    usart_transmit_config                    0x08002ecb   Thumb Code    30  gd32e230_usart.o(.text.usart_transmit_config)
    usart_word_length_set                    0x08002ee9   Thumb Code    42  gd32e230_usart.o(.text.usart_word_length_set)
    __scatterload_copy                       0x08002f13   Thumb Code    14  handlers.o(i.__scatterload_copy)
    __scatterload_null                       0x08002f21   Thumb Code     2  handlers.o(i.__scatterload_null)
    __scatterload_zeroinit                   0x08002f23   Thumb Code    14  handlers.o(i.__scatterload_zeroinit)
    BaudrateTab                              0x08002f30   Data          32  usart.o(.rodata.BaudrateTab)
    CRCHighTab                               0x08002f50   Data         256  commonfunctions.o(.rodata.CRCHighTab)
    CRCLowTab                                0x08003050   Data         256  commonfunctions.o(.rodata.CRCLowTab)
    FrameInterval                            0x08003150   Data           8  usart.o(.rodata.FrameInterval)
    Rs485ctrldly                             0x08003158   Data          16  usart.o(.rodata.Rs485ctrldly)
    enstr                                    0x08003168   Data          64  main.o(.rodata.enstr)
    Region$$Table$$Base                      0x080031a8   Number         0  anon$$obj.o(Region$$Table)
    Region$$Table$$Limit                     0x080031c8   Number         0  anon$$obj.o(Region$$Table)
    SystemCoreClock                          0x20000000   Data           4  system_gd32e230.o(.data.SystemCoreClock)
    Jump_To_Application                      0x20000034   Data           4  main.o(.bss.Jump_To_Application)
    gtmpbuf                                  0x2000007a   Data        1024  main.o(.bss.gtmpbuf)
    usart_dma_para                           0x20001530   Data          16  main.o(.bss.usart_dma_para)
    __initial_sp                             0x20001940   Data           0  startup_gd32e230.o(STACK)



==============================================================================

Memory Map of the image

  Image Entry point : 0x080000cd

  Load Region LR_IROM1 (Base: 0x08000000, Size: 0x000031f8, Max: 0x00010000, ABSOLUTE)

    Execution Region ER_IROM1 (Exec base: 0x08000000, Load base: 0x08000000, Size: 0x000031c8, Max: 0x00010000, ABSOLUTE)

    Exec Addr    Load Addr    Size         Type   Attr      Idx    E Section Name        Object

    0x08000000   0x08000000   0x000000cc   Data   RO         1352    RESET               startup_gd32e230.o
    0x080000cc   0x080000cc   0x00000000   Code   RO         1359  * .ARM.Collect$$$$00000000  mc_p.l(entry.o)
    0x080000cc   0x080000cc   0x00000004   Code   RO         1368    .ARM.Collect$$$$00000001  mc_p.l(entry2.o)
    0x080000d0   0x080000d0   0x00000004   Code   RO         1371    .ARM.Collect$$$$00000004  mc_p.l(entry5.o)
    0x080000d4   0x080000d4   0x00000000   Code   RO         1373    .ARM.Collect$$$$00000008  mc_p.l(entry7b.o)
    0x080000d4   0x080000d4   0x00000000   Code   RO         1375    .ARM.Collect$$$$0000000A  mc_p.l(entry8b.o)
    0x080000d4   0x080000d4   0x00000008   Code   RO         1376    .ARM.Collect$$$$0000000B  mc_p.l(entry9a.o)
    0x080000dc   0x080000dc   0x00000000   Code   RO         1378    .ARM.Collect$$$$0000000D  mc_p.l(entry10a.o)
    0x080000dc   0x080000dc   0x00000000   Code   RO         1380    .ARM.Collect$$$$0000000F  mc_p.l(entry11a.o)
    0x080000dc   0x080000dc   0x00000004   Code   RO         1369    .ARM.Collect$$$$00002712  mc_p.l(entry2.o)
    0x080000e0   0x080000e0   0x0000001c   Code   RO         1353    .text               startup_gd32e230.o
    0x080000fc   0x080000fc   0x00000024   Code   RO         1362    .text               mc_p.l(memcpya.o)
    0x08000120   0x08000120   0x00000024   Code   RO         1364    .text               mc_p.l(memseta.o)
    0x08000144   0x08000144   0x00000024   Code   RO         1382    .text               mc_p.l(init.o)
    0x08000168   0x08000168   0x0000023c   Code   RO           37    .text.Boot_ParseReceiveModbusData  main.o
    0x080003a4   0x080003a4   0x0000003c   Code   RO           41    .text.CB_DisplayLedBlink  main.o
    0x080003e0   0x080003e0   0x00000064   Code   RO          191    .text.COMMON_Bits16Convert2Bits8  commonfunctions.o
    0x08000444   0x08000444   0x00000076   Code   RO          187    .text.COMMON_Bits8Convert2Bits16  commonfunctions.o
    0x080004ba   0x080004ba   0x000000c6   Code   RO          189    .text.COMMON_Bits8Convert2Bits32  commonfunctions.o
    0x08000580   0x08000580   0x00000110   Code   RO          195    .text.COMMON_ConverAscii2CommonMode  commonfunctions.o
    0x08000690   0x08000690   0x00000090   Code   RO          197    .text.COMMON_Convert1Byteto4Bits  commonfunctions.o
    0x08000720   0x08000720   0x000000f0   Code   RO          201    .text.COMMON_ConvertHex2Ascii  commonfunctions.o
    0x08000810   0x08000810   0x0000003c   Code   RO          199    .text.COMMON_GeneratorLRCCheckCode  commonfunctions.o
    0x0800084c   0x0800084c   0x00000088   Code   RO          203    .text.COMMON_GeneratorU16bitsCRCCheckCode  commonfunctions.o
    0x080008d4   0x080008d4   0x00000038   Code   RO          176    .text.DMA_Channel1_2_IRQHandler  dmaconfig.o
    0x0800090c   0x0800090c   0x000000d0   Code   RO          174    .text.DMA_Rcv_TransDataParaConfig  dmaconfig.o
    0x080009dc   0x080009dc   0x000000cc   Code   RO           43    .text.GD32E230BOOT_1sOverTimePorcess  main.o
    0x08000aa8   0x08000aa8   0x00000030   Code   RO           45    .text.GD32E230BOOT_ClearAppFlashArea  main.o
    0x08000ad8   0x08000ad8   0x0000007c   Code   RO           49    .text.GD32E230BOOT_EraseUpgradeFlag  main.o
    0x08000b54   0x08000b54   0x000000a4   Code   RO           33    .text.GD32E230BOOT_ResourceInit  main.o
    0x08000bf8   0x08000bf8   0x000001dc   Code   RO           47    .text.GD32E230BOOT_UpGradePayloadProcess  main.o
    0x08000dd4   0x08000dd4   0x00000050   Code   RO           51    .text.GD32E230BOOT_UpgradePackagePayloadDecoding  main.o
    0x08000e24   0x08000e24   0x00000028   Code   RO          150    .text.GD32E230_Systick_Config  gd32e230_systick.o
    0x08000e4c   0x08000e4c   0x00000060   Code   RO          154    .text.GD32E230_Systick_TimerControlInit  gd32e230_systick.o
    0x08000eac   0x08000eac   0x00000048   Code   RO          160    .text.GD32E230_Systick_TimerKill  gd32e230_systick.o
    0x08000ef4   0x08000ef4   0x00000070   Code   RO          156    .text.GD32E230_Systick_TimerProcess  gd32e230_systick.o
    0x08000f64   0x08000f64   0x00000048   Code   RO           39    .text.GD32E230_TestLedInit  main.o
    0x08000fac   0x08000fac   0x0000007c   Code   RO          158    .text.GD32E230_TimerSet  gd32e230_systick.o
    0x08001028   0x08001028   0x000000e8   Code   RO          127    .text.GD32E23X_Modbus_CommunicateResponseInformation  usart.o
    0x08001110   0x08001110   0x00000230   Code   RO          121    .text.GD32E23X_Modbus_ModbusTimer  usart.o
    0x08001340   0x08001340   0x00000080   Code   RO          125    .text.GD32E23X_Modbus_UpgradeResponseProcess  usart.o
    0x080013c0   0x080013c0   0x000000ac   Code   RO           74    .text.GDFLASHOP_EraseSpecifiedFlashPages  flash.o
    0x0800146c   0x0800146c   0x00000094   Code   RO           78    .text.GDFLASHOP_ReadDataFromChipFlash  flash.o
    0x08001500   0x08001500   0x000000a4   Code   RO           76    .text.GDFLASHOP_WriteData2SpecifiedFlash  flash.o
    0x080015a4   0x080015a4   0x00000004   Code   RO            4    .text.HardFault_Handler  gd32e230_it.o
    0x080015a8   0x080015a8   0x00000054   Code   RO           31    .text.JumpToUserApplication  main.o
    0x080015fc   0x080015fc   0x00000002   Code   RO            2    .text.NMI_Handler   gd32e230_it.o
    0x080015fe   0x080015fe   0x00000002   Code   RO           16    .text.PendSV_Handler  gd32e230_it.o
    0x08001600   0x08001600   0x00000002   Code   RO           12    .text.SVC_Handler   gd32e230_it.o
    0x08001602   0x08001602   0x00000002   PAD
    0x08001604   0x08001604   0x00000054   Code   RO          152    .text.SysTick_Config  gd32e230_systick.o
    0x08001658   0x08001658   0x00000074   Code   RO          162    .text.SysTick_Handler  gd32e230_systick.o
    0x080016cc   0x080016cc   0x000000ac   Code   RO          214    .text.SystemInit    system_gd32e230.o
    0x08001778   0x08001778   0x00000060   Code   RO          123    .text.TIMER2_IRQHandler  usart.o
    0x080017d8   0x080017d8   0x00000070   Code   RO          119    .text.USART0_IRQHandler  usart.o
    0x08001848   0x08001848   0x0000003c   Code   RO          107    .text.USART_CommunicateControlPinInit  usart.o
    0x08001884   0x08001884   0x0000018c   Code   RO          105    .text.USART_CommunicateInitial  usart.o
    0x08001a10   0x08001a10   0x00000124   Code   RO          111    .text.USART_CommunicateParaConfig  usart.o
    0x08001b34   0x08001b34   0x00000050   Code   RO          113    .text.USART_ConfigPaserParameters  usart.o
    0x08001b84   0x08001b84   0x00000038   Code   RO          115    .text.USART_SendDataViaUSART0DmaChannel  usart.o
    0x08001bbc   0x08001bbc   0x00000010   Code   RO          117    .text.USART_SendDataViaUSART0DmaChnIsBusy  usart.o
    0x08001bcc   0x08001bcc   0x00000094   Code   RO          109    .text.USART_Timer2_Configuation  usart.o
    0x08001c60   0x08001c60   0x00000034   Code   RO          685    .text.__NVIC_EnableIRQ  gd32e230_misc.o
    0x08001c94   0x08001c94   0x00000080   Code   RO          164    .text.__NVIC_SetPriority  gd32e230_systick.o
    0x08001d14   0x08001d14   0x00000088   Code   RO          683    .text.__NVIC_SetPriority  gd32e230_misc.o
    0x08001d9c   0x08001d9c   0x00000020   Code   RO          389    .text.dma_channel_disable  gd32e230_dma.o
    0x08001dbc   0x08001dbc   0x00000020   Code   RO          399    .text.dma_channel_enable  gd32e230_dma.o
    0x08001ddc   0x08001ddc   0x00000020   Code   RO          393    .text.dma_circulation_disable  gd32e230_dma.o
    0x08001dfc   0x08001dfc   0x00000020   Code   RO          391    .text.dma_circulation_enable  gd32e230_dma.o
    0x08001e1c   0x08001e1c   0x00000058   Code   RO          383    .text.dma_deinit    gd32e230_dma.o
    0x08001e74   0x08001e74   0x00000118   Code   RO          387    .text.dma_init      gd32e230_dma.o
    0x08001f8c   0x08001f8c   0x00000020   Code   RO          435    .text.dma_interrupt_disable  gd32e230_dma.o
    0x08001fac   0x08001fac   0x00000020   Code   RO          433    .text.dma_interrupt_enable  gd32e230_dma.o
    0x08001fcc   0x08001fcc   0x00000024   Code   RO          431    .text.dma_interrupt_flag_clear  gd32e230_dma.o
    0x08001ff0   0x08001ff0   0x000000c4   Code   RO          429    .text.dma_interrupt_flag_get  gd32e230_dma.o
    0x080020b4   0x080020b4   0x00000024   Code   RO          397    .text.dma_memory_to_memory_disable  gd32e230_dma.o
    0x080020d8   0x080020d8   0x0000002e   Code   RO          385    .text.dma_struct_para_init  gd32e230_dma.o
    0x08002106   0x08002106   0x00000002   PAD
    0x08002108   0x08002108   0x0000001c   Code   RO          405    .text.dma_transfer_number_config  gd32e230_dma.o
    0x08002124   0x08002124   0x0000001c   Code   RO          407    .text.dma_transfer_number_get  gd32e230_dma.o
    0x08002140   0x08002140   0x00000010   Code   RO          527    .text.fmc_flag_clear  gd32e230_fmc.o
    0x08002150   0x08002150   0x0000000c   Code   RO          477    .text.fmc_lock      gd32e230_fmc.o
    0x0800215c   0x0800215c   0x0000005c   Code   RO          485    .text.fmc_page_erase  gd32e230_fmc.o
    0x080021b8   0x080021b8   0x0000005a   Code   RO          487    .text.fmc_ready_wait  gd32e230_fmc.o
    0x08002212   0x08002212   0x00000002   PAD
    0x08002214   0x08002214   0x00000054   Code   RO          533    .text.fmc_state_get  gd32e230_fmc.o
    0x08002268   0x08002268   0x00000028   Code   RO          475    .text.fmc_unlock    gd32e230_fmc.o
    0x08002290   0x08002290   0x00000058   Code   RO          493    .text.fmc_word_program  gd32e230_fmc.o
    0x080022e8   0x080022e8   0x000000c4   Code   RO          589    .text.gpio_af_set   gd32e230_gpio.o
    0x080023ac   0x080023ac   0x00000010   Code   RO          575    .text.gpio_bit_reset  gd32e230_gpio.o
    0x080023bc   0x080023bc   0x00000010   Code   RO          573    .text.gpio_bit_set  gd32e230_gpio.o
    0x080023cc   0x080023cc   0x00000090   Code   RO          569    .text.gpio_mode_set  gd32e230_gpio.o
    0x0800245c   0x0800245c   0x0000008e   Code   RO          571    .text.gpio_output_options_set  gd32e230_gpio.o
    0x080024ea   0x080024ea   0x00000002   PAD
    0x080024ec   0x080024ec   0x00000050   Code   RO           29    .text.main          main.o
    0x0800253c   0x0800253c   0x00000034   Code   RO          681    .text.nvic_irq_enable  gd32e230_misc.o
    0x08002570   0x08002570   0x00000020   Code   RO          695    .text.nvic_vector_table_set  gd32e230_misc.o
    0x08002590   0x08002590   0x00000280   Code   RO          820    .text.rcu_clock_freq_get  gd32e230_rcu.o
    0x08002810   0x08002810   0x00000024   Code   RO          746    .text.rcu_periph_clock_enable  gd32e230_rcu.o
    0x08002834   0x08002834   0x00000024   Code   RO          756    .text.rcu_periph_reset_disable  gd32e230_rcu.o
    0x08002858   0x08002858   0x00000024   Code   RO          754    .text.rcu_periph_reset_enable  gd32e230_rcu.o
    0x0800287c   0x0800287c   0x000000e4   Code   RO          220    .text.system_clock_72m_irc8m  system_gd32e230.o
    0x08002960   0x08002960   0x00000008   Code   RO          216    .text.system_clock_config  system_gd32e230.o
    0x08002968   0x08002968   0x00000014   Code   RO         1052    .text.timer_counter_value_config  gd32e230_timer.o
    0x0800297c   0x0800297c   0x000000e0   Code   RO         1022    .text.timer_deinit  gd32e230_timer.o
    0x08002a5c   0x08002a5c   0x00000012   Code   RO         1030    .text.timer_disable  gd32e230_timer.o
    0x08002a6e   0x08002a6e   0x00000012   Code   RO         1028    .text.timer_enable  gd32e230_timer.o
    0x08002a80   0x08002a80   0x00000014   Code   RO         1074    .text.timer_flag_clear  gd32e230_timer.o
    0x08002a94   0x08002a94   0x0000002a   Code   RO         1072    .text.timer_flag_get  gd32e230_timer.o
    0x08002abe   0x08002abe   0x00000002   PAD
    0x08002ac0   0x08002ac0   0x000000fc   Code   RO         1026    .text.timer_init    gd32e230_timer.o
    0x08002bbc   0x08002bbc   0x00000014   Code   RO         1066    .text.timer_interrupt_disable  gd32e230_timer.o
    0x08002bd0   0x08002bd0   0x00000014   Code   RO         1064    .text.timer_interrupt_enable  gd32e230_timer.o
    0x08002be4   0x08002be4   0x00000028   Code   RO         1024    .text.timer_struct_para_init  gd32e230_timer.o
    0x08002c0c   0x08002c0c   0x000000b0   Code   RO         1177    .text.usart_baudrate_set  gd32e230_usart.o
    0x08002cbc   0x08002cbc   0x00000014   Code   RO         1213    .text.usart_data_receive  gd32e230_usart.o
    0x08002cd0   0x08002cd0   0x00000054   Code   RO         1175    .text.usart_deinit  gd32e230_usart.o
    0x08002d24   0x08002d24   0x00000012   Code   RO         1187    .text.usart_disable  gd32e230_usart.o
    0x08002d36   0x08002d36   0x0000001e   Code   RO         1289    .text.usart_dma_receive_config  gd32e230_usart.o
    0x08002d54   0x08002d54   0x0000001e   Code   RO         1291    .text.usart_dma_transmit_config  gd32e230_usart.o
    0x08002d72   0x08002d72   0x00000012   Code   RO         1185    .text.usart_enable  gd32e230_usart.o
    0x08002d84   0x08002d84   0x00000020   Code   RO         1311    .text.usart_flag_clear  gd32e230_usart.o
    0x08002da4   0x08002da4   0x0000003a   Code   RO         1309    .text.usart_flag_get  gd32e230_usart.o
    0x08002dde   0x08002dde   0x0000002a   Code   RO         1275    .text.usart_hardware_flow_cts_config  gd32e230_usart.o
    0x08002e08   0x08002e08   0x0000002a   Code   RO         1273    .text.usart_hardware_flow_rts_config  gd32e230_usart.o
    0x08002e32   0x08002e32   0x00000026   Code   RO         1313    .text.usart_interrupt_enable  gd32e230_usart.o
    0x08002e58   0x08002e58   0x0000002a   Code   RO         1179    .text.usart_parity_config  gd32e230_usart.o
    0x08002e82   0x08002e82   0x0000001e   Code   RO         1191    .text.usart_receive_config  gd32e230_usart.o
    0x08002ea0   0x08002ea0   0x0000002a   Code   RO         1183    .text.usart_stop_bit_set  gd32e230_usart.o
    0x08002eca   0x08002eca   0x0000001e   Code   RO         1189    .text.usart_transmit_config  gd32e230_usart.o
    0x08002ee8   0x08002ee8   0x0000002a   Code   RO         1181    .text.usart_word_length_set  gd32e230_usart.o
    0x08002f12   0x08002f12   0x0000000e   Code   RO         1386    i.__scatterload_copy  mc_p.l(handlers.o)
    0x08002f20   0x08002f20   0x00000002   Code   RO         1387    i.__scatterload_null  mc_p.l(handlers.o)
    0x08002f22   0x08002f22   0x0000000e   Code   RO         1388    i.__scatterload_zeroinit  mc_p.l(handlers.o)
    0x08002f30   0x08002f30   0x00000020   Data   RO          131    .rodata.BaudrateTab  usart.o
    0x08002f50   0x08002f50   0x00000100   Data   RO          206    .rodata.CRCHighTab  commonfunctions.o
    0x08003050   0x08003050   0x00000100   Data   RO          205    .rodata.CRCLowTab   commonfunctions.o
    0x08003150   0x08003150   0x00000008   Data   RO          129    .rodata.FrameInterval  usart.o
    0x08003158   0x08003158   0x00000010   Data   RO          130    .rodata.Rs485ctrldly  usart.o
    0x08003168   0x08003168   0x00000040   Data   RO           54    .rodata.enstr       main.o
    0x080031a8   0x080031a8   0x00000020   Data   RO         1385    Region$$Table       anon$$obj.o


    Execution Region RW_IRAM1 (Exec base: 0x20000000, Load base: 0x080031c8, Size: 0x00001940, Max: 0x00002000, ABSOLUTE)

    Exec Addr    Load Addr    Size         Type   Attr      Idx    E Section Name        Object

    0x20000000   0x080031c8   0x00000004   Data   RW          222    .data.SystemCoreClock  system_gd32e230.o
    0x20000004   0x080031cc   0x00000004   Data   RW          136    .data.com_gpio_clk  usart.o
    0x20000008   0x080031d0   0x00000008   Data   RW          140    .data.com_id        usart.o
    0x20000010   0x080031d8   0x00000002   Data   RW          135    .data.com_irqn      usart.o
    0x20000012   0x080031da   0x00000002   PAD
    0x20000014   0x080031dc   0x00000008   Data   RW          139    .data.com_rx_pin    usart.o
    0x2000001c   0x080031e4   0x00000008   Data   RW          138    .data.com_tx_pin    usart.o
    0x20000024   0x080031ec   0x00000004   Data   RW           63    .data.commpara      main.o
    0x20000028   0x080031f0   0x00000004   Data   RW          137    .data.usart_rcu_clk  usart.o
    0x2000002c   0x080031f4   0x00000004   PAD
    0x20000030        -       0x00000004   Zero   RW           58    .bss.JumpAddress    main.o
    0x20000034        -       0x00000004   Zero   RW           55    .bss.Jump_To_Application  main.o
    0x20000038        -       0x0000003c   Zero   RW          166    .bss.TmrTbl         gd32e230_systick.o
    0x20000074        -       0x00000004   Zero   RW           65    .bss.destflashaddr  main.o
    0x20000078        -       0x00000001   Zero   RW          134    .bss.flag_send_busy  usart.o
    0x20000079        -       0x00000001   Zero   RW           64    .bss.flg_boot1s_ot  main.o
    0x2000007a        -       0x00000400   Zero   RW           56    .bss.gtmpbuf        main.o
    0x2000047a        -       0x00000001   Zero   RW           66    .bss.ledsta         main.o
    0x2000047b        -       0x00000440   Zero   RW           62    .bss.mdbus_parsebuf  main.o
    0x200008bb        -       0x00000800   Zero   RW           60    .bss.mdbus_rcvbuf   main.o
    0x200010bb        -       0x00000440   Zero   RW           61    .bss.mdbus_sndbuf   main.o
    0x200014fb        -       0x00000003   Zero   RW          141    .bss.s_mdbs_para    usart.o
    0x200014fe   0x080031f4   0x00000002   PAD
    0x20001500        -       0x0000000c   Zero   RW          142    .bss.s_parse        usart.o
    0x2000150c        -       0x0000000c   Zero   RW          132    .bss.s_rcvq         usart.o
    0x20001518        -       0x00000008   Zero   RW          133    .bss.s_sndpara      usart.o
    0x20001520        -       0x00000010   Zero   RW           59    .bss.s_upp          main.o
    0x20001530        -       0x00000010   Zero   RW           57    .bss.usart_dma_para  main.o
    0x20001540        -       0x00000400   Zero   RW         1350    STACK               startup_gd32e230.o


==============================================================================

Image component sizes


      Code (inc. data)   RO Data    RW Data    ZI Data      Debug   Object Name

      1268         12        512          0          0       4118   commonfunctions.o
       264         16          0          0          0       2871   dmaconfig.o
       484         12          0          0          0       4254   flash.o
       930         24          0          0          0       5767   gd32e230_dma.o
       422         24          0          0          0       6574   gd32e230_fmc.o
       514          0          0          0          0       4301   gd32e230_gpio.o
        10          0          0          0          0        924   gd32e230_it.o
       272         20          0          0          0       3957   gd32e230_misc.o
       748         32          0          0          0      11438   gd32e230_rcu.o
       772         24          0          0         60       4503   gd32e230_systick.o
       674         52          0          0          0      17153   gd32e230_timer.o
       774         24          0          0          0      14309   gd32e230_usart.o
      1964        188         64          4       5294       7419   main.o
        28          8        204          0       1024        720   startup_gd32e230.o
       408         56          0          4          0       1852   system_gd32e230.o
      2176        124         56         34         36       8126   usart.o

    ----------------------------------------------------------------------
     11718        616        868         44       6420      98286   Object Totals
         0          0         32          0          0          0   (incl. Generated)
        10          0          0          2          6          0   (incl. Padding)

    ----------------------------------------------------------------------

      Code (inc. data)   RO Data    RW Data    ZI Data      Debug   Library Member Name

         0          0          0          0          0          0   entry.o
         0          0          0          0          0          0   entry10a.o
         0          0          0          0          0          0   entry11a.o
         8          4          0          0          0          0   entry2.o
         4          0          0          0          0          0   entry5.o
         0          0          0          0          0          0   entry7b.o
         0          0          0          0          0          0   entry8b.o
         8          4          0          0          0          0   entry9a.o
        30          0          0          0          0          0   handlers.o
        36          8          0          0          0         68   init.o
        36          0          0          0          0         60   memcpya.o
        36          0          0          0          0        100   memseta.o

    ----------------------------------------------------------------------
       158         16          0          0          0        228   Library Totals
         0          0          0          0          0          0   (incl. Padding)

    ----------------------------------------------------------------------

      Code (inc. data)   RO Data    RW Data    ZI Data      Debug   Library Name

       158         16          0          0          0        228   mc_p.l

    ----------------------------------------------------------------------
       158         16          0          0          0        228   Library Totals

    ----------------------------------------------------------------------

==============================================================================


      Code (inc. data)   RO Data    RW Data    ZI Data      Debug   

     11876        632        868         44       6420      98398   Grand Totals
     11876        632        868         44       6420      98398   ELF Image Totals
     11876        632        868         44          0          0   ROM Totals

==============================================================================

    Total RO  Size (Code + RO Data)                12744 (  12.45kB)
    Total RW  Size (RW Data + ZI Data)              6464 (   6.31kB)
    Total ROM Size (Code + RO Data + RW Data)      12788 (  12.49kB)

==============================================================================

